<html>
<body>
<pre>
<h1>µVision Build Log</h1>
<h2>Tool Versions:</h2>
IDE-Version: ¦ÌVision V5.26.2.0
Copyright (C) 2018 ARM Ltd and ARM Germany GmbH. All rights reserved.
License Information: sd 20607, sd, LIC=GE756-DKB0B-GP6ZR-KGMNM-HKEDB-VYBEW
 
Tool Versions:
Toolchain:       MDK-ARM Professional  Version: 5.26.2.0
Toolchain Path:  D:\Keil_v5\ARM\ARMCC\Bin
C Compiler:      Armcc.exe V5.06 update 6 (build 750)
Assembler:       Armasm.exe V5.06 update 6 (build 750)
Linker/Locator:  ArmLink.exe V5.06 update 6 (build 750)
Library Manager: ArmAr.exe V5.06 update 6 (build 750)
Hex Converter:   FromElf.exe V5.06 update 6 (build 750)
CPU DLL:         SARMCM3.DLL V5.26.2.0
Dialog DLL:      DARMCM1.DLL V1.19.1.0
Target DLL:      STLink\ST-LINKIII-KEIL_SWO.dll V3.0.5.0
Dialog DLL:      TARMCM1.DLL V1.14.0.0
 
<h2>Project:</h2>
G:\Keil\STM32F1\mini_helicopter\STD\flight_f072\USER\f072.uvprojx
Project File Date:  03/26/2019

<h2>Output:</h2>
*** Using Compiler 'V5.06 update 6 (build 750)', folder: 'D:\Keil_v5\ARM\ARMCC\Bin'
Build target 'Target 1'
compiling bmp280.c...
..\HARDWARE\Drive\src\BMP280\bmp280.c(33): warning:  #550-D: variable "buf"  was set but never used
  	uint8_t buf = 0;
..\HARDWARE\Drive\src\BMP280\bmp280.c(150): warning:  #177-D: variable "t"  was declared but never referenced
      static float t;
..\HARDWARE\Drive\src\BMP280\bmp280.c(151): warning:  #177-D: variable "p"  was declared but never referenced
      static float p;
..\HARDWARE\Drive\src\BMP280\bmp280.c(112): warning:  #177-D: function "presssureFilter"  was declared but never referenced
  static void presssureFilter(float* in,float* out)
..\HARDWARE\Drive\src\BMP280\bmp280.c: 4 warnings, 0 errors
linking...
Program Size: Code=28980 RO-data=860 RW-data=292 ZI-data=3876  
".\Objects\f072.axf" - 0 Error(s), 4 Warning(s).

<h2>Software Packages used:</h2>

Package Vendor: Keil
                http://www.keil.com/pack/Keil.STM32F0xx_DFP.2.0.0.pack
                Keil.STM32F0xx_DFP.2.0.0
                STMicroelectronics STM32F0 Series Device Support, Drivers and Examples

<h2>Collection of Component include folders:</h2>
  .\RTE\_Target_1
  D:\Keil_v5\ARM\PACK\Keil\STM32F0xx_DFP\2.0.0\Drivers\CMSIS\Device\ST\STM32F0xx\Include

<h2>Collection of Component Files used:</h2>
Build Time Elapsed:  00:00:02
</pre>
</body>
</html>
