<html>
<body>
<pre>
<h1>µVision Build Log</h1>
<h2>Tool Versions:</h2>
IDE-Version: ¦ÌVision V5.26.2.0
Copyright (C) 2018 ARM Ltd and ARM Germany GmbH. All rights reserved.
License Information: ti 20607, rfgyuhj, LIC=EPP8T-R3S85-9X4UW-Q58UG-13VTV-UCM1K
 
Tool Versions:
Toolchain:       MDK-ARM Professional  Version: 5.26.2.0
Toolchain Path:  D:\Keil_v5\ARM\ARMCC\Bin
C Compiler:      Armcc.exe V5.06 update 6 (build 750)
Assembler:       Armasm.exe V5.06 update 6 (build 750)
Linker/Locator:  ArmLink.exe V5.06 update 6 (build 750)
Library Manager: ArmAr.exe V5.06 update 6 (build 750)
Hex Converter:   FromElf.exe V5.06 update 6 (build 750)
CPU DLL:         SARMCM3.DLL V5.26.2.0
Dialog DLL:      DARMCM1.DLL V1.19.1.0
Target DLL:      STLink\ST-LINKIII-KEIL_SWO.dll V3.0.5.0
Dialog DLL:      TARMCM1.DLL V1.14.0.0
 
<h2>Project:</h2>
G:\Keil\STM32F1\mini_helicopter\cubemx\Remote -f072\Remote_F072\MDK-ARM\Remote_F072.uvprojx
Project File Date:  10/22/2018

<h2>Output:</h2>
*** Using Compiler 'V5.06 update 6 (build 750)', folder: 'D:\Keil_v5\ARM\ARMCC\Bin'
Build target 'Remote_F072'
assembling startup_stm32f072xb.s...
compiling adc.c...
compiling gpio.c...
compiling freertos.c...
../Src/freertos.c(110): warning:  #550-D: variable "timerresult"  was set but never used
    osStatus timerresult = osOK ;
../Src/freertos.c: 1 warning, 0 errors
compiling main.c...
compiling i2c.c...
compiling spi.c...
compiling usart.c...
compiling usb.c...
compiling stm32f0xx_hal_adc_ex.c...
compiling stm32f0xx_it.c...
compiling stm32f0xx_hal_msp.c...
compiling stm32f0xx_hal_i2c_ex.c...
compiling stm32f0xx_hal_i2c.c...
compiling stm32f0xx_hal_adc.c...
compiling stm32f0xx_hal_spi.c...
compiling stm32f0xx_hal_tim.c...
compiling stm32f0xx_hal_spi_ex.c...
compiling stm32f0xx_hal_uart_ex.c...
compiling stm32f0xx_hal_tim_ex.c...
compiling stm32f0xx_hal_uart.c...
compiling stm32f0xx_hal_pcd.c...
compiling stm32f0xx_hal_pcd_ex.c...
compiling stm32f0xx_hal_rcc.c...
compiling stm32f0xx_hal_gpio.c...
compiling stm32f0xx_hal_rcc_ex.c...
compiling stm32f0xx_hal.c...
compiling stm32f0xx_hal_dma.c...
compiling stm32f0xx_hal_cortex.c...
compiling stm32f0xx_hal_pwr.c...
compiling heap_4.c...
compiling port.c...
compiling croutine.c...
compiling event_groups.c...
compiling list.c...
compiling queue.c...
compiling tasks.c...
compiling timers.c...
compiling stm32f0xx_hal_pwr_ex.c...
compiling cmsis_os.c...
compiling stm32f0xx_hal_flash.c...
compiling system_stm32f0xx.c...
compiling stm32f0xx_hal_flash_ex.c...
linking...
Program Size: Code=11576 RO-data=444 RW-data=144 ZI-data=12520  
FromELF: creating hex file...
"Remote_F072\Remote_F072.axf" - 0 Error(s), 1 Warning(s).

<h2>Software Packages used:</h2>

Package Vendor: ARM
                http://www.keil.com/pack/ARM.CMSIS.5.4.0.pack
                ARM.CMSIS.5.4.0
                CMSIS (Cortex Microcontroller Software Interface Standard)
   * Component: CORE Version: 5.1.2

Package Vendor: Keil
                http://www.keil.com/pack/Keil.STM32F0xx_DFP.2.0.0.pack
                Keil.STM32F0xx_DFP.2.0.0
                STMicroelectronics STM32F0 Series Device Support, Drivers and Examples

<h2>Collection of Component include folders:</h2>
  .\RTE\_Remote_F072
  D:\Keil_v5\ARM\PACK\ARM\CMSIS\5.4.0\CMSIS\Core\Include
  D:\Keil_v5\ARM\PACK\Keil\STM32F0xx_DFP\2.0.0\Drivers\CMSIS\Device\ST\STM32F0xx\Include

<h2>Collection of Component Files used:</h2>

   * Component: ARM::CMSIS:CORE:5.1.2
Build Time Elapsed:  00:00:34
</pre>
</body>
</html>
