Component: ARM Compiler 5.05 update 1 (build 106) Tool: armlink [4d0efa]

==============================================================================

Section Cross References

    main.o(.text) refers to delay.o(.text) for delay_init
    main.o(.text) refers to misc.o(.text) for NVIC_PriorityGroupConfig
    main.o(.text) refers to usart.o(.text) for uart_init
    main.o(.text) refers to led.o(.text) for LED_Init
    main.o(.text) refers to iic.o(.text) for IIC_Init
    main.o(.text) refers to mpu9250.o(.text) for mpu9250_init
    main.o(.text) refers to pwm.o(.text) for pwm_init
    main.o(.text) refers to timer3.o(.text) for tim3_init
    main.o(.text) refers to 24l01.o(.text) for NRF24L01_Init
    system_stm32f10x.o(.text) refers to system_stm32f10x.o(.data) for SystemCoreClock
    led.o(.text) refers to stm32f10x_rcc.o(.text) for RCC_APB2PeriphClockCmd
    led.o(.text) refers to stm32f10x_gpio.o(.text) for GPIO_Init
    mpu9250.o(.text) refers to iic.o(.text) for IIC_ADD_write
    mpu9250.o(.text) refers to delay.o(.text) for delay_ms
    mpu9250.o(.text) refers to mpu9250.o(.bss) for mpu6500_buffer
    iic.o(.text) refers to stm32f10x_rcc.o(.text) for RCC_APB2PeriphClockCmd
    iic.o(.text) refers to stm32f10x_gpio.o(.text) for GPIO_Init
    iic.o(.text) refers to delay.o(.text) for delay_us
    timer3.o(.text) refers to stm32f10x_rcc.o(.text) for RCC_APB1PeriphClockCmd
    timer3.o(.text) refers to stm32f10x_tim.o(.text) for TIM_TimeBaseInit
    timer3.o(.text) refers to misc.o(.text) for NVIC_Init
    timer3.o(.text) refers to imu.o(.text) for Get_Attitude
    timer3.o(.text) refers to sand_data.o(.text) for sand_IMU_data
    timer3.o(.text) refers to mpu9250.o(.text) for READ_MPU9250_MAG
    timer3.o(.text) refers to timer3.o(.data) for times
    sand_data.o(.text) refers to rt_memclr_w.o(.text) for __aeabi_memclr4
    sand_data.o(.text) refers to stm32f10x_usart.o(.text) for USART_SendData
    sand_data.o(.text) refers to fmul.o(x$fpl$fmul) for __aeabi_fmul
    sand_data.o(.text) refers to ffix.o(x$fpl$ffix) for __aeabi_f2iz
    sand_data.o(.text) refers to mpu9250.o(.bss) for sensor
    sand_data.o(.text) refers to imu.o(.bss) for angle
    sand_data.o(.text) refers to mpu9250.o(.text) for Get_offest
    sand_data.o(.text) refers to sand_data.o(.data) for state
    sand_data.o(.text) refers to sand_data.o(.bss) for RxBuffer
    imu.o(.text) refers to mpu9250.o(.text) for READ_9250
    imu.o(.text) refers to fflt_clz.o(x$fpl$fflt) for __aeabi_i2f
    imu.o(.text) refers to algorithm_filter.o(.text) for LPF_1st
    imu.o(.text) refers to ffix.o(x$fpl$ffix) for __aeabi_f2iz
    imu.o(.text) refers to fmul.o(x$fpl$fmul) for __aeabi_fmul
    imu.o(.text) refers to f2d.o(x$fpl$f2d) for __aeabi_f2d
    imu.o(.text) refers to feqf.o(x$fpl$feqf) for __aeabi_cfcmpeq
    imu.o(.text) refers to faddsub_clz.o(x$fpl$fadd) for __aeabi_fadd
    imu.o(.text) refers to algorithm_math.o(.text) for Q_rsqrt
    imu.o(.text) refers to dmul.o(x$fpl$dmul) for __aeabi_dmul
    imu.o(.text) refers to d2f.o(x$fpl$d2f) for __aeabi_d2f
    imu.o(.text) refers to daddsub_clz.o(x$fpl$dadd) for __aeabi_dadd
    imu.o(.text) refers to mpu9250.o(.bss) for sensor
    imu.o(.text) refers to imu.o(.data) for q0
    imu.o(.text) refers to daddsub_clz.o(x$fpl$dsub) for __aeabi_dsub
    imu.o(.text) refers to sqrt.o(i.sqrt) for sqrt
    imu.o(.text) refers to faddsub_clz.o(x$fpl$fsub) for __aeabi_fsub
    imu.o(.text) refers to atan2.o(i.atan2) for atan2
    imu.o(.text) refers to asin.o(i.asin) for asin
    imu.o(.text) refers to imu.o(.bss) for angle
    imu.o(.text) refers to fdiv.o(x$fpl$fdiv) for __aeabi_fdiv
    algorithm_filter.o(.text) refers to dmul.o(x$fpl$dmul) for __aeabi_dmul
    algorithm_filter.o(.text) refers to daddsub_clz.o(x$fpl$dadd) for __aeabi_dadd
    algorithm_filter.o(.text) refers to daddsub_clz.o(x$fpl$dsub) for __aeabi_dsub
    algorithm_filter.o(.text) refers to ddiv.o(x$fpl$ddiv) for __aeabi_ddiv
    algorithm_filter.o(.text) refers to fmul.o(x$fpl$fmul) for __aeabi_fmul
    algorithm_filter.o(.text) refers to faddsub_clz.o(x$fpl$fsub) for __aeabi_fsub
    algorithm_filter.o(.text) refers to faddsub_clz.o(x$fpl$fadd) for __aeabi_fadd
    algorithm_math.o(.text) refers to fmul.o(x$fpl$fmul) for __aeabi_fmul
    algorithm_math.o(.text) refers to faddsub_clz.o(x$fpl$frsb) for __aeabi_frsub
    algorithm_math.o(.text) refers to frleqf.o(x$fpl$frleqf) for __aeabi_cfrcmple
    algorithm_math.o(.text) refers to fleqf.o(x$fpl$fleqf) for __aeabi_cfcmple
    algorithm_math.o(.text) refers to fdiv.o(x$fpl$fdiv) for __aeabi_fdiv
    control.o(.text) refers to fflt_clz.o(x$fpl$fflt) for __aeabi_i2f
    control.o(.text) refers to fdiv.o(x$fpl$fdiv) for __aeabi_fdiv
    control.o(.text) refers to faddsub_clz.o(x$fpl$fadd) for __aeabi_fadd
    control.o(.text) refers to frleqf.o(x$fpl$frleqf) for __aeabi_cfrcmple
    control.o(.text) refers to faddsub_clz.o(x$fpl$fsub) for __aeabi_fsub
[...]
    ..\SYSTEM\delay\delay.c                  0x00000000   Number         0  delay.o ABSOLUTE
    ..\SYSTEM\sys\sys.c                      0x00000000   Number         0  sys.o ABSOLUTE
    ..\SYSTEM\usart\usart.c                  0x00000000   Number         0  usart.o ABSOLUTE
    ..\\CORE\\core_cm3.c                     0x00000000   Number         0  core_cm3.o ABSOLUTE
    ..\\SYSTEM\\sys\\sys.c                   0x00000000   Number         0  sys.o ABSOLUTE
    dc.s                                     0x00000000   Number         0  dc.o ABSOLUTE
    main.c                                   0x00000000   Number         0  main.o ABSOLUTE
    stm32f10x_it.c                           0x00000000   Number         0  stm32f10x_it.o ABSOLUTE
    system_stm32f10x.c                       0x00000000   Number         0  system_stm32f10x.o ABSOLUTE
    RESET                                    0x08000000   Section      304  startup_stm32f10x_hd.o(RESET)
    !!!main                                  0x08000130   Section        8  __main.o(!!!main)
    !!!scatter                               0x08000138   Section       52  __scatter.o(!!!scatter)
    !!handler_copy                           0x0800016c   Section       26  __scatter_copy.o(!!handler_copy)
    !!handler_zi                             0x08000188   Section       28  __scatter_zi.o(!!handler_zi)
    .ARM.Collect$$libinit$$00000000          0x080001a4   Section        2  libinit.o(.ARM.Collect$$libinit$$00000000)
    .ARM.Collect$$libinit$$00000002          0x080001a6   Section        0  libinit2.o(.ARM.Collect$$libinit$$00000002)
    .ARM.Collect$$libinit$$00000004          0x080001a6   Section        0  libinit2.o(.ARM.Collect$$libinit$$00000004)
    .ARM.Collect$$libinit$$0000000A          0x080001a6   Section        0  libinit2.o(.ARM.Collect$$libinit$$0000000A)
    .ARM.Collect$$libinit$$0000000C          0x080001a6   Section        0  libinit2.o(.ARM.Collect$$libinit$$0000000C)
    .ARM.Collect$$libinit$$0000000E          0x080001a6   Section        0  libinit2.o(.ARM.Collect$$libinit$$0000000E)
    .ARM.Collect$$libinit$$00000011          0x080001a6   Section        0  libinit2.o(.ARM.Collect$$libinit$$00000011)
    .ARM.Collect$$libinit$$00000013          0x080001a6   Section        0  libinit2.o(.ARM.Collect$$libinit$$00000013)
    .ARM.Collect$$libinit$$00000015          0x080001a6   Section        0  libinit2.o(.ARM.Collect$$libinit$$00000015)
    .ARM.Collect$$libinit$$00000017          0x080001a6   Section        0  libinit2.o(.ARM.Collect$$libinit$$00000017)
    .ARM.Collect$$libinit$$00000019          0x080001a6   Section        0  libinit2.o(.ARM.Collect$$libinit$$00000019)
    .ARM.Collect$$libinit$$0000001B          0x080001a6   Section        0  libinit2.o(.ARM.Collect$$libinit$$0000001B)
    .ARM.Collect$$libinit$$0000001D          0x080001a6   Section        0  libinit2.o(.ARM.Collect$$libinit$$0000001D)
    .ARM.Collect$$libinit$$0000001F          0x080001a6   Section        0  libinit2.o(.ARM.Collect$$libinit$$0000001F)
    .ARM.Collect$$libinit$$00000021          0x080001a6   Section        0  libinit2.o(.ARM.Collect$$libinit$$00000021)
    .ARM.Collect$$libinit$$00000023          0x080001a6   Section        0  libinit2.o(.ARM.Collect$$libinit$$00000023)
    .ARM.Collect$$libinit$$00000025          0x080001a6   Section        0  libinit2.o(.ARM.Collect$$libinit$$00000025)
    .ARM.Collect$$libinit$$0000002C          0x080001a6   Section        0  libinit2.o(.ARM.Collect$$libinit$$0000002C)
    .ARM.Collect$$libinit$$0000002E          0x080001a6   Section        0  libinit2.o(.ARM.Collect$$libinit$$0000002E)
    .ARM.Collect$$libinit$$00000030          0x080001a6   Section        0  libinit2.o(.ARM.Collect$$libinit$$00000030)
    .ARM.Collect$$libinit$$00000032          0x080001a6   Section        0  libinit2.o(.ARM.Collect$$libinit$$00000032)
    .ARM.Collect$$libinit$$00000033          0x080001a6   Section        2  libinit2.o(.ARM.Collect$$libinit$$00000033)
    .ARM.Collect$$libshutdown$$00000000      0x080001a8   Section        2  libshutdown.o(.ARM.Collect$$libshutdown$$00000000)
    .ARM.Collect$$libshutdown$$00000003      0x080001aa   Section        0  libshutdown2.o(.ARM.Collect$$libshutdown$$00000003)
    .ARM.Collect$$libshutdown$$00000006      0x080001aa   Section        0  libshutdown2.o(.ARM.Collect$$libshutdown$$00000006)
    .ARM.Collect$$libshutdown$$00000009      0x080001aa   Section        0  libshutdown2.o(.ARM.Collect$$libshutdown$$00000009)
    .ARM.Collect$$libshutdown$$0000000B      0x080001aa   Section        0  libshutdown2.o(.ARM.Collect$$libshutdown$$0000000B)
    .ARM.Collect$$libshutdown$$0000000E      0x080001aa   Section        0  libshutdown2.o(.ARM.Collect$$libshutdown$$0000000E)
    .ARM.Collect$$libshutdown$$0000000F      0x080001aa   Section        2  libshutdown2.o(.ARM.Collect$$libshutdown$$0000000F)
    .ARM.Collect$$rtentry$$00000000          0x080001ac   Section        0  __rtentry.o(.ARM.Collect$$rtentry$$00000000)
    .ARM.Collect$$rtentry$$00000002          0x080001ac   Section        0  __rtentry2.o(.ARM.Collect$$rtentry$$00000002)
    .ARM.Collect$$rtentry$$00000004          0x080001ac   Section        6  __rtentry4.o(.ARM.Collect$$rtentry$$00000004)
    .ARM.Collect$$rtentry$$00000009          0x080001b2   Section        0  __rtentry2.o(.ARM.Collect$$rtentry$$00000009)
    .ARM.Collect$$rtentry$$0000000A          0x080001b2   Section        4  __rtentry2.o(.ARM.Collect$$rtentry$$0000000A)
    .ARM.Collect$$rtentry$$0000000C          0x080001b6   Section        0  __rtentry2.o(.ARM.Collect$$rtentry$$0000000C)
    .ARM.Collect$$rtentry$$0000000D          0x080001b6   Section        8  __rtentry2.o(.ARM.Collect$$rtentry$$0000000D)
    .ARM.Collect$$rtexit$$00000000           0x080001be   Section        2  rtexit.o(.ARM.Collect$$rtexit$$00000000)
    .ARM.Collect$$rtexit$$00000002           0x080001c0   Section        0  rtexit2.o(.ARM.Collect$$rtexit$$00000002)
    .ARM.Collect$$rtexit$$00000003           0x080001c0   Section        4  rtexit2.o(.ARM.Collect$$rtexit$$00000003)
    .ARM.Collect$$rtexit$$00000004           0x080001c4   Section        6  rtexit2.o(.ARM.Collect$$rtexit$$00000004)
    .text                                    0x080001cc   Section        0  main.o(.text)
    .text                                    0x08000238   Section        0  stm32f10x_it.o(.text)
    .text                                    0x08000254   Section        0  system_stm32f10x.o(.text)
    SetSysClockTo72                          0x08000255   Thumb Code   214  system_stm32f10x.o(.text)
    SetSysClock                              0x0800032b   Thumb Code     8  system_stm32f10x.o(.text)
    .text                                    0x08000434   Section        0  led.o(.text)
    .text                                    0x0800046c   Section        0  mpu9250.o(.text)
    .text                                    0x080007e0   Section        0  iic.o(.text)
    .text                                    0x08000cc4   Section        0  timer3.o(.text)
    .text                                    0x08000d8c   Section        0  sand_data.o(.text)
    Send_Check                               0x080013ab   Thumb Code   114  sand_data.o(.text)
    .text                                    0x080015fc   Section        0  imu.o(.text)
    .text                                    0x08002fd4   Section        0  algorithm_filter.o(.text)
    .text                                    0x080031a8   Section        0  algorithm_math.o(.text)
    .text                                    0x08003320   Section        0  pwm.o(.text)
    .text                                    0x08003448   Section        0  24l01.o(.text)
    .text                                    0x080038e8   Section        0  spi.o(.text)
    .text                                    0x080039ec   Section        0  delay.o(.text)
    .text                                    0x08003ac0   Section        0  usart.o(.text)
    .text                                    0x08003bb8   Section       64  startup_stm32f10x_hd.o(.text)
    .text                                    0x08003bf8   Section        0  misc.o(.text)
    .text                                    0x08003cd4   Section        0  stm32f10x_gpio.o(.text)
    .text                                    0x08004030   Section        0  stm32f10x_rcc.o(.text)
    .text                                    0x080043d4   Section        0  stm32f10x_usart.o(.text)
    .text                                    0x080047dc   Section        0  stm32f10x_tim.o(.text)
    TI4_Config                               0x08004c83   Thumb Code   130  stm32f10x_tim.o(.text)
    TI3_Config                               0x08004d17   Thumb Code   122  stm32f10x_tim.o(.text)
    TI2_Config                               0x08004dab   Thumb Code   130  stm32f10x_tim.o(.text)
    TI1_Config                               0x08004e3f   Thumb Code   108  stm32f10x_tim.o(.text)
    .text                                    0x080055f8   Section        0  stm32f10x_spi.o(.text)
    .text                                    0x08005904   Section        0  stm32f10x_exti.o(.text)
    .text                                    0x08005a20   Section        2  use_no_semi_2.o(.text)
    .text                                    0x08005a22   Section       78  rt_memclr_w.o(.text)
    .text                                    0x08005a70   Section        0  heapauxi.o(.text)
    .text                                    0x08005a76   Section        2  use_no_semi.o(.text)
    .text                                    0x08005a78   Section        0  _rserrno.o(.text)
    .text                                    0x08005a90   Section        8  rt_errno_addr_intlibspace.o(.text)
    .text                                    0x08005a98   Section        8  libspace.o(.text)
    .text                                    0x08005aa0   Section       74  sys_stackheap_outer.o(.text)
    .text                                    0x08005aea   Section        0  exit.o(.text)
    i.__ARM_fpclassify                       0x08005af6   Section        0  fpclassify.o(i.__ARM_fpclassify)
    i.__kernel_poly                          0x08005b1e   Section        0  poly.o(i.__kernel_poly)
    i.__mathlib_dbl_infnan                   0x08005bc8   Section        0  dunder.o(i.__mathlib_dbl_infnan)
    i.__mathlib_dbl_infnan2                  0x08005bce   Section        0  dunder.o(i.__mathlib_dbl_infnan2)
    i.__mathlib_dbl_invalid                  0x08005bd2   Section        0  dunder.o(i.__mathlib_dbl_invalid)
    i.__mathlib_dbl_underflow                0x08005be0   Section        0  dunder.o(i.__mathlib_dbl_underflow)
    i.asin                                   0x08005bf0   Section        0  asin.o(i.asin)
    i.atan                                   0x08005e60   Section        0  atan.o(i.atan)
    i.atan2                                  0x08006080   Section        0  atan2.o(i.atan2)
    i.sqrt                                   0x08006200   Section        0  sqrt.o(i.sqrt)
    x$fpl$d2f                                0x0800624c   Section       98  d2f.o(x$fpl$d2f)
    x$fpl$dadd                               0x080062b0   Section      336  daddsub_clz.o(x$fpl$dadd)
    _dadd1                                   0x080062c1   Thumb Code     0  daddsub_clz.o(x$fpl$dadd)
    x$fpl$dcheck1                            0x08006400   Section       16  dcheck1.o(x$fpl$dcheck1)
    x$fpl$ddiv                               0x08006410   Section      688  ddiv.o(x$fpl$ddiv)
    ddiv_entry                               0x08006417   Thumb Code     0  ddiv.o(x$fpl$ddiv)
    x$fpl$dmul                               0x080066c0   Section      340  dmul.o(x$fpl$dmul)
    x$fpl$dnaninf                            0x08006814   Section      156  dnaninf.o(x$fpl$dnaninf)
    x$fpl$dretinf                            0x080068b0   Section       12  dretinf.o(x$fpl$dretinf)
    x$fpl$drsb                               0x080068bc   Section       22  daddsub_clz.o(x$fpl$drsb)
    x$fpl$dsqrt                              0x080068d4   Section      460  dsqrt_noumaal.o(x$fpl$dsqrt)
    x$fpl$dsub                               0x08006aa0   Section      468  daddsub_clz.o(x$fpl$dsub)
    _dsub1                                   0x08006ab1   Thumb Code     0  daddsub_clz.o(x$fpl$dsub)
    x$fpl$f2d                                0x08006c74   Section       86  f2d.o(x$fpl$f2d)
    x$fpl$fadd                               0x08006ccc   Section      196  faddsub_clz.o(x$fpl$fadd)
    _fadd1                                   0x08006cdb   Thumb Code     0  faddsub_clz.o(x$fpl$fadd)
    x$fpl$fcmpinf                            0x08006d90   Section       24  fcmpi.o(x$fpl$fcmpinf)
    x$fpl$fdiv                               0x08006da8   Section      388  fdiv.o(x$fpl$fdiv)
    _fdiv1                                   0x08006da9   Thumb Code     0  fdiv.o(x$fpl$fdiv)
    x$fpl$feqf                               0x08006f2c   Section      104  feqf.o(x$fpl$feqf)
    x$fpl$ffix                               0x08006f94   Section       54  ffix.o(x$fpl$ffix)
    x$fpl$fflt                               0x08006fcc   Section       48  fflt_clz.o(x$fpl$fflt)
    x$fpl$fleqf                              0x08006ffc   Section      104  fleqf.o(x$fpl$fleqf)
    x$fpl$fmul                               0x08007064   Section      258  fmul.o(x$fpl$fmul)
    x$fpl$fnaninf                            0x08007166   Section      140  fnaninf.o(x$fpl$fnaninf)
    x$fpl$fretinf                            0x080071f2   Section       10  fretinf.o(x$fpl$fretinf)
    x$fpl$frleqf                             0x080071fc   Section       98  frleqf.o(x$fpl$frleqf)
    x$fpl$frsb                               0x0800725e   Section       20  faddsub_clz.o(x$fpl$frsb)
    x$fpl$fsub                               0x08007274   Section      234  faddsub_clz.o(x$fpl$fsub)
    _fsub1                                   0x08007283   Thumb Code     0  faddsub_clz.o(x$fpl$fsub)
    x$fpl$retnan                             0x0800735e   Section      100  retnan.o(x$fpl$retnan)
    x$fpl$scalbn                             0x080073c2   Section       92  scalbn.o(x$fpl$scalbn)
    x$fpl$trapveneer                         0x0800741e   Section       48  trapv.o(x$fpl$trapveneer)
    .constdata                               0x0800744e   Section       10  24l01.o(.constdata)
    x$fpl$usenofp                            0x0800744e   Section        0  usenofp.o(x$fpl$usenofp)
    .constdata                               0x08007458   Section       80  asin.o(.constdata)
    pS                                       0x08007458   Data          48  asin.o(.constdata)
    qS                                       0x08007488   Data          32  asin.o(.constdata)
    .constdata                               0x080074a8   Section      152  atan.o(.constdata)
    atanhi                                   0x080074a8   Data          32  atan.o(.constdata)
    atanlo                                   0x080074c8   Data          32  atan.o(.constdata)
    aTodd                                    0x080074e8   Data          40  atan.o(.constdata)
    aTeven                                   0x08007510   Data          48  atan.o(.constdata)
    .constdata                               0x08007540   Section        8  qnan.o(.constdata)
    .data                                    0x20000000   Section       40  main.o(.data)
    .data                                    0x20000028   Section       20  system_stm32f10x.o(.data)
    .data                                    0x2000003c   Section        4  timer3.o(.data)
    .data                                    0x20000040   Section        5  sand_data.o(.data)
    _data_len                                0x20000042   Data           1  sand_data.o(.data)
    _data_cnt                                0x20000043   Data           1  sand_data.o(.data)
    state                                    0x20000044   Data           1  sand_data.o(.data)
    .data                                    0x20000048   Section       76  imu.o(.data)
    .data                                    0x20000094   Section        4  delay.o(.data)
    fac_us                                   0x20000094   Data           1  delay.o(.data)
    fac_ms                                   0x20000096   Data           2  delay.o(.data)
    .data                                    0x20000098   Section       20  stm32f10x_rcc.o(.data)
    APBAHBPrescTable                         0x20000098   Data          16  stm32f10x_rcc.o(.data)
    ADCPrescTable                            0x200000a8   Data           4  stm32f10x_rcc.o(.data)
    .bss                                     0x200000ac   Section       33  main.o(.bss)
    .bss                                     0x200000d0   Section      204  mpu9250.o(.bss)
    .bss                                     0x2000019c   Section       66  sand_data.o(.bss)
    RxBuffer                                 0x200001ac   Data          50  sand_data.o(.bss)
    .bss                                     0x200001e0   Section       12  imu.o(.bss)
    .bss                                     0x200001ec   Section       86  rc.o(.bss)
    rcDataCache                              0x20000222   Data          32  rc.o(.bss)
    .bss                                     0x20000244   Section       96  libspace.o(.bss)
    HEAP                                     0x200002a8   Section      512  startup_stm32f10x_hd.o(HEAP)
    Heap_Mem                                 0x200002a8   Data         512  startup_stm32f10x_hd.o(HEAP)
    STACK                                    0x200004a8   Section     1024  startup_stm32f10x_hd.o(STACK)
    Stack_Mem                                0x200004a8   Data        1024  startup_stm32f10x_hd.o(STACK)
    __initial_sp                             0x200008a8   Data           0  startup_stm32f10x_hd.o(STACK)

    Global Symbols

    Symbol Name                              Value     Ov Type        Size  Object(Section)

    BuildAttributes$$THM_ISAv4$P$D$K$B$S$PE$A:L22UL41UL21$X:L11$S22US41US21$IEEE1$IW$USESV6$~STKCKD$USESV7$~SHL$OTIME$ROPI$IEEEX$EBA8$UX$STANDARDLIB$REQ8$PRES8$EABIv2 0x00000000   Number         0  anon$$obj.o ABSOLUTE
    __ARM_use_no_argv                        0x00000000   Number         0  main.o ABSOLUTE
    __ARM_exceptions_init                     - Undefined Weak Reference
    __alloca_initialize                       - Undefined Weak Reference
    __arm_preinit_                            - Undefined Weak Reference
    __cpp_initialize__aeabi_                  - Undefined Weak Reference
    __cxa_finalize                            - Undefined Weak Reference
    __rt_locale                               - Undefined Weak Reference
    __sigvec_lookup                           - Undefined Weak Reference
    _atexit_init                              - Undefined Weak Reference
    _call_atexit_fns                          - Undefined Weak Reference
    _clock_init                               - Undefined Weak Reference
    _fp_trap_init                             - Undefined Weak Reference
    _fp_trap_shutdown                         - Undefined Weak Reference
    _get_lc_collate                           - Undefined Weak Reference
    _get_lc_ctype                             - Undefined Weak Reference
    _get_lc_monetary                          - Undefined Weak Reference
    _get_lc_numeric                           - Undefined Weak Reference
    _get_lc_time                              - Undefined Weak Reference
    _getenv_init                              - Undefined Weak Reference
    _handle_redirection                       - Undefined Weak Reference
    _init_alloc                               - Undefined Weak Reference
    _init_user_alloc                          - Undefined Weak Reference
    _initio                                   - Undefined Weak Reference
    _rand_init                                - Undefined Weak Reference
    _signal_finish                            - Undefined Weak Reference
    _signal_init                              - Undefined Weak Reference
    _terminate_alloc                          - Undefined Weak Reference
    _terminate_user_alloc                     - Undefined Weak Reference
    _terminateio                              - Undefined Weak Reference
    __Vectors_Size                           0x00000130   Number         0  startup_stm32f10x_hd.o ABSOLUTE
    __Vectors                                0x08000000   Data           4  startup_stm32f10x_hd.o(RESET)
    __Vectors_End                            0x08000130   Data           0  startup_stm32f10x_hd.o(RESET)
    __main                                   0x08000131   Thumb Code     8  __main.o(!!!main)
    __scatterload                            0x08000139   Thumb Code     0  __scatter.o(!!!scatter)
    __scatterload_rt2                        0x08000139   Thumb Code    44  __scatter.o(!!!scatter)
    __scatterload_rt2_thumb_only             0x08000139   Thumb Code     0  __scatter.o(!!!scatter)
    __scatterload_null                       0x08000147   Thumb Code     0  __scatter.o(!!!scatter)
    __scatterload_copy                       0x0800016d   Thumb Code    26  __scatter_copy.o(!!handler_copy)
    __scatterload_zeroinit                   0x08000189   Thumb Code    28  __scatter_zi.o(!!handler_zi)
    __rt_lib_init                            0x080001a5   Thumb Code     0  libinit.o(.ARM.Collect$$libinit$$00000000)
    __rt_lib_init_alloca_1                   0x080001a7   Thumb Code     0  libinit2.o(.ARM.Collect$$libinit$$0000002E)
    __rt_lib_init_argv_1                     0x080001a7   Thumb Code     0  libinit2.o(.ARM.Collect$$libinit$$0000002C)
    __rt_lib_init_atexit_1                   0x080001a7   Thumb Code     0  libinit2.o(.ARM.Collect$$libinit$$0000001B)
    __rt_lib_init_clock_1                    0x080001a7   Thumb Code     0  libinit2.o(.ARM.Collect$$libinit$$00000021)
    __rt_lib_init_cpp_1                      0x080001a7   Thumb Code     0  libinit2.o(.ARM.Collect$$libinit$$00000032)
    __rt_lib_init_exceptions_1               0x080001a7   Thumb Code     0  libinit2.o(.ARM.Collect$$libinit$$00000030)
    __rt_lib_init_fp_1                       0x080001a7   Thumb Code     0  libinit2.o(.ARM.Collect$$libinit$$00000002)
    __rt_lib_init_fp_trap_1                  0x080001a7   Thumb Code     0  libinit2.o(.ARM.Collect$$libinit$$0000001F)
    __rt_lib_init_getenv_1                   0x080001a7   Thumb Code     0  libinit2.o(.ARM.Collect$$libinit$$00000023)
    __rt_lib_init_heap_1                     0x080001a7   Thumb Code     0  libinit2.o(.ARM.Collect$$libinit$$0000000A)
    __rt_lib_init_lc_collate_1               0x080001a7   Thumb Code     0  libinit2.o(.ARM.Collect$$libinit$$00000011)
    __rt_lib_init_lc_ctype_1                 0x080001a7   Thumb Code     0  libinit2.o(.ARM.Collect$$libinit$$00000013)
    __rt_lib_init_lc_monetary_1              0x080001a7   Thumb Code     0  libinit2.o(.ARM.Collect$$libinit$$00000015)
    __rt_lib_init_lc_numeric_1               0x080001a7   Thumb Code     0  libinit2.o(.ARM.Collect$$libinit$$00000017)
    __rt_lib_init_lc_time_1                  0x080001a7   Thumb Code     0  libinit2.o(.ARM.Collect$$libinit$$00000019)
    __rt_lib_init_preinit_1                  0x080001a7   Thumb Code     0  libinit2.o(.ARM.Collect$$libinit$$00000004)
    __rt_lib_init_rand_1                     0x080001a7   Thumb Code     0  libinit2.o(.ARM.Collect$$libinit$$0000000E)
    __rt_lib_init_return                     0x080001a7   Thumb Code     0  libinit2.o(.ARM.Collect$$libinit$$00000033)
    __rt_lib_init_signal_1                   0x080001a7   Thumb Code     0  libinit2.o(.ARM.Collect$$libinit$$0000001D)
    __rt_lib_init_stdio_1                    0x080001a7   Thumb Code     0  libinit2.o(.ARM.Collect$$libinit$$00000025)
    __rt_lib_init_user_alloc_1               0x080001a7   Thumb Code     0  libinit2.o(.ARM.Collect$$libinit$$0000000C)
    __rt_lib_shutdown                        0x080001a9   Thumb Code     0  libshutdown.o(.ARM.Collect$$libshutdown$$00000000)
    __rt_lib_shutdown_fp_trap_1              0x080001ab   Thumb Code     0  libshutdown2.o(.ARM.Collect$$libshutdown$$00000006)
    __rt_lib_shutdown_heap_1                 0x080001ab   Thumb Code     0  libshutdown2.o(.ARM.Collect$$libshutdown$$0000000E)
    __rt_lib_shutdown_return                 0x080001ab   Thumb Code     0  libshutdown2.o(.ARM.Collect$$libshutdown$$0000000F)
    __rt_lib_shutdown_signal_1               0x080001ab   Thumb Code     0  libshutdown2.o(.ARM.Collect$$libshutdown$$00000009)
    __rt_lib_shutdown_stdio_1                0x080001ab   Thumb Code     0  libshutdown2.o(.ARM.Collect$$libshutdown$$00000003)
    __rt_lib_shutdown_user_alloc_1           0x080001ab   Thumb Code     0  libshutdown2.o(.ARM.Collect$$libshutdown$$0000000B)
    __rt_entry                               0x080001ad   Thumb Code     0  __rtentry.o(.ARM.Collect$$rtentry$$00000000)
    __rt_entry_presh_1                       0x080001ad   Thumb Code     0  __rtentry2.o(.ARM.Collect$$rtentry$$00000002)
    __rt_entry_sh                            0x080001ad   Thumb Code     0  __rtentry4.o(.ARM.Collect$$rtentry$$00000004)
    __rt_entry_li                            0x080001b3   Thumb Code     0  __rtentry2.o(.ARM.Collect$$rtentry$$0000000A)
    __rt_entry_postsh_1                      0x080001b3   Thumb Code     0  __rtentry2.o(.ARM.Collect$$rtentry$$00000009)
    __rt_entry_main                          0x080001b7   Thumb Code     0  __rtentry2.o(.ARM.Collect$$rtentry$$0000000D)
    __rt_entry_postli_1                      0x080001b7   Thumb Code     0  __rtentry2.o(.ARM.Collect$$rtentry$$0000000C)
    __rt_exit                                0x080001bf   Thumb Code     0  rtexit.o(.ARM.Collect$$rtexit$$00000000)
    __rt_exit_ls                             0x080001c1   Thumb Code     0  rtexit2.o(.ARM.Collect$$rtexit$$00000003)
    __rt_exit_prels_1                        0x080001c1   Thumb Code     0  rtexit2.o(.ARM.Collect$$rtexit$$00000002)
    __rt_exit_exit                           0x080001c5   Thumb Code     0  rtexit2.o(.ARM.Collect$$rtexit$$00000004)
    main                                     0x080001cd   Thumb Code   104  main.o(.text)
    NMI_Handler                              0x08000239   Thumb Code     2  stm32f10x_it.o(.text)
    HardFault_Handler                        0x0800023b   Thumb Code     4  stm32f10x_it.o(.text)
    MemManage_Handler                        0x0800023f   Thumb Code     4  stm32f10x_it.o(.text)
    BusFault_Handler                         0x08000243   Thumb Code     4  stm32f10x_it.o(.text)
    UsageFault_Handler                       0x08000247   Thumb Code     4  stm32f10x_it.o(.text)
    SVC_Handler                              0x0800024b   Thumb Code     2  stm32f10x_it.o(.text)
    DebugMon_Handler                         0x0800024d   Thumb Code     2  stm32f10x_it.o(.text)
    PendSV_Handler                           0x0800024f   Thumb Code     2  stm32f10x_it.o(.text)
    SysTick_Handler                          0x08000251   Thumb Code     2  stm32f10x_it.o(.text)
    SystemInit                               0x08000333   Thumb Code    78  system_stm32f10x.o(.text)
    SystemCoreClockUpdate                    0x08000381   Thumb Code   142  system_stm32f10x.o(.text)
    LED_Init                                 0x08000435   Thumb Code    50  led.o(.text)
    mpu9250_init                             0x0800046d   Thumb Code   162  mpu9250.o(.text)
    READ_9250                                0x0800050f   Thumb Code   124  mpu9250.o(.text)
    READ_MPU9250_ACCEL                       0x0800058b   Thumb Code   124  mpu9250.o(.text)
    READ_MPU9250_GYRO                        0x08000607   Thumb Code   158  mpu9250.o(.text)
    READ_MPU9250_MAG                         0x080006a5   Thumb Code    96  mpu9250.o(.text)
    Get_offest                               0x08000705   Thumb Code   208  mpu9250.o(.text)
    IIC_Init                                 0x080007e1   Thumb Code    46  iic.o(.text)
    IIC_Start                                0x0800080f   Thumb Code   118  iic.o(.text)
    IIC_Stop                                 0x08000885   Thumb Code    76  iic.o(.text)
    IIC_Wait_Ack                             0x080008d1   Thumb Code   170  iic.o(.text)
    IIC_Ack                                  0x0800097b   Thumb Code    76  iic.o(.text)
    IIC_NAck                                 0x080009c7   Thumb Code    76  iic.o(.text)
    IIC_Send_Byte                            0x08000a13   Thumb Code   110  iic.o(.text)
    IIC_Read_Byte                            0x08000a81   Thumb Code    96  iic.o(.text)
    IIC_ADD_write                            0x08000ae1   Thumb Code    54  iic.o(.text)
    IIC_ADD_read                             0x08000b17   Thumb Code    60  iic.o(.text)
    IIC_Read_MultiBytes                      0x08000b53   Thumb Code   100  iic.o(.text)
    IIC_NoAddr_WriteByte                     0x08000bb7   Thumb Code    54  iic.o(.text)
    MPU_Write_Len                            0x08000bed   Thumb Code    96  iic.o(.text)
    MPU_Read_Len                             0x08000c4d   Thumb Code   120  iic.o(.text)
    tim3_init                                0x08000cc5   Thumb Code    88  timer3.o(.text)
    TIM3_IRQHandler                          0x08000d1d   Thumb Code   100  timer3.o(.text)
    sand_2402_data                           0x08000d8d   Thumb Code   198  sand_data.o(.text)
    sand_ACC_GYRO_data                       0x08000e53   Thumb Code   272  sand_data.o(.text)
    sand_IMU_data                            0x08000f63   Thumb Code   262  sand_data.o(.text)
    sand_RC_data                             0x08001069   Thumb Code   102  sand_data.o(.text)
    sand_Motor_data                          0x080010cf   Thumb Code   102  sand_data.o(.text)
    sand_PID_shell_data                      0x08001135   Thumb Code   102  sand_data.o(.text)
    sand_PID_core_data                       0x0800119b   Thumb Code   102  sand_data.o(.text)
    sand_PID_3_data                          0x08001201   Thumb Code   120  sand_data.o(.text)
    sand_PID_4_data                          0x08001279   Thumb Code   102  sand_data.o(.text)
    sand_PID_5_data                          0x080012df   Thumb Code   102  sand_data.o(.text)
    sand_PID_6_data                          0x08001345   Thumb Code   102  sand_data.o(.text)
    Data_Receive_Anl                         0x0800141d   Thumb Code   236  sand_data.o(.text)
    Data_Receive_Prepare                     0x08001509   Thumb Code   216  sand_data.o(.text)
    Prepare_Data                             0x080015fd   Thumb Code   456  imu.o(.text)
    IMUupdate                                0x080017c5   Thumb Code  3992  imu.o(.text)
    Get_Attitude                             0x0800275d   Thumb Code   146  imu.o(.text)
    IMUupdate1                               0x080027ef   Thumb Code  1976  imu.o(.text)
    IIR_I_Filter                             0x08002fd5   Thumb Code   242  algorithm_filter.o(.text)
    KalmanFilter                             0x080030c7   Thumb Code   170  algorithm_filter.o(.text)
    LPF_1st                                  0x08003171   Thumb Code    50  algorithm_filter.o(.text)
    Q_rsqrt                                  0x080031a9   Thumb Code    74  algorithm_math.o(.text)
    array_astrict                            0x080031f3   Thumb Code    46  algorithm_math.o(.text)
    array_assign                             0x08003221   Thumb Code    24  algorithm_math.o(.text)
    data_limit                               0x08003239   Thumb Code    36  algorithm_math.o(.text)
    VariableParameter                        0x0800325d   Thumb Code    68  algorithm_math.o(.text)
    FL_ABS                                   0x080032a1   Thumb Code    24  algorithm_math.o(.text)
    COS                                      0x080032b9   Thumb Code    42  algorithm_math.o(.text)
    SIN                                      0x080032e3   Thumb Code    46  algorithm_math.o(.text)
    pwm_init                                 0x08003321   Thumb Code   224  pwm.o(.text)
    Moto_PwmRflash                           0x08003401   Thumb Code    62  pwm.o(.text)
    NRF24L01_Init                            0x08003449   Thumb Code   190  24l01.o(.text)
    NRF_IRQ_INIT                             0x08003507   Thumb Code    98  24l01.o(.text)
    NRF24L01_Read_Buf                        0x08003569   Thumb Code    56  24l01.o(.text)
    NRF24L01_Write_Buf                       0x080035a1   Thumb Code    56  24l01.o(.text)
    NRF24L01_Check                           0x080035d9   Thumb Code    74  24l01.o(.text)
    NRF24L01_Write_Reg                       0x08003623   Thumb Code    38  24l01.o(.text)
    NRF24L01_Read_Reg                        0x08003649   Thumb Code    36  24l01.o(.text)
    NRF24L01_TxPacket                        0x0800366d   Thumb Code   100  24l01.o(.text)
    NRF24L01_RxPacket                        0x080036d1   Thumb Code    48  24l01.o(.text)
    NRF24L01_RX_Mode                         0x08003701   Thumb Code    76  24l01.o(.text)
    NRF24L01_TX_Mode                         0x0800374d   Thumb Code    94  24l01.o(.text)
    ReceiveData                              0x080037ab   Thumb Code   158  24l01.o(.text)
    NRF24L01_INT_RX_Mode                     0x08003849   Thumb Code   130  24l01.o(.text)
    EXTI1_IRQHandler                         0x080038cb   Thumb Code    16  24l01.o(.text)
    SPI2_ReadWriteByte                       0x080038e9   Thumb Code    78  spi.o(.text)
    SPI2_Init                                0x08003937   Thumb Code   136  spi.o(.text)
    SPI2_SetSpeed                            0x080039bf   Thumb Code    36  spi.o(.text)
    delay_init                               0x080039ed   Thumb Code    50  delay.o(.text)
    delay_us                                 0x08003a1f   Thumb Code    72  delay.o(.text)
    delay_ms                                 0x08003a67   Thumb Code    72  delay.o(.text)
    _sys_exit                                0x08003ac1   Thumb Code     6  usart.o(.text)
    fputc                                    0x08003ac7   Thumb Code    24  usart.o(.text)
    uart_init                                0x08003adf   Thumb Code   152  usart.o(.text)
    USART1_IRQHandler                        0x08003b77   Thumb Code    58  usart.o(.text)
    Reset_Handler                            0x08003bb9   Thumb Code     8  startup_stm32f10x_hd.o(.text)
    ADC1_2_IRQHandler                        0x08003bd3   Thumb Code     0  startup_stm32f10x_hd.o(.text)
    ADC3_IRQHandler                          0x08003bd3   Thumb Code     0  startup_stm32f10x_hd.o(.text)
    CAN1_RX1_IRQHandler                      0x08003bd3   Thumb Code     0  startup_stm32f10x_hd.o(.text)
    CAN1_SCE_IRQHandler                      0x08003bd3   Thumb Code     0  startup_stm32f10x_hd.o(.text)
    DMA1_Channel1_IRQHandler                 0x08003bd3   Thumb Code     0  startup_stm32f10x_hd.o(.text)
    DMA1_Channel2_IRQHandler                 0x08003bd3   Thumb Code     0  startup_stm32f10x_hd.o(.text)
    DMA1_Channel3_IRQHandler                 0x08003bd3   Thumb Code     0  startup_stm32f10x_hd.o(.text)
    DMA1_Channel4_IRQHandler                 0x08003bd3   Thumb Code     0  startup_stm32f10x_hd.o(.text)
    DMA1_Channel5_IRQHandler                 0x08003bd3   Thumb Code     0  startup_stm32f10x_hd.o(.text)
    DMA1_Channel6_IRQHandler                 0x08003bd3   Thumb Code     0  startup_stm32f10x_hd.o(.text)
    DMA1_Channel7_IRQHandler                 0x08003bd3   Thumb Code     0  startup_stm32f10x_hd.o(.text)
    DMA2_Channel1_IRQHandler                 0x08003bd3   Thumb Code     0  startup_stm32f10x_hd.o(.text)
    DMA2_Channel2_IRQHandler                 0x08003bd3   Thumb Code     0  startup_stm32f10x_hd.o(.text)
    DMA2_Channel3_IRQHandler                 0x08003bd3   Thumb Code     0  startup_stm32f10x_hd.o(.text)
    DMA2_Channel4_5_IRQHandler               0x08003bd3   Thumb Code     0  startup_stm32f10x_hd.o(.text)
    EXTI0_IRQHandler                         0x08003bd3   Thumb Code     0  startup_stm32f10x_hd.o(.text)
    EXTI15_10_IRQHandler                     0x08003bd3   Thumb Code     0  startup_stm32f10x_hd.o(.text)
    EXTI2_IRQHandler                         0x08003bd3   Thumb Code     0  startup_stm32f10x_hd.o(.text)
    EXTI3_IRQHandler                         0x08003bd3   Thumb Code     0  startup_stm32f10x_hd.o(.text)
    EXTI4_IRQHandler                         0x08003bd3   Thumb Code     0  startup_stm32f10x_hd.o(.text)
    EXTI9_5_IRQHandler                       0x08003bd3   Thumb Code     0  startup_stm32f10x_hd.o(.text)
    FLASH_IRQHandler                         0x08003bd3   Thumb Code     0  startup_stm32f10x_hd.o(.text)
    FSMC_IRQHandler                          0x08003bd3   Thumb Code     0  startup_stm32f10x_hd.o(.text)
    I2C1_ER_IRQHandler                       0x08003bd3   Thumb Code     0  startup_stm32f10x_hd.o(.text)
    I2C1_EV_IRQHandler                       0x08003bd3   Thumb Code     0  startup_stm32f10x_hd.o(.text)
    I2C2_ER_IRQHandler                       0x08003bd3   Thumb Code     0  startup_stm32f10x_hd.o(.text)
    I2C2_EV_IRQHandler                       0x08003bd3   Thumb Code     0  startup_stm32f10x_hd.o(.text)
    PVD_IRQHandler                           0x08003bd3   Thumb Code     0  startup_stm32f10x_hd.o(.text)
    RCC_IRQHandler                           0x08003bd3   Thumb Code     0  startup_stm32f10x_hd.o(.text)
    RTCAlarm_IRQHandler                      0x08003bd3   Thumb Code     0  startup_stm32f10x_hd.o(.text)
    RTC_IRQHandler                           0x08003bd3   Thumb Code     0  startup_stm32f10x_hd.o(.text)
    SDIO_IRQHandler                          0x08003bd3   Thumb Code     0  startup_stm32f10x_hd.o(.text)
    SPI1_IRQHandler                          0x08003bd3   Thumb Code     0  startup_stm32f10x_hd.o(.text)
    SPI2_IRQHandler                          0x08003bd3   Thumb Code     0  startup_stm32f10x_hd.o(.text)
    SPI3_IRQHandler                          0x08003bd3   Thumb Code     0  startup_stm32f10x_hd.o(.text)
    TAMPER_IRQHandler                        0x08003bd3   Thumb Code     0  startup_stm32f10x_hd.o(.text)
    TIM1_BRK_IRQHandler                      0x08003bd3   Thumb Code     0  startup_stm32f10x_hd.o(.text)
    TIM1_CC_IRQHandler                       0x08003bd3   Thumb Code     0  startup_stm32f10x_hd.o(.text)
    TIM1_TRG_COM_IRQHandler                  0x08003bd3   Thumb Code     0  startup_stm32f10x_hd.o(.text)
    TIM1_UP_IRQHandler                       0x08003bd3   Thumb Code     0  startup_stm32f10x_hd.o(.text)
    TIM2_IRQHandler                          0x08003bd3   Thumb Code     0  startup_stm32f10x_hd.o(.text)
    TIM4_IRQHandler                          0x08003bd3   Thumb Code     0  startup_stm32f10x_hd.o(.text)
    TIM5_IRQHandler                          0x08003bd3   Thumb Code     0  startup_stm32f10x_hd.o(.text)
    TIM6_IRQHandler                          0x08003bd3   Thumb Code     0  startup_stm32f10x_hd.o(.text)
    TIM7_IRQHandler                          0x08003bd3   Thumb Code     0  startup_stm32f10x_hd.o(.text)
    TIM8_BRK_IRQHandler                      0x08003bd3   Thumb Code     0  startup_stm32f10x_hd.o(.text)
    TIM8_CC_IRQHandler                       0x08003bd3   Thumb Code     0  startup_stm32f10x_hd.o(.text)
    TIM8_TRG_COM_IRQHandler                  0x08003bd3   Thumb Code     0  startup_stm32f10x_hd.o(.text)
    TIM8_UP_IRQHandler                       0x08003bd3   Thumb Code     0  startup_stm32f10x_hd.o(.text)
    UART4_IRQHandler                         0x08003bd3   Thumb Code     0  startup_stm32f10x_hd.o(.text)
    UART5_IRQHandler                         0x08003bd3   Thumb Code     0  startup_stm32f10x_hd.o(.text)
    USART2_IRQHandler                        0x08003bd3   Thumb Code     0  startup_stm32f10x_hd.o(.text)
    USART3_IRQHandler                        0x08003bd3   Thumb Code     0  startup_stm32f10x_hd.o(.text)
    USBWakeUp_IRQHandler                     0x08003bd3   Thumb Code     0  startup_stm32f10x_hd.o(.text)
    USB_HP_CAN1_TX_IRQHandler                0x08003bd3   Thumb Code     0  startup_stm32f10x_hd.o(.text)
    USB_LP_CAN1_RX0_IRQHandler               0x08003bd3   Thumb Code     0  startup_stm32f10x_hd.o(.text)
    WWDG_IRQHandler                          0x08003bd3   Thumb Code     0  startup_stm32f10x_hd.o(.text)
    __user_initial_stackheap                 0x08003bd5   Thumb Code     0  startup_stm32f10x_hd.o(.text)
    NVIC_PriorityGroupConfig                 0x08003bf9   Thumb Code    10  misc.o(.text)
    NVIC_Init                                0x08003c03   Thumb Code   100  misc.o(.text)
    NVIC_SetVectorTable                      0x08003c67   Thumb Code    14  misc.o(.text)
    NVIC_SystemLPConfig                      0x08003c75   Thumb Code    34  misc.o(.text)
    SysTick_CLKSourceConfig                  0x08003c97   Thumb Code    40  misc.o(.text)
    GPIO_DeInit                              0x08003cd5   Thumb Code   172  stm32f10x_gpio.o(.text)
    GPIO_AFIODeInit                          0x08003d81   Thumb Code    20  stm32f10x_gpio.o(.text)
    GPIO_Init                                0x08003d95   Thumb Code   278  stm32f10x_gpio.o(.text)
    GPIO_StructInit                          0x08003eab   Thumb Code    16  stm32f10x_gpio.o(.text)
    GPIO_ReadInputDataBit                    0x08003ebb   Thumb Code    18  stm32f10x_gpio.o(.text)
    GPIO_ReadInputData                       0x08003ecd   Thumb Code     8  stm32f10x_gpio.o(.text)
    GPIO_ReadOutputDataBit                   0x08003ed5   Thumb Code    18  stm32f10x_gpio.o(.text)
    GPIO_ReadOutputData                      0x08003ee7   Thumb Code     8  stm32f10x_gpio.o(.text)
    GPIO_SetBits                             0x08003eef   Thumb Code     4  stm32f10x_gpio.o(.text)
    GPIO_ResetBits                           0x08003ef3   Thumb Code     4  stm32f10x_gpio.o(.text)
    GPIO_WriteBit                            0x08003ef7   Thumb Code    10  stm32f10x_gpio.o(.text)
    GPIO_Write                               0x08003f01   Thumb Code     4  stm32f10x_gpio.o(.text)
    GPIO_PinLockConfig                       0x08003f05   Thumb Code    18  stm32f10x_gpio.o(.text)
    GPIO_EventOutputConfig                   0x08003f17   Thumb Code    26  stm32f10x_gpio.o(.text)
    GPIO_EventOutputCmd                      0x08003f31   Thumb Code     6  stm32f10x_gpio.o(.text)
    GPIO_PinRemapConfig                      0x08003f37   Thumb Code   138  stm32f10x_gpio.o(.text)
    GPIO_EXTILineConfig                      0x08003fc1   Thumb Code    66  stm32f10x_gpio.o(.text)
    GPIO_ETH_MediaInterfaceConfig            0x08004003   Thumb Code     8  stm32f10x_gpio.o(.text)
    RCC_DeInit                               0x08004031   Thumb Code    64  stm32f10x_rcc.o(.text)
    RCC_HSEConfig                            0x08004071   Thumb Code    70  stm32f10x_rcc.o(.text)
    RCC_GetFlagStatus                        0x080040b7   Thumb Code    56  stm32f10x_rcc.o(.text)
    RCC_WaitForHSEStartUp                    0x080040ef   Thumb Code    56  stm32f10x_rcc.o(.text)
    RCC_AdjustHSICalibrationValue            0x08004127   Thumb Code    20  stm32f10x_rcc.o(.text)
    RCC_HSICmd                               0x0800413b   Thumb Code     6  stm32f10x_rcc.o(.text)
    RCC_PLLConfig                            0x08004141   Thumb Code    24  stm32f10x_rcc.o(.text)
    RCC_PLLCmd                               0x08004159   Thumb Code     6  stm32f10x_rcc.o(.text)
    RCC_SYSCLKConfig                         0x0800415f   Thumb Code    18  stm32f10x_rcc.o(.text)
    RCC_GetSYSCLKSource                      0x08004171   Thumb Code    10  stm32f10x_rcc.o(.text)
    RCC_HCLKConfig                           0x0800417b   Thumb Code    18  stm32f10x_rcc.o(.text)
    RCC_PCLK1Config                          0x0800418d   Thumb Code    18  stm32f10x_rcc.o(.text)
    RCC_PCLK2Config                          0x0800419f   Thumb Code    20  stm32f10x_rcc.o(.text)
    RCC_ITConfig                             0x080041b3   Thumb Code    26  stm32f10x_rcc.o(.text)
    RCC_USBCLKConfig                         0x080041cd   Thumb Code     8  stm32f10x_rcc.o(.text)
    RCC_ADCCLKConfig                         0x080041d5   Thumb Code    18  stm32f10x_rcc.o(.text)
    RCC_LSEConfig                            0x080041e7   Thumb Code    50  stm32f10x_rcc.o(.text)
    RCC_LSICmd                               0x08004219   Thumb Code     6  stm32f10x_rcc.o(.text)
    RCC_RTCCLKConfig                         0x0800421f   Thumb Code    12  stm32f10x_rcc.o(.text)
    RCC_RTCCLKCmd                            0x0800422b   Thumb Code     8  stm32f10x_rcc.o(.text)
    RCC_GetClocksFreq                        0x08004233   Thumb Code   192  stm32f10x_rcc.o(.text)
    RCC_AHBPeriphClockCmd                    0x080042f3   Thumb Code    26  stm32f10x_rcc.o(.text)
    RCC_APB2PeriphClockCmd                   0x0800430d   Thumb Code    26  stm32f10x_rcc.o(.text)
    RCC_APB1PeriphClockCmd                   0x08004327   Thumb Code    26  stm32f10x_rcc.o(.text)
    RCC_APB2PeriphResetCmd                   0x08004341   Thumb Code    26  stm32f10x_rcc.o(.text)
    RCC_APB1PeriphResetCmd                   0x0800435b   Thumb Code    26  stm32f10x_rcc.o(.text)
    RCC_BackupResetCmd                       0x08004375   Thumb Code     8  stm32f10x_rcc.o(.text)
    RCC_ClockSecuritySystemCmd               0x0800437d   Thumb Code     6  stm32f10x_rcc.o(.text)
    RCC_MCOConfig                            0x08004383   Thumb Code     6  stm32f10x_rcc.o(.text)
    RCC_ClearFlag                            0x08004389   Thumb Code    14  stm32f10x_rcc.o(.text)
    RCC_GetITStatus                          0x08004397   Thumb Code    20  stm32f10x_rcc.o(.text)
    RCC_ClearITPendingBit                    0x080043ab   Thumb Code     6  stm32f10x_rcc.o(.text)
    USART_DeInit                             0x080043d5   Thumb Code   134  stm32f10x_usart.o(.text)
    USART_Init                               0x0800445b   Thumb Code   210  stm32f10x_usart.o(.text)
    USART_StructInit                         0x0800452d   Thumb Code    24  stm32f10x_usart.o(.text)
    USART_ClockInit                          0x08004545   Thumb Code    34  stm32f10x_usart.o(.text)
    USART_ClockStructInit                    0x08004567   Thumb Code    12  stm32f10x_usart.o(.text)
    USART_Cmd                                0x08004573   Thumb Code    24  stm32f10x_usart.o(.text)
    USART_ITConfig                           0x0800458b   Thumb Code    74  stm32f10x_usart.o(.text)
    USART_DMACmd                             0x080045d5   Thumb Code    18  stm32f10x_usart.o(.text)
    USART_SetAddress                         0x080045e7   Thumb Code    18  stm32f10x_usart.o(.text)
    USART_WakeUpConfig                       0x080045f9   Thumb Code    18  stm32f10x_usart.o(.text)
    USART_ReceiverWakeUpCmd                  0x0800460b   Thumb Code    24  stm32f10x_usart.o(.text)
    USART_LINBreakDetectLengthConfig         0x08004623   Thumb Code    18  stm32f10x_usart.o(.text)
    USART_LINCmd                             0x08004635   Thumb Code    24  stm32f10x_usart.o(.text)
    USART_SendData                           0x0800464d   Thumb Code     8  stm32f10x_usart.o(.text)
    USART_ReceiveData                        0x08004655   Thumb Code    10  stm32f10x_usart.o(.text)
    USART_SendBreak                          0x0800465f   Thumb Code    10  stm32f10x_usart.o(.text)
    USART_SetGuardTime                       0x08004669   Thumb Code    16  stm32f10x_usart.o(.text)
    USART_SetPrescaler                       0x08004679   Thumb Code    16  stm32f10x_usart.o(.text)
    USART_SmartCardCmd                       0x08004689   Thumb Code    24  stm32f10x_usart.o(.text)
    USART_SmartCardNACKCmd                   0x080046a1   Thumb Code    24  stm32f10x_usart.o(.text)
    USART_HalfDuplexCmd                      0x080046b9   Thumb Code    24  stm32f10x_usart.o(.text)
    USART_OverSampling8Cmd                   0x080046d1   Thumb Code    22  stm32f10x_usart.o(.text)
    USART_OneBitMethodCmd                    0x080046e7   Thumb Code    24  stm32f10x_usart.o(.text)
    USART_IrDAConfig                         0x080046ff   Thumb Code    18  stm32f10x_usart.o(.text)
    USART_IrDACmd                            0x08004711   Thumb Code    24  stm32f10x_usart.o(.text)
    USART_GetFlagStatus                      0x08004729   Thumb Code    26  stm32f10x_usart.o(.text)
    USART_ClearFlag                          0x08004743   Thumb Code    18  stm32f10x_usart.o(.text)
    USART_GetITStatus                        0x08004755   Thumb Code    84  stm32f10x_usart.o(.text)
    USART_ClearITPendingBit                  0x080047a9   Thumb Code    52  stm32f10x_usart.o(.text)
    TIM_DeInit                               0x080047dd   Thumb Code   424  stm32f10x_tim.o(.text)
    TIM_TimeBaseInit                         0x08004985   Thumb Code   122  stm32f10x_tim.o(.text)
    TIM_OC1Init                              0x080049ff   Thumb Code   132  stm32f10x_tim.o(.text)
    TIM_OC2Init                              0x08004a83   Thumb Code   154  stm32f10x_tim.o(.text)
    TIM_OC3Init                              0x08004b1d   Thumb Code   150  stm32f10x_tim.o(.text)
    TIM_OC4Init                              0x08004bb3   Thumb Code   182  stm32f10x_tim.o(.text)
    TIM_SetIC4Prescaler                      0x08004c69   Thumb Code    26  stm32f10x_tim.o(.text)
    TIM_SetIC3Prescaler                      0x08004d05   Thumb Code    18  stm32f10x_tim.o(.text)
    TIM_SetIC2Prescaler                      0x08004d91   Thumb Code    26  stm32f10x_tim.o(.text)
    TIM_SetIC1Prescaler                      0x08004e2d   Thumb Code    18  stm32f10x_tim.o(.text)
    TIM_ICInit                               0x08004eab   Thumb Code   150  stm32f10x_tim.o(.text)
    TIM_PWMIConfig                           0x08004f41   Thumb Code   124  stm32f10x_tim.o(.text)
    TIM_BDTRConfig                           0x08004fbd   Thumb Code    32  stm32f10x_tim.o(.text)
    TIM_TimeBaseStructInit                   0x08004fdd   Thumb Code    18  stm32f10x_tim.o(.text)
    TIM_OCStructInit                         0x08004fef   Thumb Code    20  stm32f10x_tim.o(.text)
    TIM_ICStructInit                         0x08005003   Thumb Code    18  stm32f10x_tim.o(.text)
    TIM_BDTRStructInit                       0x08005015   Thumb Code    40  stm32f10x_tim.o(.text)
    TIM_Cmd                                  0x0800503d   Thumb Code    24  stm32f10x_tim.o(.text)
    TIM_CtrlPWMOutputs                       0x08005055   Thumb Code    30  stm32f10x_tim.o(.text)
    TIM_ITConfig                             0x08005073   Thumb Code    18  stm32f10x_tim.o(.text)
    TIM_GenerateEvent                        0x08005085   Thumb Code     4  stm32f10x_tim.o(.text)
    TIM_DMAConfig                            0x08005089   Thumb Code    10  stm32f10x_tim.o(.text)
    TIM_DMACmd                               0x08005093   Thumb Code    18  stm32f10x_tim.o(.text)
    TIM_InternalClockConfig                  0x080050a5   Thumb Code    12  stm32f10x_tim.o(.text)
    TIM_SelectInputTrigger                   0x080050b1   Thumb Code    18  stm32f10x_tim.o(.text)
    TIM_ITRxExternalClockConfig              0x080050c3   Thumb Code    24  stm32f10x_tim.o(.text)
    TIM_TIxExternalClockConfig               0x080050db   Thumb Code    62  stm32f10x_tim.o(.text)
    TIM_ETRConfig                            0x08005119   Thumb Code    28  stm32f10x_tim.o(.text)
    TIM_ETRClockMode1Config                  0x08005135   Thumb Code    54  stm32f10x_tim.o(.text)
    TIM_ETRClockMode2Config                  0x0800516b   Thumb Code    32  stm32f10x_tim.o(.text)
    TIM_PrescalerConfig                      0x0800518b   Thumb Code     6  stm32f10x_tim.o(.text)
    TIM_CounterModeConfig                    0x08005191   Thumb Code    18  stm32f10x_tim.o(.text)
    TIM_EncoderInterfaceConfig               0x080051a3   Thumb Code    66  stm32f10x_tim.o(.text)
    TIM_ForcedOC1Config                      0x080051e5   Thumb Code    18  stm32f10x_tim.o(.text)
    TIM_ForcedOC2Config                      0x080051f7   Thumb Code    26  stm32f10x_tim.o(.text)
    TIM_ForcedOC3Config                      0x08005211   Thumb Code    18  stm32f10x_tim.o(.text)
    TIM_ForcedOC4Config                      0x08005223   Thumb Code    26  stm32f10x_tim.o(.text)
    TIM_ARRPreloadConfig                     0x0800523d   Thumb Code    24  stm32f10x_tim.o(.text)
    TIM_SelectCOM                            0x08005255   Thumb Code    24  stm32f10x_tim.o(.text)
    TIM_SelectCCDMA                          0x0800526d   Thumb Code    24  stm32f10x_tim.o(.text)
    TIM_CCPreloadControl                     0x08005285   Thumb Code    24  stm32f10x_tim.o(.text)
    TIM_OC1PreloadConfig                     0x0800529d   Thumb Code    18  stm32f10x_tim.o(.text)
    TIM_OC2PreloadConfig                     0x080052af   Thumb Code    26  stm32f10x_tim.o(.text)
    TIM_OC3PreloadConfig                     0x080052c9   Thumb Code    18  stm32f10x_tim.o(.text)
    TIM_OC4PreloadConfig                     0x080052db   Thumb Code    26  stm32f10x_tim.o(.text)
    TIM_OC1FastConfig                        0x080052f5   Thumb Code    18  stm32f10x_tim.o(.text)
    TIM_OC2FastConfig                        0x08005307   Thumb Code    26  stm32f10x_tim.o(.text)
    TIM_OC3FastConfig                        0x08005321   Thumb Code    18  stm32f10x_tim.o(.text)
    TIM_OC4FastConfig                        0x08005333   Thumb Code    26  stm32f10x_tim.o(.text)
    TIM_ClearOC1Ref                          0x0800534d   Thumb Code    18  stm32f10x_tim.o(.text)
    TIM_ClearOC2Ref                          0x0800535f   Thumb Code    24  stm32f10x_tim.o(.text)
    TIM_ClearOC3Ref                          0x08005377   Thumb Code    18  stm32f10x_tim.o(.text)
    TIM_ClearOC4Ref                          0x08005389   Thumb Code    24  stm32f10x_tim.o(.text)
    TIM_OC1PolarityConfig                    0x080053a1   Thumb Code    18  stm32f10x_tim.o(.text)
    TIM_OC1NPolarityConfig                   0x080053b3   Thumb Code    18  stm32f10x_tim.o(.text)
    TIM_OC2PolarityConfig                    0x080053c5   Thumb Code    26  stm32f10x_tim.o(.text)
    TIM_OC2NPolarityConfig                   0x080053df   Thumb Code    26  stm32f10x_tim.o(.text)
    TIM_OC3PolarityConfig                    0x080053f9   Thumb Code    26  stm32f10x_tim.o(.text)
    TIM_OC3NPolarityConfig                   0x08005413   Thumb Code    26  stm32f10x_tim.o(.text)
    TIM_OC4PolarityConfig                    0x0800542d   Thumb Code    26  stm32f10x_tim.o(.text)
    TIM_CCxCmd                               0x08005447   Thumb Code    30  stm32f10x_tim.o(.text)
    TIM_CCxNCmd                              0x08005465   Thumb Code    30  stm32f10x_tim.o(.text)
    TIM_SelectOCxM                           0x08005483   Thumb Code    82  stm32f10x_tim.o(.text)
    TIM_UpdateDisableConfig                  0x080054d5   Thumb Code    24  stm32f10x_tim.o(.text)
    TIM_UpdateRequestConfig                  0x080054ed   Thumb Code    24  stm32f10x_tim.o(.text)
    TIM_SelectHallSensor                     0x08005505   Thumb Code    24  stm32f10x_tim.o(.text)
    TIM_SelectOnePulseMode                   0x0800551d   Thumb Code    18  stm32f10x_tim.o(.text)
    TIM_SelectOutputTrigger                  0x0800552f   Thumb Code    18  stm32f10x_tim.o(.text)
    TIM_SelectSlaveMode                      0x08005541   Thumb Code    18  stm32f10x_tim.o(.text)
    TIM_SelectMasterSlaveMode                0x08005553   Thumb Code    18  stm32f10x_tim.o(.text)
    TIM_SetCounter                           0x08005565   Thumb Code     4  stm32f10x_tim.o(.text)
    TIM_SetAutoreload                        0x08005569   Thumb Code     4  stm32f10x_tim.o(.text)
    TIM_SetCompare1                          0x0800556d   Thumb Code     4  stm32f10x_tim.o(.text)
    TIM_SetCompare2                          0x08005571   Thumb Code     4  stm32f10x_tim.o(.text)
    TIM_SetCompare3                          0x08005575   Thumb Code     4  stm32f10x_tim.o(.text)
    TIM_SetCompare4                          0x08005579   Thumb Code     6  stm32f10x_tim.o(.text)
    TIM_SetClockDivision                     0x0800557f   Thumb Code    18  stm32f10x_tim.o(.text)
    TIM_GetCapture1                          0x08005591   Thumb Code     6  stm32f10x_tim.o(.text)
    TIM_GetCapture2                          0x08005597   Thumb Code     6  stm32f10x_tim.o(.text)
    TIM_GetCapture3                          0x0800559d   Thumb Code     6  stm32f10x_tim.o(.text)
    TIM_GetCapture4                          0x080055a3   Thumb Code     8  stm32f10x_tim.o(.text)
    TIM_GetCounter                           0x080055ab   Thumb Code     6  stm32f10x_tim.o(.text)
    TIM_GetPrescaler                         0x080055b1   Thumb Code     6  stm32f10x_tim.o(.text)
    TIM_GetFlagStatus                        0x080055b7   Thumb Code    18  stm32f10x_tim.o(.text)
    TIM_ClearFlag                            0x080055c9   Thumb Code     6  stm32f10x_tim.o(.text)
    TIM_GetITStatus                          0x080055cf   Thumb Code    34  stm32f10x_tim.o(.text)
    TIM_ClearITPendingBit                    0x080055f1   Thumb Code     6  stm32f10x_tim.o(.text)
    SPI_I2S_DeInit                           0x080055f9   Thumb Code    76  stm32f10x_spi.o(.text)
    SPI_Init                                 0x08005645   Thumb Code    60  stm32f10x_spi.o(.text)
    I2S_Init                                 0x08005681   Thumb Code   226  stm32f10x_spi.o(.text)
    SPI_StructInit                           0x08005763   Thumb Code    24  stm32f10x_spi.o(.text)
    I2S_StructInit                           0x0800577b   Thumb Code    20  stm32f10x_spi.o(.text)
    SPI_Cmd                                  0x0800578f   Thumb Code    24  stm32f10x_spi.o(.text)
    I2S_Cmd                                  0x080057a7   Thumb Code    24  stm32f10x_spi.o(.text)
    SPI_I2S_ITConfig                         0x080057bf   Thumb Code    32  stm32f10x_spi.o(.text)
    SPI_I2S_DMACmd                           0x080057df   Thumb Code    18  stm32f10x_spi.o(.text)
    SPI_I2S_SendData                         0x080057f1   Thumb Code     4  stm32f10x_spi.o(.text)
    SPI_I2S_ReceiveData                      0x080057f5   Thumb Code     6  stm32f10x_spi.o(.text)
    SPI_NSSInternalSoftwareConfig            0x080057fb   Thumb Code    30  stm32f10x_spi.o(.text)
    SPI_SSOutputCmd                          0x08005819   Thumb Code    24  stm32f10x_spi.o(.text)
    SPI_DataSizeConfig                       0x08005831   Thumb Code    18  stm32f10x_spi.o(.text)
    SPI_TransmitCRC                          0x08005843   Thumb Code    10  stm32f10x_spi.o(.text)
    SPI_CalculateCRC                         0x0800584d   Thumb Code    24  stm32f10x_spi.o(.text)
    SPI_GetCRC                               0x08005865   Thumb Code    16  stm32f10x_spi.o(.text)
    SPI_GetCRCPolynomial                     0x08005875   Thumb Code     6  stm32f10x_spi.o(.text)
    SPI_BiDirectionalLineConfig              0x0800587b   Thumb Code    28  stm32f10x_spi.o(.text)
    SPI_I2S_GetFlagStatus                    0x08005897   Thumb Code    18  stm32f10x_spi.o(.text)
    SPI_I2S_ClearFlag                        0x080058a9   Thumb Code     6  stm32f10x_spi.o(.text)
    SPI_I2S_GetITStatus                      0x080058af   Thumb Code    52  stm32f10x_spi.o(.text)
    SPI_I2S_ClearITPendingBit                0x080058e3   Thumb Code    20  stm32f10x_spi.o(.text)
    EXTI_DeInit                              0x08005905   Thumb Code    28  stm32f10x_exti.o(.text)
    EXTI_Init                                0x08005921   Thumb Code   142  stm32f10x_exti.o(.text)
    EXTI_StructInit                          0x080059af   Thumb Code    16  stm32f10x_exti.o(.text)
    EXTI_GenerateSWInterrupt                 0x080059bf   Thumb Code    16  stm32f10x_exti.o(.text)
    EXTI_GetFlagStatus                       0x080059cf   Thumb Code    22  stm32f10x_exti.o(.text)
    EXTI_ClearFlag                           0x080059e5   Thumb Code     8  stm32f10x_exti.o(.text)
    EXTI_GetITStatus                         0x080059ed   Thumb Code    34  stm32f10x_exti.o(.text)
    EXTI_ClearITPendingBit                   0x08005a0f   Thumb Code     8  stm32f10x_exti.o(.text)
    __use_no_semihosting                     0x08005a21   Thumb Code     2  use_no_semi_2.o(.text)
    __aeabi_memclr4                          0x08005a23   Thumb Code     0  rt_memclr_w.o(.text)
    __aeabi_memclr8                          0x08005a23   Thumb Code     0  rt_memclr_w.o(.text)
    __rt_memclr_w                            0x08005a23   Thumb Code    78  rt_memclr_w.o(.text)
    _memset_w                                0x08005a27   Thumb Code     0  rt_memclr_w.o(.text)
    __use_two_region_memory                  0x08005a71   Thumb Code     2  heapauxi.o(.text)
    __rt_heap_escrow$2region                 0x08005a73   Thumb Code     2  heapauxi.o(.text)
    __rt_heap_expand$2region                 0x08005a75   Thumb Code     2  heapauxi.o(.text)
    __I$use$semihosting                      0x08005a77   Thumb Code     0  use_no_semi.o(.text)
    __use_no_semihosting_swi                 0x08005a77   Thumb Code     2  use_no_semi.o(.text)
    __read_errno                             0x08005a79   Thumb Code    10  _rserrno.o(.text)
    __set_errno                              0x08005a83   Thumb Code    12  _rserrno.o(.text)
    __aeabi_errno_addr                       0x08005a91   Thumb Code     8  rt_errno_addr_intlibspace.o(.text)
    __errno$intlibspace                      0x08005a91   Thumb Code     0  rt_errno_addr_intlibspace.o(.text)
    __rt_errno_addr$intlibspace              0x08005a91   Thumb Code     0  rt_errno_addr_intlibspace.o(.text)
    __user_libspace                          0x08005a99   Thumb Code     8  libspace.o(.text)
    __user_perproc_libspace                  0x08005a99   Thumb Code     0  libspace.o(.text)
    __user_perthread_libspace                0x08005a99   Thumb Code     0  libspace.o(.text)
    __user_setup_stackheap                   0x08005aa1   Thumb Code    74  sys_stackheap_outer.o(.text)
    exit                                     0x08005aeb   Thumb Code    12  exit.o(.text)
    __ARM_fpclassify                         0x08005af7   Thumb Code    40  fpclassify.o(i.__ARM_fpclassify)
    __kernel_poly                            0x08005b1f   Thumb Code   170  poly.o(i.__kernel_poly)
    __mathlib_dbl_infnan                     0x08005bc9   Thumb Code     6  dunder.o(i.__mathlib_dbl_infnan)
    __mathlib_dbl_infnan2                    0x08005bcf   Thumb Code     4  dunder.o(i.__mathlib_dbl_infnan2)
    __mathlib_dbl_invalid                    0x08005bd3   Thumb Code    12  dunder.o(i.__mathlib_dbl_invalid)
    __mathlib_dbl_underflow                  0x08005be1   Thumb Code    10  dunder.o(i.__mathlib_dbl_underflow)
    asin                                     0x08005bf1   Thumb Code   572  asin.o(i.asin)
    atan                                     0x08005e61   Thumb Code   474  atan.o(i.atan)
    atan2                                    0x08006081   Thumb Code   346  atan2.o(i.atan2)
    sqrt                                     0x08006201   Thumb Code    76  sqrt.o(i.sqrt)
    __aeabi_d2f                              0x0800624d   Thumb Code     0  d2f.o(x$fpl$d2f)
    _d2f                                     0x0800624d   Thumb Code    98  d2f.o(x$fpl$d2f)
    __aeabi_dadd                             0x080062b1   Thumb Code     0  daddsub_clz.o(x$fpl$dadd)
    _dadd                                    0x080062b1   Thumb Code   332  daddsub_clz.o(x$fpl$dadd)
    __fpl_dcheck_NaN1                        0x08006401   Thumb Code    10  dcheck1.o(x$fpl$dcheck1)
    __aeabi_ddiv                             0x08006411   Thumb Code     0  ddiv.o(x$fpl$ddiv)
    _ddiv                                    0x08006411   Thumb Code   552  ddiv.o(x$fpl$ddiv)
    __aeabi_dmul                             0x080066c1   Thumb Code     0  dmul.o(x$fpl$dmul)
    _dmul                                    0x080066c1   Thumb Code   332  dmul.o(x$fpl$dmul)
    __fpl_dnaninf                            0x08006815   Thumb Code   156  dnaninf.o(x$fpl$dnaninf)
    __fpl_dretinf                            0x080068b1   Thumb Code    12  dretinf.o(x$fpl$dretinf)
    __aeabi_drsub                            0x080068bd   Thumb Code     0  daddsub_clz.o(x$fpl$drsb)
    _drsb                                    0x080068bd   Thumb Code    22  daddsub_clz.o(x$fpl$drsb)
    _dsqrt                                   0x080068d5   Thumb Code   456  dsqrt_noumaal.o(x$fpl$dsqrt)
    __aeabi_dsub                             0x08006aa1   Thumb Code     0  daddsub_clz.o(x$fpl$dsub)
    _dsub                                    0x08006aa1   Thumb Code   464  daddsub_clz.o(x$fpl$dsub)
    __aeabi_f2d                              0x08006c75   Thumb Code     0  f2d.o(x$fpl$f2d)
    _f2d                                     0x08006c75   Thumb Code    86  f2d.o(x$fpl$f2d)
    __aeabi_fadd                             0x08006ccd   Thumb Code     0  faddsub_clz.o(x$fpl$fadd)
    _fadd                                    0x08006ccd   Thumb Code   196  faddsub_clz.o(x$fpl$fadd)
    __fpl_fcmp_Inf                           0x08006d91   Thumb Code    24  fcmpi.o(x$fpl$fcmpinf)
    __aeabi_fdiv                             0x08006da9   Thumb Code     0  fdiv.o(x$fpl$fdiv)
    _fdiv                                    0x08006da9   Thumb Code   384  fdiv.o(x$fpl$fdiv)
    __aeabi_cfcmpeq                          0x08006f2d   Thumb Code     0  feqf.o(x$fpl$feqf)
    _fcmpeq                                  0x08006f2d   Thumb Code   104  feqf.o(x$fpl$feqf)
    __aeabi_f2iz                             0x08006f95   Thumb Code     0  ffix.o(x$fpl$ffix)
    _ffix                                    0x08006f95   Thumb Code    54  ffix.o(x$fpl$ffix)
    __aeabi_i2f                              0x08006fcd   Thumb Code     0  fflt_clz.o(x$fpl$fflt)
    _fflt                                    0x08006fcd   Thumb Code    48  fflt_clz.o(x$fpl$fflt)
    __aeabi_cfcmple                          0x08006ffd   Thumb Code     0  fleqf.o(x$fpl$fleqf)
    _fcmple                                  0x08006ffd   Thumb Code   104  fleqf.o(x$fpl$fleqf)
    __fpl_fcmple_InfNaN                      0x0800704f   Thumb Code     0  fleqf.o(x$fpl$fleqf)
    __aeabi_fmul                             0x08007065   Thumb Code     0  fmul.o(x$fpl$fmul)
    _fmul                                    0x08007065   Thumb Code   258  fmul.o(x$fpl$fmul)
    __fpl_fnaninf                            0x08007167   Thumb Code   140  fnaninf.o(x$fpl$fnaninf)
    __fpl_fretinf                            0x080071f3   Thumb Code    10  fretinf.o(x$fpl$fretinf)
    __aeabi_cfrcmple                         0x080071fd   Thumb Code     0  frleqf.o(x$fpl$frleqf)
    _frcmple                                 0x080071fd   Thumb Code    98  frleqf.o(x$fpl$frleqf)
    __aeabi_frsub                            0x0800725f   Thumb Code     0  faddsub_clz.o(x$fpl$frsb)
    _frsb                                    0x0800725f   Thumb Code    20  faddsub_clz.o(x$fpl$frsb)
    __aeabi_fsub                             0x08007275   Thumb Code     0  faddsub_clz.o(x$fpl$fsub)
    _fsub                                    0x08007275   Thumb Code   234  faddsub_clz.o(x$fpl$fsub)
    __fpl_return_NaN                         0x0800735f   Thumb Code   100  retnan.o(x$fpl$retnan)
    __ARM_scalbn                             0x080073c3   Thumb Code    92  scalbn.o(x$fpl$scalbn)
    __fpl_cmpreturn                          0x0800741f   Thumb Code    48  trapv.o(x$fpl$trapveneer)
    TX_ADDRESS                               0x0800744e   Data           5  24l01.o(.constdata)
    __I$use$fp                               0x0800744e   Number         0  usenofp.o(x$fpl$usenofp)
    RX_ADDRESS                               0x08007453   Data           5  24l01.o(.constdata)
    __mathlib_zero                           0x08007540   Data           8  qnan.o(.constdata)
    Region$$Table$$Base                      0x08007548   Number         0  anon$$obj.o(Region$$Table)
    Region$$Table$$Limit                     0x08007568   Number         0  anon$$obj.o(Region$$Table)
    Tx_buff                                  0x20000000   Data          33  main.o(.data)
    IRQ_timeout                              0x20000024   Data           4  main.o(.data)
    SystemCoreClock                          0x20000028   Data           4  system_stm32f10x.o(.data)
    AHBPrescTable                            0x2000002c   Data          16  system_stm32f10x.o(.data)
    times                                    0x2000003c   Data           4  timer3.o(.data)
    flash_save_en_cnt                        0x20000040   Data           2  sand_data.o(.data)
    ACC_KALMAN_X                             0x20000048   Data           8  imu.o(.data)
    ACC_KALMAN_Y                             0x20000050   Data           8  imu.o(.data)
    ACC_KALMAN_Z                             0x20000058   Data           8  imu.o(.data)
    Kp                                       0x20000060   Data           4  imu.o(.data)
    Ki                                       0x20000064   Data           4  imu.o(.data)
    q0                                       0x20000068   Data           4  imu.o(.data)
    q1                                       0x2000006c   Data           4  imu.o(.data)
    q2                                       0x20000070   Data           4  imu.o(.data)
    q3                                       0x20000074   Data           4  imu.o(.data)
    exInt                                    0x20000078   Data           4  imu.o(.data)
    eyInt                                    0x2000007c   Data           4  imu.o(.data)
    ezInt                                    0x20000080   Data           4  imu.o(.data)
    q0_yaw                                   0x20000084   Data           4  imu.o(.data)
    q1_yaw                                   0x20000088   Data           4  imu.o(.data)
    q2_yaw                                   0x2000008c   Data           4  imu.o(.data)
    q3_yaw                                   0x20000090   Data           4  imu.o(.data)
    Rx_buff                                  0x200000ac   Data          33  main.o(.bss)
    BUF                                      0x200000d0   Data          10  mpu9250.o(.bss)
    mpu6500_buffer                           0x200000da   Data          14  mpu9250.o(.bss)
    AK_8975_buffer                           0x200000e8   Data           9  mpu9250.o(.bss)
    sensor                                   0x200000f4   Data         168  mpu9250.o(.bss)
    RX_CH                                    0x2000019c   Data          16  sand_data.o(.bss)
    angle                                    0x200001e0   Data          12  imu.o(.bss)
    Rc_Pwm_In                                0x200001ec   Data          16  rc.o(.bss)
    Rc_Data                                  0x200001fc   Data          22  rc.o(.bss)
    RC_Pwm_In_his                            0x20000212   Data          16  rc.o(.bss)
    __libspace_start                         0x20000244   Data          96  libspace.o(.bss)
    __temporary_stack_top$libspace           0x200002a4   Data           0  libspace.o(.bss)



==============================================================================

Memory Map of the image

  Image Entry point : 0x08000131

  Load Region LR_IROM1 (Base: 0x08000000, Size: 0x00007614, Max: 0x00010000, ABSOLUTE)

    Execution Region ER_IROM1 (Base: 0x08000000, Size: 0x00007568, Max: 0x00010000, ABSOLUTE)

    Base Addr    Size         Type   Attr      Idx    E Section Name        Object

    0x08000000   0x00000130   Data   RO          493    RESET               startup_stm32f10x_hd.o
    0x08000130   0x00000008   Code   RO          616  * !!!main             c_w.l(__main.o)
    0x08000138   0x00000034   Code   RO          901    !!!scatter          c_w.l(__scatter.o)
    0x0800016c   0x0000001a   Code   RO          903    !!handler_copy      c_w.l(__scatter_copy.o)
    0x08000186   0x00000002   PAD
    0x08000188   0x0000001c   Code   RO          905    !!handler_zi        c_w.l(__scatter_zi.o)
    0x080001a4   0x00000002   Code   RO          775    .ARM.Collect$$libinit$$00000000  c_w.l(libinit.o)
    0x080001a6   0x00000000   Code   RO          781    .ARM.Collect$$libinit$$00000002  c_w.l(libinit2.o)
    0x080001a6   0x00000000   Code   RO          783    .ARM.Collect$$libinit$$00000004  c_w.l(libinit2.o)
    0x080001a6   0x00000000   Code   RO          786    .ARM.Collect$$libinit$$0000000A  c_w.l(libinit2.o)
    0x080001a6   0x00000000   Code   RO          788    .ARM.Collect$$libinit$$0000000C  c_w.l(libinit2.o)
    0x080001a6   0x00000000   Code   RO          790    .ARM.Collect$$libinit$$0000000E  c_w.l(libinit2.o)
    0x080001a6   0x00000000   Code   RO          793    .ARM.Collect$$libinit$$00000011  c_w.l(libinit2.o)
    0x080001a6   0x00000000   Code   RO          795    .ARM.Collect$$libinit$$00000013  c_w.l(libinit2.o)
    0x080001a6   0x00000000   Code   RO          797    .ARM.Collect$$libinit$$00000015  c_w.l(libinit2.o)
    0x080001a6   0x00000000   Code   RO          799    .ARM.Collect$$libinit$$00000017  c_w.l(libinit2.o)
    0x080001a6   0x00000000   Code   RO          801    .ARM.Collect$$libinit$$00000019  c_w.l(libinit2.o)
    0x080001a6   0x00000000   Code   RO          803    .ARM.Collect$$libinit$$0000001B  c_w.l(libinit2.o)
    0x080001a6   0x00000000   Code   RO          805    .ARM.Collect$$libinit$$0000001D  c_w.l(libinit2.o)
    0x080001a6   0x00000000   Code   RO          807    .ARM.Collect$$libinit$$0000001F  c_w.l(libinit2.o)
    0x080001a6   0x00000000   Code   RO          809    .ARM.Collect$$libinit$$00000021  c_w.l(libinit2.o)
    0x080001a6   0x00000000   Code   RO          811    .ARM.Collect$$libinit$$00000023  c_w.l(libinit2.o)
    0x080001a6   0x00000000   Code   RO          813    .ARM.Collect$$libinit$$00000025  c_w.l(libinit2.o)
    0x080001a6   0x00000000   Code   RO          817    .ARM.Collect$$libinit$$0000002C  c_w.l(libinit2.o)
    0x080001a6   0x00000000   Code   RO          819    .ARM.Collect$$libinit$$0000002E  c_w.l(libinit2.o)
    0x080001a6   0x00000000   Code   RO          821    .ARM.Collect$$libinit$$00000030  c_w.l(libinit2.o)
    0x080001a6   0x00000000   Code   RO          823    .ARM.Collect$$libinit$$00000032  c_w.l(libinit2.o)
    0x080001a6   0x00000002   Code   RO          824    .ARM.Collect$$libinit$$00000033  c_w.l(libinit2.o)
    0x080001a8   0x00000002   Code   RO          844    .ARM.Collect$$libshutdown$$00000000  c_w.l(libshutdown.o)
    0x080001aa   0x00000000   Code   RO          855    .ARM.Collect$$libshutdown$$00000003  c_w.l(libshutdown2.o)
    0x080001aa   0x00000000   Code   RO          858    .ARM.Collect$$libshutdown$$00000006  c_w.l(libshutdown2.o)
    0x080001aa   0x00000000   Code   RO          861    .ARM.Collect$$libshutdown$$00000009  c_w.l(libshutdown2.o)
    0x080001aa   0x00000000   Code   RO          863    .ARM.Collect$$libshutdown$$0000000B  c_w.l(libshutdown2.o)
    0x080001aa   0x00000000   Code   RO          866    .ARM.Collect$$libshutdown$$0000000E  c_w.l(libshutdown2.o)
    0x080001aa   0x00000002   Code   RO          867    .ARM.Collect$$libshutdown$$0000000F  c_w.l(libshutdown2.o)
    0x080001ac   0x00000000   Code   RO          690    .ARM.Collect$$rtentry$$00000000  c_w.l(__rtentry.o)
    0x080001ac   0x00000000   Code   RO          740    .ARM.Collect$$rtentry$$00000002  c_w.l(__rtentry2.o)
    0x080001ac   0x00000006   Code   RO          752    .ARM.Collect$$rtentry$$00000004  c_w.l(__rtentry4.o)
    0x080001b2   0x00000000   Code   RO          742    .ARM.Collect$$rtentry$$00000009  c_w.l(__rtentry2.o)
    0x080001b2   0x00000004   Code   RO          743    .ARM.Collect$$rtentry$$0000000A  c_w.l(__rtentry2.o)
    0x080001b6   0x00000000   Code   RO          745    .ARM.Collect$$rtentry$$0000000C  c_w.l(__rtentry2.o)
    0x080001b6   0x00000008   Code   RO          746    .ARM.Collect$$rtentry$$0000000D  c_w.l(__rtentry2.o)
    0x080001be   0x00000002   Code   RO          778    .ARM.Collect$$rtexit$$00000000  c_w.l(rtexit.o)
    0x080001c0   0x00000000   Code   RO          828    .ARM.Collect$$rtexit$$00000002  c_w.l(rtexit2.o)
    0x080001c0   0x00000004   Code   RO          829    .ARM.Collect$$rtexit$$00000003  c_w.l(rtexit2.o)
    0x080001c4   0x00000006   Code   RO          830    .ARM.Collect$$rtexit$$00000004  c_w.l(rtexit2.o)
    0x080001ca   0x00000002   PAD
    0x080001cc   0x0000006c   Code   RO            1    .text               main.o
    0x08000238   0x0000001a   Code   RO          151    .text               stm32f10x_it.o
    0x08000252   0x00000002   PAD
    0x08000254   0x000001e0   Code   RO          192    .text               system_stm32f10x.o
    0x08000434   0x00000038   Code   RO          210    .text               led.o
    0x0800046c   0x00000374   Code   RO          222    .text               mpu9250.o
    0x080007e0   0x000004e4   Code   RO          244    .text               iic.o
    0x08000cc4   0x000000c8   Code   RO          256    .text               timer3.o
    0x08000d8c   0x00000870   Code   RO          271    .text               sand_data.o
    0x080015fc   0x000019d8   Code   RO          288    .text               imu.o
    0x08002fd4   0x000001d4   Code   RO          314    .text               algorithm_filter.o
    0x080031a8   0x00000178   Code   RO          326    .text               algorithm_math.o
    0x08003320   0x00000128   Code   RO          386    .text               pwm.o
    0x08003448   0x000004a0   Code   RO          398    .text               24l01.o
    0x080038e8   0x00000104   Code   RO          415    .text               spi.o
    0x080039ec   0x000000d4   Code   RO          427    .text               delay.o
    0x08003ac0   0x000000f8   Code   RO          458    .text               usart.o
    0x08003bb8   0x00000040   Code   RO          494    .text               startup_stm32f10x_hd.o
    0x08003bf8   0x000000dc   Code   RO          498    .text               misc.o
    0x08003cd4   0x0000035c   Code   RO          522    .text               stm32f10x_gpio.o
    0x08004030   0x000003a4   Code   RO          534    .text               stm32f10x_rcc.o
    0x080043d4   0x00000408   Code   RO          548    .text               stm32f10x_usart.o
    0x080047dc   0x00000e1a   Code   RO          560    .text               stm32f10x_tim.o
    0x080055f6   0x00000002   PAD
    0x080055f8   0x0000030c   Code   RO          572    .text               stm32f10x_spi.o
    0x08005904   0x0000011c   Code   RO          596    .text               stm32f10x_exti.o
    0x08005a20   0x00000002   Code   RO          610    .text               c_w.l(use_no_semi_2.o)
    0x08005a22   0x0000004e   Code   RO          612    .text               c_w.l(rt_memclr_w.o)
    0x08005a70   0x00000006   Code   RO          614    .text               c_w.l(heapauxi.o)
    0x08005a76   0x00000002   Code   RO          688    .text               c_w.l(use_no_semi.o)
    0x08005a78   0x00000016   Code   RO          691    .text               c_w.l(_rserrno.o)
    0x08005a8e   0x00000002   PAD
    0x08005a90   0x00000008   Code   RO          757    .text               c_w.l(rt_errno_addr_intlibspace.o)
    0x08005a98   0x00000008   Code   RO          763    .text               c_w.l(libspace.o)
    0x08005aa0   0x0000004a   Code   RO          766    .text               c_w.l(sys_stackheap_outer.o)
    0x08005aea   0x0000000c   Code   RO          768    .text               c_w.l(exit.o)
    0x08005af6   0x00000028   Code   RO          734    i.__ARM_fpclassify  m_ws.l(fpclassify.o)
    0x08005b1e   0x000000aa   Code   RO          736    i.__kernel_poly     m_ws.l(poly.o)
    0x08005bc8   0x00000006   Code   RO          721    i.__mathlib_dbl_infnan  m_ws.l(dunder.o)
    0x08005bce   0x00000004   Code   RO          722    i.__mathlib_dbl_infnan2  m_ws.l(dunder.o)
    0x08005bd2   0x0000000c   Code   RO          723    i.__mathlib_dbl_invalid  m_ws.l(dunder.o)
    0x08005bde   0x00000002   PAD
    0x08005be0   0x00000010   Code   RO          726    i.__mathlib_dbl_underflow  m_ws.l(dunder.o)
    0x08005bf0   0x00000270   Code   RO          663    i.asin              m_ws.l(asin.o)
    0x08005e60   0x00000220   Code   RO          711    i.atan              m_ws.l(atan.o)
    0x08006080   0x00000180   Code   RO          673    i.atan2             m_ws.l(atan2.o)
    0x08006200   0x0000004c   Code   RO          681    i.sqrt              m_ws.l(sqrt.o)
    0x0800624c   0x00000062   Code   RO          618    x$fpl$d2f           fz_ws.l(d2f.o)
    0x080062ae   0x00000002   PAD
    0x080062b0   0x00000150   Code   RO          620    x$fpl$dadd          fz_ws.l(daddsub_clz.o)
    0x08006400   0x00000010   Code   RO          759    x$fpl$dcheck1       fz_ws.l(dcheck1.o)
    0x08006410   0x000002b0   Code   RO          627    x$fpl$ddiv          fz_ws.l(ddiv.o)
    0x080066c0   0x00000154   Code   RO          630    x$fpl$dmul          fz_ws.l(dmul.o)
    0x08006814   0x0000009c   Code   RO          695    x$fpl$dnaninf       fz_ws.l(dnaninf.o)
    0x080068b0   0x0000000c   Code   RO          697    x$fpl$dretinf       fz_ws.l(dretinf.o)
    0x080068bc   0x00000016   Code   RO          621    x$fpl$drsb          fz_ws.l(daddsub_clz.o)
    0x080068d2   0x00000002   PAD
    0x080068d4   0x000001cc   Code   RO          699    x$fpl$dsqrt         fz_ws.l(dsqrt_noumaal.o)
    0x08006aa0   0x000001d4   Code   RO          622    x$fpl$dsub          fz_ws.l(daddsub_clz.o)
    0x08006c74   0x00000056   Code   RO          632    x$fpl$f2d           fz_ws.l(f2d.o)
    0x08006cca   0x00000002   PAD
    0x08006ccc   0x000000c4   Code   RO          634    x$fpl$fadd          fz_ws.l(faddsub_clz.o)
    0x08006d90   0x00000018   Code   RO          701    x$fpl$fcmpinf       fz_ws.l(fcmpi.o)
    0x08006da8   0x00000184   Code   RO          641    x$fpl$fdiv          fz_ws.l(fdiv.o)
    0x08006f2c   0x00000068   Code   RO          644    x$fpl$feqf          fz_ws.l(feqf.o)
    0x08006f94   0x00000036   Code   RO          646    x$fpl$ffix          fz_ws.l(ffix.o)
    0x08006fca   0x00000002   PAD
    0x08006fcc   0x00000030   Code   RO          651    x$fpl$fflt          fz_ws.l(fflt_clz.o)
    0x08006ffc   0x00000068   Code   RO          656    x$fpl$fleqf         fz_ws.l(fleqf.o)
    0x08007064   0x00000102   Code   RO          658    x$fpl$fmul          fz_ws.l(fmul.o)
    0x08007166   0x0000008c   Code   RO          703    x$fpl$fnaninf       fz_ws.l(fnaninf.o)
    0x080071f2   0x0000000a   Code   RO          705    x$fpl$fretinf       fz_ws.l(fretinf.o)
    0x080071fc   0x00000062   Code   RO          660    x$fpl$frleqf        fz_ws.l(frleqf.o)
    0x0800725e   0x00000014   Code   RO          635    x$fpl$frsb          fz_ws.l(faddsub_clz.o)
    0x08007272   0x00000002   PAD
    0x08007274   0x000000ea   Code   RO          636    x$fpl$fsub          fz_ws.l(faddsub_clz.o)
    0x0800735e   0x00000064   Code   RO          776    x$fpl$retnan        fz_ws.l(retnan.o)
    0x080073c2   0x0000005c   Code   RO          707    x$fpl$scalbn        fz_ws.l(scalbn.o)
    0x0800741e   0x00000030   Code   RO          825    x$fpl$trapveneer    fz_ws.l(trapv.o)
    0x0800744e   0x00000000   Code   RO          709    x$fpl$usenofp       fz_ws.l(usenofp.o)
    0x0800744e   0x0000000a   Data   RO          399    .constdata          24l01.o
    0x08007458   0x00000050   Data   RO          664    .constdata          m_ws.l(asin.o)
    0x080074a8   0x00000098   Data   RO          712    .constdata          m_ws.l(atan.o)
    0x08007540   0x00000008   Data   RO          738    .constdata          m_ws.l(qnan.o)
    0x08007548   0x00000020   Data   RO          899    Region$$Table       anon$$obj.o


    Execution Region RW_IRAM1 (Base: 0x20000000, Size: 0x000008a8, Max: 0x00005000, ABSOLUTE)

    Base Addr    Size         Type   Attr      Idx    E Section Name        Object

    0x20000000   0x00000028   Data   RW            3    .data               main.o
    0x20000028   0x00000014   Data   RW          193    .data               system_stm32f10x.o
    0x2000003c   0x00000004   Data   RW          257    .data               timer3.o
    0x20000040   0x00000005   Data   RW          273    .data               sand_data.o
    0x20000045   0x00000003   PAD
    0x20000048   0x0000004c   Data   RW          290    .data               imu.o
    0x20000094   0x00000004   Data   RW          428    .data               delay.o
    0x20000098   0x00000014   Data   RW          535    .data               stm32f10x_rcc.o
    0x200000ac   0x00000021   Zero   RW            2    .bss                main.o
    0x200000cd   0x00000003   PAD
    0x200000d0   0x000000cc   Zero   RW          223    .bss                mpu9250.o
    0x2000019c   0x00000042   Zero   RW          272    .bss                sand_data.o
    0x200001de   0x00000002   PAD
    0x200001e0   0x0000000c   Zero   RW          289    .bss                imu.o
    0x200001ec   0x00000056   Zero   RW          363    .bss                rc.o
    0x20000242   0x00000002   PAD
    0x20000244   0x00000060   Zero   RW          764    .bss                c_w.l(libspace.o)
    0x200002a4   0x00000004   PAD
    0x200002a8   0x00000200   Zero   RW          492    HEAP                startup_stm32f10x_hd.o
    0x200004a8   0x00000400   Zero   RW          491    STACK               startup_stm32f10x_hd.o


==============================================================================

Image component sizes


      Code (inc. data)   RO Data    RW Data    ZI Data      Debug   Object Name

      1184         62         10          0          0       5088   24l01.o
       468          6          0          0          0       1768   algorithm_filter.o
       376         16          0          0          0       2581   algorithm_math.o
       212         18          0          4          0        987   delay.o
      1252         12          0          0          0       4323   iic.o
      6616        198          0         76         12       4684   imu.o
        56          6          0          0          0        467   led.o
       108          4          0         40         33     261725   main.o
       220         22          0          0          0       1761   misc.o
       884         12          0          0        204       6829   mpu9250.o
       296         10          0          0          0       1070   pwm.o
         0          0          0          0         86       2368   rc.o
      2160         46          0          5         66       6186   sand_data.o
       260         10          0          0          0       1081   spi.o
        64         26        304          0       1536        784   startup_stm32f10x_hd.o
       284         10          0          0          0       2195   stm32f10x_exti.o
       860         38          0          0          0       5609   stm32f10x_gpio.o
        26          0          0          0          0       1162   stm32f10x_it.o
       932         36          0         20          0       8764   stm32f10x_rcc.o
       780         14          0          0          0       6490   stm32f10x_spi.o
      3610         88          0          0          0      22092   stm32f10x_tim.o
      1032         22          0          0          0       8332   stm32f10x_usart.o
         0          0          0          0          0         32   sys.o
       480         38          0         20          0       1683   system_stm32f10x.o
       200         12          0          4          0        984   timer3.o
       248          8          0          0          0       2797   usart.o

    ----------------------------------------------------------------------
     22612        714        346        172       1944     361842   Object Totals
         0          0         32          0          0          0   (incl. Generated)
         4          0          0          3          7          0   (incl. Padding)

    ----------------------------------------------------------------------

      Code (inc. data)   RO Data    RW Data    ZI Data      Debug   Library Member Name

         8          0          0          0          0         68   __main.o
         0          0          0          0          0          0   __rtentry.o
        12          0          0          0          0          0   __rtentry2.o
         6          0          0          0          0          0   __rtentry4.o
        52          8          0          0          0          0   __scatter.o
        26          0          0          0          0          0   __scatter_copy.o
        28          0          0          0          0          0   __scatter_zi.o
        22          0          0          0          0        100   _rserrno.o
        12          0          0          0          0         72   exit.o
         6          0          0          0          0        152   heapauxi.o
         2          0          0          0          0          0   libinit.o
         2          0          0          0          0          0   libinit2.o
         2          0          0          0          0          0   libshutdown.o
         2          0          0          0          0          0   libshutdown2.o
         8          4          0          0         96         68   libspace.o
         8          4          0          0          0         68   rt_errno_addr_intlibspace.o
        78          0          0          0          0         80   rt_memclr_w.o
         2          0          0          0          0          0   rtexit.o
        10          0          0          0          0          0   rtexit2.o
        74          0          0          0          0         80   sys_stackheap_outer.o
         2          0          0          0          0         68   use_no_semi.o
         2          0          0          0          0         68   use_no_semi_2.o
        98          4          0          0          0         92   d2f.o
       826         16          0          0          0        348   daddsub_clz.o
        16          4          0          0          0         68   dcheck1.o
       688        140          0          0          0        208   ddiv.o
       340         12          0          0          0        104   dmul.o
       156          4          0          0          0         92   dnaninf.o
        12          0          0          0          0         68   dretinf.o
       460         56          0          0          0        120   dsqrt_noumaal.o
        86          4          0          0          0         84   f2d.o
       450          8          0          0          0        236   faddsub_clz.o
        24          0          0          0          0         68   fcmpi.o
       388         76          0          0          0         96   fdiv.o
       104          4          0          0          0         84   feqf.o
        54          4          0          0          0         84   ffix.o
        48          0          0          0          0         68   fflt_clz.o
       104          4          0          0          0         84   fleqf.o
       258          4          0          0          0         84   fmul.o
       140          4          0          0          0         84   fnaninf.o
        10          0          0          0          0         68   fretinf.o
        98          0          0          0          0         68   frleqf.o
       100          0          0          0          0         68   retnan.o
        92          0          0          0          0         68   scalbn.o
        48          0          0          0          0         68   trapv.o
         0          0          0          0          0          0   usenofp.o
       624         52         80          0          0        168   asin.o
       544         70        152          0          0        124   atan.o
       384         38          0          0          0        144   atan2.o
        38          6          0          0          0        272   dunder.o
        40          0          0          0          0         68   fpclassify.o
       170          0          0          0          0         96   poly.o
         0          0          8          0          0          0   qnan.o
        76          0          0          0          0         84   sqrt.o

    ----------------------------------------------------------------------
      6858        526        240          0        100       4192   Library Totals
        18          0          0          0          4          0   (incl. Padding)

    ----------------------------------------------------------------------

      Code (inc. data)   RO Data    RW Data    ZI Data      Debug   Library Name

       364         16          0          0         96        824   c_w.l
      4600        344          0          0          0       2412   fz_ws.l
      1876        166        240          0          0        956   m_ws.l

    ----------------------------------------------------------------------
      6858        526        240          0        100       4192   Library Totals

    ----------------------------------------------------------------------

==============================================================================


      Code (inc. data)   RO Data    RW Data    ZI Data      Debug   

     29470       1240        586        172       2044     362078   Grand Totals
     29470       1240        586        172       2044     362078   ELF Image Totals
     29470       1240        586        172          0          0   ROM Totals

==============================================================================

    Total RO  Size (Code + RO Data)                30056 (  29.35kB)
    Total RW  Size (RW Data + ZI Data)              2216 (   2.16kB)
    Total ROM Size (Code + RO Data + RW Data)      30228 (  29.52kB)

==============================================================================

