<html>
<body>
<pre>
<h1>礦ision Build Log</h1>
<h2>Tool Versions:</h2>
IDE-Version: μVision V5.14.0.0
Copyright (C) 2015 ARM Ltd and ARM Germany GmbH. All rights reserved.
License Information: ti 20607, rfgyuhj, LIC=EPP8T-R3S85-9X4UW-Q58UG-13VTV-UCM1K
 
Tool Versions:
Toolchain:       MDK-ARM Professional  Version: 5.14.0.0
Toolchain Path:  D:\Keil_v5\ARM\ARMCC\Bin
C Compiler:      Armcc.exe V5.05 update 1 (build 106)
Assembler:       Armasm.exe V5.05 update 1 (build 106)
Linker/Locator:  ArmLink.exe V5.05 update 1 (build 106)
Library Manager: ArmAr.exe V5.05 update 1 (build 106)
Hex Converter:   FromElf.exe V5.05 update 1 (build 106)
CPU DLL:         SARMCM3.DLL V5.14.0.0
Dialog DLL:      DCM.DLL V1.13.1.0
Target DLL:      STLink\ST-LINKIII-KEIL_SWO.dll V2.0.14.0_KEIL
Dialog DLL:      TCM.DLL V1.14.4.0
 
<h2>Project:</h2>
G:\Keil\STM32F1\mini_helicopter\flight\USER\IIC.uvprojx
Project File Date:  10/05/2018

<h2>Output:</h2>
Build target 'IIC'
compiling main.c...
..\HARDWARE\IMU\IMU.h(6): warning:  #47-D: incompatible redefinition of macro "RtA" (declared at line 5 of "..\HARDWARE\9250\mpu9250.h")
  #define RtA           57.324841               //  180/3.1415  弧度转化为角度          
..\HARDWARE\IMU\IMU.h(7): warning:  #47-D: incompatible redefinition of macro "AtR" (declared at line 6 of "..\HARDWARE\9250\mpu9250.h")
  #define AtR           0.0174533               //  1/RtA             RtA倒数           
main.c(20): warning:  #177-D: variable "sta" was declared but never referenced
      u8 sta;
main.c(21): warning:  #177-D: variable "t" was declared but never referenced
                                                                                                                                                              int t=0;
main.c: 4 warnings, 0 errors
linking...
Program Size: Code=29470 RO-data=586 RW-data=172 ZI-data=2044  
FromELF: creating hex file...
"..\OBJ\IIC.axf" - 0 Error(s), 4 Warning(s).

<h2>Collection of Component include folders:</h2>
  G:\Keil\STM32F1\mini_helicopter\flight\USER\RTE
  D:\Keil_v5\ARM\PACK\Keil\STM32F1xx_DFP\2.0.0

<h2>Collection of Component Files used:</h2>
</pre>
</body>
</html>
