<html>
<body>
<pre>
<h1>礦ision Build Log</h1>
<h2>Tool Versions:</h2>
IDE-Version: μVision V5.14.0.0
Copyright (C) 2015 ARM Ltd and ARM Germany GmbH. All rights reserved.
License Information: cxsc 顾影_, 大V, LIC=UB412-9H10J-77CRP-MD3T8-HVEYL-KW1C4
 
Tool Versions:
Toolchain:       MDK-ARM Professional  Version: 5.14.0.0
Toolchain Path:  G:\Keil_v5\ARM\ARMCC\Bin
C Compiler:      Armcc.exe V5.05 update 1 (build 106)
Assembler:       Armasm.exe V5.05 update 1 (build 106)
Linker/Locator:  ArmLink.exe V5.05 update 1 (build 106)
Library Manager: ArmAr.exe V5.05 update 1 (build 106)
Hex Converter:   FromElf.exe V5.05 update 1 (build 106)
CPU DLL:         SARMCM3.DLL V5.14.0.0
Dialog DLL:      DCM.DLL V1.13.1.0
Target DLL:      STLink\ST-LINKIII-KEIL_SWO.dll V2.0.14.0_KEIL
Dialog DLL:      TCM.DLL V1.14.4.0
 
<h2>Project:</h2>
G:\单片机程序\32F1\mini_helicopter\flight\USER\IIC.uvprojx
Project File Date:  10/18/2018

<h2>Output:</h2>
Build target 'IIC'
compiling main.c...
..\HARDWARE\IMU\imu.h(29): warning:  #1295-D: Deprecated declaration Prepare_6050_Data - give arg types
  void Prepare_6050_Data();
..\HARDWARE\6050\mpu6050.h(89): warning:  #1295-D: Deprecated declaration READ_6050 - give arg types
  void READ_6050();
..\HARDWARE\PWM\pwm.h(7): warning:  #1295-D: Deprecated declaration Jtag_disable - give arg types
  void Jtag_disable();
main.c(21): warning:  #177-D: variable "sta" was declared but never referenced
      u8 sta;
main.c(22): warning:  #177-D: variable "t" was declared but never referenced
                                                                                                                                                              int t=0;
main.c: 5 warnings, 0 errors
compiling timer3.c...
..\HARDWARE\IMU\IMU.h(29): warning:  #1295-D: Deprecated declaration Prepare_6050_Data - give arg types
  void Prepare_6050_Data();
..\HARDWARE\PWM\PWM.h(7): warning:  #1295-D: Deprecated declaration Jtag_disable - give arg types
  void Jtag_disable();
..\HARDWARE\6050\mpu6050.h(89): warning:  #1295-D: Deprecated declaration READ_6050 - give arg types
  void READ_6050();
..\HARDWARE\TIM\timer3.c: 3 warnings, 0 errors
linking...
Program Size: Code=30226 RO-data=590 RW-data=208 ZI-data=3280  
FromELF: creating hex file...
"..\OBJ\IIC.axf" - 0 Error(s), 8 Warning(s).

<h2>Collection of Component include folders:</h2>
  G:\单片机程序\32F1\mini_helicopter\flight\USER\RTE
  G:\Keil_v5\ARM\PACK\Keil\STM32F1xx_DFP\2.0.0

<h2>Collection of Component Files used:</h2>
</pre>
</body>
</html>
