Component: ARM Compiler 5.06 update 6 (build 750) Tool: armlink [4d35ed]

==============================================================================

Section Cross References

    startup_stm32f103xb.o(RESET) refers to startup_stm32f103xb.o(STACK) for __initial_sp
    startup_stm32f103xb.o(RESET) refers to startup_stm32f103xb.o(.text) for Reset_Handler
    startup_stm32f103xb.o(RESET) refers to stm32f1xx_it.o(i.NMI_Handler) for NMI_Handler
    startup_stm32f103xb.o(RESET) refers to stm32f1xx_it.o(i.HardFault_Handler) for HardFault_Handler
    startup_stm32f103xb.o(RESET) refers to stm32f1xx_it.o(i.MemManage_Handler) for MemManage_Handler
    startup_stm32f103xb.o(RESET) refers to stm32f1xx_it.o(i.BusFault_Handler) for BusFault_Handler
    startup_stm32f103xb.o(RESET) refers to stm32f1xx_it.o(i.UsageFault_Handler) for UsageFault_Handler
    startup_stm32f103xb.o(RESET) refers to port.o(.emb_text) for SVC_Handler
    startup_stm32f103xb.o(RESET) refers to stm32f1xx_it.o(i.DebugMon_Handler) for DebugMon_Handler
    startup_stm32f103xb.o(RESET) refers to stm32f1xx_it.o(i.SysTick_Handler) for SysTick_Handler
    startup_stm32f103xb.o(RESET) refers to stm32f1xx_it.o(i.EXTI1_IRQHandler) for EXTI1_IRQHandler
    startup_stm32f103xb.o(.text) refers to system_stm32f1xx.o(i.SystemInit) for SystemInit
    startup_stm32f103xb.o(.text) refers to entry.o(.ARM.Collect$$$$00000000) for __main
    oled.o(i.Draw_BMP) refers to oled.o(i.OLED_Set_Pos) for OLED_Set_Pos
    oled.o(i.Draw_BMP) refers to oled.o(i.OLED_WrDat) for OLED_WrDat
    oled.o(i.Draw_line) refers to oled.o(i.OLED_Set_Pos) for OLED_Set_Pos
    oled.o(i.Draw_line) refers to oled.o(i.OLED_WrDat) for OLED_WrDat
    oled.o(i.OLED_CLS) refers to oled.o(i.OLED_WrCmd) for OLED_WrCmd
    oled.o(i.OLED_CLS) refers to oled.o(i.OLED_WrDat) for OLED_WrDat
    oled.o(i.OLED_Fill) refers to oled.o(i.OLED_WrCmd) for OLED_WrCmd
    oled.o(i.OLED_Fill) refers to oled.o(i.OLED_WrDat) for OLED_WrDat
    oled.o(i.OLED_Init) refers to oled.o(i.OLED_WrCmd) for OLED_WrCmd
    oled.o(i.OLED_Init) refers to oled.o(i.OLED_Fill) for OLED_Fill
    oled.o(i.OLED_Init) refers to oled.o(i.OLED_Set_Pos) for OLED_Set_Pos
    oled.o(i.OLED_P6x8Str) refers to oled.o(i.OLED_Set_Pos) for OLED_Set_Pos
    oled.o(i.OLED_P6x8Str) refers to oled.o(i.OLED_WrDat) for OLED_WrDat
    oled.o(i.OLED_P6x8Str) refers to oled.o(.constdata) for .constdata
    oled.o(i.OLED_P6x8data) refers to oled.o(i.OLED_P6x8Str) for OLED_P6x8Str
    oled.o(i.OLED_P6x8data) refers to oled.o(i.OLED_Set_Pos) for OLED_Set_Pos
    oled.o(i.OLED_P6x8data) refers to oled.o(i.OLED_WrDat) for OLED_WrDat
    oled.o(i.OLED_P6x8data) refers to oled.o(.constdata) for .constdata
    oled.o(i.OLED_P8x16Str) refers to oled.o(i.OLED_Set_Pos) for OLED_Set_Pos
    oled.o(i.OLED_P8x16Str) refers to oled.o(i.OLED_WrDat) for OLED_WrDat
    oled.o(i.OLED_P8x16Str) refers to oled.o(.constdata) for .constdata
    oled.o(i.OLED_Set_Pos) refers to oled.o(i.OLED_WrCmd) for OLED_WrCmd
    oled.o(i.OLED_WrCmd) refers to stm32f1xx_hal_i2c.o(i.HAL_I2C_Mem_Write) for HAL_I2C_Mem_Write
    oled.o(i.OLED_WrCmd) refers to i2c.o(.bss) for hi2c1
    oled.o(i.OLED_WrDat) refers to stm32f1xx_hal_i2c.o(i.HAL_I2C_Mem_Write) for HAL_I2C_Mem_Write
    oled.o(i.OLED_WrDat) refers to i2c.o(.bss) for hi2c1
    oled.o(i.change_offest) refers to oled.o(i.OLED_P6x8Str) for OLED_P6x8Str
    oled.o(i.change_offest) refers to oled.o(.data) for .data
    oled.o(i.oled_dis_data) refers to oled.o(i.OLED_P6x8data) for OLED_P6x8data
    oled.o(i.oled_dis_str) refers to oled.o(i.OLED_P6x8Str) for OLED_P6x8Str
    oled.o(i.oled_show_RC_data) refers to oled.o(i.OLED_P6x8data) for OLED_P6x8data
    oled.o(i.oled_show_offest_data) refers to oled.o(i.OLED_P6x8data) for OLED_P6x8data
    24l01.o(i.HAL_GPIO_EXTI_Callback) refers to 24l01.o(i.NRF24L01_Read_Reg) for NRF24L01_Read_Reg
    24l01.o(i.HAL_GPIO_EXTI_Callback) refers to 24l01.o(i.NRF24L01_Write_Reg) for NRF24L01_Write_Reg
    24l01.o(i.HAL_GPIO_EXTI_Callback) refers to 24l01.o(i.NRF24L01_Mode) for NRF24L01_Mode
    24l01.o(i.HAL_GPIO_EXTI_Callback) refers to cmsis_os.o(i.osSemaphoreRelease) for osSemaphoreRelease
    24l01.o(i.HAL_GPIO_EXTI_Callback) refers to stm32f1xx_hal_gpio.o(i.HAL_GPIO_TogglePin) for HAL_GPIO_TogglePin
    24l01.o(i.HAL_GPIO_EXTI_Callback) refers to 24l01.o(i.NRF24L01_Read_Buf) for NRF24L01_Read_Buf
    24l01.o(i.HAL_GPIO_EXTI_Callback) refers to freertos.o(.data) for IRQ_timeout
    24l01.o(i.HAL_GPIO_EXTI_Callback) refers to 24l01.o(.bss) for .bss
    24l01.o(i.NRF24L01_Check) refers to 24l01.o(i.NRF24L01_Write_Buf) for NRF24L01_Write_Buf
    24l01.o(i.NRF24L01_Check) refers to 24l01.o(i.NRF24L01_Read_Buf) for NRF24L01_Read_Buf
    24l01.o(i.NRF24L01_Init) refers to spi.o(i.MX_SPI1_Init) for MX_SPI1_Init
    24l01.o(i.NRF24L01_Init) refers to stm32f1xx_hal_gpio.o(i.HAL_GPIO_WritePin) for HAL_GPIO_WritePin
[...]
    .ARM.Collect$$$$0000000D                 0x080000fc   Section        0  entry10a.o(.ARM.Collect$$$$0000000D)
    .ARM.Collect$$$$0000000F                 0x080000fc   Section        0  entry11a.o(.ARM.Collect$$$$0000000F)
    .ARM.Collect$$$$00002712                 0x080000fc   Section        4  entry2.o(.ARM.Collect$$$$00002712)
    __lit__00000000                          0x080000fc   Data           4  entry2.o(.ARM.Collect$$$$00002712)
    .emb_text                                0x08000100   Section      150  port.o(.emb_text)
    .text                                    0x08000198   Section       36  startup_stm32f103xb.o(.text)
    .text                                    0x080001bc   Section        0  llushr.o(.text)
    .text                                    0x080001dc   Section        0  memcpya.o(.text)
    .text                                    0x08000200   Section        0  fadd.o(.text)
    .text                                    0x080002b0   Section        0  fmul.o(.text)
    .text                                    0x08000314   Section        0  fscalb.o(.text)
    .text                                    0x0800032c   Section        0  ffltui.o(.text)
    .text                                    0x08000336   Section        0  ffixi.o(.text)
    .text                                    0x08000368   Section        0  ffixui.o(.text)
    .text                                    0x08000390   Section        0  iusefp.o(.text)
    .text                                    0x08000390   Section        0  fepilogue.o(.text)
    .text                                    0x08000400   Section       36  init.o(.text)
    i.ADC_ConversionStop_Disable             0x08000424   Section        0  stm32f1xx_hal_adc.o(i.ADC_ConversionStop_Disable)
    i.ADC_Enable                             0x08000470   Section        0  stm32f1xx_hal_adc.o(i.ADC_Enable)
    i.BusFault_Handler                       0x080004e0   Section        0  stm32f1xx_it.o(i.BusFault_Handler)
    i.DebugMon_Handler                       0x080004e2   Section        0  stm32f1xx_it.o(i.DebugMon_Handler)
    i.EXTI1_IRQHandler                       0x080004e4   Section        0  stm32f1xx_it.o(i.EXTI1_IRQHandler)
    i.FLASH_MassErase                        0x080004ec   Section        0  stm32f1xx_hal_flash_ex.o(i.FLASH_MassErase)
    FLASH_MassErase                          0x080004ed   Thumb Code    26  stm32f1xx_hal_flash_ex.o(i.FLASH_MassErase)
    i.FLASH_PageErase                        0x08000510   Section        0  stm32f1xx_hal_flash_ex.o(i.FLASH_PageErase)
    i.FLASH_Program_HalfWord                 0x08000534   Section        0  stm32f1xx_hal_flash.o(i.FLASH_Program_HalfWord)
    FLASH_Program_HalfWord                   0x08000535   Thumb Code    20  stm32f1xx_hal_flash.o(i.FLASH_Program_HalfWord)
    i.FLASH_SetErrorCode                     0x08000550   Section        0  stm32f1xx_hal_flash.o(i.FLASH_SetErrorCode)
    FLASH_SetErrorCode                       0x08000551   Thumb Code    84  stm32f1xx_hal_flash.o(i.FLASH_SetErrorCode)
    i.FLASH_WaitForLastOperation             0x080005ac   Section        0  stm32f1xx_hal_flash.o(i.FLASH_WaitForLastOperation)
    i.Get_Adc                                0x08000600   Section        0  adc.o(i.Get_Adc)
    i.Get_Adc_Average                        0x08000630   Section        0  adc.o(i.Get_Adc_Average)
    i.HAL_ADC_ConfigChannel                  0x080006cc   Section        0  stm32f1xx_hal_adc.o(i.HAL_ADC_ConfigChannel)
    i.HAL_ADC_GetValue                       0x080007c8   Section        0  stm32f1xx_hal_adc.o(i.HAL_ADC_GetValue)
    i.HAL_ADC_Init                           0x080007d0   Section        0  stm32f1xx_hal_adc.o(i.HAL_ADC_Init)
    i.HAL_ADC_MspInit                        0x080008ec   Section        0  adc.o(i.HAL_ADC_MspInit)
    i.HAL_ADC_PollForConversion              0x0800092c   Section        0  stm32f1xx_hal_adc.o(i.HAL_ADC_PollForConversion)
    i.HAL_ADC_Start                          0x08000a5c   Section        0  stm32f1xx_hal_adc.o(i.HAL_ADC_Start)
    i.HAL_Delay                              0x08000b1c   Section        0  stm32f1xx_hal.o(i.HAL_Delay)
    i.HAL_FLASHEx_Erase                      0x08000b40   Section        0  stm32f1xx_hal_flash_ex.o(i.HAL_FLASHEx_Erase)
    i.HAL_FLASH_Lock                         0x08000be8   Section        0  stm32f1xx_hal_flash.o(i.HAL_FLASH_Lock)
    i.HAL_FLASH_Program                      0x08000bfc   Section        0  stm32f1xx_hal_flash.o(i.HAL_FLASH_Program)
    i.HAL_FLASH_Unlock                       0x08000c7c   Section        0  stm32f1xx_hal_flash.o(i.HAL_FLASH_Unlock)
    i.HAL_GPIO_EXTI_Callback                 0x08000ca4   Section        0  24l01.o(i.HAL_GPIO_EXTI_Callback)
    i.HAL_GPIO_EXTI_IRQHandler               0x08000d20   Section        0  stm32f1xx_hal_gpio.o(i.HAL_GPIO_EXTI_IRQHandler)
    i.HAL_GPIO_Init                          0x08000d38   Section        0  stm32f1xx_hal_gpio.o(i.HAL_GPIO_Init)
    i.HAL_GPIO_ReadPin                       0x08000ef4   Section        0  stm32f1xx_hal_gpio.o(i.HAL_GPIO_ReadPin)
    i.HAL_GPIO_TogglePin                     0x08000efe   Section        0  stm32f1xx_hal_gpio.o(i.HAL_GPIO_TogglePin)
    i.HAL_GPIO_WritePin                      0x08000f06   Section        0  stm32f1xx_hal_gpio.o(i.HAL_GPIO_WritePin)
    i.HAL_GetTick                            0x08000f10   Section        0  stm32f1xx_hal.o(i.HAL_GetTick)
    i.HAL_I2C_Init                           0x08000f1c   Section        0  stm32f1xx_hal_i2c.o(i.HAL_I2C_Init)
    i.HAL_I2C_Mem_Write                      0x0800105c   Section        0  stm32f1xx_hal_i2c.o(i.HAL_I2C_Mem_Write)
    i.HAL_I2C_MspInit                        0x08001198   Section        0  i2c.o(i.HAL_I2C_MspInit)
    i.HAL_IncTick                            0x080011dc   Section        0  stm32f1xx_hal.o(i.HAL_IncTick)
    i.HAL_Init                               0x080011ec   Section        0  stm32f1xx_hal.o(i.HAL_Init)
    i.HAL_InitTick                           0x08001210   Section        0  stm32f1xx_hal.o(i.HAL_InitTick)
    i.HAL_MspInit                            0x08001250   Section        0  stm32f1xx_hal_msp.o(i.HAL_MspInit)
    i.HAL_NVIC_EnableIRQ                     0x080012e0   Section        0  stm32f1xx_hal_cortex.o(i.HAL_NVIC_EnableIRQ)
    i.HAL_NVIC_SetPriority                   0x080012f8   Section        0  stm32f1xx_hal_cortex.o(i.HAL_NVIC_SetPriority)
    i.HAL_NVIC_SetPriorityGrouping           0x08001338   Section        0  stm32f1xx_hal_cortex.o(i.HAL_NVIC_SetPriorityGrouping)
    i.HAL_PCD_Init                           0x0800135c   Section        0  stm32f1xx_hal_pcd.o(i.HAL_PCD_Init)
    i.HAL_PCD_MspInit                        0x0800141c   Section        0  usb.o(i.HAL_PCD_MspInit)
    i.HAL_RCCEx_GetPeriphCLKFreq             0x08001444   Section        0  stm32f1xx_hal_rcc_ex.o(i.HAL_RCCEx_GetPeriphCLKFreq)
    i.HAL_RCCEx_PeriphCLKConfig              0x0800150c   Section        0  stm32f1xx_hal_rcc_ex.o(i.HAL_RCCEx_PeriphCLKConfig)
    i.HAL_RCC_ClockConfig                    0x080015f8   Section        0  stm32f1xx_hal_rcc.o(i.HAL_RCC_ClockConfig)
    i.HAL_RCC_GetHCLKFreq                    0x0800174c   Section        0  stm32f1xx_hal_rcc.o(i.HAL_RCC_GetHCLKFreq)
    i.HAL_RCC_GetPCLK1Freq                   0x08001758   Section        0  stm32f1xx_hal_rcc.o(i.HAL_RCC_GetPCLK1Freq)
    i.HAL_RCC_GetPCLK2Freq                   0x08001778   Section        0  stm32f1xx_hal_rcc.o(i.HAL_RCC_GetPCLK2Freq)
    i.HAL_RCC_GetSysClockFreq                0x08001798   Section        0  stm32f1xx_hal_rcc.o(i.HAL_RCC_GetSysClockFreq)
    i.HAL_RCC_OscConfig                      0x08001804   Section        0  stm32f1xx_hal_rcc.o(i.HAL_RCC_OscConfig)
    i.HAL_SPI_Init                           0x08001b08   Section        0  stm32f1xx_hal_spi_ex.o(i.HAL_SPI_Init)
    i.HAL_SPI_MspInit                        0x08001b8c   Section        0  spi.o(i.HAL_SPI_MspInit)
    i.HAL_SPI_TransmitReceive                0x08001be4   Section        0  stm32f1xx_hal_spi.o(i.HAL_SPI_TransmitReceive)
    i.HAL_SYSTICK_CLKSourceConfig            0x08001dbc   Section        0  stm32f1xx_hal_cortex.o(i.HAL_SYSTICK_CLKSourceConfig)
    i.HAL_SYSTICK_Config                     0x08001dd4   Section        0  stm32f1xx_hal_cortex.o(i.HAL_SYSTICK_Config)
    i.HAL_UART_Init                          0x08001dfc   Section        0  stm32f1xx_hal_uart.o(i.HAL_UART_Init)
    i.HAL_UART_MspInit                       0x08001e60   Section        0  usart.o(i.HAL_UART_MspInit)
    i.HardFault_Handler                      0x08001eb8   Section        0  stm32f1xx_it.o(i.HardFault_Handler)
    i.I2C_IsAcknowledgeFailed                0x08001eba   Section        0  stm32f1xx_hal_i2c.o(i.I2C_IsAcknowledgeFailed)
    I2C_IsAcknowledgeFailed                  0x08001ebb   Thumb Code    40  stm32f1xx_hal_i2c.o(i.I2C_IsAcknowledgeFailed)
    i.I2C_RequestMemoryWrite                 0x08001ee4   Section        0  stm32f1xx_hal_i2c.o(i.I2C_RequestMemoryWrite)
    I2C_RequestMemoryWrite                   0x08001ee5   Thumb Code   156  stm32f1xx_hal_i2c.o(i.I2C_RequestMemoryWrite)
    i.I2C_WaitOnBTFFlagUntilTimeout          0x08001f84   Section        0  stm32f1xx_hal_i2c.o(i.I2C_WaitOnBTFFlagUntilTimeout)
    I2C_WaitOnBTFFlagUntilTimeout            0x08001f85   Thumb Code    78  stm32f1xx_hal_i2c.o(i.I2C_WaitOnBTFFlagUntilTimeout)
    i.I2C_WaitOnFlagUntilTimeout             0x08001fd2   Section        0  stm32f1xx_hal_i2c.o(i.I2C_WaitOnFlagUntilTimeout)
    I2C_WaitOnFlagUntilTimeout               0x08001fd3   Thumb Code    96  stm32f1xx_hal_i2c.o(i.I2C_WaitOnFlagUntilTimeout)
    i.I2C_WaitOnMasterAddressFlagUntilTimeout 0x08002034   Section        0  stm32f1xx_hal_i2c.o(i.I2C_WaitOnMasterAddressFlagUntilTimeout)
    I2C_WaitOnMasterAddressFlagUntilTimeout  0x08002035   Thumb Code   136  stm32f1xx_hal_i2c.o(i.I2C_WaitOnMasterAddressFlagUntilTimeout)
    i.I2C_WaitOnTXEFlagUntilTimeout          0x080020bc   Section        0  stm32f1xx_hal_i2c.o(i.I2C_WaitOnTXEFlagUntilTimeout)
    I2C_WaitOnTXEFlagUntilTimeout            0x080020bd   Thumb Code    78  stm32f1xx_hal_i2c.o(i.I2C_WaitOnTXEFlagUntilTimeout)
    i.KEY_Scan                               0x0800210c   Section        0  gpio.o(i.KEY_Scan)
    i.MX_ADC1_Init                           0x08002218   Section        0  adc.o(i.MX_ADC1_Init)
    i.MX_FREERTOS_Init                       0x08002278   Section        0  freertos.o(i.MX_FREERTOS_Init)
    i.MX_GPIO_Init                           0x08002384   Section        0  gpio.o(i.MX_GPIO_Init)
    i.MX_I2C1_Init                           0x08002450   Section        0  i2c.o(i.MX_I2C1_Init)
    i.MX_SPI1_Init                           0x080024a4   Section        0  spi.o(i.MX_SPI1_Init)
    i.MX_USART1_UART_Init                    0x08002500   Section        0  usart.o(i.MX_USART1_UART_Init)
    i.MX_USB_PCD_Init                        0x0800254c   Section        0  usb.o(i.MX_USB_PCD_Init)
    i.MemManage_Handler                      0x08002598   Section        0  stm32f1xx_it.o(i.MemManage_Handler)
    i.NMI_Handler                            0x0800259a   Section        0  stm32f1xx_it.o(i.NMI_Handler)
    i.NRF24L01_Check                         0x0800259c   Section        0  24l01.o(i.NRF24L01_Check)
    i.NRF24L01_Init                          0x080025e4   Section        0  24l01.o(i.NRF24L01_Init)
    i.NRF24L01_Mode                          0x0800260c   Section        0  24l01.o(i.NRF24L01_Mode)
    i.NRF24L01_Read_Buf                      0x0800264c   Section        0  24l01.o(i.NRF24L01_Read_Buf)
    i.NRF24L01_Read_Reg                      0x08002694   Section        0  24l01.o(i.NRF24L01_Read_Reg)
    i.NRF24L01_Write_Buf                     0x080026c4   Section        0  24l01.o(i.NRF24L01_Write_Buf)
    i.NRF24L01_Write_Reg                     0x0800270c   Section        0  24l01.o(i.NRF24L01_Write_Reg)
    i.NRF24L01_config                        0x08002740   Section        0  24l01.o(i.NRF24L01_config)
    i.NVIC_SetPriority                       0x080027c4   Section        0  stm32f1xx_hal_cortex.o(i.NVIC_SetPriority)
    NVIC_SetPriority                         0x080027c5   Thumb Code    32  stm32f1xx_hal_cortex.o(i.NVIC_SetPriority)
    i.OLED_Fill                              0x080027e4   Section        0  oled.o(i.OLED_Fill)
    i.OLED_Init                              0x0800281c   Section        0  oled.o(i.OLED_Init)
    i.OLED_P6x8Str                           0x080028d8   Section        0  oled.o(i.OLED_P6x8Str)
    i.OLED_P6x8data                          0x08002934   Section        0  oled.o(i.OLED_P6x8data)
    i.OLED_Set_Pos                           0x08002a0c   Section        0  oled.o(i.OLED_Set_Pos)
    i.OLED_WrCmd                             0x08002a34   Section        0  oled.o(i.OLED_WrCmd)
    i.OLED_WrDat                             0x08002a58   Section        0  oled.o(i.OLED_WrDat)
    i.SPI1_ReadWriteByte                     0x08002a7c   Section        0  24l01.o(i.SPI1_ReadWriteByte)
    i.SPI_CheckFlag_BSY                      0x08002aa4   Section        0  stm32f1xx_hal_spi.o(i.SPI_CheckFlag_BSY)
    SPI_CheckFlag_BSY                        0x08002aa5   Thumb Code    32  stm32f1xx_hal_spi.o(i.SPI_CheckFlag_BSY)
    i.SPI_WaitFlagStateUntilTimeout          0x08002ac4   Section        0  stm32f1xx_hal_spi.o(i.SPI_WaitFlagStateUntilTimeout)
    SPI_WaitFlagStateUntilTimeout            0x08002ac5   Thumb Code   150  stm32f1xx_hal_spi.o(i.SPI_WaitFlagStateUntilTimeout)
    i.STMFLASH_Read                          0x08002b5c   Section        0  stmflash.o(i.STMFLASH_Read)
    i.STMFLASH_Write                         0x08002b78   Section        0  stmflash.o(i.STMFLASH_Write)
    i.STMFLASH_Write_NoCheck                 0x08002c4c   Section        0  stmflash.o(i.STMFLASH_Write_NoCheck)
    i.StartDefaultTask                       0x08002c78   Section        0  freertos.o(i.StartDefaultTask)
    i.StartTask_ADC                          0x08002c80   Section        0  freertos.o(i.StartTask_ADC)
    i.StartTask_KEY                          0x08002cc8   Section        0  freertos.o(i.StartTask_KEY)
    i.StartTask_LED                          0x08002ce8   Section        0  freertos.o(i.StartTask_LED)
    i.StartTask_NRF                          0x08002d14   Section        0  freertos.o(i.StartTask_NRF)
    i.StartTask_OLED                         0x08002dc0   Section        0  freertos.o(i.StartTask_OLED)
    i.Start_Param_Task                       0x08002e70   Section        0  freertos.o(i.Start_Param_Task)
    i.SysTick_Handler                        0x08002ea4   Section        0  stm32f1xx_it.o(i.SysTick_Handler)
    i.SystemClock_Config                     0x08002eb2   Section        0  main.o(i.SystemClock_Config)
    i.SystemInit                             0x08002f30   Section        0  system_stm32f1xx.o(i.SystemInit)
    i.UART_SetConfig                         0x08002f78   Section        0  stm32f1xx_hal_uart.o(i.UART_SetConfig)
    UART_SetConfig                           0x08002f79   Thumb Code   364  stm32f1xx_hal_uart.o(i.UART_SetConfig)
    i.USB_CoreInit                           0x080030e8   Section        0  stm32f1xx_ll_usb.o(i.USB_CoreInit)
    i.USB_DevDisconnect                      0x080030ec   Section        0  stm32f1xx_ll_usb.o(i.USB_DevDisconnect)
    i.USB_DevInit                            0x080030f0   Section        0  stm32f1xx_ll_usb.o(i.USB_DevInit)
    i.USB_DisableGlobalInt                   0x0800310e   Section        0  stm32f1xx_ll_usb.o(i.USB_DisableGlobalInt)
    i.USB_EnableGlobalInt                    0x0800311c   Section        0  stm32f1xx_ll_usb.o(i.USB_EnableGlobalInt)
    i.USB_SetCurrentMode                     0x0800312a   Section        0  stm32f1xx_ll_usb.o(i.USB_SetCurrentMode)
    i.UsageFault_Handler                     0x0800312e   Section        0  stm32f1xx_it.o(i.UsageFault_Handler)
    i._Error_Handler                         0x08003130   Section        0  main.o(i._Error_Handler)
    i.__scatterload_copy                     0x08003132   Section       14  handlers.o(i.__scatterload_copy)
    i.__scatterload_null                     0x08003140   Section        2  handlers.o(i.__scatterload_null)
    i.__scatterload_zeroinit                 0x08003142   Section       14  handlers.o(i.__scatterload_zeroinit)
    i.change_offest                          0x08003150   Section        0  oled.o(i.change_offest)
    i.inHandlerMode                          0x08003198   Section        0  cmsis_os.o(i.inHandlerMode)
    inHandlerMode                            0x08003199   Thumb Code    12  cmsis_os.o(i.inHandlerMode)
    i.main                                   0x080031a4   Section        0  main.o(i.main)
    i.makeFreeRtosPriority                   0x080031ea   Section        0  cmsis_os.o(i.makeFreeRtosPriority)
    makeFreeRtosPriority                     0x080031eb   Thumb Code    12  cmsis_os.o(i.makeFreeRtosPriority)
    i.nrf_sand_rc                            0x080031f8   Section        0  24l01.o(i.nrf_sand_rc)
    i.offest_Limit                           0x08003244   Section        0  gpio.o(i.offest_Limit)
    i.oled_dis_str                           0x08003274   Section        0  oled.o(i.oled_dis_str)
    i.oled_show_RC_data                      0x0800331c   Section        0  oled.o(i.oled_show_RC_data)
    i.oled_show_offest_data                  0x08003354   Section        0  oled.o(i.oled_show_offest_data)
    i.osDelay                                0x0800338c   Section        0  cmsis_os.o(i.osDelay)
    i.osKernelStart                          0x0800339a   Section        0  cmsis_os.o(i.osKernelStart)
    i.osMailCreate                           0x080033a4   Section        0  cmsis_os.o(i.osMailCreate)
    i.osMailGet                              0x08003400   Section        0  cmsis_os.o(i.osMailGet)
    i.osMailPut                              0x08003494   Section        0  cmsis_os.o(i.osMailPut)
    i.osPoolCreate                           0x080034f0   Section        0  cmsis_os.o(i.osPoolCreate)
    i.osSemaphoreCreate                      0x0800354e   Section        0  cmsis_os.o(i.osSemaphoreCreate)
    i.osSemaphoreRelease                     0x08003574   Section        0  cmsis_os.o(i.osSemaphoreRelease)
    i.osSemaphoreWait                        0x080035c4   Section        0  cmsis_os.o(i.osSemaphoreWait)
    i.osSystickHandler                       0x0800362c   Section        0  cmsis_os.o(i.osSystickHandler)
    i.osThreadCreate                         0x08003640   Section        0  cmsis_os.o(i.osThreadCreate)
    i.prvAddCurrentTaskToDelayedList         0x08003670   Section        0  tasks.o(i.prvAddCurrentTaskToDelayedList)
    prvAddCurrentTaskToDelayedList           0x08003671   Thumb Code   102  tasks.o(i.prvAddCurrentTaskToDelayedList)
    i.prvAddNewTaskToReadyList               0x080036e0   Section        0  tasks.o(i.prvAddNewTaskToReadyList)
    prvAddNewTaskToReadyList                 0x080036e1   Thumb Code   194  tasks.o(i.prvAddNewTaskToReadyList)
    i.prvCheckTasksWaitingTermination        0x080037b0   Section        0  tasks.o(i.prvCheckTasksWaitingTermination)
    prvCheckTasksWaitingTermination          0x080037b1   Thumb Code    70  tasks.o(i.prvCheckTasksWaitingTermination)
    i.prvCopyDataFromQueue                   0x08003800   Section        0  queue.o(i.prvCopyDataFromQueue)
    prvCopyDataFromQueue                     0x08003801   Thumb Code    38  queue.o(i.prvCopyDataFromQueue)
    i.prvCopyDataToQueue                     0x08003826   Section        0  queue.o(i.prvCopyDataToQueue)
    prvCopyDataToQueue                       0x08003827   Thumb Code   108  queue.o(i.prvCopyDataToQueue)
    i.prvDeleteTCB                           0x08003892   Section        0  tasks.o(i.prvDeleteTCB)
    prvDeleteTCB                             0x08003893   Thumb Code    20  tasks.o(i.prvDeleteTCB)
    i.prvHeapInit                            0x080038a8   Section        0  heap_4.o(i.prvHeapInit)
    prvHeapInit                              0x080038a9   Thumb Code    66  heap_4.o(i.prvHeapInit)
    i.prvIdleTask                            0x080038f4   Section        0  tasks.o(i.prvIdleTask)
    prvIdleTask                              0x080038f5   Thumb Code    30  tasks.o(i.prvIdleTask)
    i.prvInitialiseNewTask                   0x0800391c   Section        0  tasks.o(i.prvInitialiseNewTask)
    prvInitialiseNewTask                     0x0800391d   Thumb Code   142  tasks.o(i.prvInitialiseNewTask)
    i.prvInsertBlockIntoFreeList             0x080039ac   Section        0  heap_4.o(i.prvInsertBlockIntoFreeList)
    prvInsertBlockIntoFreeList               0x080039ad   Thumb Code    72  heap_4.o(i.prvInsertBlockIntoFreeList)
    i.prvIsQueueEmpty                        0x080039f8   Section        0  queue.o(i.prvIsQueueEmpty)
    prvIsQueueEmpty                          0x080039f9   Thumb Code    28  queue.o(i.prvIsQueueEmpty)
    i.prvResetNextTaskUnblockTime            0x08003a14   Section        0  tasks.o(i.prvResetNextTaskUnblockTime)
    prvResetNextTaskUnblockTime              0x08003a15   Thumb Code    26  tasks.o(i.prvResetNextTaskUnblockTime)
    i.prvTaskExitError                       0x08003a34   Section        0  port.o(i.prvTaskExitError)
    prvTaskExitError                         0x08003a35   Thumb Code    36  port.o(i.prvTaskExitError)
    i.prvUnlockQueue                         0x08003a5c   Section        0  queue.o(i.prvUnlockQueue)
    prvUnlockQueue                           0x08003a5d   Thumb Code   106  queue.o(i.prvUnlockQueue)
    i.pvPortMalloc                           0x08003ac8   Section        0  heap_4.o(i.pvPortMalloc)
    i.pvTaskIncrementMutexHeldCount          0x08003ba0   Section        0  tasks.o(i.pvTaskIncrementMutexHeldCount)
    i.pxPortInitialiseStack                  0x08003bb8   Section        0  port.o(i.pxPortInitialiseStack)
    i.uxListRemove                           0x08003bdc   Section        0  list.o(i.uxListRemove)
    i.vListInitialise                        0x08003c00   Section        0  list.o(i.vListInitialise)
    i.vListInitialiseItem                    0x08003c16   Section        0  list.o(i.vListInitialiseItem)
    i.vListInsert                            0x08003c1c   Section        0  list.o(i.vListInsert)
    i.vListInsertEnd                         0x08003c4c   Section        0  list.o(i.vListInsertEnd)
    i.vPortEnterCritical                     0x08003c64   Section        0  port.o(i.vPortEnterCritical)
    i.vPortExitCritical                      0x08003ca4   Section        0  port.o(i.vPortExitCritical)
    i.vPortFree                              0x08003ccc   Section        0  heap_4.o(i.vPortFree)
    i.vPortSetupTimerInterrupt               0x08003d28   Section        0  port.o(i.vPortSetupTimerInterrupt)
    i.vPortValidateInterruptPriority         0x08003d48   Section        0  port.o(i.vPortValidateInterruptPriority)
    i.vTaskDelay                             0x08003d9c   Section        0  tasks.o(i.vTaskDelay)
    i.vTaskMissedYield                       0x08003de8   Section        0  tasks.o(i.vTaskMissedYield)
    i.vTaskPlaceOnEventList                  0x08003df4   Section        0  tasks.o(i.vTaskPlaceOnEventList)
    i.vTaskPriorityInherit                   0x08003e24   Section        0  tasks.o(i.vTaskPriorityInherit)
    i.vTaskSetTimeOutState                   0x08003ea8   Section        0  tasks.o(i.vTaskSetTimeOutState)
    i.vTaskStartScheduler                    0x08003ecc   Section        0  tasks.o(i.vTaskStartScheduler)
    i.vTaskSuspendAll                        0x08003f34   Section        0  tasks.o(i.vTaskSuspendAll)
    i.vTaskSwitchContext                     0x08003f44   Section        0  tasks.o(i.vTaskSwitchContext)
    i.xPortStartScheduler                    0x08003fa0   Section        0  port.o(i.xPortStartScheduler)
    i.xPortSysTickHandler                    0x08004014   Section        0  port.o(i.xPortSysTickHandler)
    i.xQueueGenericCreate                    0x08004040   Section        0  queue.o(i.xQueueGenericCreate)
    i.xQueueGenericReceive                   0x08004088   Section        0  queue.o(i.xQueueGenericReceive)
    i.xQueueGenericReset                     0x080041f4   Section        0  queue.o(i.xQueueGenericReset)
    i.xQueueGenericSend                      0x0800427c   Section        0  queue.o(i.xQueueGenericSend)
    i.xQueueGenericSendFromISR               0x080043dc   Section        0  queue.o(i.xQueueGenericSendFromISR)
    i.xQueueGiveFromISR                      0x08004498   Section        0  queue.o(i.xQueueGiveFromISR)
    i.xQueueReceiveFromISR                   0x08004534   Section        0  queue.o(i.xQueueReceiveFromISR)
    i.xTaskCheckForTimeOut                   0x080045d0   Section        0  tasks.o(i.xTaskCheckForTimeOut)
    i.xTaskCreate                            0x0800463c   Section        0  tasks.o(i.xTaskCreate)
    i.xTaskGetSchedulerState                 0x08004694   Section        0  tasks.o(i.xTaskGetSchedulerState)
    i.xTaskIncrementTick                     0x080046b0   Section        0  tasks.o(i.xTaskIncrementTick)
    i.xTaskPriorityDisinherit                0x08004778   Section        0  tasks.o(i.xTaskPriorityDisinherit)
    i.xTaskRemoveFromEventList               0x08004810   Section        0  tasks.o(i.xTaskRemoveFromEventList)
    i.xTaskResumeAll                         0x08004884   Section        0  tasks.o(i.xTaskResumeAll)
    .constdata                               0x08004948   Section     2072  oled.o(.constdata)
    .constdata                               0x08005160   Section       10  24l01.o(.constdata)
    .constdata                               0x0800516c   Section      176  freertos.o(.constdata)
    .constdata                               0x0800521c   Section       16  system_stm32f1xx.o(.constdata)
    .constdata                               0x0800522c   Section        8  system_stm32f1xx.o(.constdata)
    .conststring                             0x08005234   Section       83  freertos.o(.conststring)
    .data                                    0x20000000   Section        2  oled.o(.data)
    y_old                                    0x20000000   Data           2  oled.o(.data)
    .data                                    0x20000002   Section        3  24l01.o(.data)
    txdata                                   0x20000002   Data           1  24l01.o(.data)
    rxdata                                   0x20000003   Data           1  24l01.o(.data)
    DATA_ID                                  0x20000004   Data           1  24l01.o(.data)
    .data                                    0x20000005   Section        2  gpio.o(.data)
    .data                                    0x20000008   Section        8  adc.o(.data)
    .data                                    0x20000010   Section       64  freertos.o(.data)
    .data                                    0x20000050   Section       12  stm32f1xx_hal.o(.data)
    .data                                    0x2000005c   Section        4  system_stm32f1xx.o(.data)
    .data                                    0x20000060   Section       24  heap_4.o(.data)
    pxEnd                                    0x20000060   Data           4  heap_4.o(.data)
    xFreeBytesRemaining                      0x20000064   Data           4  heap_4.o(.data)
    xMinimumEverFreeBytesRemaining           0x20000068   Data           4  heap_4.o(.data)
    xBlockAllocatedBit                       0x2000006c   Data           4  heap_4.o(.data)
    xStart                                   0x20000070   Data           8  heap_4.o(.data)
    .data                                    0x20000078   Section       12  port.o(.data)
    ucMaxSysCallPriority                     0x20000078   Data           1  port.o(.data)
    uxCriticalNesting                        0x2000007c   Data           4  port.o(.data)
    ulMaxPRIGROUPValue                       0x20000080   Data           4  port.o(.data)
    .data                                    0x20000084   Section       60  tasks.o(.data)
    uxDeletedTasksWaitingCleanUp             0x20000088   Data           4  tasks.o(.data)
    uxCurrentNumberOfTasks                   0x2000008c   Data           4  tasks.o(.data)
    xTickCount                               0x20000090   Data           4  tasks.o(.data)
    uxTopReadyPriority                       0x20000094   Data           4  tasks.o(.data)
    xSchedulerRunning                        0x20000098   Data           4  tasks.o(.data)
    uxPendedTicks                            0x2000009c   Data           4  tasks.o(.data)
    xYieldPending                            0x200000a0   Data           4  tasks.o(.data)
    xNumOfOverflows                          0x200000a4   Data           4  tasks.o(.data)
    uxTaskNumber                             0x200000a8   Data           4  tasks.o(.data)
    xNextTaskUnblockTime                     0x200000ac   Data           4  tasks.o(.data)
    xIdleTaskHandle                          0x200000b0   Data           4  tasks.o(.data)
    uxSchedulerSuspended                     0x200000b4   Data           4  tasks.o(.data)
    pxDelayedTaskList                        0x200000b8   Data           4  tasks.o(.data)
    pxOverflowDelayedTaskList                0x200000bc   Data           4  tasks.o(.data)
    .bss                                     0x200000c0   Section       66  24l01.o(.bss)
    .bss                                     0x20000104   Section     1040  stmflash.o(.bss)
    EraseInitStruct                          0x20000104   Data          16  stmflash.o(.bss)
    .bss                                     0x20000514   Section       48  adc.o(.bss)
    .bss                                     0x20000544   Section       84  i2c.o(.bss)
    .bss                                     0x20000598   Section       88  spi.o(.bss)
    .bss                                     0x200005f0   Section       64  usart.o(.bss)
    .bss                                     0x20000630   Section     1120  usb.o(.bss)
    .bss                                     0x20000a90   Section       32  stm32f1xx_hal_flash.o(.bss)
    .bss                                     0x20000ab0   Section    10240  heap_4.o(.bss)
    ucHeap                                   0x20000ab0   Data       10240  heap_4.o(.bss)
    .bss                                     0x200032b0   Section      240  tasks.o(.bss)
    pxReadyTasksLists                        0x200032b0   Data         140  tasks.o(.bss)
    xDelayedTaskList1                        0x2000333c   Data          20  tasks.o(.bss)
    xDelayedTaskList2                        0x20003350   Data          20  tasks.o(.bss)
    xPendingReadyList                        0x20003364   Data          20  tasks.o(.bss)
    xTasksWaitingTermination                 0x20003378   Data          20  tasks.o(.bss)
    xSuspendedTaskList                       0x2000338c   Data          20  tasks.o(.bss)
    STACK                                    0x200033a0   Section     1024  startup_stm32f103xb.o(STACK)

    Global Symbols

    Symbol Name                              Value     Ov Type        Size  Object(Section)

    BuildAttributes$$THM_ISAv4$P$D$K$B$S$PE$A:L22UL41UL21$X:L11$S22US41US21$IEEE1$IW$USESV6$~STKCKD$USESV7$~SHL$OTIME$ROPI$EBA8$MICROLIB$REQ8$PRES8$EABIv2 0x00000000   Number         0  anon$$obj.o ABSOLUTE
    __ARM_use_no_argv                        0x00000000   Number         0  main.o ABSOLUTE
    __cpp_initialize__aeabi_                  - Undefined Weak Reference
    __cxa_finalize                            - Undefined Weak Reference
    __decompress                              - Undefined Weak Reference
    _clock_init                               - Undefined Weak Reference
    _microlib_exit                            - Undefined Weak Reference
    __Vectors_Size                           0x000000ec   Number         0  startup_stm32f103xb.o ABSOLUTE
    __Vectors                                0x08000000   Data           4  startup_stm32f103xb.o(RESET)
    __Vectors_End                            0x080000ec   Data           0  startup_stm32f103xb.o(RESET)
    __main                                   0x080000ed   Thumb Code     0  entry.o(.ARM.Collect$$$$00000000)
    _main_stk                                0x080000ed   Thumb Code     0  entry2.o(.ARM.Collect$$$$00000001)
    _main_scatterload                        0x080000f1   Thumb Code     0  entry5.o(.ARM.Collect$$$$00000004)
    __main_after_scatterload                 0x080000f5   Thumb Code     0  entry5.o(.ARM.Collect$$$$00000004)
    _main_clock                              0x080000f5   Thumb Code     0  entry7b.o(.ARM.Collect$$$$00000008)
    _main_cpp_init                           0x080000f5   Thumb Code     0  entry8b.o(.ARM.Collect$$$$0000000A)
    _main_init                               0x080000f5   Thumb Code     0  entry9a.o(.ARM.Collect$$$$0000000B)
    __rt_final_cpp                           0x080000fd   Thumb Code     0  entry10a.o(.ARM.Collect$$$$0000000D)
    __rt_final_exit                          0x080000fd   Thumb Code     0  entry11a.o(.ARM.Collect$$$$0000000F)
    SVC_Handler                              0x08000101   Thumb Code    32  port.o(.emb_text)
    __asm___6_port_c_39a90d8d__prvStartFirstTask 0x08000125   Thumb Code    28  port.o(.emb_text)
    PendSV_Handler                           0x08000145   Thumb Code    72  port.o(.emb_text)
    vPortGetIPSR                             0x08000191   Thumb Code     6  port.o(.emb_text)
    Reset_Handler                            0x08000199   Thumb Code     8  startup_stm32f103xb.o(.text)
    ADC1_2_IRQHandler                        0x080001b3   Thumb Code     0  startup_stm32f103xb.o(.text)
    CAN1_RX1_IRQHandler                      0x080001b3   Thumb Code     0  startup_stm32f103xb.o(.text)
    CAN1_SCE_IRQHandler                      0x080001b3   Thumb Code     0  startup_stm32f103xb.o(.text)
    DMA1_Channel1_IRQHandler                 0x080001b3   Thumb Code     0  startup_stm32f103xb.o(.text)
    DMA1_Channel2_IRQHandler                 0x080001b3   Thumb Code     0  startup_stm32f103xb.o(.text)
    DMA1_Channel3_IRQHandler                 0x080001b3   Thumb Code     0  startup_stm32f103xb.o(.text)
    DMA1_Channel4_IRQHandler                 0x080001b3   Thumb Code     0  startup_stm32f103xb.o(.text)
    DMA1_Channel5_IRQHandler                 0x080001b3   Thumb Code     0  startup_stm32f103xb.o(.text)
    DMA1_Channel6_IRQHandler                 0x080001b3   Thumb Code     0  startup_stm32f103xb.o(.text)
    DMA1_Channel7_IRQHandler                 0x080001b3   Thumb Code     0  startup_stm32f103xb.o(.text)
    EXTI0_IRQHandler                         0x080001b3   Thumb Code     0  startup_stm32f103xb.o(.text)
    EXTI15_10_IRQHandler                     0x080001b3   Thumb Code     0  startup_stm32f103xb.o(.text)
    EXTI2_IRQHandler                         0x080001b3   Thumb Code     0  startup_stm32f103xb.o(.text)
    EXTI3_IRQHandler                         0x080001b3   Thumb Code     0  startup_stm32f103xb.o(.text)
    EXTI4_IRQHandler                         0x080001b3   Thumb Code     0  startup_stm32f103xb.o(.text)
    EXTI9_5_IRQHandler                       0x080001b3   Thumb Code     0  startup_stm32f103xb.o(.text)
    FLASH_IRQHandler                         0x080001b3   Thumb Code     0  startup_stm32f103xb.o(.text)
    I2C1_ER_IRQHandler                       0x080001b3   Thumb Code     0  startup_stm32f103xb.o(.text)
    I2C1_EV_IRQHandler                       0x080001b3   Thumb Code     0  startup_stm32f103xb.o(.text)
    I2C2_ER_IRQHandler                       0x080001b3   Thumb Code     0  startup_stm32f103xb.o(.text)
    I2C2_EV_IRQHandler                       0x080001b3   Thumb Code     0  startup_stm32f103xb.o(.text)
    PVD_IRQHandler                           0x080001b3   Thumb Code     0  startup_stm32f103xb.o(.text)
    RCC_IRQHandler                           0x080001b3   Thumb Code     0  startup_stm32f103xb.o(.text)
    RTC_Alarm_IRQHandler                     0x080001b3   Thumb Code     0  startup_stm32f103xb.o(.text)
    RTC_IRQHandler                           0x080001b3   Thumb Code     0  startup_stm32f103xb.o(.text)
    SPI1_IRQHandler                          0x080001b3   Thumb Code     0  startup_stm32f103xb.o(.text)
    SPI2_IRQHandler                          0x080001b3   Thumb Code     0  startup_stm32f103xb.o(.text)
    TAMPER_IRQHandler                        0x080001b3   Thumb Code     0  startup_stm32f103xb.o(.text)
    TIM1_BRK_IRQHandler                      0x080001b3   Thumb Code     0  startup_stm32f103xb.o(.text)
    TIM1_CC_IRQHandler                       0x080001b3   Thumb Code     0  startup_stm32f103xb.o(.text)
    TIM1_TRG_COM_IRQHandler                  0x080001b3   Thumb Code     0  startup_stm32f103xb.o(.text)
    TIM1_UP_IRQHandler                       0x080001b3   Thumb Code     0  startup_stm32f103xb.o(.text)
    TIM2_IRQHandler                          0x080001b3   Thumb Code     0  startup_stm32f103xb.o(.text)
    TIM3_IRQHandler                          0x080001b3   Thumb Code     0  startup_stm32f103xb.o(.text)
    TIM4_IRQHandler                          0x080001b3   Thumb Code     0  startup_stm32f103xb.o(.text)
    USART1_IRQHandler                        0x080001b3   Thumb Code     0  startup_stm32f103xb.o(.text)
    USART2_IRQHandler                        0x080001b3   Thumb Code     0  startup_stm32f103xb.o(.text)
    USART3_IRQHandler                        0x080001b3   Thumb Code     0  startup_stm32f103xb.o(.text)
    USBWakeUp_IRQHandler                     0x080001b3   Thumb Code     0  startup_stm32f103xb.o(.text)
    USB_HP_CAN1_TX_IRQHandler                0x080001b3   Thumb Code     0  startup_stm32f103xb.o(.text)
    USB_LP_CAN1_RX0_IRQHandler               0x080001b3   Thumb Code     0  startup_stm32f103xb.o(.text)
    WWDG_IRQHandler                          0x080001b3   Thumb Code     0  startup_stm32f103xb.o(.text)
    __aeabi_llsr                             0x080001bd   Thumb Code    32  llushr.o(.text)
    _ll_ushift_r                             0x080001bd   Thumb Code     0  llushr.o(.text)
    __aeabi_memcpy                           0x080001dd   Thumb Code    36  memcpya.o(.text)
    __aeabi_memcpy4                          0x080001dd   Thumb Code     0  memcpya.o(.text)
    __aeabi_memcpy8                          0x080001dd   Thumb Code     0  memcpya.o(.text)
    __aeabi_fadd                             0x08000201   Thumb Code   164  fadd.o(.text)
    __aeabi_fsub                             0x080002a5   Thumb Code     6  fadd.o(.text)
    __aeabi_frsub                            0x080002ab   Thumb Code     6  fadd.o(.text)
    __aeabi_fmul                             0x080002b1   Thumb Code   100  fmul.o(.text)
    __ARM_scalbnf                            0x08000315   Thumb Code    24  fscalb.o(.text)
    scalbnf                                  0x08000315   Thumb Code     0  fscalb.o(.text)
    __aeabi_ui2f                             0x0800032d   Thumb Code    10  ffltui.o(.text)
    __aeabi_f2iz                             0x08000337   Thumb Code    50  ffixi.o(.text)
    __aeabi_f2uiz                            0x08000369   Thumb Code    40  ffixui.o(.text)
    __I$use$fp                               0x08000391   Thumb Code     0  iusefp.o(.text)
    _float_round                             0x08000391   Thumb Code    18  fepilogue.o(.text)
    _float_epilogue                          0x080003a3   Thumb Code    92  fepilogue.o(.text)
    __scatterload                            0x08000401   Thumb Code    28  init.o(.text)
    __scatterload_rt2                        0x08000401   Thumb Code     0  init.o(.text)
    ADC_ConversionStop_Disable               0x08000425   Thumb Code    76  stm32f1xx_hal_adc.o(i.ADC_ConversionStop_Disable)
    ADC_Enable                               0x08000471   Thumb Code   104  stm32f1xx_hal_adc.o(i.ADC_Enable)
    BusFault_Handler                         0x080004e1   Thumb Code     2  stm32f1xx_it.o(i.BusFault_Handler)
    DebugMon_Handler                         0x080004e3   Thumb Code     2  stm32f1xx_it.o(i.DebugMon_Handler)
    EXTI1_IRQHandler                         0x080004e5   Thumb Code     6  stm32f1xx_it.o(i.EXTI1_IRQHandler)
    FLASH_PageErase                          0x08000511   Thumb Code    28  stm32f1xx_hal_flash_ex.o(i.FLASH_PageErase)
    FLASH_WaitForLastOperation               0x080005ad   Thumb Code    80  stm32f1xx_hal_flash.o(i.FLASH_WaitForLastOperation)
    Get_Adc                                  0x08000601   Thumb Code    44  adc.o(i.Get_Adc)
    Get_Adc_Average                          0x08000631   Thumb Code   142  adc.o(i.Get_Adc_Average)
    HAL_ADC_ConfigChannel                    0x080006cd   Thumb Code   240  stm32f1xx_hal_adc.o(i.HAL_ADC_ConfigChannel)
    HAL_ADC_GetValue                         0x080007c9   Thumb Code     6  stm32f1xx_hal_adc.o(i.HAL_ADC_GetValue)
    HAL_ADC_Init                             0x080007d1   Thumb Code   272  stm32f1xx_hal_adc.o(i.HAL_ADC_Init)
    HAL_ADC_MspInit                          0x080008ed   Thumb Code    50  adc.o(i.HAL_ADC_MspInit)
    HAL_ADC_PollForConversion                0x0800092d   Thumb Code   290  stm32f1xx_hal_adc.o(i.HAL_ADC_PollForConversion)
    HAL_ADC_Start                            0x08000a5d   Thumb Code   184  stm32f1xx_hal_adc.o(i.HAL_ADC_Start)
    HAL_Delay                                0x08000b1d   Thumb Code    32  stm32f1xx_hal.o(i.HAL_Delay)
    HAL_FLASHEx_Erase                        0x08000b41   Thumb Code   160  stm32f1xx_hal_flash_ex.o(i.HAL_FLASHEx_Erase)
    HAL_FLASH_Lock                           0x08000be9   Thumb Code    14  stm32f1xx_hal_flash.o(i.HAL_FLASH_Lock)
    HAL_FLASH_Program                        0x08000bfd   Thumb Code   120  stm32f1xx_hal_flash.o(i.HAL_FLASH_Program)
    HAL_FLASH_Unlock                         0x08000c7d   Thumb Code    28  stm32f1xx_hal_flash.o(i.HAL_FLASH_Unlock)
    HAL_GPIO_EXTI_Callback                   0x08000ca5   Thumb Code   106  24l01.o(i.HAL_GPIO_EXTI_Callback)
    HAL_GPIO_EXTI_IRQHandler                 0x08000d21   Thumb Code    18  stm32f1xx_hal_gpio.o(i.HAL_GPIO_EXTI_IRQHandler)
    HAL_GPIO_Init                            0x08000d39   Thumb Code   408  stm32f1xx_hal_gpio.o(i.HAL_GPIO_Init)
    HAL_GPIO_ReadPin                         0x08000ef5   Thumb Code    10  stm32f1xx_hal_gpio.o(i.HAL_GPIO_ReadPin)
    HAL_GPIO_TogglePin                       0x08000eff   Thumb Code     8  stm32f1xx_hal_gpio.o(i.HAL_GPIO_TogglePin)
    HAL_GPIO_WritePin                        0x08000f07   Thumb Code    10  stm32f1xx_hal_gpio.o(i.HAL_GPIO_WritePin)
    HAL_GetTick                              0x08000f11   Thumb Code     6  stm32f1xx_hal.o(i.HAL_GetTick)
    HAL_I2C_Init                             0x08000f1d   Thumb Code   302  stm32f1xx_hal_i2c.o(i.HAL_I2C_Init)
    HAL_I2C_Mem_Write                        0x0800105d   Thumb Code   306  stm32f1xx_hal_i2c.o(i.HAL_I2C_Mem_Write)
    HAL_I2C_MspInit                          0x08001199   Thumb Code    54  i2c.o(i.HAL_I2C_MspInit)
    HAL_IncTick                              0x080011dd   Thumb Code    12  stm32f1xx_hal.o(i.HAL_IncTick)
    HAL_Init                                 0x080011ed   Thumb Code    32  stm32f1xx_hal.o(i.HAL_Init)
    HAL_InitTick                             0x08001211   Thumb Code    54  stm32f1xx_hal.o(i.HAL_InitTick)
    HAL_MspInit                              0x08001251   Thumb Code   134  stm32f1xx_hal_msp.o(i.HAL_MspInit)
    HAL_NVIC_EnableIRQ                       0x080012e1   Thumb Code    22  stm32f1xx_hal_cortex.o(i.HAL_NVIC_EnableIRQ)
    HAL_NVIC_SetPriority                     0x080012f9   Thumb Code    60  stm32f1xx_hal_cortex.o(i.HAL_NVIC_SetPriority)
    HAL_NVIC_SetPriorityGrouping             0x08001339   Thumb Code    26  stm32f1xx_hal_cortex.o(i.HAL_NVIC_SetPriorityGrouping)
    HAL_PCD_Init                             0x0800135d   Thumb Code   192  stm32f1xx_hal_pcd.o(i.HAL_PCD_Init)
    HAL_PCD_MspInit                          0x0800141d   Thumb Code    30  usb.o(i.HAL_PCD_MspInit)
    HAL_RCCEx_GetPeriphCLKFreq               0x08001445   Thumb Code   166  stm32f1xx_hal_rcc_ex.o(i.HAL_RCCEx_GetPeriphCLKFreq)
    HAL_RCCEx_PeriphCLKConfig                0x0800150d   Thumb Code   224  stm32f1xx_hal_rcc_ex.o(i.HAL_RCCEx_PeriphCLKConfig)
    HAL_RCC_ClockConfig                      0x080015f9   Thumb Code   322  stm32f1xx_hal_rcc.o(i.HAL_RCC_ClockConfig)
    HAL_RCC_GetHCLKFreq                      0x0800174d   Thumb Code     6  stm32f1xx_hal_rcc.o(i.HAL_RCC_GetHCLKFreq)
    HAL_RCC_GetPCLK1Freq                     0x08001759   Thumb Code    20  stm32f1xx_hal_rcc.o(i.HAL_RCC_GetPCLK1Freq)
    HAL_RCC_GetPCLK2Freq                     0x08001779   Thumb Code    20  stm32f1xx_hal_rcc.o(i.HAL_RCC_GetPCLK2Freq)
    HAL_RCC_GetSysClockFreq                  0x08001799   Thumb Code    74  stm32f1xx_hal_rcc.o(i.HAL_RCC_GetSysClockFreq)
    HAL_RCC_OscConfig                        0x08001805   Thumb Code   750  stm32f1xx_hal_rcc.o(i.HAL_RCC_OscConfig)
    HAL_SPI_Init                             0x08001b09   Thumb Code   130  stm32f1xx_hal_spi_ex.o(i.HAL_SPI_Init)
    HAL_SPI_MspInit                          0x08001b8d   Thumb Code    74  spi.o(i.HAL_SPI_MspInit)
    HAL_SPI_TransmitReceive                  0x08001be5   Thumb Code   472  stm32f1xx_hal_spi.o(i.HAL_SPI_TransmitReceive)
    HAL_SYSTICK_CLKSourceConfig              0x08001dbd   Thumb Code    24  stm32f1xx_hal_cortex.o(i.HAL_SYSTICK_CLKSourceConfig)
    HAL_SYSTICK_Config                       0x08001dd5   Thumb Code    40  stm32f1xx_hal_cortex.o(i.HAL_SYSTICK_Config)
    HAL_UART_Init                            0x08001dfd   Thumb Code    98  stm32f1xx_hal_uart.o(i.HAL_UART_Init)
    HAL_UART_MspInit                         0x08001e61   Thumb Code    76  usart.o(i.HAL_UART_MspInit)
    HardFault_Handler                        0x08001eb9   Thumb Code     2  stm32f1xx_it.o(i.HardFault_Handler)
    KEY_Scan                                 0x0800210d   Thumb Code   250  gpio.o(i.KEY_Scan)
    MX_ADC1_Init                             0x08002219   Thumb Code    72  adc.o(i.MX_ADC1_Init)
    MX_FREERTOS_Init                         0x08002279   Thumb Code   258  freertos.o(i.MX_FREERTOS_Init)
    MX_GPIO_Init                             0x08002385   Thumb Code   188  gpio.o(i.MX_GPIO_Init)
    MX_I2C1_Init                             0x08002451   Thumb Code    54  i2c.o(i.MX_I2C1_Init)
    MX_SPI1_Init                             0x080024a5   Thumb Code    66  spi.o(i.MX_SPI1_Init)
    MX_USART1_UART_Init                      0x08002501   Thumb Code    52  usart.o(i.MX_USART1_UART_Init)
    MX_USB_PCD_Init                          0x0800254d   Thumb Code    50  usb.o(i.MX_USB_PCD_Init)
    MemManage_Handler                        0x08002599   Thumb Code     2  stm32f1xx_it.o(i.MemManage_Handler)
    NMI_Handler                              0x0800259b   Thumb Code     2  stm32f1xx_it.o(i.NMI_Handler)
    NRF24L01_Check                           0x0800259d   Thumb Code    64  24l01.o(i.NRF24L01_Check)
    NRF24L01_Init                            0x080025e5   Thumb Code    30  24l01.o(i.NRF24L01_Init)
    NRF24L01_Mode                            0x0800260d   Thumb Code    60  24l01.o(i.NRF24L01_Mode)
    NRF24L01_Read_Buf                        0x0800264d   Thumb Code    68  24l01.o(i.NRF24L01_Read_Buf)
    NRF24L01_Read_Reg                        0x08002695   Thumb Code    44  24l01.o(i.NRF24L01_Read_Reg)
    NRF24L01_Write_Buf                       0x080026c5   Thumb Code    68  24l01.o(i.NRF24L01_Write_Buf)
    NRF24L01_Write_Reg                       0x0800270d   Thumb Code    46  24l01.o(i.NRF24L01_Write_Reg)
    NRF24L01_config                          0x08002741   Thumb Code   122  24l01.o(i.NRF24L01_config)
    OLED_Fill                                0x080027e5   Thumb Code    56  oled.o(i.OLED_Fill)
    OLED_Init                                0x0800281d   Thumb Code   188  oled.o(i.OLED_Init)
    OLED_P6x8Str                             0x080028d9   Thumb Code    88  oled.o(i.OLED_P6x8Str)
    OLED_P6x8data                            0x08002935   Thumb Code   202  oled.o(i.OLED_P6x8data)
    OLED_Set_Pos                             0x08002a0d   Thumb Code    38  oled.o(i.OLED_Set_Pos)
    OLED_WrCmd                               0x08002a35   Thumb Code    30  oled.o(i.OLED_WrCmd)
    OLED_WrDat                               0x08002a59   Thumb Code    30  oled.o(i.OLED_WrDat)
    SPI1_ReadWriteByte                       0x08002a7d   Thumb Code    32  24l01.o(i.SPI1_ReadWriteByte)
    STMFLASH_Read                            0x08002b5d   Thumb Code    26  stmflash.o(i.STMFLASH_Read)
    STMFLASH_Write                           0x08002b79   Thumb Code   206  stmflash.o(i.STMFLASH_Write)
    STMFLASH_Write_NoCheck                   0x08002c4d   Thumb Code    44  stmflash.o(i.STMFLASH_Write_NoCheck)
    StartDefaultTask                         0x08002c79   Thumb Code     8  freertos.o(i.StartDefaultTask)
    StartTask_ADC                            0x08002c81   Thumb Code    62  freertos.o(i.StartTask_ADC)
    StartTask_KEY                            0x08002cc9   Thumb Code    26  freertos.o(i.StartTask_KEY)
    StartTask_LED                            0x08002ce9   Thumb Code    36  freertos.o(i.StartTask_LED)
    StartTask_NRF                            0x08002d15   Thumb Code   156  freertos.o(i.StartTask_NRF)
    StartTask_OLED                           0x08002dc1   Thumb Code   140  freertos.o(i.StartTask_OLED)
    Start_Param_Task                         0x08002e71   Thumb Code    44  freertos.o(i.Start_Param_Task)
    SysTick_Handler                          0x08002ea5   Thumb Code    14  stm32f1xx_it.o(i.SysTick_Handler)
    SystemClock_Config                       0x08002eb3   Thumb Code   126  main.o(i.SystemClock_Config)
    SystemInit                               0x08002f31   Thumb Code    56  system_stm32f1xx.o(i.SystemInit)
    USB_CoreInit                             0x080030e9   Thumb Code     4  stm32f1xx_ll_usb.o(i.USB_CoreInit)
    USB_DevDisconnect                        0x080030ed   Thumb Code     4  stm32f1xx_ll_usb.o(i.USB_DevDisconnect)
    USB_DevInit                              0x080030f1   Thumb Code    30  stm32f1xx_ll_usb.o(i.USB_DevInit)
    USB_DisableGlobalInt                     0x0800310f   Thumb Code    14  stm32f1xx_ll_usb.o(i.USB_DisableGlobalInt)
    USB_EnableGlobalInt                      0x0800311d   Thumb Code    14  stm32f1xx_ll_usb.o(i.USB_EnableGlobalInt)
    USB_SetCurrentMode                       0x0800312b   Thumb Code     4  stm32f1xx_ll_usb.o(i.USB_SetCurrentMode)
    UsageFault_Handler                       0x0800312f   Thumb Code     2  stm32f1xx_it.o(i.UsageFault_Handler)
    _Error_Handler                           0x08003131   Thumb Code     2  main.o(i._Error_Handler)
    __scatterload_copy                       0x08003133   Thumb Code    14  handlers.o(i.__scatterload_copy)
    __scatterload_null                       0x08003141   Thumb Code     2  handlers.o(i.__scatterload_null)
    __scatterload_zeroinit                   0x08003143   Thumb Code    14  handlers.o(i.__scatterload_zeroinit)
    change_offest                            0x08003151   Thumb Code    46  oled.o(i.change_offest)
    main                                     0x080031a5   Thumb Code    70  main.o(i.main)
    nrf_sand_rc                              0x080031f9   Thumb Code    62  24l01.o(i.nrf_sand_rc)
    offest_Limit                             0x08003245   Thumb Code    44  gpio.o(i.offest_Limit)
    oled_dis_str                             0x08003275   Thumb Code    86  oled.o(i.oled_dis_str)
    oled_show_RC_data                        0x0800331d   Thumb Code    56  oled.o(i.oled_show_RC_data)
    oled_show_offest_data                    0x08003355   Thumb Code    56  oled.o(i.oled_show_offest_data)
    osDelay                                  0x0800338d   Thumb Code    14  cmsis_os.o(i.osDelay)
    osKernelStart                            0x0800339b   Thumb Code    10  cmsis_os.o(i.osKernelStart)
    osMailCreate                             0x080033a5   Thumb Code    92  cmsis_os.o(i.osMailCreate)
    osMailGet                                0x08003401   Thumb Code   142  cmsis_os.o(i.osMailGet)
    osMailPut                                0x08003495   Thumb Code    88  cmsis_os.o(i.osMailPut)
    osPoolCreate                             0x080034f1   Thumb Code    94  cmsis_os.o(i.osPoolCreate)
    osSemaphoreCreate                        0x0800354f   Thumb Code    38  cmsis_os.o(i.osSemaphoreCreate)
    osSemaphoreRelease                       0x08003575   Thumb Code    74  cmsis_os.o(i.osSemaphoreRelease)
    osSemaphoreWait                          0x080035c5   Thumb Code   100  cmsis_os.o(i.osSemaphoreWait)
    osSystickHandler                         0x0800362d   Thumb Code    20  cmsis_os.o(i.osSystickHandler)
    osThreadCreate                           0x08003641   Thumb Code    46  cmsis_os.o(i.osThreadCreate)
    pvPortMalloc                             0x08003ac9   Thumb Code   210  heap_4.o(i.pvPortMalloc)
    pvTaskIncrementMutexHeldCount            0x08003ba1   Thumb Code    18  tasks.o(i.pvTaskIncrementMutexHeldCount)
    pxPortInitialiseStack                    0x08003bb9   Thumb Code    32  port.o(i.pxPortInitialiseStack)
    uxListRemove                             0x08003bdd   Thumb Code    36  list.o(i.uxListRemove)
    vListInitialise                          0x08003c01   Thumb Code    22  list.o(i.vListInitialise)
    vListInitialiseItem                      0x08003c17   Thumb Code     6  list.o(i.vListInitialiseItem)
    vListInsert                              0x08003c1d   Thumb Code    48  list.o(i.vListInsert)
    vListInsertEnd                           0x08003c4d   Thumb Code    24  list.o(i.vListInsertEnd)
    vPortEnterCritical                       0x08003c65   Thumb Code    54  port.o(i.vPortEnterCritical)
    vPortExitCritical                        0x08003ca5   Thumb Code    34  port.o(i.vPortExitCritical)
    vPortFree                                0x08003ccd   Thumb Code    88  heap_4.o(i.vPortFree)
    vPortSetupTimerInterrupt                 0x08003d29   Thumb Code    26  port.o(i.vPortSetupTimerInterrupt)
    vPortValidateInterruptPriority           0x08003d49   Thumb Code    74  port.o(i.vPortValidateInterruptPriority)
    vTaskDelay                               0x08003d9d   Thumb Code    66  tasks.o(i.vTaskDelay)
    vTaskMissedYield                         0x08003de9   Thumb Code     8  tasks.o(i.vTaskMissedYield)
    vTaskPlaceOnEventList                    0x08003df5   Thumb Code    44  tasks.o(i.vTaskPlaceOnEventList)
    vTaskPriorityInherit                     0x08003e25   Thumb Code   124  tasks.o(i.vTaskPriorityInherit)
    vTaskSetTimeOutState                     0x08003ea9   Thumb Code    30  tasks.o(i.vTaskSetTimeOutState)
    vTaskStartScheduler                      0x08003ecd   Thumb Code    86  tasks.o(i.vTaskStartScheduler)
    vTaskSuspendAll                          0x08003f35   Thumb Code    10  tasks.o(i.vTaskSuspendAll)
    vTaskSwitchContext                       0x08003f45   Thumb Code    82  tasks.o(i.vTaskSwitchContext)
    xPortStartScheduler                      0x08003fa1   Thumb Code   102  port.o(i.xPortStartScheduler)
    xPortSysTickHandler                      0x08004015   Thumb Code    38  port.o(i.xPortSysTickHandler)
    xQueueGenericCreate                      0x08004041   Thumb Code    72  queue.o(i.xQueueGenericCreate)
    xQueueGenericReceive                     0x08004089   Thumb Code   360  queue.o(i.xQueueGenericReceive)
    xQueueGenericReset                       0x080041f5   Thumb Code   132  queue.o(i.xQueueGenericReset)
    xQueueGenericSend                        0x0800427d   Thumb Code   346  queue.o(i.xQueueGenericSend)
    xQueueGenericSendFromISR                 0x080043dd   Thumb Code   188  queue.o(i.xQueueGenericSendFromISR)
    xQueueGiveFromISR                        0x08004499   Thumb Code   156  queue.o(i.xQueueGiveFromISR)
    xQueueReceiveFromISR                     0x08004535   Thumb Code   154  queue.o(i.xQueueReceiveFromISR)
    xTaskCheckForTimeOut                     0x080045d1   Thumb Code   102  tasks.o(i.xTaskCheckForTimeOut)
    xTaskCreate                              0x0800463d   Thumb Code    86  tasks.o(i.xTaskCreate)
    xTaskGetSchedulerState                   0x08004695   Thumb Code    22  tasks.o(i.xTaskGetSchedulerState)
    xTaskIncrementTick                       0x080046b1   Thumb Code   192  tasks.o(i.xTaskIncrementTick)
    xTaskPriorityDisinherit                  0x08004779   Thumb Code   144  tasks.o(i.xTaskPriorityDisinherit)
    xTaskRemoveFromEventList                 0x08004811   Thumb Code   108  tasks.o(i.xTaskRemoveFromEventList)
    xTaskResumeAll                           0x08004885   Thumb Code   182  tasks.o(i.xTaskResumeAll)
    F6x8                                     0x08004948   Data         552  oled.o(.constdata)
    F8X16                                    0x08004b70   Data        1520  oled.o(.constdata)
    TX_ADDRESS                               0x08005160   Data           5  24l01.o(.constdata)
    RX_ADDRESS                               0x08005165   Data           5  24l01.o(.constdata)
    AHBPrescTable                            0x0800521c   Data          16  system_stm32f1xx.o(.constdata)
    APBPrescTable                            0x0800522c   Data           8  system_stm32f1xx.o(.constdata)
    Region$$Table$$Base                      0x08005288   Number         0  anon$$obj.o(Region$$Table)
    Region$$Table$$Limit                     0x080052a8   Number         0  anon$$obj.o(Region$$Table)
    key_status                               0x20000005   Data           1  gpio.o(.data)
    key_press                                0x20000006   Data           1  gpio.o(.data)
    RC_ADC_Buff                              0x20000008   Data           8  adc.o(.data)
    IRQ_timeout                              0x20000010   Data           1  freertos.o(.data)
    bat_value                                0x20000012   Data           2  freertos.o(.data)
    defaultTaskHandle                        0x20000014   Data           4  freertos.o(.data)
    myTask_ADCHandle                         0x20000018   Data           4  freertos.o(.data)
    myTask_NrfHandle                         0x2000001c   Data           4  freertos.o(.data)
    myTask_LEDHandle                         0x20000020   Data           4  freertos.o(.data)
    myTask_OLEDHandle                        0x20000024   Data           4  freertos.o(.data)
    myTask_KeyHandle                         0x20000028   Data           4  freertos.o(.data)
    Param_TaskHandle                         0x2000002c   Data           4  freertos.o(.data)
    NRF_statusHandle                         0x20000030   Data           4  freertos.o(.data)
    Data_saveHandle                          0x20000034   Data           4  freertos.o(.data)
    ADC_ValueHandle                          0x20000038   Data           4  freertos.o(.data)
    Nrf_TX_BuffHandle                        0x2000003c   Data           4  freertos.o(.data)
    RC_Offest_buffHandle                     0x20000040   Data           4  freertos.o(.data)
    bat_voltage                              0x20000044   Data           4  freertos.o(.data)
    RC_offest                                0x20000048   Data           8  freertos.o(.data)
    uwTickFreq                               0x20000050   Data           1  stm32f1xx_hal.o(.data)
    uwTickPrio                               0x20000054   Data           4  stm32f1xx_hal.o(.data)
    uwTick                                   0x20000058   Data           4  stm32f1xx_hal.o(.data)
    SystemCoreClock                          0x2000005c   Data           4  system_stm32f1xx.o(.data)
    pxCurrentTCB                             0x20000084   Data           4  tasks.o(.data)
    Tx_buff                                  0x200000c0   Data          33  24l01.o(.bss)
    Rx_buff                                  0x200000e1   Data          33  24l01.o(.bss)
    STMFLASH_BUF                             0x20000114   Data        1024  stmflash.o(.bss)
    hadc1                                    0x20000514   Data          48  adc.o(.bss)
    hi2c1                                    0x20000544   Data          84  i2c.o(.bss)
    hspi1                                    0x20000598   Data          88  spi.o(.bss)
    huart1                                   0x200005f0   Data          64  usart.o(.bss)
    hpcd_USB_FS                              0x20000630   Data        1120  usb.o(.bss)
    pFlash                                   0x20000a90   Data          32  stm32f1xx_hal_flash.o(.bss)
    __initial_sp                             0x200037a0   Data           0  startup_stm32f103xb.o(STACK)



==============================================================================

Memory Map of the image

  Image Entry point : 0x080000ed

  Load Region LR_IROM1 (Base: 0x08000000, Size: 0x00005368, Max: 0x00010000, ABSOLUTE)

    Execution Region ER_IROM1 (Exec base: 0x08000000, Load base: 0x08000000, Size: 0x000052a8, Max: 0x00010000, ABSOLUTE)

    Exec Addr    Load Addr    Size         Type   Attr      Idx    E Section Name        Object

    0x08000000   0x08000000   0x000000ec   Data   RO            3    RESET               startup_stm32f103xb.o
    0x080000ec   0x080000ec   0x00000000   Code   RO         4967  * .ARM.Collect$$$$00000000  mc_w.l(entry.o)
    0x080000ec   0x080000ec   0x00000004   Code   RO         4988    .ARM.Collect$$$$00000001  mc_w.l(entry2.o)
    0x080000f0   0x080000f0   0x00000004   Code   RO         4991    .ARM.Collect$$$$00000004  mc_w.l(entry5.o)
    0x080000f4   0x080000f4   0x00000000   Code   RO         4993    .ARM.Collect$$$$00000008  mc_w.l(entry7b.o)
    0x080000f4   0x080000f4   0x00000000   Code   RO         4995    .ARM.Collect$$$$0000000A  mc_w.l(entry8b.o)
    0x080000f4   0x080000f4   0x00000008   Code   RO         4996    .ARM.Collect$$$$0000000B  mc_w.l(entry9a.o)
    0x080000fc   0x080000fc   0x00000000   Code   RO         4998    .ARM.Collect$$$$0000000D  mc_w.l(entry10a.o)
    0x080000fc   0x080000fc   0x00000000   Code   RO         5000    .ARM.Collect$$$$0000000F  mc_w.l(entry11a.o)
    0x080000fc   0x080000fc   0x00000004   Code   RO         4989    .ARM.Collect$$$$00002712  mc_w.l(entry2.o)
    0x08000100   0x08000100   0x00000096   Code   RO         3959    .emb_text           port.o
    0x08000196   0x08000196   0x00000002   PAD
    0x08000198   0x08000198   0x00000024   Code   RO            4    .text               startup_stm32f103xb.o
    0x080001bc   0x080001bc   0x00000020   Code   RO         4970    .text               mc_w.l(llushr.o)
    0x080001dc   0x080001dc   0x00000024   Code   RO         4972    .text               mc_w.l(memcpya.o)
    0x08000200   0x08000200   0x000000b0   Code   RO         4976    .text               mf_w.l(fadd.o)
    0x080002b0   0x080002b0   0x00000064   Code   RO         4978    .text               mf_w.l(fmul.o)
    0x08000314   0x08000314   0x00000018   Code   RO         4980    .text               mf_w.l(fscalb.o)
    0x0800032c   0x0800032c   0x0000000a   Code   RO         4982    .text               mf_w.l(ffltui.o)
    0x08000336   0x08000336   0x00000032   Code   RO         4984    .text               mf_w.l(ffixi.o)
    0x08000368   0x08000368   0x00000028   Code   RO         4986    .text               mf_w.l(ffixui.o)
    0x08000390   0x08000390   0x00000000   Code   RO         5002    .text               mc_w.l(iusefp.o)
    0x08000390   0x08000390   0x0000006e   Code   RO         5003    .text               mf_w.l(fepilogue.o)
    0x080003fe   0x080003fe   0x00000002   PAD
    0x08000400   0x08000400   0x00000024   Code   RO         5005    .text               mc_w.l(init.o)
    0x08000424   0x08000424   0x0000004c   Code   RO         1142    i.ADC_ConversionStop_Disable  stm32f1xx_hal_adc.o
    0x08000470   0x08000470   0x00000070   Code   RO         1146    i.ADC_Enable        stm32f1xx_hal_adc.o
    0x080004e0   0x080004e0   0x00000002   Code   RO         1013    i.BusFault_Handler  stm32f1xx_it.o
    0x080004e2   0x080004e2   0x00000002   Code   RO         1014    i.DebugMon_Handler  stm32f1xx_it.o
    0x080004e4   0x080004e4   0x00000006   Code   RO         1015    i.EXTI1_IRQHandler  stm32f1xx_it.o
    0x080004ea   0x080004ea   0x00000002   PAD
    0x080004ec   0x080004ec   0x00000024   Code   RO         3765    i.FLASH_MassErase   stm32f1xx_hal_flash_ex.o
    0x08000510   0x08000510   0x00000024   Code   RO         3770    i.FLASH_PageErase   stm32f1xx_hal_flash_ex.o
    0x08000534   0x08000534   0x0000001c   Code   RO         3662    i.FLASH_Program_HalfWord  stm32f1xx_hal_flash.o
    0x08000550   0x08000550   0x0000005c   Code   RO         3663    i.FLASH_SetErrorCode  stm32f1xx_hal_flash.o
    0x080005ac   0x080005ac   0x00000054   Code   RO         3664    i.FLASH_WaitForLastOperation  stm32f1xx_hal_flash.o
    0x08000600   0x08000600   0x00000030   Code   RO          680    i.Get_Adc           adc.o
    0x08000630   0x08000630   0x0000009c   Code   RO          681    i.Get_Adc_Average   adc.o
    0x080006cc   0x080006cc   0x000000fc   Code   RO         1148    i.HAL_ADC_ConfigChannel  stm32f1xx_hal_adc.o
    0x080007c8   0x080007c8   0x00000006   Code   RO         1155    i.HAL_ADC_GetValue  stm32f1xx_hal_adc.o
    0x080007ce   0x080007ce   0x00000002   PAD
    0x080007d0   0x080007d0   0x0000011c   Code   RO         1157    i.HAL_ADC_Init      stm32f1xx_hal_adc.o
    0x080008ec   0x080008ec   0x00000040   Code   RO          683    i.HAL_ADC_MspInit   adc.o
    0x0800092c   0x0800092c   0x00000130   Code   RO         1161    i.HAL_ADC_PollForConversion  stm32f1xx_hal_adc.o
    0x08000a5c   0x08000a5c   0x000000c0   Code   RO         1163    i.HAL_ADC_Start     stm32f1xx_hal_adc.o
    0x08000b1c   0x08000b1c   0x00000024   Code   RO         2969    i.HAL_Delay         stm32f1xx_hal.o
    0x08000b40   0x08000b40   0x000000a8   Code   RO         3771    i.HAL_FLASHEx_Erase  stm32f1xx_hal_flash_ex.o
    0x08000be8   0x08000be8   0x00000014   Code   RO         3668    i.HAL_FLASH_Lock    stm32f1xx_hal_flash.o
    0x08000bfc   0x08000bfc   0x00000080   Code   RO         3673    i.HAL_FLASH_Program  stm32f1xx_hal_flash.o
    0x08000c7c   0x08000c7c   0x00000028   Code   RO         3675    i.HAL_FLASH_Unlock  stm32f1xx_hal_flash.o
    0x08000ca4   0x08000ca4   0x0000007c   Code   RO          236    i.HAL_GPIO_EXTI_Callback  24l01.o
    0x08000d20   0x08000d20   0x00000018   Code   RO         3261    i.HAL_GPIO_EXTI_IRQHandler  stm32f1xx_hal_gpio.o
    0x08000d38   0x08000d38   0x000001bc   Code   RO         3262    i.HAL_GPIO_Init     stm32f1xx_hal_gpio.o
    0x08000ef4   0x08000ef4   0x0000000a   Code   RO         3264    i.HAL_GPIO_ReadPin  stm32f1xx_hal_gpio.o
    0x08000efe   0x08000efe   0x00000008   Code   RO         3265    i.HAL_GPIO_TogglePin  stm32f1xx_hal_gpio.o
    0x08000f06   0x08000f06   0x0000000a   Code   RO         3266    i.HAL_GPIO_WritePin  stm32f1xx_hal_gpio.o
    0x08000f10   0x08000f10   0x0000000c   Code   RO         2973    i.HAL_GetTick       stm32f1xx_hal.o
    0x08000f1c   0x08000f1c   0x00000140   Code   RO         1429    i.HAL_I2C_Init      stm32f1xx_hal_i2c.o
    0x0800105c   0x0800105c   0x0000013c   Code   RO         1448    i.HAL_I2C_Mem_Write  stm32f1xx_hal_i2c.o
    0x08001198   0x08001198   0x00000044   Code   RO          846    i.HAL_I2C_MspInit   i2c.o
    0x080011dc   0x080011dc   0x00000010   Code   RO         2977    i.HAL_IncTick       stm32f1xx_hal.o
    0x080011ec   0x080011ec   0x00000024   Code   RO         2978    i.HAL_Init          stm32f1xx_hal.o
    0x08001210   0x08001210   0x00000040   Code   RO         2979    i.HAL_InitTick      stm32f1xx_hal.o
    0x08001250   0x08001250   0x00000090   Code   RO         1082    i.HAL_MspInit       stm32f1xx_hal_msp.o
    0x080012e0   0x080012e0   0x00000016   Code   RO         3422    i.HAL_NVIC_EnableIRQ  stm32f1xx_hal_cortex.o
    0x080012f6   0x080012f6   0x00000002   PAD
    0x080012f8   0x080012f8   0x00000040   Code   RO         3428    i.HAL_NVIC_SetPriority  stm32f1xx_hal_cortex.o
    0x08001338   0x08001338   0x00000024   Code   RO         3429    i.HAL_NVIC_SetPriorityGrouping  stm32f1xx_hal_cortex.o
    0x0800135c   0x0800135c   0x000000c0   Code   RO         2546    i.HAL_PCD_Init      stm32f1xx_hal_pcd.o
    0x0800141c   0x0800141c   0x00000028   Code   RO          972    i.HAL_PCD_MspInit   usb.o
    0x08001444   0x08001444   0x000000c8   Code   RO         3224    i.HAL_RCCEx_GetPeriphCLKFreq  stm32f1xx_hal_rcc_ex.o
    0x0800150c   0x0800150c   0x000000ec   Code   RO         3225    i.HAL_RCCEx_PeriphCLKConfig  stm32f1xx_hal_rcc_ex.o
    0x080015f8   0x080015f8   0x00000154   Code   RO         3122    i.HAL_RCC_ClockConfig  stm32f1xx_hal_rcc.o
    0x0800174c   0x0800174c   0x0000000c   Code   RO         3127    i.HAL_RCC_GetHCLKFreq  stm32f1xx_hal_rcc.o
    0x08001758   0x08001758   0x00000020   Code   RO         3129    i.HAL_RCC_GetPCLK1Freq  stm32f1xx_hal_rcc.o
    0x08001778   0x08001778   0x00000020   Code   RO         3130    i.HAL_RCC_GetPCLK2Freq  stm32f1xx_hal_rcc.o
    0x08001798   0x08001798   0x0000006c   Code   RO         3131    i.HAL_RCC_GetSysClockFreq  stm32f1xx_hal_rcc.o
    0x08001804   0x08001804   0x00000304   Code   RO         3134    i.HAL_RCC_OscConfig  stm32f1xx_hal_rcc.o
    0x08001b08   0x08001b08   0x00000082   Code   RO         2139    i.HAL_SPI_Init      stm32f1xx_hal_spi_ex.o
    0x08001b8a   0x08001b8a   0x00000002   PAD
    0x08001b8c   0x08001b8c   0x00000058   Code   RO          888    i.HAL_SPI_MspInit   spi.o
    0x08001be4   0x08001be4   0x000001d8   Code   RO         1836    i.HAL_SPI_TransmitReceive  stm32f1xx_hal_spi.o
    0x08001dbc   0x08001dbc   0x00000018   Code   RO         3431    i.HAL_SYSTICK_CLKSourceConfig  stm32f1xx_hal_cortex.o
    0x08001dd4   0x08001dd4   0x00000028   Code   RO         3433    i.HAL_SYSTICK_Config  stm32f1xx_hal_cortex.o
    0x08001dfc   0x08001dfc   0x00000062   Code   RO         2224    i.HAL_UART_Init     stm32f1xx_hal_uart.o
    0x08001e5e   0x08001e5e   0x00000002   PAD
    0x08001e60   0x08001e60   0x00000058   Code   RO          930    i.HAL_UART_MspInit  usart.o
    0x08001eb8   0x08001eb8   0x00000002   Code   RO         1016    i.HardFault_Handler  stm32f1xx_it.o
    0x08001eba   0x08001eba   0x00000028   Code   RO         1467    i.I2C_IsAcknowledgeFailed  stm32f1xx_hal_i2c.o
    0x08001ee2   0x08001ee2   0x00000002   PAD
    0x08001ee4   0x08001ee4   0x000000a0   Code   RO         1477    i.I2C_RequestMemoryWrite  stm32f1xx_hal_i2c.o
    0x08001f84   0x08001f84   0x0000004e   Code   RO         1480    i.I2C_WaitOnBTFFlagUntilTimeout  stm32f1xx_hal_i2c.o
    0x08001fd2   0x08001fd2   0x00000060   Code   RO         1481    i.I2C_WaitOnFlagUntilTimeout  stm32f1xx_hal_i2c.o
    0x08002032   0x08002032   0x00000002   PAD
    0x08002034   0x08002034   0x00000088   Code   RO         1482    i.I2C_WaitOnMasterAddressFlagUntilTimeout  stm32f1xx_hal_i2c.o
    0x080020bc   0x080020bc   0x0000004e   Code   RO         1484    i.I2C_WaitOnTXEFlagUntilTimeout  stm32f1xx_hal_i2c.o
    0x0800210a   0x0800210a   0x00000002   PAD
    0x0800210c   0x0800210c   0x0000010c   Code   RO          640    i.KEY_Scan          gpio.o
    0x08002218   0x08002218   0x00000060   Code   RO          684    i.MX_ADC1_Init      adc.o
    0x08002278   0x08002278   0x0000010c   Code   RO          735    i.MX_FREERTOS_Init  freertos.o
    0x08002384   0x08002384   0x000000cc   Code   RO          641    i.MX_GPIO_Init      gpio.o
    0x08002450   0x08002450   0x00000054   Code   RO          847    i.MX_I2C1_Init      i2c.o
    0x080024a4   0x080024a4   0x0000005c   Code   RO          889    i.MX_SPI1_Init      spi.o
    0x08002500   0x08002500   0x0000004c   Code   RO          931    i.MX_USART1_UART_Init  usart.o
    0x0800254c   0x0800254c   0x0000004c   Code   RO          973    i.MX_USB_PCD_Init   usb.o
    0x08002598   0x08002598   0x00000002   Code   RO         1017    i.MemManage_Handler  stm32f1xx_it.o
    0x0800259a   0x0800259a   0x00000002   Code   RO         1018    i.NMI_Handler       stm32f1xx_it.o
    0x0800259c   0x0800259c   0x00000048   Code   RO          237    i.NRF24L01_Check    24l01.o
    0x080025e4   0x080025e4   0x00000028   Code   RO          238    i.NRF24L01_Init     24l01.o
    0x0800260c   0x0800260c   0x00000040   Code   RO          239    i.NRF24L01_Mode     24l01.o
    0x0800264c   0x0800264c   0x00000048   Code   RO          241    i.NRF24L01_Read_Buf  24l01.o
    0x08002694   0x08002694   0x00000030   Code   RO          242    i.NRF24L01_Read_Reg  24l01.o
    0x080026c4   0x080026c4   0x00000048   Code   RO          246    i.NRF24L01_Write_Buf  24l01.o
    0x0800270c   0x0800270c   0x00000034   Code   RO          247    i.NRF24L01_Write_Reg  24l01.o
    0x08002740   0x08002740   0x00000084   Code   RO          248    i.NRF24L01_config   24l01.o
    0x080027c4   0x080027c4   0x00000020   Code   RO         3435    i.NVIC_SetPriority  stm32f1xx_hal_cortex.o
    0x080027e4   0x080027e4   0x00000038   Code   RO           16    i.OLED_Fill         oled.o
    0x0800281c   0x0800281c   0x000000bc   Code   RO           17    i.OLED_Init         oled.o
    0x080028d8   0x080028d8   0x0000005c   Code   RO           18    i.OLED_P6x8Str      oled.o
    0x08002934   0x08002934   0x000000d8   Code   RO           19    i.OLED_P6x8data     oled.o
    0x08002a0c   0x08002a0c   0x00000026   Code   RO           21    i.OLED_Set_Pos      oled.o
    0x08002a32   0x08002a32   0x00000002   PAD
    0x08002a34   0x08002a34   0x00000024   Code   RO           22    i.OLED_WrCmd        oled.o
    0x08002a58   0x08002a58   0x00000024   Code   RO           23    i.OLED_WrDat        oled.o
    0x08002a7c   0x08002a7c   0x00000028   Code   RO          249    i.SPI1_ReadWriteByte  24l01.o
    0x08002aa4   0x08002aa4   0x00000020   Code   RO         1851    i.SPI_CheckFlag_BSY  stm32f1xx_hal_spi.o
    0x08002ac4   0x08002ac4   0x00000096   Code   RO         1870    i.SPI_WaitFlagStateUntilTimeout  stm32f1xx_hal_spi.o
    0x08002b5a   0x08002b5a   0x00000002   PAD
    0x08002b5c   0x08002b5c   0x0000001a   Code   RO          488    i.STMFLASH_Read     stmflash.o
    0x08002b76   0x08002b76   0x00000002   PAD
    0x08002b78   0x08002b78   0x000000d4   Code   RO          490    i.STMFLASH_Write    stmflash.o
    0x08002c4c   0x08002c4c   0x0000002c   Code   RO          491    i.STMFLASH_Write_NoCheck  stmflash.o
    0x08002c78   0x08002c78   0x00000008   Code   RO          736    i.StartDefaultTask  freertos.o
    0x08002c80   0x08002c80   0x00000048   Code   RO          737    i.StartTask_ADC     freertos.o
    0x08002cc8   0x08002cc8   0x00000020   Code   RO          738    i.StartTask_KEY     freertos.o
    0x08002ce8   0x08002ce8   0x0000002c   Code   RO          739    i.StartTask_LED     freertos.o
    0x08002d14   0x08002d14   0x000000ac   Code   RO          740    i.StartTask_NRF     freertos.o
    0x08002dc0   0x08002dc0   0x000000b0   Code   RO          741    i.StartTask_OLED    freertos.o
    0x08002e70   0x08002e70   0x00000034   Code   RO          742    i.Start_Param_Task  freertos.o
    0x08002ea4   0x08002ea4   0x0000000e   Code   RO         1019    i.SysTick_Handler   stm32f1xx_it.o
    0x08002eb2   0x08002eb2   0x0000007e   Code   RO          540    i.SystemClock_Config  main.o
    0x08002f30   0x08002f30   0x00000048   Code   RO         3851    i.SystemInit        system_stm32f1xx.o
    0x08002f78   0x08002f78   0x00000170   Code   RO         2250    i.UART_SetConfig    stm32f1xx_hal_uart.o
    0x080030e8   0x080030e8   0x00000004   Code   RO         2773    i.USB_CoreInit      stm32f1xx_ll_usb.o
    0x080030ec   0x080030ec   0x00000004   Code   RO         2777    i.USB_DevDisconnect  stm32f1xx_ll_usb.o
    0x080030f0   0x080030f0   0x0000001e   Code   RO         2778    i.USB_DevInit       stm32f1xx_ll_usb.o
    0x0800310e   0x0800310e   0x0000000e   Code   RO         2779    i.USB_DisableGlobalInt  stm32f1xx_ll_usb.o
    0x0800311c   0x0800311c   0x0000000e   Code   RO         2784    i.USB_EnableGlobalInt  stm32f1xx_ll_usb.o
    0x0800312a   0x0800312a   0x00000004   Code   RO         2794    i.USB_SetCurrentMode  stm32f1xx_ll_usb.o
    0x0800312e   0x0800312e   0x00000002   Code   RO         1020    i.UsageFault_Handler  stm32f1xx_it.o
    0x08003130   0x08003130   0x00000002   Code   RO          541    i._Error_Handler    main.o
    0x08003132   0x08003132   0x0000000e   Code   RO         5009    i.__scatterload_copy  mc_w.l(handlers.o)
    0x08003140   0x08003140   0x00000002   Code   RO         5010    i.__scatterload_null  mc_w.l(handlers.o)
    0x08003142   0x08003142   0x0000000e   Code   RO         5011    i.__scatterload_zeroinit  mc_w.l(handlers.o)
    0x08003150   0x08003150   0x00000048   Code   RO           24    i.change_offest     oled.o
    0x08003198   0x08003198   0x0000000c   Code   RO         4592    i.inHandlerMode     cmsis_os.o
    0x080031a4   0x080031a4   0x00000046   Code   RO          542    i.main              main.o
    0x080031ea   0x080031ea   0x0000000c   Code   RO         4594    i.makeFreeRtosPriority  cmsis_os.o
    0x080031f6   0x080031f6   0x00000002   PAD
    0x080031f8   0x080031f8   0x0000004c   Code   RO          250    i.nrf_sand_rc       24l01.o
    0x08003244   0x08003244   0x00000030   Code   RO          642    i.offest_Limit      gpio.o
    0x08003274   0x08003274   0x000000a8   Code   RO           26    i.oled_dis_str      oled.o
    0x0800331c   0x0800331c   0x00000038   Code   RO           27    i.oled_show_RC_data  oled.o
    0x08003354   0x08003354   0x00000038   Code   RO           28    i.oled_show_offest_data  oled.o
    0x0800338c   0x0800338c   0x0000000e   Code   RO         4596    i.osDelay           cmsis_os.o
    0x0800339a   0x0800339a   0x0000000a   Code   RO         4599    i.osKernelStart     cmsis_os.o
    0x080033a4   0x080033a4   0x0000005c   Code   RO         4603    i.osMailCreate      cmsis_os.o
    0x08003400   0x08003400   0x00000094   Code   RO         4605    i.osMailGet         cmsis_os.o
    0x08003494   0x08003494   0x0000005c   Code   RO         4606    i.osMailPut         cmsis_os.o
    0x080034f0   0x080034f0   0x0000005e   Code   RO         4620    i.osPoolCreate      cmsis_os.o
    0x0800354e   0x0800354e   0x00000026   Code   RO         4625    i.osSemaphoreCreate  cmsis_os.o
    0x08003574   0x08003574   0x00000050   Code   RO         4628    i.osSemaphoreRelease  cmsis_os.o
    0x080035c4   0x080035c4   0x00000068   Code   RO         4629    i.osSemaphoreWait   cmsis_os.o
    0x0800362c   0x0800362c   0x00000014   Code   RO         4632    i.osSystickHandler  cmsis_os.o
    0x08003640   0x08003640   0x0000002e   Code   RO         4633    i.osThreadCreate    cmsis_os.o
    0x0800366e   0x0800366e   0x00000002   PAD
    0x08003670   0x08003670   0x00000070   Code   RO         4305    i.prvAddCurrentTaskToDelayedList  tasks.o
    0x080036e0   0x080036e0   0x000000d0   Code   RO         4306    i.prvAddNewTaskToReadyList  tasks.o
    0x080037b0   0x080037b0   0x00000050   Code   RO         4307    i.prvCheckTasksWaitingTermination  tasks.o
    0x08003800   0x08003800   0x00000026   Code   RO         4165    i.prvCopyDataFromQueue  queue.o
    0x08003826   0x08003826   0x0000006c   Code   RO         4166    i.prvCopyDataToQueue  queue.o
    0x08003892   0x08003892   0x00000014   Code   RO         4308    i.prvDeleteTCB      tasks.o
    0x080038a6   0x080038a6   0x00000002   PAD
    0x080038a8   0x080038a8   0x0000004c   Code   RO         3885    i.prvHeapInit       heap_4.o
    0x080038f4   0x080038f4   0x00000028   Code   RO         4309    i.prvIdleTask       tasks.o
    0x0800391c   0x0800391c   0x0000008e   Code   RO         4310    i.prvInitialiseNewTask  tasks.o
    0x080039aa   0x080039aa   0x00000002   PAD
    0x080039ac   0x080039ac   0x0000004c   Code   RO         3886    i.prvInsertBlockIntoFreeList  heap_4.o
    0x080039f8   0x080039f8   0x0000001c   Code   RO         4167    i.prvIsQueueEmpty   queue.o
    0x08003a14   0x08003a14   0x00000020   Code   RO         4311    i.prvResetNextTaskUnblockTime  tasks.o
    0x08003a34   0x08003a34   0x00000028   Code   RO         3960    i.prvTaskExitError  port.o
    0x08003a5c   0x08003a5c   0x0000006a   Code   RO         4168    i.prvUnlockQueue    queue.o
    0x08003ac6   0x08003ac6   0x00000002   PAD
    0x08003ac8   0x08003ac8   0x000000d8   Code   RO         3887    i.pvPortMalloc      heap_4.o
    0x08003ba0   0x08003ba0   0x00000018   Code   RO         4313    i.pvTaskIncrementMutexHeldCount  tasks.o
    0x08003bb8   0x08003bb8   0x00000024   Code   RO         3961    i.pxPortInitialiseStack  port.o
    0x08003bdc   0x08003bdc   0x00000024   Code   RO         4128    i.uxListRemove      list.o
    0x08003c00   0x08003c00   0x00000016   Code   RO         4129    i.vListInitialise   list.o
    0x08003c16   0x08003c16   0x00000006   Code   RO         4130    i.vListInitialiseItem  list.o
    0x08003c1c   0x08003c1c   0x00000030   Code   RO         4131    i.vListInsert       list.o
    0x08003c4c   0x08003c4c   0x00000018   Code   RO         4132    i.vListInsertEnd    list.o
    0x08003c64   0x08003c64   0x00000040   Code   RO         3963    i.vPortEnterCritical  port.o
    0x08003ca4   0x08003ca4   0x00000028   Code   RO         3964    i.vPortExitCritical  port.o
    0x08003ccc   0x08003ccc   0x0000005c   Code   RO         3888    i.vPortFree         heap_4.o
    0x08003d28   0x08003d28   0x00000020   Code   RO         3965    i.vPortSetupTimerInterrupt  port.o
    0x08003d48   0x08003d48   0x00000054   Code   RO         3966    i.vPortValidateInterruptPriority  port.o
    0x08003d9c   0x08003d9c   0x0000004c   Code   RO         4319    i.vTaskDelay        tasks.o
    0x08003de8   0x08003de8   0x0000000c   Code   RO         4322    i.vTaskMissedYield  tasks.o
    0x08003df4   0x08003df4   0x00000030   Code   RO         4324    i.vTaskPlaceOnEventList  tasks.o
    0x08003e24   0x08003e24   0x00000084   Code   RO         4326    i.vTaskPriorityInherit  tasks.o
    0x08003ea8   0x08003ea8   0x00000024   Code   RO         4329    i.vTaskSetTimeOutState  tasks.o
    0x08003ecc   0x08003ecc   0x00000068   Code   RO         4330    i.vTaskStartScheduler  tasks.o
    0x08003f34   0x08003f34   0x00000010   Code   RO         4332    i.vTaskSuspendAll   tasks.o
    0x08003f44   0x08003f44   0x0000005c   Code   RO         4333    i.vTaskSwitchContext  tasks.o
    0x08003fa0   0x08003fa0   0x00000074   Code   RO         3967    i.xPortStartScheduler  port.o
    0x08004014   0x08004014   0x0000002c   Code   RO         3968    i.xPortSysTickHandler  port.o
    0x08004040   0x08004040   0x00000048   Code   RO         4176    i.xQueueGenericCreate  queue.o
    0x08004088   0x08004088   0x0000016c   Code   RO         4177    i.xQueueGenericReceive  queue.o
    0x080041f4   0x080041f4   0x00000088   Code   RO         4178    i.xQueueGenericReset  queue.o
    0x0800427c   0x0800427c   0x00000160   Code   RO         4179    i.xQueueGenericSend  queue.o
    0x080043dc   0x080043dc   0x000000bc   Code   RO         4180    i.xQueueGenericSendFromISR  queue.o
    0x08004498   0x08004498   0x0000009c   Code   RO         4181    i.xQueueGiveFromISR  queue.o
    0x08004534   0x08004534   0x0000009a   Code   RO         4185    i.xQueueReceiveFromISR  queue.o
    0x080045ce   0x080045ce   0x00000002   PAD
    0x080045d0   0x080045d0   0x0000006c   Code   RO         4334    i.xTaskCheckForTimeOut  tasks.o
    0x0800463c   0x0800463c   0x00000056   Code   RO         4335    i.xTaskCreate       tasks.o
    0x08004692   0x08004692   0x00000002   PAD
    0x08004694   0x08004694   0x0000001c   Code   RO         4339    i.xTaskGetSchedulerState  tasks.o
    0x080046b0   0x080046b0   0x000000c8   Code   RO         4342    i.xTaskIncrementTick  tasks.o
    0x08004778   0x08004778   0x00000098   Code   RO         4345    i.xTaskPriorityDisinherit  tasks.o
    0x08004810   0x08004810   0x00000074   Code   RO         4346    i.xTaskRemoveFromEventList  tasks.o
    0x08004884   0x08004884   0x000000c4   Code   RO         4348    i.xTaskResumeAll    tasks.o
    0x08004948   0x08004948   0x00000818   Data   RO           29    .constdata          oled.o
    0x08005160   0x08005160   0x0000000a   Data   RO          252    .constdata          24l01.o
    0x0800516a   0x0800516a   0x00000002   PAD
    0x0800516c   0x0800516c   0x000000b0   Data   RO          743    .constdata          freertos.o
    0x0800521c   0x0800521c   0x00000010   Data   RO         3852    .constdata          system_stm32f1xx.o
    0x0800522c   0x0800522c   0x00000008   Data   RO         3853    .constdata          system_stm32f1xx.o
    0x08005234   0x08005234   0x00000053   Data   RO          744    .conststring        freertos.o
    0x08005287   0x08005287   0x00000001   PAD
    0x08005288   0x08005288   0x00000020   Data   RO         5007    Region$$Table       anon$$obj.o


    Execution Region RW_IRAM1 (Exec base: 0x20000000, Load base: 0x080052a8, Size: 0x000037a0, Max: 0x00005000, ABSOLUTE)

    Exec Addr    Load Addr    Size         Type   Attr      Idx    E Section Name        Object

    0x20000000   0x080052a8   0x00000002   Data   RW           30    .data               oled.o
    0x20000002   0x080052aa   0x00000003   Data   RW          253    .data               24l01.o
    0x20000005   0x080052ad   0x00000002   Data   RW          643    .data               gpio.o
    0x20000007   0x080052af   0x00000001   PAD
    0x20000008   0x080052b0   0x00000008   Data   RW          686    .data               adc.o
    0x20000010   0x080052b8   0x00000040   Data   RW          745    .data               freertos.o
    0x20000050   0x080052f8   0x0000000c   Data   RW         2985    .data               stm32f1xx_hal.o
    0x2000005c   0x08005304   0x00000004   Data   RW         3854    .data               system_stm32f1xx.o
    0x20000060   0x08005308   0x00000018   Data   RW         3893    .data               heap_4.o
    0x20000078   0x08005320   0x0000000c   Data   RW         3969    .data               port.o
    0x20000084   0x0800532c   0x0000003c   Data   RW         4351    .data               tasks.o
    0x200000c0        -       0x00000042   Zero   RW          251    .bss                24l01.o
    0x20000102   0x08005368   0x00000002   PAD
    0x20000104        -       0x00000410   Zero   RW          493    .bss                stmflash.o
    0x20000514        -       0x00000030   Zero   RW          685    .bss                adc.o
    0x20000544        -       0x00000054   Zero   RW          848    .bss                i2c.o
    0x20000598        -       0x00000058   Zero   RW          890    .bss                spi.o
    0x200005f0        -       0x00000040   Zero   RW          932    .bss                usart.o
    0x20000630        -       0x00000460   Zero   RW          974    .bss                usb.o
    0x20000a90        -       0x00000020   Zero   RW         3676    .bss                stm32f1xx_hal_flash.o
    0x20000ab0        -       0x00002800   Zero   RW         3892    .bss                heap_4.o
    0x200032b0        -       0x000000f0   Zero   RW         4350    .bss                tasks.o
    0x200033a0        -       0x00000400   Zero   RW            1    STACK               startup_stm32f103xb.o


==============================================================================

Image component sizes


      Code (inc. data)   RO Data    RW Data    ZI Data      Debug   Object Name

       792         90         10          3         66      25070   24l01.o
       364         56          0          8         48       2929   adc.o
       762         20          0          0          0      21189   cmsis_os.o
         0          0          0          0          0       8140   event_groups.o
       824         94        259         64          0       9782   freertos.o
       520         38          0          2          0       2772   gpio.o
       460         24          0         24      10240       8827   heap_4.o
       152         44          0          0         84       1625   i2c.o
       136          0          0          0          0       3490   list.o
       198          0          0          0          0      23013   main.o
      1014        138       2072          2          0     459560   oled.o
       606         72          0         12          0      11221   port.o
      1702         14          0          0          0      15064   queue.o
       180         40          0          0         88       1661   spi.o
        36          8        236          0       1024        816   startup_stm32f103xb.o
       164         28          0         12          0       3953   stm32f1xx_hal.o
      1226         54          0          0          0       6628   stm32f1xx_hal_adc.o
       218         14          0          0          0      26457   stm32f1xx_hal_cortex.o
       392         46          0          0         32       4854   stm32f1xx_hal_flash.o
       240         26          0          0          0       3309   stm32f1xx_hal_flash_ex.o
       496         42          0          0          0       4779   stm32f1xx_hal_gpio.o
      1224         32          0          0          0       9195   stm32f1xx_hal_i2c.o
       144         10          0          0          0        942   stm32f1xx_hal_msp.o
       192          0          0          0          0       1464   stm32f1xx_hal_pcd.o
      1296        104          0          0          0       5752   stm32f1xx_hal_rcc.o
       436         46          0          0          0       2581   stm32f1xx_hal_rcc_ex.o
       654          0          0          0          0       3678   stm32f1xx_hal_spi.o
       130          0          0          0          0       1095   stm32f1xx_hal_spi_ex.o
       466          4          0          0          0       1952   stm32f1xx_hal_uart.o
        32          0          0          0          0       3546   stm32f1xx_it.o
        70          0          0          0          0       3907   stm32f1xx_ll_usb.o
       282          6          0          0       1040       3077   stmflash.o
        72         16         24          4          0       1211   system_stm32f1xx.o
      2060        172          0         60        240      22033   tasks.o
       164         36          0          0         64       1686   usart.o
       116         36          0          0       1120       1550   usb.o

    ----------------------------------------------------------------------
     17858       1310       2636        192      14048     708808   Object Totals
         0          0         32          0          0          0   (incl. Generated)
        38          0          3          1          2          0   (incl. Padding)

    ----------------------------------------------------------------------

      Code (inc. data)   RO Data    RW Data    ZI Data      Debug   Library Member Name

         0          0          0          0          0          0   entry.o
         0          0          0          0          0          0   entry10a.o
         0          0          0          0          0          0   entry11a.o
         8          4          0          0          0          0   entry2.o
         4          0          0          0          0          0   entry5.o
         0          0          0          0          0          0   entry7b.o
         0          0          0          0          0          0   entry8b.o
         8          4          0          0          0          0   entry9a.o
        30          0          0          0          0          0   handlers.o
        36          8          0          0          0         68   init.o
         0          0          0          0          0          0   iusefp.o
        32          0          0          0          0         68   llushr.o
        36          0          0          0          0         68   memcpya.o
       176          0          0          0          0        140   fadd.o
       110          0          0          0          0        168   fepilogue.o
        50          0          0          0          0         68   ffixi.o
        40          0          0          0          0         68   ffixui.o
        10          0          0          0          0         68   ffltui.o
       100          0          0          0          0         76   fmul.o
        24          0          0          0          0         68   fscalb.o

    ----------------------------------------------------------------------
       666         16          0          0          0        860   Library Totals
         2          0          0          0          0          0   (incl. Padding)

    ----------------------------------------------------------------------

      Code (inc. data)   RO Data    RW Data    ZI Data      Debug   Library Name

       154         16          0          0          0        204   mc_w.l
       510          0          0          0          0        656   mf_w.l

    ----------------------------------------------------------------------
       666         16          0          0          0        860   Library Totals

    ----------------------------------------------------------------------

==============================================================================


      Code (inc. data)   RO Data    RW Data    ZI Data      Debug   

     18524       1326       2636        192      14048     699940   Grand Totals
     18524       1326       2636        192      14048     699940   ELF Image Totals
     18524       1326       2636        192          0          0   ROM Totals

==============================================================================

    Total RO  Size (Code + RO Data)                21160 (  20.66kB)
    Total RW  Size (RW Data + ZI Data)             14240 (  13.91kB)
    Total ROM Size (Code + RO Data + RW Data)      21352 (  20.85kB)

==============================================================================

