Component: ARM Compiler 5.06 update 6 (build 750) Tool: armlink [4d35ed]

==============================================================================

Section Cross References

    main.o(i.main) refers to system.o(i.System_Init) for System_Init
    main.o(i.main) refers to system.o(i.Task_Schedule) for Task_Schedule
    stm32f0xx_it.o(i.EXTI0_1_IRQHandler) refers to stm32f0xx_exti.o(i.EXTI_GetITStatus) for EXTI_GetITStatus
    stm32f0xx_it.o(i.EXTI0_1_IRQHandler) refers to si24r1.o(i.SI24R1_read_reg) for SI24R1_read_reg
    stm32f0xx_it.o(i.EXTI0_1_IRQHandler) refers to si24r1.o(i.SI24R1set_Mode) for SI24R1set_Mode
    stm32f0xx_it.o(i.EXTI0_1_IRQHandler) refers to si24r1.o(i.SI24R1_write_reg) for SI24R1_write_reg
    stm32f0xx_it.o(i.EXTI0_1_IRQHandler) refers to si24r1.o(i.SI24R1_RxPacket) for SI24R1_RxPacket
    stm32f0xx_it.o(i.EXTI0_1_IRQHandler) refers to remotedata.o(i.Remote_Data_ReceiveAnalysis) for Remote_Data_ReceiveAnalysis
    stm32f0xx_it.o(i.EXTI0_1_IRQHandler) refers to stm32f0xx_exti.o(i.EXTI_ClearITPendingBit) for EXTI_ClearITPendingBit
    stm32f0xx_it.o(i.EXTI0_1_IRQHandler) refers to si24r1.o(.bss) for SI24R1_RX_DATA
    stm32f0xx_it.o(i.NMI_Handler) refers to stm32f0xx_rcc.o(i.RCC_GetITStatus) for RCC_GetITStatus
    stm32f0xx_it.o(i.NMI_Handler) refers to stm32f0xx_rcc.o(i.RCC_HSEConfig) for RCC_HSEConfig
    stm32f0xx_it.o(i.NMI_Handler) refers to stm32f0xx_rcc.o(i.RCC_ITConfig) for RCC_ITConfig
    stm32f0xx_it.o(i.NMI_Handler) refers to stm32f0xx_rcc.o(i.RCC_ClearITPendingBit) for RCC_ClearITPendingBit
    stm32f0xx_it.o(i.SysTick_Handler) refers to delay.o(.data) for sysTickUptime
    stm32f0xx_it.o(i.TIM2_IRQHandler) refers to stm32f0xx_tim.o(i.TIM_GetITStatus) for TIM_GetITStatus
    stm32f0xx_it.o(i.TIM2_IRQHandler) refers to stm32f0xx_tim.o(i.TIM_ClearITPendingBit) for TIM_ClearITPendingBit
    stm32f0xx_it.o(i.TIM2_IRQHandler) refers to stm32f0xx_it.o(.data) for .data
    stm32f0xx_it.o(i.USART1_IRQHandler) refers to stm32f0xx_usart.o(i.USART_GetITStatus) for USART_GetITStatus
    stm32f0xx_it.o(i.USART1_IRQHandler) refers to ano_dt.o(i.ANO_DT_Data_Receive_Prepare) for ANO_DT_Data_Receive_Prepare
    stm32f0xx_it.o(i.USART1_IRQHandler) refers to stm32f0xx_usart.o(i.USART_ClearITPendingBit) for USART_ClearITPendingBit
    delay.o(i.Delay_Init) refers to stm32f0xx_misc.o(i.SysTick_CLKSourceConfig) for SysTick_CLKSourceConfig
    delay.o(i.Delay_Init) refers to aeabi_sdiv.o(.text) for __aeabi_uidivmod
    delay.o(i.Delay_Init) refers to system_stm32f0xx.o(.data) for SystemCoreClock
    delay.o(i.Delay_Init) refers to delay.o(.data) for .data
    delay.o(i.Delay_ms) refers to delay.o(.data) for .data
    delay.o(i.Delay_us) refers to delay.o(.data) for .data
    led.o(i.LED_Init) refers to stm32f0xx_rcc.o(i.RCC_AHBPeriphClockCmd) for RCC_AHBPeriphClockCmd
    led.o(i.LED_Init) refers to stm32f0xx_gpio.o(i.GPIO_Init) for GPIO_Init
    led.o(i.LED_Init) refers to stm32f0xx_gpio.o(i.GPIO_SetBits) for GPIO_SetBits
    led.o(i.LED_Run) refers to stm32f0xx_gpio.o(i.GPIO_SetBits) for GPIO_SetBits
    led.o(i.LED_Run) refers to stm32f0xx_gpio.o(i.GPIO_ResetBits) for GPIO_ResetBits
    led.o(i.LED_Run) refers to led.o(.data) for .data
    usart.o(i.USART_init) refers to stm32f0xx_rcc.o(i.RCC_APB2PeriphClockCmd) for RCC_APB2PeriphClockCmd
    usart.o(i.USART_init) refers to stm32f0xx_rcc.o(i.RCC_AHBPeriphClockCmd) for RCC_AHBPeriphClockCmd
    usart.o(i.USART_init) refers to stm32f0xx_gpio.o(i.GPIO_PinAFConfig) for GPIO_PinAFConfig
    usart.o(i.USART_init) refers to stm32f0xx_gpio.o(i.GPIO_Init) for GPIO_Init
    usart.o(i.USART_init) refers to stm32f0xx_usart.o(i.USART_Init) for USART_Init
    usart.o(i.USART_init) refers to stm32f0xx_usart.o(i.USART_ITConfig) for USART_ITConfig
    usart.o(i.USART_init) refers to stm32f0xx_usart.o(i.USART_Cmd) for USART_Cmd
    usart.o(i.fputc) refers to stm32f0xx_usart.o(i.USART_SendData) for USART_SendData
    usart.o(i.fputc) refers to stm32f0xx_usart.o(i.USART_GetFlagStatus) for USART_GetFlagStatus
    usart.o(i.usart_send) refers to stm32f0xx_usart.o(i.USART_SendData) for USART_SendData
    usart.o(i.usart_send) refers to stm32f0xx_usart.o(i.USART_GetFlagStatus) for USART_GetFlagStatus
    exit.o(i.Exit_Init) refers to stm32f0xx_rcc.o(i.RCC_AHBPeriphClockCmd) for RCC_AHBPeriphClockCmd
    exit.o(i.Exit_Init) refers to stm32f0xx_rcc.o(i.RCC_APB2PeriphClockCmd) for RCC_APB2PeriphClockCmd
    exit.o(i.Exit_Init) refers to stm32f0xx_syscfg.o(i.SYSCFG_EXTILineConfig) for SYSCFG_EXTILineConfig
    exit.o(i.Exit_Init) refers to stm32f0xx_gpio.o(i.GPIO_Init) for GPIO_Init
    exit.o(i.Exit_Init) refers to stm32f0xx_exti.o(i.EXTI_Init) for EXTI_Init
    flash.o(i.STMFLASH_Write) refers to stm32f0xx_flash.o(i.FLASH_Unlock) for FLASH_Unlock
    flash.o(i.STMFLASH_Write) refers to stm32f0xx_flash.o(i.FLASH_ErasePage) for FLASH_ErasePage
    flash.o(i.STMFLASH_Write) refers to stm32f0xx_flash.o(i.FLASH_ProgramWord) for FLASH_ProgramWord
[...]
    ms10                                     0x2000000a   Data           2  stm32f0xx_it.o(.data)
    ms100                                    0x2000000c   Data           2  stm32f0xx_it.o(.data)
    ms200                                    0x2000000e   Data           2  stm32f0xx_it.o(.data)
    ms400                                    0x20000010   Data           2  stm32f0xx_it.o(.data)
    .data                                    0x20000012   Section        4  delay.o(.data)
    D_us                                     0x20000012   Data           1  delay.o(.data)
    D_ms                                     0x20000014   Data           2  delay.o(.data)
    .data                                    0x20000018   Section        4  delay.o(.data)
    .data                                    0x2000001c   Section        1  led.o(.data)
    .data                                    0x2000001d   Section        1  led.o(.data)
    flag                                     0x2000001d   Data           1  led.o(.data)
    .data                                    0x20000020   Section       40  mpu6050.o(.data)
    cnt_a                                    0x20000022   Data           2  mpu6050.o(.data)
    tempgx                                   0x20000024   Data           4  mpu6050.o(.data)
    tempgy                                   0x20000028   Data           4  mpu6050.o(.data)
    tempgz                                   0x2000002c   Data           4  mpu6050.o(.data)
    .data                                    0x20000048   Section       32  imu.o(.data)
    IIR_mode                                 0x20000049   Data           1  imu.o(.data)
    .data                                    0x20000068   Section       14  filter.o(.data)
    cnt                                      0x20000068   Data           1  filter.o(.data)
    flag                                     0x20000069   Data           1  filter.o(.data)
    cnt                                      0x2000006a   Data           1  filter.o(.data)
    flag                                     0x2000006b   Data           1  filter.o(.data)
    cnt                                      0x2000006c   Data           1  filter.o(.data)
    flag                                     0x2000006d   Data           1  filter.o(.data)
    cnt                                      0x2000006e   Data           1  filter.o(.data)
    flag                                     0x2000006f   Data           1  filter.o(.data)
    cnt                                      0x20000070   Data           1  filter.o(.data)
    flag                                     0x20000071   Data           1  filter.o(.data)
    cnt                                      0x20000072   Data           1  filter.o(.data)
    flag                                     0x20000073   Data           1  filter.o(.data)
    cnt                                      0x20000074   Data           1  filter.o(.data)
    flag                                     0x20000075   Data           1  filter.o(.data)
    .data                                    0x20000078   Section       20  control.o(.data)
    YAW                                      0x2000007a   Data           2  control.o(.data)
    .data                                    0x2000008c   Section        1  control.o(.data)
    .data                                    0x2000008d   Section        9  ano_dt.o(.data)
    status_cnt                               0x2000008e   Data           1  ano_dt.o(.data)
    senser_cnt                               0x2000008f   Data           1  ano_dt.o(.data)
    rcdata_cnt                               0x20000090   Data           1  ano_dt.o(.data)
    motopwm_cnt                              0x20000091   Data           1  ano_dt.o(.data)
    power_cnt                                0x20000092   Data           1  ano_dt.o(.data)
    _data_len                                0x20000093   Data           1  ano_dt.o(.data)
    _data_cnt                                0x20000094   Data           1  ano_dt.o(.data)
    state                                    0x20000095   Data           1  ano_dt.o(.data)
    .data                                    0x20000096   Section        8  remotedata.o(.data)
    Pre_mode                                 0x20000096   Data           1  remotedata.o(.data)
    PreDataID                                0x20000097   Data           1  remotedata.o(.data)
    time1                                    0x2000009a   Data           2  remotedata.o(.data)
    time2                                    0x2000009c   Data           2  remotedata.o(.data)
    .data                                    0x2000009e   Section       18  si24r1.o(.data)
    mode                                     0x2000009f   Data           1  si24r1.o(.data)
    key                                      0x200000a0   Data           1  si24r1.o(.data)
    .data                                    0x200000b0   Section       24  power.o(.data)
    cnt                                      0x200000b1   Data           1  power.o(.data)
    cnt1                                     0x200000b2   Data           1  power.o(.data)
    .data                                    0x200000c8   Section       20  system_stm32f0xx.o(.data)
    .data                                    0x200000dc   Section       16  stm32f0xx_rcc.o(.data)
    APBAHBPrescTable                         0x200000dc   Data          16  stm32f0xx_rcc.o(.data)
    .bss                                     0x200000ec   Section       14  mpu6050.o(.bss)
    MPU6050_buff                             0x200000ec   Data          14  mpu6050.o(.bss)
    .bss                                     0x200000fc   Section       12  imu.o(.bss)
    .bss                                     0x20000108   Section       84  imu.o(.bss)
    .bss                                     0x2000015c   Section     1280  filter.o(.bss)
    buf                                      0x2000015c   Data          80  filter.o(.bss)
    buf                                      0x200001ac   Data          80  filter.o(.bss)
    bufx                                     0x200001fc   Data          80  filter.o(.bss)
    bufy                                     0x2000024c   Data          80  filter.o(.bss)
    bufz                                     0x2000029c   Data          80  filter.o(.bss)
    bufax                                    0x200002ec   Data          80  filter.o(.bss)
    bufay                                    0x2000033c   Data          80  filter.o(.bss)
    bufaz                                    0x2000038c   Data          80  filter.o(.bss)
    bufgx                                    0x200003dc   Data          80  filter.o(.bss)
    bufgy                                    0x2000042c   Data          80  filter.o(.bss)
    bufgz                                    0x2000047c   Data          80  filter.o(.bss)
    bufax                                    0x200004cc   Data          80  filter.o(.bss)
    bufay                                    0x2000051c   Data          80  filter.o(.bss)
    bufaz                                    0x2000056c   Data          80  filter.o(.bss)
    buf                                      0x200005bc   Data          80  filter.o(.bss)
    buf                                      0x2000060c   Data          80  filter.o(.bss)
    .bss                                     0x2000065c   Section      360  control.o(.bss)
    .bss                                     0x200007c4   Section       60  control.o(.bss)
    .bss                                     0x20000800   Section       60  control.o(.bss)
    .bss                                     0x2000083c   Section       62  paramsave.o(.bss)
    .bss                                     0x2000087a   Section      110  ano_dt.o(.bss)
    RxBuffer                                 0x2000087a   Data          50  ano_dt.o(.bss)
    .bss                                     0x200008e8   Section       10  remotedata.o(.bss)
    .bss                                     0x200008f4   Section       12  bmp280.o(.bss)
    .bss                                     0x20000900   Section       32  si24r1.o(.bss)
    .bss                                     0x20000920   Section       32  si24r1.o(.bss)
    .bss                                     0x20000940   Section       96  libspace.o(.bss)
    HEAP                                     0x200009a0   Section      512  startup_stm32f072.o(HEAP)
    Heap_Mem                                 0x200009a0   Data         512  startup_stm32f072.o(HEAP)
    STACK                                    0x20000ba0   Section     1024  startup_stm32f072.o(STACK)
    Stack_Mem                                0x20000ba0   Data        1024  startup_stm32f072.o(STACK)
    __initial_sp                             0x20000fa0   Data           0  startup_stm32f072.o(STACK)

    Global Symbols

    Symbol Name                              Value     Ov Type        Size  Object(Section)

    BuildAttributes$$THM_ISAv3M$S$PE$A:L22$X:L11$S22$IEEE1$IW$USESV6$~STKCKD$USESV7$~SHL$OTIME$ROPI$IEEEX$EBA8$UX$STANDARDLIB$REQ8$PRES8$EABIv2 0x00000000   Number         0  anon$$obj.o ABSOLUTE
    __ARM_use_no_argv                        0x00000000   Number         0  main.o ABSOLUTE
    __ARM_exceptions_init                     - Undefined Weak Reference
    __alloca_initialize                       - Undefined Weak Reference
    __arm_preinit_                            - Undefined Weak Reference
    __cpp_initialize__aeabi_                  - Undefined Weak Reference
    __cxa_finalize                            - Undefined Weak Reference
    __rt_locale                               - Undefined Weak Reference
    __sigvec_lookup                           - Undefined Weak Reference
    __user_heap_extent                        - Undefined Weak Reference
    _atexit_init                              - Undefined Weak Reference
    _call_atexit_fns                          - Undefined Weak Reference
    _clock_init                               - Undefined Weak Reference
    _fp_trap_init                             - Undefined Weak Reference
    _fp_trap_shutdown                         - Undefined Weak Reference
    _get_lc_collate                           - Undefined Weak Reference
    _get_lc_ctype                             - Undefined Weak Reference
    _get_lc_monetary                          - Undefined Weak Reference
    _get_lc_numeric                           - Undefined Weak Reference
    _get_lc_time                              - Undefined Weak Reference
    _getenv_init                              - Undefined Weak Reference
    _handle_redirection                       - Undefined Weak Reference
    _mutex_acquire                            - Undefined Weak Reference
    _mutex_free                               - Undefined Weak Reference
    _mutex_release                            - Undefined Weak Reference
    _printf_post_padding                      - Undefined Weak Reference
    _printf_pre_padding                       - Undefined Weak Reference
    _printf_truncate_unsigned                 - Undefined Weak Reference
    _signal_finish                            - Undefined Weak Reference
    _signal_init                              - Undefined Weak Reference
    __Vectors_Size                           0x000000c0   Number         0  startup_stm32f072.o ABSOLUTE
    __Vectors                                0x08000000   Data           4  startup_stm32f072.o(RESET)
    __Vectors_End                            0x080000c0   Data           0  startup_stm32f072.o(RESET)
    __main                                   0x080000c1   Thumb Code     8  __main.o(!!!main)
    __scatterload                            0x080000c9   Thumb Code     0  __scatter.o(!!!scatter)
    __scatterload_rt2                        0x080000c9   Thumb Code    52  __scatter.o(!!!scatter)
    __scatterload_rt2_thumb_only             0x080000c9   Thumb Code     0  __scatter.o(!!!scatter)
    __scatterload_null                       0x080000d9   Thumb Code     0  __scatter.o(!!!scatter)
    __scatterload_copy                       0x08000105   Thumb Code    26  __scatter_copy.o(!!handler_copy)
    __scatterload_zeroinit                   0x08000121   Thumb Code    28  __scatter_zi.o(!!handler_zi)
    __rt_lib_init                            0x0800013d   Thumb Code     0  libinit.o(.ARM.Collect$$libinit$$00000000)
    __rt_lib_init_alloca_1                   0x0800013f   Thumb Code     0  libinit2.o(.ARM.Collect$$libinit$$0000002E)
    __rt_lib_init_argv_1                     0x0800013f   Thumb Code     0  libinit2.o(.ARM.Collect$$libinit$$0000002C)
    __rt_lib_init_atexit_1                   0x0800013f   Thumb Code     0  libinit2.o(.ARM.Collect$$libinit$$0000001B)
    __rt_lib_init_clock_1                    0x0800013f   Thumb Code     0  libinit2.o(.ARM.Collect$$libinit$$00000021)
    __rt_lib_init_cpp_1                      0x0800013f   Thumb Code     0  libinit2.o(.ARM.Collect$$libinit$$00000032)
    __rt_lib_init_exceptions_1               0x0800013f   Thumb Code     0  libinit2.o(.ARM.Collect$$libinit$$00000030)
    __rt_lib_init_fp_1                       0x0800013f   Thumb Code     0  libinit2.o(.ARM.Collect$$libinit$$00000002)
    __rt_lib_init_fp_trap_1                  0x0800013f   Thumb Code     0  libinit2.o(.ARM.Collect$$libinit$$0000001F)
    __rt_lib_init_getenv_1                   0x0800013f   Thumb Code     0  libinit2.o(.ARM.Collect$$libinit$$00000023)
    __rt_lib_init_heap_1                     0x0800013f   Thumb Code     0  libinit2.o(.ARM.Collect$$libinit$$0000000A)
    __rt_lib_init_lc_collate_1               0x0800013f   Thumb Code     0  libinit2.o(.ARM.Collect$$libinit$$00000011)
    __rt_lib_init_lc_ctype_1                 0x0800013f   Thumb Code     0  libinit2.o(.ARM.Collect$$libinit$$00000013)
    __rt_lib_init_lc_monetary_1              0x0800013f   Thumb Code     0  libinit2.o(.ARM.Collect$$libinit$$00000015)
    __rt_lib_init_lc_numeric_1               0x0800013f   Thumb Code     0  libinit2.o(.ARM.Collect$$libinit$$00000017)
    __rt_lib_init_lc_time_1                  0x0800013f   Thumb Code     0  libinit2.o(.ARM.Collect$$libinit$$00000019)
    __rt_lib_init_preinit_1                  0x0800013f   Thumb Code     0  libinit2.o(.ARM.Collect$$libinit$$00000004)
    __rt_lib_init_rand_1                     0x0800013f   Thumb Code     0  libinit2.o(.ARM.Collect$$libinit$$0000000E)
    __rt_lib_init_return                     0x0800013f   Thumb Code     0  libinit2.o(.ARM.Collect$$libinit$$00000033)
    __rt_lib_init_signal_1                   0x0800013f   Thumb Code     0  libinit2.o(.ARM.Collect$$libinit$$0000001D)
    __rt_lib_init_stdio_1                    0x0800013f   Thumb Code     0  libinit2.o(.ARM.Collect$$libinit$$00000025)
    __rt_lib_init_user_alloc_1               0x0800013f   Thumb Code     0  libinit2.o(.ARM.Collect$$libinit$$0000000C)
    __rt_lib_shutdown                        0x08000141   Thumb Code     0  libshutdown.o(.ARM.Collect$$libshutdown$$00000000)
    __rt_lib_shutdown_cpp_1                  0x08000143   Thumb Code     0  libshutdown2.o(.ARM.Collect$$libshutdown$$00000002)
    __rt_lib_shutdown_fp_trap_1              0x08000143   Thumb Code     0  libshutdown2.o(.ARM.Collect$$libshutdown$$00000007)
    __rt_lib_shutdown_heap_1                 0x08000143   Thumb Code     0  libshutdown2.o(.ARM.Collect$$libshutdown$$0000000F)
    __rt_lib_shutdown_return                 0x08000143   Thumb Code     0  libshutdown2.o(.ARM.Collect$$libshutdown$$00000010)
    __rt_lib_shutdown_signal_1               0x08000143   Thumb Code     0  libshutdown2.o(.ARM.Collect$$libshutdown$$0000000A)
    __rt_lib_shutdown_stdio_1                0x08000143   Thumb Code     0  libshutdown2.o(.ARM.Collect$$libshutdown$$00000004)
    __rt_lib_shutdown_user_alloc_1           0x08000143   Thumb Code     0  libshutdown2.o(.ARM.Collect$$libshutdown$$0000000C)
    __rt_entry                               0x08000145   Thumb Code     0  __rtentry.o(.ARM.Collect$$rtentry$$00000000)
    __rt_entry_presh_1                       0x08000145   Thumb Code     0  __rtentry2.o(.ARM.Collect$$rtentry$$00000002)
    __rt_entry_sh                            0x08000145   Thumb Code     0  __rtentry4.o(.ARM.Collect$$rtentry$$00000004)
    __rt_entry_li                            0x0800014b   Thumb Code     0  __rtentry2.o(.ARM.Collect$$rtentry$$0000000A)
    __rt_entry_postsh_1                      0x0800014b   Thumb Code     0  __rtentry2.o(.ARM.Collect$$rtentry$$00000009)
    __rt_entry_main                          0x0800014f   Thumb Code     0  __rtentry2.o(.ARM.Collect$$rtentry$$0000000D)
    __rt_entry_postli_1                      0x0800014f   Thumb Code     0  __rtentry2.o(.ARM.Collect$$rtentry$$0000000C)
    __rt_exit                                0x08000157   Thumb Code     0  rtexit.o(.ARM.Collect$$rtexit$$00000000)
    __rt_exit_ls                             0x08000159   Thumb Code     0  rtexit2.o(.ARM.Collect$$rtexit$$00000003)
    __rt_exit_prels_1                        0x08000159   Thumb Code     0  rtexit2.o(.ARM.Collect$$rtexit$$00000002)
    __rt_exit_exit                           0x0800015d   Thumb Code     0  rtexit2.o(.ARM.Collect$$rtexit$$00000004)
    __aeabi_memcpy4                          0x08000165   Thumb Code    56  rt_memcpy.o(.emb_text)
    __aeabi_memcpy8                          0x08000165   Thumb Code     0  rt_memcpy.o(.emb_text)
    Reset_Handler                            0x0800019d   Thumb Code    38  startup_stm32f072.o(.text)
    ADC1_COMP_IRQHandler                     0x080001cd   Thumb Code     0  startup_stm32f072.o(.text)
    CEC_CAN_IRQHandler                       0x080001cd   Thumb Code     0  startup_stm32f072.o(.text)
    DMA1_Channel1_IRQHandler                 0x080001cd   Thumb Code     0  startup_stm32f072.o(.text)
    DMA1_Channel2_3_IRQHandler               0x080001cd   Thumb Code     0  startup_stm32f072.o(.text)
    DMA1_Channel4_5_6_7_IRQHandler           0x080001cd   Thumb Code     0  startup_stm32f072.o(.text)
    EXTI2_3_IRQHandler                       0x080001cd   Thumb Code     0  startup_stm32f072.o(.text)
    EXTI4_15_IRQHandler                      0x080001cd   Thumb Code     0  startup_stm32f072.o(.text)
    FLASH_IRQHandler                         0x080001cd   Thumb Code     0  startup_stm32f072.o(.text)
    I2C1_IRQHandler                          0x080001cd   Thumb Code     0  startup_stm32f072.o(.text)
    I2C2_IRQHandler                          0x080001cd   Thumb Code     0  startup_stm32f072.o(.text)
    PVD_VDDIO2_IRQHandler                    0x080001cd   Thumb Code     0  startup_stm32f072.o(.text)
    RCC_CRS_IRQHandler                       0x080001cd   Thumb Code     0  startup_stm32f072.o(.text)
    RTC_IRQHandler                           0x080001cd   Thumb Code     0  startup_stm32f072.o(.text)
    SPI1_IRQHandler                          0x080001cd   Thumb Code     0  startup_stm32f072.o(.text)
    SPI2_IRQHandler                          0x080001cd   Thumb Code     0  startup_stm32f072.o(.text)
    TIM14_IRQHandler                         0x080001cd   Thumb Code     0  startup_stm32f072.o(.text)
    TIM15_IRQHandler                         0x080001cd   Thumb Code     0  startup_stm32f072.o(.text)
    TIM16_IRQHandler                         0x080001cd   Thumb Code     0  startup_stm32f072.o(.text)
    TIM17_IRQHandler                         0x080001cd   Thumb Code     0  startup_stm32f072.o(.text)
    TIM1_BRK_UP_TRG_COM_IRQHandler           0x080001cd   Thumb Code     0  startup_stm32f072.o(.text)
    TIM1_CC_IRQHandler                       0x080001cd   Thumb Code     0  startup_stm32f072.o(.text)
    TIM3_IRQHandler                          0x080001cd   Thumb Code     0  startup_stm32f072.o(.text)
    TIM6_DAC_IRQHandler                      0x080001cd   Thumb Code     0  startup_stm32f072.o(.text)
    TIM7_IRQHandler                          0x080001cd   Thumb Code     0  startup_stm32f072.o(.text)
    TSC_IRQHandler                           0x080001cd   Thumb Code     0  startup_stm32f072.o(.text)
    USART2_IRQHandler                        0x080001cd   Thumb Code     0  startup_stm32f072.o(.text)
    USART3_4_IRQHandler                      0x080001cd   Thumb Code     0  startup_stm32f072.o(.text)
    USB_IRQHandler                           0x080001cd   Thumb Code     0  startup_stm32f072.o(.text)
    WWDG_IRQHandler                          0x080001cd   Thumb Code     0  startup_stm32f072.o(.text)
    __user_initial_stackheap                 0x080001d1   Thumb Code     0  startup_stm32f072.o(.text)
    __aeabi_memcpy                           0x08000211   Thumb Code   130  rt_memcpy.o(.text)
    __rt_memcpy                              0x08000211   Thumb Code     0  rt_memcpy.o(.text)
    __aeabi_uidiv                            0x08000293   Thumb Code     0  aeabi_sdiv.o(.text)
    __aeabi_uidivmod                         0x08000293   Thumb Code    20  aeabi_sdiv.o(.text)
    __aeabi_idiv                             0x080002a7   Thumb Code     0  aeabi_sdiv.o(.text)
    __aeabi_idivmod                          0x080002a7   Thumb Code   326  aeabi_sdiv.o(.text)
    __use_two_region_memory                  0x080003ed   Thumb Code     2  heapauxi.o(.text)
    __rt_heap_escrow                         0x080003ef   Thumb Code     2  heapauxi.o(.text)
    __rt_heap_expand                         0x080003f1   Thumb Code     2  heapauxi.o(.text)
    __aeabi_d2f                              0x080003f5   Thumb Code     0  d2f.o(.text)
    _d2f                                     0x080003f5   Thumb Code   120  d2f.o(.text)
    __aeabi_dadd                             0x08000769   Thumb Code     0  daddsub.o(.text)
    _dadd                                    0x08000769   Thumb Code    26  daddsub.o(.text)
    __aeabi_dsub                             0x08000783   Thumb Code     0  daddsub.o(.text)
    _dsub                                    0x08000783   Thumb Code    22  daddsub.o(.text)
    __aeabi_drsub                            0x08000799   Thumb Code     0  daddsub.o(.text)
    _drsb                                    0x08000799   Thumb Code    28  daddsub.o(.text)
    __aeabi_ddiv                             0x080007c9   Thumb Code     0  ddiv.o(.text)
    _ddiv                                    0x080007c9   Thumb Code  1072  ddiv.o(.text)
    _drdiv                                   0x08000bf9   Thumb Code    20  ddiv.o(.text)
    __aeabi_i2d_normalise                    0x08000c11   Thumb Code    66  dflti.o(.text)
    __aeabi_i2d                              0x08000c53   Thumb Code    16  dflti.o(.text)
    _dflt                                    0x08000c53   Thumb Code     0  dflti.o(.text)
    __aeabi_ui2d                             0x08000c63   Thumb Code     6  dflti.o(.text)
    _dfltu                                   0x08000c63   Thumb Code     0  dflti.o(.text)
    __aeabi_dmul                             0x08000c69   Thumb Code     0  dmul.o(.text)
    _dmul                                    0x08000c69   Thumb Code   558  dmul.o(.text)
    __aeabi_f2d                              0x08000eb1   Thumb Code     0  f2d.o(.text)
    _f2d                                     0x08000eb1   Thumb Code    80  f2d.o(.text)
    __aeabi_fdiv                             0x08000f05   Thumb Code     0  fdiv.o(.text)
    _fdiv                                    0x08000f05   Thumb Code   334  fdiv.o(.text)
    _frdiv                                   0x08001053   Thumb Code     8  fdiv.o(.text)
    __aeabi_f2iz                             0x08001065   Thumb Code     0  ffixi.o(.text)
    _ffix                                    0x08001065   Thumb Code    76  ffixi.o(.text)
    __aeabi_f2uiz                            0x080010b1   Thumb Code     0  ffixui.o(.text)
    _ffixu                                   0x080010b1   Thumb Code    48  ffixui.o(.text)
    __aeabi_i2f_normalise                    0x080010e1   Thumb Code    72  fflti.o(.text)
    __aeabi_i2f                              0x08001129   Thumb Code    16  fflti.o(.text)
    _fflt                                    0x08001129   Thumb Code     0  fflti.o(.text)
    __aeabi_ui2f                             0x08001139   Thumb Code     6  fflti.o(.text)
    _ffltu                                   0x08001139   Thumb Code     0  fflti.o(.text)
    __ARM_scalbnf                            0x08001141   Thumb Code    64  fscalbn.o(.text)
    __read_errno                             0x08001185   Thumb Code    10  _rserrno.o(.text)
    __set_errno                              0x0800118f   Thumb Code    12  _rserrno.o(.text)
    __ARM_scalbn                             0x0800119d   Thumb Code    84  dscalbn.o(.text)
    __fpl_fcmp_InfNaN                        0x080011fd   Thumb Code    96  fcmpin.o(.text)
    _frnd                                    0x08001261   Thumb Code   122  frnd.o(.text)
    __aeabi_errno_addr                       0x080012e1   Thumb Code     8  rt_errno_addr_intlibspace.o(.text)
    __errno$intlibspace                      0x080012e1   Thumb Code     0  rt_errno_addr_intlibspace.o(.text)
    __rt_errno_addr$intlibspace              0x080012e1   Thumb Code     0  rt_errno_addr_intlibspace.o(.text)
    __fpl_cmpreturn                          0x080012e9   Thumb Code    46  cmpret.o(.text)
    _dsqrt                                   0x08001319   Thumb Code   248  dsqrt.o(.text)
    __fpl_fcheck_NaN2                        0x08001419   Thumb Code    10  fnan2.o(.text)
    __user_libspace                          0x08001429   Thumb Code     8  libspace.o(.text)
    __user_perproc_libspace                  0x08001429   Thumb Code     0  libspace.o(.text)
    __user_perthread_libspace                0x08001429   Thumb Code     0  libspace.o(.text)
    __user_setup_stackheap                   0x08001431   Thumb Code    62  sys_stackheap_outer.o(.text)
    exit                                     0x0800146f   Thumb Code    16  exit.o(.text)
    __fpl_return_NaN                         0x0800147f   Thumb Code    94  retnan.o(.text)
    __I$use$semihosting                      0x080014dd   Thumb Code     0  use_no_semi.o(.text)
    __use_no_semihosting_swi                 0x080014dd   Thumb Code     2  use_no_semi.o(.text)
    __semihosting_library_function           0x080014df   Thumb Code     0  indicate_semi.o(.text)
    _sys_exit                                0x080014e1   Thumb Code     8  sys_exit.o(.text)
    ADC_ChannelConfig                        0x080014ed   Thumb Code    10  stm32f0xx_adc.o(i.ADC_ChannelConfig)
    ADC_Cmd                                  0x080014f7   Thumb Code    18  stm32f0xx_adc.o(i.ADC_Cmd)
    ADC_DeInit                               0x08001509   Thumb Code    28  stm32f0xx_adc.o(i.ADC_DeInit)
    ADC_GetCalibrationFactor                 0x08001529   Thumb Code    46  stm32f0xx_adc.o(i.ADC_GetCalibrationFactor)
    ADC_GetConversionValue                   0x08001557   Thumb Code     6  stm32f0xx_adc.o(i.ADC_GetConversionValue)
    ADC_GetFlagStatus                        0x0800155d   Thumb Code    28  stm32f0xx_adc.o(i.ADC_GetFlagStatus)
    ADC_Init                                 0x08001579   Thumb Code    38  stm32f0xx_adc.o(i.ADC_Init)
    ADC_StartOfConversion                    0x080015a5   Thumb Code    10  stm32f0xx_adc.o(i.ADC_StartOfConversion)
    ADC_StructInit                           0x080015af   Thumb Code    16  stm32f0xx_adc.o(i.ADC_StructInit)
    ANO_DT_Data_Exchange                     0x080015c1   Thumb Code   630  ano_dt.o(i.ANO_DT_Data_Exchange)
    ANO_DT_Data_Receive_Anl                  0x080018b5   Thumb Code  1006  ano_dt.o(i.ANO_DT_Data_Receive_Anl)
    ANO_DT_Data_Receive_Prepare              0x08001ce5   Thumb Code   144  ano_dt.o(i.ANO_DT_Data_Receive_Prepare)
    ANO_DT_Send_Data                         0x08001db5   Thumb Code     8  ano_dt.o(i.ANO_DT_Send_Data)
    ANO_DT_Send_MotoPWM                      0x08001dbd   Thumb Code   148  ano_dt.o(i.ANO_DT_Send_MotoPWM)
    ANO_DT_Send_PID                          0x08001e55   Thumb Code   278  ano_dt.o(i.ANO_DT_Send_PID)
    ANO_DT_Send_RCData                       0x08001f75   Thumb Code   172  ano_dt.o(i.ANO_DT_Send_RCData)
    ANO_DT_Send_Senser                       0x08002025   Thumb Code   154  ano_dt.o(i.ANO_DT_Send_Senser)
    ANO_DT_Send_Status                       0x080020c5   Thumb Code   158  ano_dt.o(i.ANO_DT_Send_Status)
    Aver_Filter                              0x0800216d   Thumb Code    96  filter.o(i.Aver_Filter)
    BATT_GetVoltage                          0x080021d5   Thumb Code    56  power.o(i.BATT_GetVoltage)
    BATT_Init                                0x08002215   Thumb Code   124  power.o(i.BATT_Init)
    Control                                  0x08002295   Thumb Code   408  control.o(i.Control)
    Data_Send_AngleRate                      0x08002455   Thumb Code   214  ano_dt.o(i.Data_Send_AngleRate)
    Deblocking                               0x08002531   Thumb Code   138  remotedata.o(i.Deblocking)
    DefaultParams                            0x080025c9   Thumb Code    92  paramsave.o(i.DefaultParams)
    DefaultParams_WriteFlash                 0x08002631   Thumb Code    18  paramsave.o(i.DefaultParams_WriteFlash)
    Delay_Init                               0x0800264d   Thumb Code    36  delay.o(i.Delay_Init)
    Delay_ms                                 0x0800267d   Thumb Code    44  delay.o(i.Delay_ms)
    Delay_us                                 0x080026b1   Thumb Code    44  delay.o(i.Delay_us)
    EXTI0_1_IRQHandler                       0x080026e5   Thumb Code   102  stm32f0xx_it.o(i.EXTI0_1_IRQHandler)
    EXTI_ClearITPendingBit                   0x08002751   Thumb Code     6  stm32f0xx_exti.o(i.EXTI_ClearITPendingBit)
    EXTI_GetITStatus                         0x0800275d   Thumb Code    16  stm32f0xx_exti.o(i.EXTI_GetITStatus)
    EXTI_Init                                0x08002771   Thumb Code   102  stm32f0xx_exti.o(i.EXTI_Init)
    Exit_Init                                0x080027dd   Thumb Code    68  exit.o(i.Exit_Init)
    FLASH_ErasePage                          0x08002821   Thumb Code    52  stm32f0xx_flash.o(i.FLASH_ErasePage)
    FLASH_GetStatus                          0x08002859   Thumb Code    34  stm32f0xx_flash.o(i.FLASH_GetStatus)
    FLASH_Lock                               0x08002881   Thumb Code    12  stm32f0xx_flash.o(i.FLASH_Lock)
    FLASH_ProgramWord                        0x08002891   Thumb Code    70  stm32f0xx_flash.o(i.FLASH_ProgramWord)
    FLASH_Unlock                             0x080028dd   Thumb Code    18  stm32f0xx_flash.o(i.FLASH_Unlock)
    FLASH_WaitForLastOperation               0x080028fd   Thumb Code    34  stm32f0xx_flash.o(i.FLASH_WaitForLastOperation)
    FindPos                                  0x0800291f   Thumb Code    86  filter.o(i.FindPos)
    GPIO_Init                                0x08002975   Thumb Code   112  stm32f0xx_gpio.o(i.GPIO_Init)
    GPIO_PinAFConfig                         0x080029e5   Thumb Code    32  stm32f0xx_gpio.o(i.GPIO_PinAFConfig)
    GPIO_ReadInputDataBit                    0x08002a05   Thumb Code    14  stm32f0xx_gpio.o(i.GPIO_ReadInputDataBit)
    GPIO_ResetBits                           0x08002a13   Thumb Code     4  stm32f0xx_gpio.o(i.GPIO_ResetBits)
    GPIO_SetBits                             0x08002a17   Thumb Code     4  stm32f0xx_gpio.o(i.GPIO_SetBits)
    Get_BatteryAdc                           0x08002a1d   Thumb Code    24  power.o(i.Get_BatteryAdc)
    HardFault_Handler                        0x08002a39   Thumb Code     2  stm32f0xx_it.o(i.HardFault_Handler)
    IIC_ADD_read                             0x08002a3b   Thumb Code    62  iic.o(i.IIC_ADD_read)
    IIC_Ack                                  0x08002a79   Thumb Code    56  iic.o(i.IIC_Ack)
    IIC_GPIO_Init                            0x08002ab5   Thumb Code    50  iic.o(i.IIC_GPIO_Init)
    IIC_NAck                                 0x08002aed   Thumb Code    56  iic.o(i.IIC_NAck)
    IIC_ReadByte                             0x08002b29   Thumb Code    92  iic.o(i.IIC_ReadByte)
    IIC_ReadMultByteFromSlave                0x08002b89   Thumb Code    90  iic.o(i.IIC_ReadMultByteFromSlave)
    IIC_SendByte                             0x08002be5   Thumb Code    86  iic.o(i.IIC_SendByte)
    IIC_Start                                0x08002c41   Thumb Code    54  iic.o(i.IIC_Start)
    IIC_Stop                                 0x08002c7d   Thumb Code    56  iic.o(i.IIC_Stop)
    IIC_WaitAck                              0x08002cb9   Thumb Code    84  iic.o(i.IIC_WaitAck)
    IIC_WriteByteToSlave                     0x08002d11   Thumb Code    66  iic.o(i.IIC_WriteByteToSlave)
    IMUupdate                                0x08002d55   Thumb Code  1128  imu.o(i.IMUupdate)
    LED_Init                                 0x080031c5   Thumb Code    50  led.o(i.LED_Init)
    LED_Run                                  0x080031fd   Thumb Code    36  led.o(i.LED_Run)
    LowVoltage_Alarm                         0x08003229   Thumb Code    86  power.o(i.LowVoltage_Alarm)
    MOTOR_Init                               0x08003291   Thumb Code   192  motor.o(i.MOTOR_Init)
    MPU6050_Init                             0x0800335d   Thumb Code    86  mpu6050.o(i.MPU6050_Init)
    MPU6050_OffSet                           0x080033b5   Thumb Code   132  mpu6050.o(i.MPU6050_OffSet)
    MPU6050_Offset                           0x0800343d   Thumb Code   212  mpu6050.o(i.MPU6050_Offset)
    MPU6050_Read                             0x0800351d   Thumb Code    14  mpu6050.o(i.MPU6050_Read)
    MPU6050_ReadMultBytes                    0x08003531   Thumb Code    22  mpu6050.o(i.MPU6050_ReadMultBytes)
    MPU6050_WriteByte                        0x08003547   Thumb Code    20  mpu6050.o(i.MPU6050_WriteByte)
    Moto_Pwm                                 0x0800355d   Thumb Code    70  motor.o(i.Moto_Pwm)
    NMI_Handler                              0x080035a9   Thumb Code    34  stm32f0xx_it.o(i.NMI_Handler)
    NVIC_Init                                0x080035cd   Thumb Code    70  stm32f0xx_misc.o(i.NVIC_Init)
    NvicConfig                               0x0800361d   Thumb Code    50  nvic.o(i.NvicConfig)
    PID_Postion_Cal                          0x08003651   Thumb Code   202  pid.o(i.PID_Postion_Cal)
    PID_ReadFlash                            0x08003725   Thumb Code    74  paramsave.o(i.PID_ReadFlash)
    PID_WriteFlash                           0x080037a9   Thumb Code    18  paramsave.o(i.PID_WriteFlash)
    ParamsToTable                            0x080037c5   Thumb Code   388  paramsave.o(i.ParamsToTable)
    PendSV_Handler                           0x08003979   Thumb Code     2  stm32f0xx_it.o(i.PendSV_Handler)
    PidParameter_init                        0x0800397d   Thumb Code   100  pid.o(i.PidParameter_init)
    Prepare_Data                             0x08003a15   Thumb Code   278  imu.o(i.Prepare_Data)
    QuiteSort                                0x08003b51   Thumb Code    42  filter.o(i.QuiteSort)
    RCC_AHBPeriphClockCmd                    0x08003b7d   Thumb Code    18  stm32f0xx_rcc.o(i.RCC_AHBPeriphClockCmd)
    RCC_APB1PeriphClockCmd                   0x08003b95   Thumb Code    18  stm32f0xx_rcc.o(i.RCC_APB1PeriphClockCmd)
    RCC_APB1PeriphResetCmd                   0x08003bad   Thumb Code    18  stm32f0xx_rcc.o(i.RCC_APB1PeriphResetCmd)
    RCC_APB2PeriphClockCmd                   0x08003bc5   Thumb Code    18  stm32f0xx_rcc.o(i.RCC_APB2PeriphClockCmd)
    RCC_APB2PeriphResetCmd                   0x08003bdd   Thumb Code    18  stm32f0xx_rcc.o(i.RCC_APB2PeriphResetCmd)
    RCC_ClearITPendingBit                    0x08003bf5   Thumb Code     6  stm32f0xx_rcc.o(i.RCC_ClearITPendingBit)
    RCC_GetClocksFreq                        0x08003c01   Thumb Code   346  stm32f0xx_rcc.o(i.RCC_GetClocksFreq)
    RCC_GetITStatus                          0x08003d79   Thumb Code    16  stm32f0xx_rcc.o(i.RCC_GetITStatus)
    RCC_HSEConfig                            0x08003d8d   Thumb Code    10  stm32f0xx_rcc.o(i.RCC_HSEConfig)
    RCC_ITConfig                             0x08003d9d   Thumb Code    18  stm32f0xx_rcc.o(i.RCC_ITConfig)
    Remote_Data_ReceiveAnalysis              0x08003db5   Thumb Code   192  remotedata.o(i.Remote_Data_ReceiveAnalysis)
    SI24R1_Check                             0x08003e91   Thumb Code    22  si24r1.o(i.SI24R1_Check)
    SI24R1_Config                            0x08003eb9   Thumb Code    90  si24r1.o(i.SI24R1_Config)
    SI24R1_Init                              0x08003f19   Thumb Code   108  si24r1.o(i.SI24R1_Init)
    SI24R1_Read_Buf                          0x08003f85   Thumb Code    58  si24r1.o(i.SI24R1_Read_Buf)
    SI24R1_RxPacket                          0x08003fbf   Thumb Code    22  si24r1.o(i.SI24R1_RxPacket)
    SI24R1_SingalCheck                       0x08003fd5   Thumb Code    16  remotedata.o(i.SI24R1_SingalCheck)
    SI24R1_TxPacket                          0x08003fed   Thumb Code    78  si24r1.o(i.SI24R1_TxPacket)
    SI24R1_Write_Buf                         0x08004041   Thumb Code    58  si24r1.o(i.SI24R1_Write_Buf)
    SI24R1_read_reg                          0x0800407b   Thumb Code    42  si24r1.o(i.SI24R1_read_reg)
    SI24R1_testConnection                    0x080040a5   Thumb Code    74  si24r1.o(i.SI24R1_testConnection)
    SI24R1_write_reg                         0x080040fd   Thumb Code    44  si24r1.o(i.SI24R1_write_reg)
    SI24R1set_Mode                           0x08004129   Thumb Code    60  si24r1.o(i.SI24R1set_Mode)
    SPI1_WriteReadByte                       0x08004165   Thumb Code    74  spi.o(i.SPI1_WriteReadByte)
    SPI_Cmd                                  0x080041b5   Thumb Code    18  stm32f0xx_spi.o(i.SPI_Cmd)
    SPI_GPIO_Init                            0x080041c9   Thumb Code   178  spi.o(i.SPI_GPIO_Init)
    SPI_I2S_DeInit                           0x08004281   Thumb Code    54  stm32f0xx_spi.o(i.SPI_I2S_DeInit)
    SPI_I2S_GetFlagStatus                    0x080042c1   Thumb Code    14  stm32f0xx_spi.o(i.SPI_I2S_GetFlagStatus)
    SPI_Init                                 0x080042d1   Thumb Code    74  stm32f0xx_spi.o(i.SPI_Init)
    SPI_ReceiveData8                         0x08004325   Thumb Code     4  stm32f0xx_spi.o(i.SPI_ReceiveData8)
    SPI_RxFIFOThresholdConfig                0x08004329   Thumb Code    16  stm32f0xx_spi.o(i.SPI_RxFIFOThresholdConfig)
    SPI_SendData8                            0x0800433d   Thumb Code     4  stm32f0xx_spi.o(i.SPI_SendData8)
    STMFLASH_Read                            0x08004341   Thumb Code    20  flash.o(i.STMFLASH_Read)
    STMFLASH_Write                           0x08004355   Thumb Code   104  flash.o(i.STMFLASH_Write)
    SVC_Handler                              0x080043c5   Thumb Code     2  stm32f0xx_it.o(i.SVC_Handler)
    SYSCFG_EXTILineConfig                    0x080043c9   Thumb Code    34  stm32f0xx_syscfg.o(i.SYSCFG_EXTILineConfig)
    SendToRemote                             0x080043f1   Thumb Code   182  remotedata.o(i.SendToRemote)
    SortAver_FilterXYZ                       0x08004565   Thumb Code   238  filter.o(i.SortAver_FilterXYZ)
    SysTick_CLKSourceConfig                  0x0800465d   Thumb Code    20  stm32f0xx_misc.o(i.SysTick_CLKSourceConfig)
    SysTick_Handler                          0x08004675   Thumb Code    10  stm32f0xx_it.o(i.SysTick_Handler)
    SystemInit                               0x08004685   Thumb Code    84  system_stm32f0xx.o(i.SystemInit)
    System_Init                              0x080046e5   Thumb Code    64  system.o(i.System_Init)
    TIM2_IRQHandler                          0x08004725   Thumb Code   134  stm32f0xx_it.o(i.TIM2_IRQHandler)
    TIM_ClearITPendingBit                    0x080047b1   Thumb Code     6  stm32f0xx_tim.o(i.TIM_ClearITPendingBit)
    TIM_Cmd                                  0x080047b7   Thumb Code    20  stm32f0xx_tim.o(i.TIM_Cmd)
    TIM_CtrlPWMOutputs                       0x080047cb   Thumb Code    24  stm32f0xx_tim.o(i.TIM_CtrlPWMOutputs)
    TIM_GetITStatus                          0x080047e3   Thumb Code    24  stm32f0xx_tim.o(i.TIM_GetITStatus)
    TIM_ITConfig                             0x080047fb   Thumb Code    16  stm32f0xx_tim.o(i.TIM_ITConfig)
    TIM_Init                                 0x0800480d   Thumb Code    56  tim.o(i.TIM_Init)
    TIM_OC1Init                              0x08004849   Thumb Code   104  stm32f0xx_tim.o(i.TIM_OC1Init)
    TIM_OC2Init                              0x080048c5   Thumb Code   124  stm32f0xx_tim.o(i.TIM_OC2Init)
    TIM_OC3Init                              0x08004955   Thumb Code   110  stm32f0xx_tim.o(i.TIM_OC3Init)
    TIM_OC4Init                              0x080049dd   Thumb Code    78  stm32f0xx_tim.o(i.TIM_OC4Init)
    TIM_TimeBaseInit                         0x08004a41   Thumb Code    88  stm32f0xx_tim.o(i.TIM_TimeBaseInit)
    TableToParams                            0x08004ab5   Thumb Code   388  paramsave.o(i.TableToParams)
    Task_Schedule                            0x08004c69   Thumb Code   108  system.o(i.Task_Schedule)
    USART1_IRQHandler                        0x08004cfd   Thumb Code    62  stm32f0xx_it.o(i.USART1_IRQHandler)
    USART_ClearITPendingBit                  0x08004d49   Thumb Code    10  stm32f0xx_usart.o(i.USART_ClearITPendingBit)
    USART_Cmd                                0x08004d53   Thumb Code    20  stm32f0xx_usart.o(i.USART_Cmd)
    USART_GetFlagStatus                      0x08004d67   Thumb Code    14  stm32f0xx_usart.o(i.USART_GetFlagStatus)
    USART_GetITStatus                        0x08004d75   Thumb Code    56  stm32f0xx_usart.o(i.USART_GetITStatus)
    USART_ITConfig                           0x08004dad   Thumb Code    42  stm32f0xx_usart.o(i.USART_ITConfig)
    USART_Init                               0x08004dd9   Thumb Code   148  stm32f0xx_usart.o(i.USART_Init)
    USART_SendData                           0x08004e81   Thumb Code     8  stm32f0xx_usart.o(i.USART_SendData)
    USART_init                               0x08004e89   Thumb Code   122  usart.o(i.USART_init)
    Yaw_Carefree                             0x08004f0d   Thumb Code    90  control.o(i.Yaw_Carefree)
    __ARM_common_ll_muluu                    0x08004f6d   Thumb Code    50  rredf.o(i.__ARM_common_ll_muluu)
    __ARM_fpclassify                         0x08004fa1   Thumb Code    40  fpclassify.o(i.__ARM_fpclassify)
    __ARM_fpclassifyf                        0x08004fcd   Thumb Code    34  fpclassifyf.o(i.__ARM_fpclassifyf)
    __kernel_poly                            0x08004fef   Thumb Code   172  poly.o(i.__kernel_poly)
    __mathlib_dbl_infnan                     0x0800509b   Thumb Code    10  dunder.o(i.__mathlib_dbl_infnan)
    __mathlib_dbl_infnan2                    0x080050a5   Thumb Code     8  dunder.o(i.__mathlib_dbl_infnan2)
    __mathlib_dbl_invalid                    0x080050ad   Thumb Code    16  dunder.o(i.__mathlib_dbl_invalid)
    __mathlib_dbl_underflow                  0x080050bd   Thumb Code    14  dunder.o(i.__mathlib_dbl_underflow)
    __mathlib_flt_infnan                     0x080050d1   Thumb Code    10  funder.o(i.__mathlib_flt_infnan)
    __mathlib_flt_invalid                    0x080050db   Thumb Code    12  funder.o(i.__mathlib_flt_invalid)
    __mathlib_flt_underflow                  0x080050e7   Thumb Code    14  funder.o(i.__mathlib_flt_underflow)
    __mathlib_rredf2                         0x080050f5   Thumb Code   366  rredf.o(i.__mathlib_rredf2)
    asin                                     0x08005275   Thumb Code   574  asin.o(i.asin)
    atan                                     0x080054e9   Thumb Code   472  atan.o(i.atan)
    atan2                                    0x08005705   Thumb Code   334  atan2.o(i.atan2)
    cosf                                     0x0800587d   Thumb Code   318  cosf.o(i.cosf)
    main                                     0x08005a29   Thumb Code    10  main.o(i.main)
    sinf                                     0x08005a35   Thumb Code   330  sinf.o(i.sinf)
    sqrt                                     0x08005bb9   Thumb Code    66  sqrt.o(i.sqrt)
    usart_send                               0x08005c01   Thumb Code    42  usart.o(i.usart_send)
    __aeabi_fadd                             0x08005c31   Thumb Code     0  faddsub.o(x$fpl$fadd)
    _fadd                                    0x08005c31   Thumb Code   134  faddsub.o(x$fpl$fadd)
    __aeabi_cfcmple                          0x08005cbd   Thumb Code     0  flef.o(x$fpl$fleqf)
    _fcmple                                  0x08005cbd   Thumb Code    78  flef.o(x$fpl$fleqf)
    __aeabi_fmul                             0x08005d11   Thumb Code     0  fmul.o(x$fpl$fmul)
    _fmul                                    0x08005d11   Thumb Code   172  fmul.o(x$fpl$fmul)
    __aeabi_cfrcmple                         0x08005dc1   Thumb Code     0  frlef.o(x$fpl$frleqf)
    _frcmple                                 0x08005dc1   Thumb Code    84  frlef.o(x$fpl$frleqf)
    __aeabi_frsub                            0x08005e19   Thumb Code     0  faddsub.o(x$fpl$frsb)
    _frsb                                    0x08005e19   Thumb Code    24  faddsub.o(x$fpl$frsb)
    __aeabi_fsub                             0x08005e31   Thumb Code     0  faddsub.o(x$fpl$fsub)
    _fsub                                    0x08005e31   Thumb Code   204  faddsub.o(x$fpl$fsub)
    __I$use$fp                               0x08005f00   Number         0  usenofp.o(x$fpl$usenofp)
    __mathlib_zero                           0x080060d0   Data           8  qnan.o(.constdata)
    Region$$Table$$Base                      0x080060f8   Number         0  anon$$obj.o(Region$$Table)
    Region$$Table$$Limit                     0x08006118   Number         0  anon$$obj.o(Region$$Table)
    LED_Scan                                 0x20000000   Data           1  stm32f0xx_it.o(.data)
    IMU_Scan                                 0x20000001   Data           1  stm32f0xx_it.o(.data)
    MPU_Scan                                 0x20000002   Data           1  stm32f0xx_it.o(.data)
    IRQ_Scan                                 0x20000003   Data           1  stm32f0xx_it.o(.data)
    Batt_Scan                                0x20000004   Data           1  stm32f0xx_it.o(.data)
    ANO_Scan                                 0x20000005   Data           1  stm32f0xx_it.o(.data)
    sysTickUptime                            0x20000018   Data           4  delay.o(.data)
    Run_flag                                 0x2000001c   Data           1  led.o(.data)
    SENSER_OFFSET_FLAG                       0x20000020   Data           1  mpu6050.o(.data)
    GYRO_OFFSET_RAW                          0x20000030   Data           6  mpu6050.o(.data)
    ACC_OFFSET_RAW                           0x20000036   Data           6  mpu6050.o(.data)
    MPU6050_ACC_RAW                          0x2000003c   Data           6  mpu6050.o(.data)
    MPU6050_GYRO_RAW                         0x20000042   Data           6  mpu6050.o(.data)
    AccbUpdate                               0x20000048   Data           1  imu.o(.data)
    q0                                       0x2000004c   Data           4  imu.o(.data)
    q1                                       0x20000050   Data           4  imu.o(.data)
    q2                                       0x20000054   Data           4  imu.o(.data)
    q3                                       0x20000058   Data           4  imu.o(.data)
    exInt                                    0x2000005c   Data           4  imu.o(.data)
    eyInt                                    0x20000060   Data           4  imu.o(.data)
    ezInt                                    0x20000064   Data           4  imu.o(.data)
    SI24R1_Controlflag                       0x20000078   Data           1  control.o(.data)
    Airplane_Enable                          0x20000079   Data           1  control.o(.data)
    Moto_PWM_1                               0x2000007c   Data           4  control.o(.data)
    Moto_PWM_2                               0x20000080   Data           4  control.o(.data)
    Moto_PWM_3                               0x20000084   Data           4  control.o(.data)
    Moto_PWM_4                               0x20000088   Data           4  control.o(.data)
    Flight_mode                              0x2000008c   Data           1  control.o(.data)
    flag                                     0x2000008d   Data           1  ano_dt.o(.data)
    DataID                                   0x20000098   Data           1  remotedata.o(.data)
    SI24R1addr                               0x2000009e   Data           1  si24r1.o(.data)
    TX_ADDRESS                               0x200000a1   Data           5  si24r1.o(.data)
    RX_ADDRESS                               0x200000a6   Data           5  si24r1.o(.data)
    check_buf                                0x200000ab   Data           5  si24r1.o(.data)
    BATT_LEDflag                             0x200000b0   Data           1  power.o(.data)
    BAT                                      0x200000b4   Data          20  power.o(.data)
    SystemCoreClock                          0x200000c8   Data           4  system_stm32f0xx.o(.data)
    AHBPrescTable                            0x200000cc   Data          16  system_stm32f0xx.o(.data)
    Att_Angle                                0x200000fc   Data          12  imu.o(.bss)
    Gyr_rad                                  0x20000108   Data          12  imu.o(.bss)
    Acc_filt                                 0x20000114   Data          12  imu.o(.bss)
    Acc_filtold                              0x20000120   Data          12  imu.o(.bss)
    accb                                     0x2000012c   Data          12  imu.o(.bss)
    DCMgb                                    0x20000138   Data          36  imu.o(.bss)
    PID_ROL_Angle                            0x2000065c   Data          60  control.o(.bss)
    PID_PIT_Angle                            0x20000698   Data          60  control.o(.bss)
    PID_YAW_Angle                            0x200006d4   Data          60  control.o(.bss)
    PID_ROL_Rate                             0x20000710   Data          60  control.o(.bss)
    PID_PIT_Rate                             0x2000074c   Data          60  control.o(.bss)
    PID_YAW_Rate                             0x20000788   Data          60  control.o(.bss)
    PID_ALT_Rate                             0x200007c4   Data          60  control.o(.bss)
    PID_ALT                                  0x20000800   Data          60  control.o(.bss)
    PIDflash                                 0x2000083c   Data          62  paramsave.o(.bss)
    f                                        0x200008ac   Data          10  ano_dt.o(.bss)
    data_to_send                             0x200008b6   Data          50  ano_dt.o(.bss)
    RC_Control                               0x200008e8   Data          10  remotedata.o(.bss)
    Bmp280                                   0x200008f4   Data          12  bmp280.o(.bss)
    SI24R1_TX_DATA                           0x20000900   Data          32  si24r1.o(.bss)
    SI24R1_RX_DATA                           0x20000920   Data          32  si24r1.o(.bss)
    __libspace_start                         0x20000940   Data          96  libspace.o(.bss)
    __temporary_stack_top$libspace           0x200009a0   Data           0  libspace.o(.bss)



==============================================================================

Memory Map of the image

  Image Entry point : 0x080000c1

  Load Region LR_IROM1 (Base: 0x08000000, Size: 0x00006204, Max: 0x00010000, ABSOLUTE)

    Execution Region ER_IROM1 (Exec base: 0x08000000, Load base: 0x08000000, Size: 0x00006118, Max: 0x00010000, ABSOLUTE)

    Exec Addr    Load Addr    Size         Type   Attr      Idx    E Section Name        Object

    0x08000000   0x08000000   0x000000c0   Data   RO         1417    RESET               startup_stm32f072.o
    0x080000c0   0x080000c0   0x00000008   Code   RO         3505  * !!!main             c_p.l(__main.o)
    0x080000c8   0x080000c8   0x0000003c   Code   RO         3995    !!!scatter          c_p.l(__scatter.o)
    0x08000104   0x08000104   0x0000001a   Code   RO         3997    !!handler_copy      c_p.l(__scatter_copy.o)
    0x0800011e   0x0800011e   0x00000002   PAD
    0x08000120   0x08000120   0x0000001c   Code   RO         3999    !!handler_zi        c_p.l(__scatter_zi.o)
    0x0800013c   0x0800013c   0x00000002   Code   RO         3858    .ARM.Collect$$libinit$$00000000  c_p.l(libinit.o)
    0x0800013e   0x0800013e   0x00000000   Code   RO         3598    .ARM.Collect$$libinit$$00000002  c_p.l(libinit2.o)
    0x0800013e   0x0800013e   0x00000000   Code   RO         3600    .ARM.Collect$$libinit$$00000004  c_p.l(libinit2.o)
    0x0800013e   0x0800013e   0x00000000   Code   RO         3603    .ARM.Collect$$libinit$$0000000A  c_p.l(libinit2.o)
    0x0800013e   0x0800013e   0x00000000   Code   RO         3605    .ARM.Collect$$libinit$$0000000C  c_p.l(libinit2.o)
    0x0800013e   0x0800013e   0x00000000   Code   RO         3607    .ARM.Collect$$libinit$$0000000E  c_p.l(libinit2.o)
    0x0800013e   0x0800013e   0x00000000   Code   RO         3610    .ARM.Collect$$libinit$$00000011  c_p.l(libinit2.o)
    0x0800013e   0x0800013e   0x00000000   Code   RO         3612    .ARM.Collect$$libinit$$00000013  c_p.l(libinit2.o)
    0x0800013e   0x0800013e   0x00000000   Code   RO         3614    .ARM.Collect$$libinit$$00000015  c_p.l(libinit2.o)
    0x0800013e   0x0800013e   0x00000000   Code   RO         3616    .ARM.Collect$$libinit$$00000017  c_p.l(libinit2.o)
    0x0800013e   0x0800013e   0x00000000   Code   RO         3618    .ARM.Collect$$libinit$$00000019  c_p.l(libinit2.o)
    0x0800013e   0x0800013e   0x00000000   Code   RO         3620    .ARM.Collect$$libinit$$0000001B  c_p.l(libinit2.o)
    0x0800013e   0x0800013e   0x00000000   Code   RO         3622    .ARM.Collect$$libinit$$0000001D  c_p.l(libinit2.o)
    0x0800013e   0x0800013e   0x00000000   Code   RO         3624    .ARM.Collect$$libinit$$0000001F  c_p.l(libinit2.o)
    0x0800013e   0x0800013e   0x00000000   Code   RO         3626    .ARM.Collect$$libinit$$00000021  c_p.l(libinit2.o)
    0x0800013e   0x0800013e   0x00000000   Code   RO         3628    .ARM.Collect$$libinit$$00000023  c_p.l(libinit2.o)
    0x0800013e   0x0800013e   0x00000000   Code   RO         3630    .ARM.Collect$$libinit$$00000025  c_p.l(libinit2.o)
    0x0800013e   0x0800013e   0x00000000   Code   RO         3634    .ARM.Collect$$libinit$$0000002C  c_p.l(libinit2.o)
    0x0800013e   0x0800013e   0x00000000   Code   RO         3636    .ARM.Collect$$libinit$$0000002E  c_p.l(libinit2.o)
    0x0800013e   0x0800013e   0x00000000   Code   RO         3638    .ARM.Collect$$libinit$$00000030  c_p.l(libinit2.o)
    0x0800013e   0x0800013e   0x00000000   Code   RO         3640    .ARM.Collect$$libinit$$00000032  c_p.l(libinit2.o)
    0x0800013e   0x0800013e   0x00000002   Code   RO         3641    .ARM.Collect$$libinit$$00000033  c_p.l(libinit2.o)
    0x08000140   0x08000140   0x00000002   Code   RO         3976    .ARM.Collect$$libshutdown$$00000000  c_p.l(libshutdown.o)
    0x08000142   0x08000142   0x00000000   Code   RO         3860    .ARM.Collect$$libshutdown$$00000002  c_p.l(libshutdown2.o)
    0x08000142   0x08000142   0x00000000   Code   RO         3862    .ARM.Collect$$libshutdown$$00000004  c_p.l(libshutdown2.o)
    0x08000142   0x08000142   0x00000000   Code   RO         3865    .ARM.Collect$$libshutdown$$00000007  c_p.l(libshutdown2.o)
    0x08000142   0x08000142   0x00000000   Code   RO         3868    .ARM.Collect$$libshutdown$$0000000A  c_p.l(libshutdown2.o)
    0x08000142   0x08000142   0x00000000   Code   RO         3870    .ARM.Collect$$libshutdown$$0000000C  c_p.l(libshutdown2.o)
    0x08000142   0x08000142   0x00000000   Code   RO         3873    .ARM.Collect$$libshutdown$$0000000F  c_p.l(libshutdown2.o)
    0x08000142   0x08000142   0x00000002   Code   RO         3874    .ARM.Collect$$libshutdown$$00000010  c_p.l(libshutdown2.o)
    0x08000144   0x08000144   0x00000000   Code   RO         3577    .ARM.Collect$$rtentry$$00000000  c_p.l(__rtentry.o)
    0x08000144   0x08000144   0x00000000   Code   RO         3708    .ARM.Collect$$rtentry$$00000002  c_p.l(__rtentry2.o)
    0x08000144   0x08000144   0x00000006   Code   RO         3720    .ARM.Collect$$rtentry$$00000004  c_p.l(__rtentry4.o)
    0x0800014a   0x0800014a   0x00000000   Code   RO         3710    .ARM.Collect$$rtentry$$00000009  c_p.l(__rtentry2.o)
    0x0800014a   0x0800014a   0x00000004   Code   RO         3711    .ARM.Collect$$rtentry$$0000000A  c_p.l(__rtentry2.o)
    0x0800014e   0x0800014e   0x00000000   Code   RO         3713    .ARM.Collect$$rtentry$$0000000C  c_p.l(__rtentry2.o)
    0x0800014e   0x0800014e   0x00000008   Code   RO         3714    .ARM.Collect$$rtentry$$0000000D  c_p.l(__rtentry2.o)
    0x08000156   0x08000156   0x00000002   Code   RO         3885    .ARM.Collect$$rtexit$$00000000  c_p.l(rtexit.o)
    0x08000158   0x08000158   0x00000000   Code   RO         3939    .ARM.Collect$$rtexit$$00000002  c_p.l(rtexit2.o)
    0x08000158   0x08000158   0x00000004   Code   RO         3940    .ARM.Collect$$rtexit$$00000003  c_p.l(rtexit2.o)
    0x0800015c   0x0800015c   0x00000006   Code   RO         3941    .ARM.Collect$$rtexit$$00000004  c_p.l(rtexit2.o)
    0x08000162   0x08000162   0x00000002   PAD
    0x08000164   0x08000164   0x00000038   Code   RO         3495    .emb_text           c_p.l(rt_memcpy.o)
    0x0800019c   0x0800019c   0x00000074   Code   RO         1418    .text               startup_stm32f072.o
    0x08000210   0x08000210   0x00000082   Code   RO         3496    .text               c_p.l(rt_memcpy.o)
    0x08000292   0x08000292   0x0000015a   Code   RO         3499    .text               c_p.l(aeabi_sdiv.o)
    0x080003ec   0x080003ec   0x00000006   Code   RO         3503    .text               c_p.l(heapauxi.o)
    0x080003f2   0x080003f2   0x00000002   PAD
    0x080003f4   0x080003f4   0x0000007c   Code   RO         3507    .text               fz_ps.l(d2f.o)
    0x08000470   0x08000470   0x00000358   Code   RO         3509    .text               fz_ps.l(daddsub.o)
    0x080007c8   0x080007c8   0x00000448   Code   RO         3511    .text               fz_ps.l(ddiv.o)
    0x08000c10   0x08000c10   0x00000058   Code   RO         3514    .text               fz_ps.l(dflti.o)
    0x08000c68   0x08000c68   0x00000248   Code   RO         3516    .text               fz_ps.l(dmul.o)
    0x08000eb0   0x08000eb0   0x00000054   Code   RO         3518    .text               fz_ps.l(f2d.o)
    0x08000f04   0x08000f04   0x00000160   Code   RO         3526    .text               fz_ps.l(fdiv.o)
    0x08001064   0x08001064   0x0000004c   Code   RO         3529    .text               fz_ps.l(ffixi.o)
    0x080010b0   0x080010b0   0x00000030   Code   RO         3531    .text               fz_ps.l(ffixui.o)
    0x080010e0   0x080010e0   0x0000005e   Code   RO         3533    .text               fz_ps.l(fflti.o)
    0x0800113e   0x0800113e   0x00000002   PAD
    0x08001140   0x08001140   0x00000044   Code   RO         3541    .text               fz_ps.l(fscalbn.o)
    0x08001184   0x08001184   0x00000016   Code   RO         3584    .text               c_p.l(_rserrno.o)
    0x0800119a   0x0800119a   0x00000002   PAD
    0x0800119c   0x0800119c   0x00000060   Code   RO         3642    .text               fz_ps.l(dscalbn.o)
    0x080011fc   0x080011fc   0x00000064   Code   RO         3644    .text               fz_ps.l(fcmpin.o)
    0x08001260   0x08001260   0x00000080   Code   RO         3646    .text               fz_ps.l(frnd.o)
    0x080012e0   0x080012e0   0x00000008   Code   RO         3731    .text               c_p.l(rt_errno_addr_intlibspace.o)
    0x080012e8   0x080012e8   0x0000002e   Code   RO         3745    .text               fz_ps.l(cmpret.o)
    0x08001316   0x08001316   0x00000002   PAD
    0x08001318   0x08001318   0x00000100   Code   RO         3749    .text               fz_ps.l(dsqrt.o)
    0x08001418   0x08001418   0x00000010   Code   RO         3751    .text               fz_ps.l(fnan2.o)
    0x08001428   0x08001428   0x00000008   Code   RO         3760    .text               c_p.l(libspace.o)
    0x08001430   0x08001430   0x0000003e   Code   RO         3765    .text               c_p.l(sys_stackheap_outer.o)
    0x0800146e   0x0800146e   0x00000010   Code   RO         3837    .text               c_p.l(exit.o)
    0x0800147e   0x0800147e   0x0000005e   Code   RO         3877    .text               fz_ps.l(retnan.o)
    0x080014dc   0x080014dc   0x00000002   Code   RO         3881    .text               c_p.l(use_no_semi.o)
    0x080014de   0x080014de   0x00000000   Code   RO         3883    .text               c_p.l(indicate_semi.o)
    0x080014de   0x080014de   0x00000002   PAD
    0x080014e0   0x080014e0   0x0000000c   Code   RO         3936    .text               c_p.l(sys_exit.o)
    0x080014ec   0x080014ec   0x0000000a   Code   RO         1466    i.ADC_ChannelConfig  stm32f0xx_adc.o
    0x080014f6   0x080014f6   0x00000012   Code   RO         1470    i.ADC_Cmd           stm32f0xx_adc.o
    0x08001508   0x08001508   0x00000020   Code   RO         1474    i.ADC_DeInit        stm32f0xx_adc.o
    0x08001528   0x08001528   0x0000002e   Code   RO         1476    i.ADC_GetCalibrationFactor  stm32f0xx_adc.o
    0x08001556   0x08001556   0x00000006   Code   RO         1477    i.ADC_GetConversionValue  stm32f0xx_adc.o
    0x0800155c   0x0800155c   0x0000001c   Code   RO         1478    i.ADC_GetFlagStatus  stm32f0xx_adc.o
    0x08001578   0x08001578   0x0000002c   Code   RO         1481    i.ADC_Init          stm32f0xx_adc.o
    0x080015a4   0x080015a4   0x0000000a   Code   RO         1484    i.ADC_StartOfConversion  stm32f0xx_adc.o
    0x080015ae   0x080015ae   0x00000010   Code   RO         1486    i.ADC_StructInit    stm32f0xx_adc.o
    0x080015be   0x080015be   0x00000002   PAD
    0x080015c0   0x080015c0   0x000002f4   Code   RO         1081    i.ANO_DT_Data_Exchange  ano_dt.o
    0x080018b4   0x080018b4   0x00000430   Code   RO         1082    i.ANO_DT_Data_Receive_Anl  ano_dt.o
    0x08001ce4   0x08001ce4   0x00000098   Code   RO         1083    i.ANO_DT_Data_Receive_Prepare  ano_dt.o
    0x08001d7c   0x08001d7c   0x00000038   Code   RO         1084    i.ANO_DT_Send_Check  ano_dt.o
    0x08001db4   0x08001db4   0x00000008   Code   RO         1085    i.ANO_DT_Send_Data  ano_dt.o
    0x08001dbc   0x08001dbc   0x00000098   Code   RO         1086    i.ANO_DT_Send_MotoPWM  ano_dt.o
    0x08001e54   0x08001e54   0x00000120   Code   RO         1087    i.ANO_DT_Send_PID   ano_dt.o
    0x08001f74   0x08001f74   0x000000b0   Code   RO         1089    i.ANO_DT_Send_RCData  ano_dt.o
    0x08002024   0x08002024   0x000000a0   Code   RO         1090    i.ANO_DT_Send_Senser  ano_dt.o
    0x080020c4   0x080020c4   0x000000a8   Code   RO         1091    i.ANO_DT_Send_Status  ano_dt.o
    0x0800216c   0x0800216c   0x00000068   Code   RO          850    i.Aver_Filter       filter.o
    0x080021d4   0x080021d4   0x00000040   Code   RO         1372    i.BATT_GetVoltage   power.o
    0x08002214   0x08002214   0x00000080   Code   RO         1373    i.BATT_Init         power.o
    0x08002294   0x08002294   0x000001c0   Code   RO          932    i.Control           control.o
    0x08002454   0x08002454   0x000000dc   Code   RO         1092    i.Data_Send_AngleRate  ano_dt.o
    0x08002530   0x08002530   0x00000098   Code   RO         1173    i.Deblocking        remotedata.o
    0x080025c8   0x080025c8   0x00000068   Code   RO         1012    i.DefaultParams     paramsave.o
    0x08002630   0x08002630   0x0000001c   Code   RO         1013    i.DefaultParams_WriteFlash  paramsave.o
    0x0800264c   0x0800264c   0x00000030   Code   RO          269    i.Delay_Init        delay.o
    0x0800267c   0x0800267c   0x00000034   Code   RO          270    i.Delay_ms          delay.o
    0x080026b0   0x080026b0   0x00000034   Code   RO          271    i.Delay_us          delay.o
    0x080026e4   0x080026e4   0x0000006c   Code   RO          196    i.EXTI0_1_IRQHandler  stm32f0xx_it.o
    0x08002750   0x08002750   0x0000000c   Code   RO         1656    i.EXTI_ClearITPendingBit  stm32f0xx_exti.o
    0x0800275c   0x0800275c   0x00000014   Code   RO         1660    i.EXTI_GetITStatus  stm32f0xx_exti.o
    0x08002770   0x08002770   0x0000006c   Code   RO         1661    i.EXTI_Init         stm32f0xx_exti.o
    0x080027dc   0x080027dc   0x00000044   Code   RO          371    i.Exit_Init         exit.o
    0x08002820   0x08002820   0x00000038   Code   RO         1719    i.FLASH_ErasePage   stm32f0xx_flash.o
    0x08002858   0x08002858   0x00000028   Code   RO         1722    i.FLASH_GetStatus   stm32f0xx_flash.o
    0x08002880   0x08002880   0x00000010   Code   RO         1724    i.FLASH_Lock        stm32f0xx_flash.o
    0x08002890   0x08002890   0x0000004c   Code   RO         1744    i.FLASH_ProgramWord  stm32f0xx_flash.o
    0x080028dc   0x080028dc   0x00000020   Code   RO         1746    i.FLASH_Unlock      stm32f0xx_flash.o
    0x080028fc   0x080028fc   0x00000022   Code   RO         1747    i.FLASH_WaitForLastOperation  stm32f0xx_flash.o
    0x0800291e   0x0800291e   0x00000056   Code   RO          854    i.FindPos           filter.o
    0x08002974   0x08002974   0x00000070   Code   RO         1917    i.GPIO_Init         stm32f0xx_gpio.o
    0x080029e4   0x080029e4   0x00000020   Code   RO         1918    i.GPIO_PinAFConfig  stm32f0xx_gpio.o
    0x08002a04   0x08002a04   0x0000000e   Code   RO         1921    i.GPIO_ReadInputDataBit  stm32f0xx_gpio.o
    0x08002a12   0x08002a12   0x00000004   Code   RO         1924    i.GPIO_ResetBits    stm32f0xx_gpio.o
    0x08002a16   0x08002a16   0x00000004   Code   RO         1925    i.GPIO_SetBits      stm32f0xx_gpio.o
    0x08002a1a   0x08002a1a   0x00000002   PAD
    0x08002a1c   0x08002a1c   0x0000001c   Code   RO         1374    i.Get_BatteryAdc    power.o
    0x08002a38   0x08002a38   0x00000002   Code   RO          197    i.HardFault_Handler  stm32f0xx_it.o
    0x08002a3a   0x08002a3a   0x0000003e   Code   RO          423    i.IIC_ADD_read      iic.o
    0x08002a78   0x08002a78   0x0000003c   Code   RO          425    i.IIC_Ack           iic.o
    0x08002ab4   0x08002ab4   0x00000038   Code   RO          426    i.IIC_GPIO_Init     iic.o
    0x08002aec   0x08002aec   0x0000003c   Code   RO          427    i.IIC_NAck          iic.o
    0x08002b28   0x08002b28   0x00000060   Code   RO          428    i.IIC_ReadByte      iic.o
    0x08002b88   0x08002b88   0x0000005a   Code   RO          430    i.IIC_ReadMultByteFromSlave  iic.o
    0x08002be2   0x08002be2   0x00000002   PAD
    0x08002be4   0x08002be4   0x0000005c   Code   RO          431    i.IIC_SendByte      iic.o
    0x08002c40   0x08002c40   0x0000003c   Code   RO          432    i.IIC_Start         iic.o
    0x08002c7c   0x08002c7c   0x0000003c   Code   RO          433    i.IIC_Stop          iic.o
    0x08002cb8   0x08002cb8   0x00000058   Code   RO          434    i.IIC_WaitAck       iic.o
    0x08002d10   0x08002d10   0x00000042   Code   RO          435    i.IIC_WriteByteToSlave  iic.o
    0x08002d52   0x08002d52   0x00000002   PAD
    0x08002d54   0x08002d54   0x00000470   Code   RO          800    i.IMUupdate         imu.o
    0x080031c4   0x080031c4   0x00000038   Code   RO          306    i.LED_Init          led.o
    0x080031fc   0x080031fc   0x0000002c   Code   RO          307    i.LED_Run           led.o
    0x08003228   0x08003228   0x00000068   Code   RO         1375    i.LowVoltage_Alarm  power.o
    0x08003290   0x08003290   0x000000cc   Code   RO          532    i.MOTOR_Init        motor.o
    0x0800335c   0x0800335c   0x00000056   Code   RO          575    i.MPU6050_Init      mpu6050.o
    0x080033b2   0x080033b2   0x00000002   PAD
    0x080033b4   0x080033b4   0x00000088   Code   RO          576    i.MPU6050_OffSet    mpu6050.o
    0x0800343c   0x0800343c   0x000000e0   Code   RO          577    i.MPU6050_Offset    mpu6050.o
    0x0800351c   0x0800351c   0x00000014   Code   RO          578    i.MPU6050_Read      mpu6050.o
    0x08003530   0x08003530   0x00000016   Code   RO          580    i.MPU6050_ReadMultBytes  mpu6050.o
    0x08003546   0x08003546   0x00000014   Code   RO          582    i.MPU6050_WriteByte  mpu6050.o
    0x0800355a   0x0800355a   0x00000002   PAD
    0x0800355c   0x0800355c   0x0000004c   Code   RO          533    i.Moto_Pwm          motor.o
    0x080035a8   0x080035a8   0x00000022   Code   RO          198    i.NMI_Handler       stm32f0xx_it.o
    0x080035ca   0x080035ca   0x00000002   PAD
    0x080035cc   0x080035cc   0x00000050   Code   RO         3405    i.NVIC_Init         stm32f0xx_misc.o
    0x0800361c   0x0800361c   0x00000032   Code   RO          693    i.NvicConfig        nvic.o
    0x0800364e   0x0800364e   0x00000002   PAD
    0x08003650   0x08003650   0x000000d4   Code   RO          983    i.PID_Postion_Cal   pid.o
    0x08003724   0x08003724   0x00000084   Code   RO         1015    i.PID_ReadFlash     paramsave.o
    0x080037a8   0x080037a8   0x0000001c   Code   RO         1016    i.PID_WriteFlash    paramsave.o
    0x080037c4   0x080037c4   0x000001b4   Code   RO         1018    i.ParamsToTable     paramsave.o
    0x08003978   0x08003978   0x00000002   Code   RO          199    i.PendSV_Handler    stm32f0xx_it.o
    0x0800397a   0x0800397a   0x00000002   PAD
    0x0800397c   0x0800397c   0x00000098   Code   RO          984    i.PidParameter_init  pid.o
    0x08003a14   0x08003a14   0x0000013c   Code   RO          801    i.Prepare_Data      imu.o
    0x08003b50   0x08003b50   0x0000002a   Code   RO          856    i.QuiteSort         filter.o
    0x08003b7a   0x08003b7a   0x00000002   PAD
    0x08003b7c   0x08003b7c   0x00000018   Code   RO         2009    i.RCC_AHBPeriphClockCmd  stm32f0xx_rcc.o
    0x08003b94   0x08003b94   0x00000018   Code   RO         2011    i.RCC_APB1PeriphClockCmd  stm32f0xx_rcc.o
    0x08003bac   0x08003bac   0x00000018   Code   RO         2012    i.RCC_APB1PeriphResetCmd  stm32f0xx_rcc.o
    0x08003bc4   0x08003bc4   0x00000018   Code   RO         2013    i.RCC_APB2PeriphClockCmd  stm32f0xx_rcc.o
    0x08003bdc   0x08003bdc   0x00000018   Code   RO         2014    i.RCC_APB2PeriphResetCmd  stm32f0xx_rcc.o
    0x08003bf4   0x08003bf4   0x0000000c   Code   RO         2020    i.RCC_ClearITPendingBit  stm32f0xx_rcc.o
    0x08003c00   0x08003c00   0x00000178   Code   RO         2023    i.RCC_GetClocksFreq  stm32f0xx_rcc.o
    0x08003d78   0x08003d78   0x00000014   Code   RO         2025    i.RCC_GetITStatus   stm32f0xx_rcc.o
    0x08003d8c   0x08003d8c   0x00000010   Code   RO         2028    i.RCC_HSEConfig     stm32f0xx_rcc.o
    0x08003d9c   0x08003d9c   0x00000018   Code   RO         2034    i.RCC_ITConfig      stm32f0xx_rcc.o
    0x08003db4   0x08003db4   0x000000dc   Code   RO         1174    i.Remote_Data_ReceiveAnalysis  remotedata.o
    0x08003e90   0x08003e90   0x00000028   Code   RO         1270    i.SI24R1_Check      si24r1.o
    0x08003eb8   0x08003eb8   0x00000060   Code   RO         1271    i.SI24R1_Config     si24r1.o
    0x08003f18   0x08003f18   0x0000006c   Code   RO         1273    i.SI24R1_Init       si24r1.o
    0x08003f84   0x08003f84   0x0000003a   Code   RO         1274    i.SI24R1_Read_Buf   si24r1.o
    0x08003fbe   0x08003fbe   0x00000016   Code   RO         1275    i.SI24R1_RxPacket   si24r1.o
    0x08003fd4   0x08003fd4   0x00000018   Code   RO         1175    i.SI24R1_SingalCheck  remotedata.o
    0x08003fec   0x08003fec   0x00000054   Code   RO         1277    i.SI24R1_TxPacket   si24r1.o
    0x08004040   0x08004040   0x0000003a   Code   RO         1278    i.SI24R1_Write_Buf  si24r1.o
    0x0800407a   0x0800407a   0x0000002a   Code   RO         1279    i.SI24R1_read_reg   si24r1.o
    0x080040a4   0x080040a4   0x00000058   Code   RO         1280    i.SI24R1_testConnection  si24r1.o
    0x080040fc   0x080040fc   0x0000002c   Code   RO         1281    i.SI24R1_write_reg  si24r1.o
    0x08004128   0x08004128   0x0000003c   Code   RO         1282    i.SI24R1set_Mode    si24r1.o
    0x08004164   0x08004164   0x00000050   Code   RO          713    i.SPI1_WriteReadByte  spi.o
    0x080041b4   0x080041b4   0x00000012   Code   RO         2276    i.SPI_Cmd           stm32f0xx_spi.o
    0x080041c6   0x080041c6   0x00000002   PAD
    0x080041c8   0x080041c8   0x000000b8   Code   RO          714    i.SPI_GPIO_Init     spi.o
    0x08004280   0x08004280   0x00000040   Code   RO         2284    i.SPI_I2S_DeInit    stm32f0xx_spi.o
    0x080042c0   0x080042c0   0x0000000e   Code   RO         2285    i.SPI_I2S_GetFlagStatus  stm32f0xx_spi.o
    0x080042ce   0x080042ce   0x00000002   PAD
    0x080042d0   0x080042d0   0x00000054   Code   RO         2290    i.SPI_Init          stm32f0xx_spi.o
    0x08004324   0x08004324   0x00000004   Code   RO         2294    i.SPI_ReceiveData8  stm32f0xx_spi.o
    0x08004328   0x08004328   0x00000014   Code   RO         2295    i.SPI_RxFIFOThresholdConfig  stm32f0xx_spi.o
    0x0800433c   0x0800433c   0x00000004   Code   RO         2297    i.SPI_SendData8     stm32f0xx_spi.o
    0x08004340   0x08004340   0x00000014   Code   RO          391    i.STMFLASH_Read     flash.o
    0x08004354   0x08004354   0x00000070   Code   RO          393    i.STMFLASH_Write    flash.o
    0x080043c4   0x080043c4   0x00000002   Code   RO          200    i.SVC_Handler       stm32f0xx_it.o
    0x080043c6   0x080043c6   0x00000002   PAD
    0x080043c8   0x080043c8   0x00000028   Code   RO         2474    i.SYSCFG_EXTILineConfig  stm32f0xx_syscfg.o
    0x080043f0   0x080043f0   0x000000dc   Code   RO         1176    i.SendToRemote      remotedata.o
    0x080044cc   0x080044cc   0x00000098   Code   RO         1424    i.SetSysClock       system_stm32f0xx.o
    0x08004564   0x08004564   0x000000f8   Code   RO          859    i.SortAver_FilterXYZ  filter.o
    0x0800465c   0x0800465c   0x00000018   Code   RO         3407    i.SysTick_CLKSourceConfig  stm32f0xx_misc.o
    0x08004674   0x08004674   0x00000010   Code   RO          201    i.SysTick_Handler   stm32f0xx_it.o
    0x08004684   0x08004684   0x00000060   Code   RO         1426    i.SystemInit        system_stm32f0xx.o
    0x080046e4   0x080046e4   0x00000040   Code   RO          751    i.System_Init       system.o
    0x08004724   0x08004724   0x0000008c   Code   RO          202    i.TIM2_IRQHandler   stm32f0xx_it.o
    0x080047b0   0x080047b0   0x00000006   Code   RO         2553    i.TIM_ClearITPendingBit  stm32f0xx_tim.o
    0x080047b6   0x080047b6   0x00000014   Code   RO         2558    i.TIM_Cmd           stm32f0xx_tim.o
    0x080047ca   0x080047ca   0x00000018   Code   RO         2560    i.TIM_CtrlPWMOutputs  stm32f0xx_tim.o
    0x080047e2   0x080047e2   0x00000018   Code   RO         2579    i.TIM_GetITStatus   stm32f0xx_tim.o
    0x080047fa   0x080047fa   0x00000010   Code   RO         2583    i.TIM_ITConfig      stm32f0xx_tim.o
    0x0800480a   0x0800480a   0x00000002   PAD
    0x0800480c   0x0800480c   0x0000003c   Code   RO          780    i.TIM_Init          tim.o
    0x08004848   0x08004848   0x0000007c   Code   RO         2587    i.TIM_OC1Init       stm32f0xx_tim.o
    0x080048c4   0x080048c4   0x00000090   Code   RO         2592    i.TIM_OC2Init       stm32f0xx_tim.o
    0x08004954   0x08004954   0x00000088   Code   RO         2597    i.TIM_OC3Init       stm32f0xx_tim.o
    0x080049dc   0x080049dc   0x00000064   Code   RO         2602    i.TIM_OC4Init       stm32f0xx_tim.o
    0x08004a40   0x08004a40   0x00000074   Code   RO         2631    i.TIM_TimeBaseInit  stm32f0xx_tim.o
    0x08004ab4   0x08004ab4   0x000001b4   Code   RO         1019    i.TableToParams     paramsave.o
    0x08004c68   0x08004c68   0x00000094   Code   RO          752    i.Task_Schedule     system.o
    0x08004cfc   0x08004cfc   0x0000004c   Code   RO          203    i.USART1_IRQHandler  stm32f0xx_it.o
    0x08004d48   0x08004d48   0x0000000a   Code   RO         3101    i.USART_ClearITPendingBit  stm32f0xx_usart.o
    0x08004d52   0x08004d52   0x00000014   Code   RO         3104    i.USART_Cmd         stm32f0xx_usart.o
    0x08004d66   0x08004d66   0x0000000e   Code   RO         3112    i.USART_GetFlagStatus  stm32f0xx_usart.o
    0x08004d74   0x08004d74   0x00000038   Code   RO         3113    i.USART_GetITStatus  stm32f0xx_usart.o
    0x08004dac   0x08004dac   0x0000002a   Code   RO         3115    i.USART_ITConfig    stm32f0xx_usart.o
    0x08004dd6   0x08004dd6   0x00000002   PAD
    0x08004dd8   0x08004dd8   0x000000a8   Code   RO         3116    i.USART_Init        stm32f0xx_usart.o
    0x08004e80   0x08004e80   0x00000008   Code   RO         3133    i.USART_SendData    stm32f0xx_usart.o
    0x08004e88   0x08004e88   0x00000084   Code   RO          339    i.USART_init        usart.o
    0x08004f0c   0x08004f0c   0x00000060   Code   RO          934    i.Yaw_Carefree      control.o
    0x08004f6c   0x08004f6c   0x00000032   Code   RO         3697    i.__ARM_common_ll_muluu  m_ps.l(rredf.o)
    0x08004f9e   0x08004f9e   0x00000002   PAD
    0x08004fa0   0x08004fa0   0x0000002c   Code   RO         3673    i.__ARM_fpclassify  m_ps.l(fpclassify.o)
    0x08004fcc   0x08004fcc   0x00000022   Code   RO         3675    i.__ARM_fpclassifyf  m_ps.l(fpclassifyf.o)
    0x08004fee   0x08004fee   0x000000ac   Code   RO         3691    i.__kernel_poly     m_ps.l(poly.o)
    0x0800509a   0x0800509a   0x0000000a   Code   RO         3660    i.__mathlib_dbl_infnan  m_ps.l(dunder.o)
    0x080050a4   0x080050a4   0x00000008   Code   RO         3661    i.__mathlib_dbl_infnan2  m_ps.l(dunder.o)
    0x080050ac   0x080050ac   0x00000010   Code   RO         3662    i.__mathlib_dbl_invalid  m_ps.l(dunder.o)
    0x080050bc   0x080050bc   0x00000014   Code   RO         3665    i.__mathlib_dbl_underflow  m_ps.l(dunder.o)
    0x080050d0   0x080050d0   0x0000000a   Code   RO         3678    i.__mathlib_flt_infnan  m_ps.l(funder.o)
    0x080050da   0x080050da   0x0000000c   Code   RO         3680    i.__mathlib_flt_invalid  m_ps.l(funder.o)
    0x080050e6   0x080050e6   0x0000000e   Code   RO         3683    i.__mathlib_flt_underflow  m_ps.l(funder.o)
    0x080050f4   0x080050f4   0x00000180   Code   RO         3694    i.__mathlib_rredf2  m_ps.l(rredf.o)
    0x08005274   0x08005274   0x00000274   Code   RO         3544    i.asin              m_ps.l(asin.o)
    0x080054e8   0x080054e8   0x0000021c   Code   RO         3650    i.atan              m_ps.l(atan.o)
    0x08005704   0x08005704   0x00000178   Code   RO         3554    i.atan2             m_ps.l(atan2.o)
    0x0800587c   0x0800587c   0x00000178   Code   RO         3562    i.cosf              m_ps.l(cosf.o)
    0x080059f4   0x080059f4   0x00000034   Code   RO          802    i.invSqrt           imu.o
    0x08005a28   0x08005a28   0x0000000a   Code   RO            3    i.main              main.o
    0x08005a32   0x08005a32   0x00000002   PAD
    0x08005a34   0x08005a34   0x00000184   Code   RO         3570    i.sinf              m_ps.l(sinf.o)
    0x08005bb8   0x08005bb8   0x00000048   Code   RO         3700    i.sqrt              m_ps.l(sqrt.o)
    0x08005c00   0x08005c00   0x00000030   Code   RO          341    i.usart_send        usart.o
    0x08005c30   0x08005c30   0x0000008c   Code   RO         3520    x$fpl$fadd          fz_ps.l(faddsub.o)
    0x08005cbc   0x08005cbc   0x00000054   Code   RO         3535    x$fpl$fleqf         fz_ps.l(flef.o)
    0x08005d10   0x08005d10   0x000000b0   Code   RO         3537    x$fpl$fmul          fz_ps.l(fmul.o)
    0x08005dc0   0x08005dc0   0x00000058   Code   RO         3539    x$fpl$frleqf        fz_ps.l(frlef.o)
    0x08005e18   0x08005e18   0x00000018   Code   RO         3521    x$fpl$frsb          fz_ps.l(faddsub.o)
    0x08005e30   0x08005e30   0x000000d0   Code   RO         3522    x$fpl$fsub          fz_ps.l(faddsub.o)
    0x08005f00   0x08005f00   0x00000000   Code   RO         3648    x$fpl$usenofp       fz_ps.l(usenofp.o)
    0x08005f00   0x08005f00   0x00000024   Data   RO          807    .constdata          imu.o
    0x08005f24   0x08005f24   0x00000080   Data   RO         3512    .constdata          fz_ps.l(ddiv.o)
    0x08005fa4   0x08005fa4   0x00000040   Data   RO         3527    .constdata          fz_ps.l(fdiv.o)
    0x08005fe4   0x08005fe4   0x00000004   PAD
    0x08005fe8   0x08005fe8   0x00000050   Data   RO         3545    .constdata          m_ps.l(asin.o)
    0x08006038   0x08006038   0x00000098   Data   RO         3651    .constdata          m_ps.l(atan.o)
    0x080060d0   0x080060d0   0x00000008   Data   RO         3693    .constdata          m_ps.l(qnan.o)
    0x080060d8   0x080060d8   0x00000020   Data   RO         3695    .constdata          m_ps.l(rredf.o)
    0x080060f8   0x080060f8   0x00000020   Data   RO         3993    Region$$Table       anon$$obj.o


    Execution Region RW_IRAM1 (Exec base: 0x20000000, Load base: 0x08006118, Size: 0x00000fa0, Max: 0x00004000, ABSOLUTE)

    Exec Addr    Load Addr    Size         Type   Attr      Idx    E Section Name        Object

    0x20000000   0x08006118   0x00000012   Data   RW          204    .data               stm32f0xx_it.o
    0x20000012   0x0800612a   0x00000004   Data   RW          272    .data               delay.o
    0x20000016   0x0800612e   0x00000002   PAD
    0x20000018   0x08006130   0x00000004   Data   RW          273    .data               delay.o
    0x2000001c   0x08006134   0x00000001   Data   RW          308    .data               led.o
    0x2000001d   0x08006135   0x00000001   Data   RW          309    .data               led.o
    0x2000001e   0x08006136   0x00000002   PAD
    0x20000020   0x08006138   0x00000028   Data   RW          587    .data               mpu6050.o
    0x20000048   0x08006160   0x00000020   Data   RW          808    .data               imu.o
    0x20000068   0x08006180   0x0000000e   Data   RW          862    .data               filter.o
    0x20000076   0x0800618e   0x00000002   PAD
    0x20000078   0x08006190   0x00000014   Data   RW          939    .data               control.o
    0x2000008c   0x080061a4   0x00000001   Data   RW          942    .data               control.o
    0x2000008d   0x080061a5   0x00000009   Data   RW         1094    .data               ano_dt.o
    0x20000096   0x080061ae   0x00000008   Data   RW         1179    .data               remotedata.o
    0x2000009e   0x080061b6   0x00000012   Data   RW         1285    .data               si24r1.o
    0x200000b0   0x080061c8   0x00000018   Data   RW         1376    .data               power.o
    0x200000c8   0x080061e0   0x00000014   Data   RW         1427    .data               system_stm32f0xx.o
    0x200000dc   0x080061f4   0x00000010   Data   RW         2049    .data               stm32f0xx_rcc.o
    0x200000ec        -       0x0000000e   Zero   RW          586    .bss                mpu6050.o
    0x200000fa   0x08006204   0x00000002   PAD
    0x200000fc        -       0x0000000c   Zero   RW          803    .bss                imu.o
    0x20000108        -       0x00000054   Zero   RW          804    .bss                imu.o
    0x2000015c        -       0x00000500   Zero   RW          861    .bss                filter.o
    0x2000065c        -       0x00000168   Zero   RW          936    .bss                control.o
    0x200007c4        -       0x0000003c   Zero   RW          937    .bss                control.o
    0x20000800        -       0x0000003c   Zero   RW          938    .bss                control.o
    0x2000083c        -       0x0000003e   Zero   RW         1020    .bss                paramsave.o
    0x2000087a        -       0x0000006e   Zero   RW         1093    .bss                ano_dt.o
    0x200008e8        -       0x0000000a   Zero   RW         1178    .bss                remotedata.o
    0x200008f2   0x08006204   0x00000002   PAD
    0x200008f4        -       0x0000000c   Zero   RW         1230    .bss                bmp280.o
    0x20000900        -       0x00000020   Zero   RW         1283    .bss                si24r1.o
    0x20000920        -       0x00000020   Zero   RW         1284    .bss                si24r1.o
    0x20000940        -       0x00000060   Zero   RW         3761    .bss                c_p.l(libspace.o)
    0x200009a0        -       0x00000200   Zero   RW         1416    HEAP                startup_stm32f072.o
    0x20000ba0        -       0x00000400   Zero   RW         1415    STACK               startup_stm32f072.o


==============================================================================

Image component sizes


      Code (inc. data)   RO Data    RW Data    ZI Data      Debug   Object Name

      3208        244          0          9        110      10837   ano_dt.o
         0          0          0          0         12       5904   bmp280.o
       544         46          0         21        480       7166   control.o
       152         28          0          8          0       2136   delay.o
        68          0          0          0          0        532   exit.o
       480         18          0         14       1280       8148   filter.o
       132          8          0          0          0       1961   flash.o
       790         38          0          0          0       6823   iic.o
      1504         76         36         32         96       7741   imu.o
       100         14          0          2          0       1208   led.o
        10          0          0          0          0     240943   main.o
       280         18          0          0          0       1348   motor.o
       508         22          0         40         14       8891   mpu6050.o
        50          0          0          0          0        493   nvic.o
      1164        186          0          0         62       8342   paramsave.o
       364         62          0          0          0       1714   pid.o
       324         34          0         24          0       7160   power.o
       616         88          0          8         10       6992   remotedata.o
       700         44          0         18         64       7915   si24r1.o
       264         12          0          0          0       1345   spi.o
       116         56        192          0       1536        744   startup_stm32f072.o
       210         10          0          0          0       5923   stm32f0xx_adc.o
       140         16          0          0          0       2296   stm32f0xx_exti.o
       254         34          0          0          0       4313   stm32f0xx_flash.o
       166          0          0          0          0       3639   stm32f0xx_gpio.o
       380         32          0         18          0       4031   stm32f0xx_it.o
       104         14          0          0          0       1622   stm32f0xx_misc.o
       568         82          0         16          0       7309   stm32f0xx_rcc.o
       208         24          0          0          0       4813   stm32f0xx_spi.o
        40          6          0          0          0        676   stm32f0xx_syscfg.o
       710        116          0          0          0       8614   stm32f0xx_tim.o
       318         20          0          0          0       5823   stm32f0xx_usart.o
       212         40          0          0          0       1038   system.o
       248         22          0         20          0       2005   system_stm32f0xx.o
        60          4          0          0          0        487   tim.o
       180         16          0          0          0       1650   usart.o

    ----------------------------------------------------------------------
     15204       1430        260        236       3668     392582   Object Totals
         0          0         32          0          0          0   (incl. Generated)
        32          0          0          6          4          0   (incl. Padding)

    ----------------------------------------------------------------------

      Code (inc. data)   RO Data    RW Data    ZI Data      Debug   Library Member Name

         8          0          0          0          0         68   __main.o
         0          0          0          0          0          0   __rtentry.o
        12          0          0          0          0          0   __rtentry2.o
         6          0          0          0          0          0   __rtentry4.o
        60          8          0          0          0          0   __scatter.o
        26          0          0          0          0          0   __scatter_copy.o
        28          0          0          0          0          0   __scatter_zi.o
        22          0          0          0          0         92   _rserrno.o
       346          0          0          0          0         92   aeabi_sdiv.o
        16          0          0          0          0         68   exit.o
         6          0          0          0          0        136   heapauxi.o
         0          0          0          0          0          0   indicate_semi.o
         2          0          0          0          0          0   libinit.o
         2          0          0          0          0          0   libinit2.o
         2          0          0          0          0          0   libshutdown.o
         2          0          0          0          0          0   libshutdown2.o
         8          4          0          0         96         68   libspace.o
         8          4          0          0          0         68   rt_errno_addr_intlibspace.o
       186          0          0          0          0        144   rt_memcpy.o
         2          0          0          0          0          0   rtexit.o
        10          0          0          0          0          0   rtexit2.o
        12          4          0          0          0         60   sys_exit.o
        62          0          0          0          0         80   sys_stackheap_outer.o
         2          0          0          0          0         68   use_no_semi.o
        46          0          0          0          0         60   cmpret.o
       124          4          0          0          0         72   d2f.o
       856         20          0          0          0        208   daddsub.o
      1096         26        128          0          0        112   ddiv.o
        88          0          0          0          0         92   dflti.o
       584         26          0          0          0         84   dmul.o
        96         12          0          0          0         72   dscalbn.o
       256          8          0          0          0         76   dsqrt.o
        84          4          0          0          0         60   f2d.o
       372          8          0          0          0        240   faddsub.o
       100          4          0          0          0         68   fcmpin.o
       352         10         64          0          0         92   fdiv.o
        76          0          0          0          0         68   ffixi.o
        48          0          0          0          0         60   ffixui.o
        94          0          0          0          0         92   fflti.o
        84          4          0          0          0         76   flef.o
       176          4          0          0          0         80   fmul.o
        16          6          0          0          0         68   fnan2.o
        88          4          0          0          0         76   frlef.o
       128          6          0          0          0         68   frnd.o
        68          4          0          0          0         68   fscalbn.o
        94          0          0          0          0         68   retnan.o
         0          0          0          0          0          0   usenofp.o
       628         54         80          0          0        104   asin.o
       540         68        152          0          0        112   atan.o
       376         42          0          0          0        144   atan2.o
       376         58          0          0          0        104   cosf.o
        54          6          0          0          0        272   dunder.o
        44          4          0          0          0         60   fpclassify.o
        34          0          0          0          0         60   fpclassifyf.o
        36          0          0          0          0        204   funder.o
       172          0          0          0          0         76   poly.o
         0          0          8          0          0          0   qnan.o
       434         18         32          0          0        168   rredf.o
       388         58          0          0          0        104   sinf.o
        72          6          0          0          0         76   sqrt.o

    ----------------------------------------------------------------------
      8924        484        468          0         96       4388   Library Totals
        16          0          4          0          0          0   (incl. Padding)

    ----------------------------------------------------------------------

      Code (inc. data)   RO Data    RW Data    ZI Data      Debug   Library Name

       828         20          0          0         96        944   c_p.l
      4926        150        192          0          0       1960   fz_ps.l
      3154        314        272          0          0       1484   m_ps.l

    ----------------------------------------------------------------------
      8924        484        468          0         96       4388   Library Totals

    ----------------------------------------------------------------------

==============================================================================


      Code (inc. data)   RO Data    RW Data    ZI Data      Debug   

     24128       1914        728        236       3764     388182   Grand Totals
     24128       1914        728        236       3764     388182   ELF Image Totals
     24128       1914        728        236          0          0   ROM Totals

==============================================================================

    Total RO  Size (Code + RO Data)                24856 (  24.27kB)
    Total RW  Size (RW Data + ZI Data)              4000 (   3.91kB)
    Total ROM Size (Code + RO Data + RW Data)      25092 (  24.50kB)

==============================================================================

