Component: ARM Compiler 5.06 update 6 (build 750) Tool: armlink [4d35ed]

==============================================================================

Section Cross References

    main.o(i.main) refers to system.o(i.System_Init) for System_Init
    main.o(i.main) refers to system.o(i.Task_Schedule) for Task_Schedule
    stm32f0xx_it.o(i.EXTI0_1_IRQHandler) refers to stm32f0xx_exti.o(i.EXTI_GetITStatus) for EXTI_GetITStatus
    stm32f0xx_it.o(i.EXTI0_1_IRQHandler) refers to si24r1.o(i.SI24R1_read_reg) for SI24R1_read_reg
    stm32f0xx_it.o(i.EXTI0_1_IRQHandler) refers to si24r1.o(i.SI24R1set_Mode) for SI24R1set_Mode
    stm32f0xx_it.o(i.EXTI0_1_IRQHandler) refers to si24r1.o(i.SI24R1_write_reg) for SI24R1_write_reg
    stm32f0xx_it.o(i.EXTI0_1_IRQHandler) refers to si24r1.o(i.SI24R1_RxPacket) for SI24R1_RxPacket
    stm32f0xx_it.o(i.EXTI0_1_IRQHandler) refers to remotedata.o(i.Remote_Data_ReceiveAnalysis) for Remote_Data_ReceiveAnalysis
    stm32f0xx_it.o(i.EXTI0_1_IRQHandler) refers to stm32f0xx_exti.o(i.EXTI_ClearITPendingBit) for EXTI_ClearITPendingBit
    stm32f0xx_it.o(i.EXTI0_1_IRQHandler) refers to si24r1.o(.bss) for SI24R1_RX_DATA
    stm32f0xx_it.o(i.NMI_Handler) refers to stm32f0xx_rcc.o(i.RCC_GetITStatus) for RCC_GetITStatus
    stm32f0xx_it.o(i.NMI_Handler) refers to stm32f0xx_rcc.o(i.RCC_HSEConfig) for RCC_HSEConfig
    stm32f0xx_it.o(i.NMI_Handler) refers to stm32f0xx_rcc.o(i.RCC_ITConfig) for RCC_ITConfig
    stm32f0xx_it.o(i.NMI_Handler) refers to stm32f0xx_rcc.o(i.RCC_ClearITPendingBit) for RCC_ClearITPendingBit
    stm32f0xx_it.o(i.SysTick_Handler) refers to delay.o(.data) for sysTickUptime
    stm32f0xx_it.o(i.TIM2_IRQHandler) refers to stm32f0xx_tim.o(i.TIM_GetITStatus) for TIM_GetITStatus
    stm32f0xx_it.o(i.TIM2_IRQHandler) refers to stm32f0xx_tim.o(i.TIM_ClearITPendingBit) for TIM_ClearITPendingBit
    stm32f0xx_it.o(i.TIM2_IRQHandler) refers to stm32f0xx_it.o(.data) for .data
    stm32f0xx_it.o(i.USART1_IRQHandler) refers to stm32f0xx_usart.o(i.USART_GetITStatus) for USART_GetITStatus
    stm32f0xx_it.o(i.USART1_IRQHandler) refers to ano_dt.o(i.ANO_DT_Data_Receive_Prepare) for ANO_DT_Data_Receive_Prepare
    stm32f0xx_it.o(i.USART1_IRQHandler) refers to stm32f0xx_usart.o(i.USART_ClearITPendingBit) for USART_ClearITPendingBit
    delay.o(i.Delay_Init) refers to stm32f0xx_misc.o(i.SysTick_CLKSourceConfig) for SysTick_CLKSourceConfig
    delay.o(i.Delay_Init) refers to aeabi_sdiv.o(.text) for __aeabi_uidivmod
    delay.o(i.Delay_Init) refers to system_stm32f0xx.o(.data) for SystemCoreClock
    delay.o(i.Delay_Init) refers to delay.o(.data) for .data
    delay.o(i.Delay_ms) refers to delay.o(.data) for .data
    delay.o(i.Delay_us) refers to delay.o(.data) for .data
    led.o(i.LED_Init) refers to stm32f0xx_rcc.o(i.RCC_AHBPeriphClockCmd) for RCC_AHBPeriphClockCmd
    led.o(i.LED_Init) refers to stm32f0xx_gpio.o(i.GPIO_Init) for GPIO_Init
    led.o(i.LED_Init) refers to stm32f0xx_gpio.o(i.GPIO_SetBits) for GPIO_SetBits
    led.o(i.LED_Run) refers to stm32f0xx_gpio.o(i.GPIO_SetBits) for GPIO_SetBits
    led.o(i.LED_Run) refers to stm32f0xx_gpio.o(i.GPIO_ResetBits) for GPIO_ResetBits
    led.o(i.LED_Run) refers to led.o(.data) for .data
    usart.o(i.USART_init) refers to stm32f0xx_rcc.o(i.RCC_APB2PeriphClockCmd) for RCC_APB2PeriphClockCmd
    usart.o(i.USART_init) refers to stm32f0xx_rcc.o(i.RCC_AHBPeriphClockCmd) for RCC_AHBPeriphClockCmd
    usart.o(i.USART_init) refers to stm32f0xx_gpio.o(i.GPIO_PinAFConfig) for GPIO_PinAFConfig
    usart.o(i.USART_init) refers to stm32f0xx_gpio.o(i.GPIO_Init) for GPIO_Init
    usart.o(i.USART_init) refers to stm32f0xx_usart.o(i.USART_Init) for USART_Init
    usart.o(i.USART_init) refers to stm32f0xx_usart.o(i.USART_ITConfig) for USART_ITConfig
    usart.o(i.USART_init) refers to stm32f0xx_usart.o(i.USART_Cmd) for USART_Cmd
    usart.o(i.fputc) refers to stm32f0xx_usart.o(i.USART_SendData) for USART_SendData
    usart.o(i.fputc) refers to stm32f0xx_usart.o(i.USART_GetFlagStatus) for USART_GetFlagStatus
    usart.o(i.usart_send) refers to stm32f0xx_usart.o(i.USART_SendData) for USART_SendData
    usart.o(i.usart_send) refers to stm32f0xx_usart.o(i.USART_GetFlagStatus) for USART_GetFlagStatus
    exit.o(i.Exit_Init) refers to stm32f0xx_rcc.o(i.RCC_AHBPeriphClockCmd) for RCC_AHBPeriphClockCmd
    exit.o(i.Exit_Init) refers to stm32f0xx_rcc.o(i.RCC_APB2PeriphClockCmd) for RCC_APB2PeriphClockCmd
    exit.o(i.Exit_Init) refers to stm32f0xx_syscfg.o(i.SYSCFG_EXTILineConfig) for SYSCFG_EXTILineConfig
    exit.o(i.Exit_Init) refers to stm32f0xx_gpio.o(i.GPIO_Init) for GPIO_Init
    exit.o(i.Exit_Init) refers to stm32f0xx_exti.o(i.EXTI_Init) for EXTI_Init
    flash.o(i.STMFLASH_Write) refers to stm32f0xx_flash.o(i.FLASH_Unlock) for FLASH_Unlock
    flash.o(i.STMFLASH_Write) refers to stm32f0xx_flash.o(i.FLASH_ErasePage) for FLASH_ErasePage
    flash.o(i.STMFLASH_Write) refers to stm32f0xx_flash.o(i.FLASH_ProgramWord) for FLASH_ProgramWord
[...]
    i.USART_Init                             0x08004854   Section        0  stm32f0xx_usart.o(i.USART_Init)
    i.USART_SendData                         0x080048fc   Section        0  stm32f0xx_usart.o(i.USART_SendData)
    i.USART_init                             0x08004904   Section        0  usart.o(i.USART_init)
    i.Yaw_Carefree                           0x08004988   Section        0  control.o(i.Yaw_Carefree)
    i.__ARM_common_ll_muluu                  0x080049e8   Section        0  rredf.o(i.__ARM_common_ll_muluu)
    i.__ARM_fpclassify                       0x08004a1c   Section        0  fpclassify.o(i.__ARM_fpclassify)
    i.__ARM_fpclassifyf                      0x08004a48   Section        0  fpclassifyf.o(i.__ARM_fpclassifyf)
    i.__kernel_poly                          0x08004a6a   Section        0  poly.o(i.__kernel_poly)
    i.__mathlib_dbl_infnan                   0x08004b16   Section        0  dunder.o(i.__mathlib_dbl_infnan)
    i.__mathlib_dbl_infnan2                  0x08004b20   Section        0  dunder.o(i.__mathlib_dbl_infnan2)
    i.__mathlib_dbl_invalid                  0x08004b28   Section        0  dunder.o(i.__mathlib_dbl_invalid)
    i.__mathlib_dbl_underflow                0x08004b38   Section        0  dunder.o(i.__mathlib_dbl_underflow)
    i.__mathlib_flt_infnan                   0x08004b4c   Section        0  funder.o(i.__mathlib_flt_infnan)
    i.__mathlib_flt_invalid                  0x08004b56   Section        0  funder.o(i.__mathlib_flt_invalid)
    i.__mathlib_flt_underflow                0x08004b62   Section        0  funder.o(i.__mathlib_flt_underflow)
    i.__mathlib_rredf2                       0x08004b70   Section        0  rredf.o(i.__mathlib_rredf2)
    i.asin                                   0x08004cf0   Section        0  asin.o(i.asin)
    i.atan                                   0x08004f64   Section        0  atan.o(i.atan)
    i.atan2                                  0x08005180   Section        0  atan2.o(i.atan2)
    i.cosf                                   0x080052f8   Section        0  cosf.o(i.cosf)
    i.invSqrt                                0x08005470   Section        0  imu.o(i.invSqrt)
    invSqrt                                  0x08005471   Thumb Code    46  imu.o(i.invSqrt)
    i.main                                   0x080054a4   Section        0  main.o(i.main)
    i.sinf                                   0x080054b0   Section        0  sinf.o(i.sinf)
    i.sqrt                                   0x08005634   Section        0  sqrt.o(i.sqrt)
    i.usart_send                             0x0800567c   Section        0  usart.o(i.usart_send)
    x$fpl$fadd                               0x080056ac   Section      140  faddsub.o(x$fpl$fadd)
    _fadd1                                   0x080056b9   Thumb Code     0  faddsub.o(x$fpl$fadd)
    x$fpl$fleqf                              0x08005738   Section       84  flef.o(x$fpl$fleqf)
    x$fpl$fmul                               0x0800578c   Section      176  fmul.o(x$fpl$fmul)
    x$fpl$frleqf                             0x0800583c   Section       88  frlef.o(x$fpl$frleqf)
    x$fpl$frsb                               0x08005894   Section       24  faddsub.o(x$fpl$frsb)
    x$fpl$fsub                               0x080058ac   Section      208  faddsub.o(x$fpl$fsub)
    _fsub1                                   0x080058b9   Thumb Code     0  faddsub.o(x$fpl$fsub)
    .constdata                               0x0800597c   Section       36  imu.o(.constdata)
    x$fpl$usenofp                            0x0800597c   Section        0  usenofp.o(x$fpl$usenofp)
    .constdata                               0x080059a0   Section      128  ddiv.o(.constdata)
    ddiv_reciptbl                            0x080059a0   Data         128  ddiv.o(.constdata)
    .constdata                               0x08005a20   Section       64  fdiv.o(.constdata)
    fdiv_tab                                 0x08005a20   Data          64  fdiv.o(.constdata)
    .constdata                               0x08005a60   Section       80  asin.o(.constdata)
    pS                                       0x08005a60   Data          48  asin.o(.constdata)
    qS                                       0x08005a90   Data          32  asin.o(.constdata)
    .constdata                               0x08005ab0   Section      152  atan.o(.constdata)
    atanhi                                   0x08005ab0   Data          32  atan.o(.constdata)
    atanlo                                   0x08005ad0   Data          32  atan.o(.constdata)
    aTodd                                    0x08005af0   Data          40  atan.o(.constdata)
    aTeven                                   0x08005b18   Data          48  atan.o(.constdata)
    .constdata                               0x08005b48   Section        8  qnan.o(.constdata)
    .constdata                               0x08005b50   Section       32  rredf.o(.constdata)
    twooverpi                                0x08005b50   Data          32  rredf.o(.constdata)
    .data                                    0x20000000   Section       18  stm32f0xx_it.o(.data)
    ms2                                      0x20000006   Data           2  stm32f0xx_it.o(.data)
    ms5                                      0x20000008   Data           2  stm32f0xx_it.o(.data)
    ms10                                     0x2000000a   Data           2  stm32f0xx_it.o(.data)
    ms100                                    0x2000000c   Data           2  stm32f0xx_it.o(.data)
    ms200                                    0x2000000e   Data           2  stm32f0xx_it.o(.data)
    ms400                                    0x20000010   Data           2  stm32f0xx_it.o(.data)
    .data                                    0x20000012   Section        4  delay.o(.data)
    D_us                                     0x20000012   Data           1  delay.o(.data)
    D_ms                                     0x20000014   Data           2  delay.o(.data)
    .data                                    0x20000018   Section        4  delay.o(.data)
    .data                                    0x2000001c   Section        1  led.o(.data)
    flag                                     0x2000001c   Data           1  led.o(.data)
    .data                                    0x20000020   Section       40  mpu6050.o(.data)
    cnt_a                                    0x20000022   Data           2  mpu6050.o(.data)
    tempgx                                   0x20000024   Data           4  mpu6050.o(.data)
    tempgy                                   0x20000028   Data           4  mpu6050.o(.data)
    tempgz                                   0x2000002c   Data           4  mpu6050.o(.data)
    .data                                    0x20000048   Section       32  imu.o(.data)
    IIR_mode                                 0x20000049   Data           1  imu.o(.data)
    .data                                    0x20000068   Section       14  filter.o(.data)
    cnt                                      0x20000068   Data           1  filter.o(.data)
    flag                                     0x20000069   Data           1  filter.o(.data)
    cnt                                      0x2000006a   Data           1  filter.o(.data)
    flag                                     0x2000006b   Data           1  filter.o(.data)
    cnt                                      0x2000006c   Data           1  filter.o(.data)
    flag                                     0x2000006d   Data           1  filter.o(.data)
    cnt                                      0x2000006e   Data           1  filter.o(.data)
    flag                                     0x2000006f   Data           1  filter.o(.data)
    cnt                                      0x20000070   Data           1  filter.o(.data)
    flag                                     0x20000071   Data           1  filter.o(.data)
    cnt                                      0x20000072   Data           1  filter.o(.data)
    flag                                     0x20000073   Data           1  filter.o(.data)
    cnt                                      0x20000074   Data           1  filter.o(.data)
    flag                                     0x20000075   Data           1  filter.o(.data)
    .data                                    0x20000078   Section       20  control.o(.data)
    YAW                                      0x2000007a   Data           2  control.o(.data)
    .data                                    0x2000008c   Section        1  control.o(.data)
    .data                                    0x2000008d   Section        9  ano_dt.o(.data)
    status_cnt                               0x2000008e   Data           1  ano_dt.o(.data)
    senser_cnt                               0x2000008f   Data           1  ano_dt.o(.data)
    rcdata_cnt                               0x20000090   Data           1  ano_dt.o(.data)
    motopwm_cnt                              0x20000091   Data           1  ano_dt.o(.data)
    power_cnt                                0x20000092   Data           1  ano_dt.o(.data)
    _data_len                                0x20000093   Data           1  ano_dt.o(.data)
    _data_cnt                                0x20000094   Data           1  ano_dt.o(.data)
    state                                    0x20000095   Data           1  ano_dt.o(.data)
    .data                                    0x20000096   Section        8  remotedata.o(.data)
    Pre_mode                                 0x20000096   Data           1  remotedata.o(.data)
    PreDataID                                0x20000097   Data           1  remotedata.o(.data)
    time1                                    0x2000009a   Data           2  remotedata.o(.data)
    time2                                    0x2000009c   Data           2  remotedata.o(.data)
    .data                                    0x2000009e   Section       18  si24r1.o(.data)
    mode                                     0x2000009f   Data           1  si24r1.o(.data)
    key                                      0x200000a0   Data           1  si24r1.o(.data)
    .data                                    0x200000b0   Section       20  system_stm32f0xx.o(.data)
    .data                                    0x200000c4   Section       16  stm32f0xx_rcc.o(.data)
    APBAHBPrescTable                         0x200000c4   Data          16  stm32f0xx_rcc.o(.data)
    .bss                                     0x200000d4   Section       14  mpu6050.o(.bss)
    MPU6050_buff                             0x200000d4   Data          14  mpu6050.o(.bss)
    .bss                                     0x200000e4   Section       12  imu.o(.bss)
    .bss                                     0x200000f0   Section       84  imu.o(.bss)
    .bss                                     0x20000144   Section     1280  filter.o(.bss)
    buf                                      0x20000144   Data          80  filter.o(.bss)
    buf                                      0x20000194   Data          80  filter.o(.bss)
    bufx                                     0x200001e4   Data          80  filter.o(.bss)
    bufy                                     0x20000234   Data          80  filter.o(.bss)
    bufz                                     0x20000284   Data          80  filter.o(.bss)
    bufax                                    0x200002d4   Data          80  filter.o(.bss)
    bufay                                    0x20000324   Data          80  filter.o(.bss)
    bufaz                                    0x20000374   Data          80  filter.o(.bss)
    bufgx                                    0x200003c4   Data          80  filter.o(.bss)
    bufgy                                    0x20000414   Data          80  filter.o(.bss)
    bufgz                                    0x20000464   Data          80  filter.o(.bss)
    bufax                                    0x200004b4   Data          80  filter.o(.bss)
    bufay                                    0x20000504   Data          80  filter.o(.bss)
    bufaz                                    0x20000554   Data          80  filter.o(.bss)
    buf                                      0x200005a4   Data          80  filter.o(.bss)
    buf                                      0x200005f4   Data          80  filter.o(.bss)
    .bss                                     0x20000644   Section      360  control.o(.bss)
    .bss                                     0x200007ac   Section       60  control.o(.bss)
    .bss                                     0x200007e8   Section       60  control.o(.bss)
    .bss                                     0x20000824   Section       62  paramsave.o(.bss)
    .bss                                     0x20000862   Section      110  ano_dt.o(.bss)
    RxBuffer                                 0x20000862   Data          50  ano_dt.o(.bss)
    .bss                                     0x200008d0   Section       10  remotedata.o(.bss)
    .bss                                     0x200008dc   Section       12  bmp280.o(.bss)
    .bss                                     0x200008e8   Section       32  si24r1.o(.bss)
    .bss                                     0x20000908   Section       32  si24r1.o(.bss)
    .bss                                     0x20000928   Section       96  libspace.o(.bss)
    HEAP                                     0x20000988   Section      512  startup_stm32f072.o(HEAP)
    Heap_Mem                                 0x20000988   Data         512  startup_stm32f072.o(HEAP)
    STACK                                    0x20000b88   Section     1024  startup_stm32f072.o(STACK)
    Stack_Mem                                0x20000b88   Data        1024  startup_stm32f072.o(STACK)
    __initial_sp                             0x20000f88   Data           0  startup_stm32f072.o(STACK)

    Global Symbols

    Symbol Name                              Value     Ov Type        Size  Object(Section)

    BuildAttributes$$THM_ISAv3M$S$PE$A:L22$X:L11$S22$IEEE1$IW$USESV6$~STKCKD$USESV7$~SHL$OTIME$ROPI$IEEEX$EBA8$UX$STANDARDLIB$REQ8$PRES8$EABIv2 0x00000000   Number         0  anon$$obj.o ABSOLUTE
    __ARM_use_no_argv                        0x00000000   Number         0  main.o ABSOLUTE
    __ARM_exceptions_init                     - Undefined Weak Reference
    __alloca_initialize                       - Undefined Weak Reference
    __arm_preinit_                            - Undefined Weak Reference
    __cpp_initialize__aeabi_                  - Undefined Weak Reference
    __cxa_finalize                            - Undefined Weak Reference
    __rt_locale                               - Undefined Weak Reference
    __sigvec_lookup                           - Undefined Weak Reference
    __user_heap_extent                        - Undefined Weak Reference
    _atexit_init                              - Undefined Weak Reference
    _call_atexit_fns                          - Undefined Weak Reference
    _clock_init                               - Undefined Weak Reference
    _fp_trap_init                             - Undefined Weak Reference
    _fp_trap_shutdown                         - Undefined Weak Reference
    _get_lc_collate                           - Undefined Weak Reference
    _get_lc_ctype                             - Undefined Weak Reference
    _get_lc_monetary                          - Undefined Weak Reference
    _get_lc_numeric                           - Undefined Weak Reference
    _get_lc_time                              - Undefined Weak Reference
    _getenv_init                              - Undefined Weak Reference
    _handle_redirection                       - Undefined Weak Reference
    _mutex_acquire                            - Undefined Weak Reference
    _mutex_free                               - Undefined Weak Reference
    _mutex_release                            - Undefined Weak Reference
    _printf_post_padding                      - Undefined Weak Reference
    _printf_pre_padding                       - Undefined Weak Reference
    _printf_truncate_unsigned                 - Undefined Weak Reference
    _signal_finish                            - Undefined Weak Reference
    _signal_init                              - Undefined Weak Reference
    __Vectors_Size                           0x000000c0   Number         0  startup_stm32f072.o ABSOLUTE
    __Vectors                                0x08000000   Data           4  startup_stm32f072.o(RESET)
    __Vectors_End                            0x080000c0   Data           0  startup_stm32f072.o(RESET)
    __main                                   0x080000c1   Thumb Code     8  __main.o(!!!main)
    __scatterload                            0x080000c9   Thumb Code     0  __scatter.o(!!!scatter)
    __scatterload_rt2                        0x080000c9   Thumb Code    52  __scatter.o(!!!scatter)
    __scatterload_rt2_thumb_only             0x080000c9   Thumb Code     0  __scatter.o(!!!scatter)
    __scatterload_null                       0x080000d9   Thumb Code     0  __scatter.o(!!!scatter)
    __scatterload_copy                       0x08000105   Thumb Code    26  __scatter_copy.o(!!handler_copy)
    __scatterload_zeroinit                   0x08000121   Thumb Code    28  __scatter_zi.o(!!handler_zi)
    __rt_lib_init                            0x0800013d   Thumb Code     0  libinit.o(.ARM.Collect$$libinit$$00000000)
    __rt_lib_init_alloca_1                   0x0800013f   Thumb Code     0  libinit2.o(.ARM.Collect$$libinit$$0000002E)
    __rt_lib_init_argv_1                     0x0800013f   Thumb Code     0  libinit2.o(.ARM.Collect$$libinit$$0000002C)
    __rt_lib_init_atexit_1                   0x0800013f   Thumb Code     0  libinit2.o(.ARM.Collect$$libinit$$0000001B)
    __rt_lib_init_clock_1                    0x0800013f   Thumb Code     0  libinit2.o(.ARM.Collect$$libinit$$00000021)
    __rt_lib_init_cpp_1                      0x0800013f   Thumb Code     0  libinit2.o(.ARM.Collect$$libinit$$00000032)
    __rt_lib_init_exceptions_1               0x0800013f   Thumb Code     0  libinit2.o(.ARM.Collect$$libinit$$00000030)
    __rt_lib_init_fp_1                       0x0800013f   Thumb Code     0  libinit2.o(.ARM.Collect$$libinit$$00000002)
    __rt_lib_init_fp_trap_1                  0x0800013f   Thumb Code     0  libinit2.o(.ARM.Collect$$libinit$$0000001F)
    __rt_lib_init_getenv_1                   0x0800013f   Thumb Code     0  libinit2.o(.ARM.Collect$$libinit$$00000023)
    __rt_lib_init_heap_1                     0x0800013f   Thumb Code     0  libinit2.o(.ARM.Collect$$libinit$$0000000A)
    __rt_lib_init_lc_collate_1               0x0800013f   Thumb Code     0  libinit2.o(.ARM.Collect$$libinit$$00000011)
    __rt_lib_init_lc_ctype_1                 0x0800013f   Thumb Code     0  libinit2.o(.ARM.Collect$$libinit$$00000013)
    __rt_lib_init_lc_monetary_1              0x0800013f   Thumb Code     0  libinit2.o(.ARM.Collect$$libinit$$00000015)
    __rt_lib_init_lc_numeric_1               0x0800013f   Thumb Code     0  libinit2.o(.ARM.Collect$$libinit$$00000017)
    __rt_lib_init_lc_time_1                  0x0800013f   Thumb Code     0  libinit2.o(.ARM.Collect$$libinit$$00000019)
    __rt_lib_init_preinit_1                  0x0800013f   Thumb Code     0  libinit2.o(.ARM.Collect$$libinit$$00000004)
    __rt_lib_init_rand_1                     0x0800013f   Thumb Code     0  libinit2.o(.ARM.Collect$$libinit$$0000000E)
    __rt_lib_init_return                     0x0800013f   Thumb Code     0  libinit2.o(.ARM.Collect$$libinit$$00000033)
    __rt_lib_init_signal_1                   0x0800013f   Thumb Code     0  libinit2.o(.ARM.Collect$$libinit$$0000001D)
    __rt_lib_init_stdio_1                    0x0800013f   Thumb Code     0  libinit2.o(.ARM.Collect$$libinit$$00000025)
    __rt_lib_init_user_alloc_1               0x0800013f   Thumb Code     0  libinit2.o(.ARM.Collect$$libinit$$0000000C)
    __rt_lib_shutdown                        0x08000141   Thumb Code     0  libshutdown.o(.ARM.Collect$$libshutdown$$00000000)
    __rt_lib_shutdown_cpp_1                  0x08000143   Thumb Code     0  libshutdown2.o(.ARM.Collect$$libshutdown$$00000002)
    __rt_lib_shutdown_fp_trap_1              0x08000143   Thumb Code     0  libshutdown2.o(.ARM.Collect$$libshutdown$$00000007)
    __rt_lib_shutdown_heap_1                 0x08000143   Thumb Code     0  libshutdown2.o(.ARM.Collect$$libshutdown$$0000000F)
    __rt_lib_shutdown_return                 0x08000143   Thumb Code     0  libshutdown2.o(.ARM.Collect$$libshutdown$$00000010)
    __rt_lib_shutdown_signal_1               0x08000143   Thumb Code     0  libshutdown2.o(.ARM.Collect$$libshutdown$$0000000A)
    __rt_lib_shutdown_stdio_1                0x08000143   Thumb Code     0  libshutdown2.o(.ARM.Collect$$libshutdown$$00000004)
    __rt_lib_shutdown_user_alloc_1           0x08000143   Thumb Code     0  libshutdown2.o(.ARM.Collect$$libshutdown$$0000000C)
    __rt_entry                               0x08000145   Thumb Code     0  __rtentry.o(.ARM.Collect$$rtentry$$00000000)
    __rt_entry_presh_1                       0x08000145   Thumb Code     0  __rtentry2.o(.ARM.Collect$$rtentry$$00000002)
    __rt_entry_sh                            0x08000145   Thumb Code     0  __rtentry4.o(.ARM.Collect$$rtentry$$00000004)
    __rt_entry_li                            0x0800014b   Thumb Code     0  __rtentry2.o(.ARM.Collect$$rtentry$$0000000A)
    __rt_entry_postsh_1                      0x0800014b   Thumb Code     0  __rtentry2.o(.ARM.Collect$$rtentry$$00000009)
    __rt_entry_main                          0x0800014f   Thumb Code     0  __rtentry2.o(.ARM.Collect$$rtentry$$0000000D)
    __rt_entry_postli_1                      0x0800014f   Thumb Code     0  __rtentry2.o(.ARM.Collect$$rtentry$$0000000C)
    __rt_exit                                0x08000157   Thumb Code     0  rtexit.o(.ARM.Collect$$rtexit$$00000000)
    __rt_exit_ls                             0x08000159   Thumb Code     0  rtexit2.o(.ARM.Collect$$rtexit$$00000003)
    __rt_exit_prels_1                        0x08000159   Thumb Code     0  rtexit2.o(.ARM.Collect$$rtexit$$00000002)
    __rt_exit_exit                           0x0800015d   Thumb Code     0  rtexit2.o(.ARM.Collect$$rtexit$$00000004)
    __aeabi_memcpy4                          0x08000165   Thumb Code    56  rt_memcpy.o(.emb_text)
    __aeabi_memcpy8                          0x08000165   Thumb Code     0  rt_memcpy.o(.emb_text)
    Reset_Handler                            0x0800019d   Thumb Code    38  startup_stm32f072.o(.text)
    ADC1_COMP_IRQHandler                     0x080001cd   Thumb Code     0  startup_stm32f072.o(.text)
    CEC_CAN_IRQHandler                       0x080001cd   Thumb Code     0  startup_stm32f072.o(.text)
    DMA1_Channel1_IRQHandler                 0x080001cd   Thumb Code     0  startup_stm32f072.o(.text)
    DMA1_Channel2_3_IRQHandler               0x080001cd   Thumb Code     0  startup_stm32f072.o(.text)
    DMA1_Channel4_5_6_7_IRQHandler           0x080001cd   Thumb Code     0  startup_stm32f072.o(.text)
    EXTI2_3_IRQHandler                       0x080001cd   Thumb Code     0  startup_stm32f072.o(.text)
    EXTI4_15_IRQHandler                      0x080001cd   Thumb Code     0  startup_stm32f072.o(.text)
    FLASH_IRQHandler                         0x080001cd   Thumb Code     0  startup_stm32f072.o(.text)
    I2C1_IRQHandler                          0x080001cd   Thumb Code     0  startup_stm32f072.o(.text)
    I2C2_IRQHandler                          0x080001cd   Thumb Code     0  startup_stm32f072.o(.text)
    PVD_VDDIO2_IRQHandler                    0x080001cd   Thumb Code     0  startup_stm32f072.o(.text)
    RCC_CRS_IRQHandler                       0x080001cd   Thumb Code     0  startup_stm32f072.o(.text)
    RTC_IRQHandler                           0x080001cd   Thumb Code     0  startup_stm32f072.o(.text)
    SPI1_IRQHandler                          0x080001cd   Thumb Code     0  startup_stm32f072.o(.text)
    SPI2_IRQHandler                          0x080001cd   Thumb Code     0  startup_stm32f072.o(.text)
    TIM14_IRQHandler                         0x080001cd   Thumb Code     0  startup_stm32f072.o(.text)
    TIM15_IRQHandler                         0x080001cd   Thumb Code     0  startup_stm32f072.o(.text)
    TIM16_IRQHandler                         0x080001cd   Thumb Code     0  startup_stm32f072.o(.text)
    TIM17_IRQHandler                         0x080001cd   Thumb Code     0  startup_stm32f072.o(.text)
    TIM1_BRK_UP_TRG_COM_IRQHandler           0x080001cd   Thumb Code     0  startup_stm32f072.o(.text)
    TIM1_CC_IRQHandler                       0x080001cd   Thumb Code     0  startup_stm32f072.o(.text)
    TIM3_IRQHandler                          0x080001cd   Thumb Code     0  startup_stm32f072.o(.text)
    TIM6_DAC_IRQHandler                      0x080001cd   Thumb Code     0  startup_stm32f072.o(.text)
    TIM7_IRQHandler                          0x080001cd   Thumb Code     0  startup_stm32f072.o(.text)
    TSC_IRQHandler                           0x080001cd   Thumb Code     0  startup_stm32f072.o(.text)
    USART2_IRQHandler                        0x080001cd   Thumb Code     0  startup_stm32f072.o(.text)
    USART3_4_IRQHandler                      0x080001cd   Thumb Code     0  startup_stm32f072.o(.text)
    USB_IRQHandler                           0x080001cd   Thumb Code     0  startup_stm32f072.o(.text)
    WWDG_IRQHandler                          0x080001cd   Thumb Code     0  startup_stm32f072.o(.text)
    __user_initial_stackheap                 0x080001d1   Thumb Code     0  startup_stm32f072.o(.text)
    __aeabi_memcpy                           0x08000211   Thumb Code   130  rt_memcpy.o(.text)
    __rt_memcpy                              0x08000211   Thumb Code     0  rt_memcpy.o(.text)
    __aeabi_uidiv                            0x08000293   Thumb Code     0  aeabi_sdiv.o(.text)
    __aeabi_uidivmod                         0x08000293   Thumb Code    20  aeabi_sdiv.o(.text)
    __aeabi_idiv                             0x080002a7   Thumb Code     0  aeabi_sdiv.o(.text)
    __aeabi_idivmod                          0x080002a7   Thumb Code   326  aeabi_sdiv.o(.text)
    __use_two_region_memory                  0x080003ed   Thumb Code     2  heapauxi.o(.text)
    __rt_heap_escrow                         0x080003ef   Thumb Code     2  heapauxi.o(.text)
    __rt_heap_expand                         0x080003f1   Thumb Code     2  heapauxi.o(.text)
    __aeabi_d2f                              0x080003f5   Thumb Code     0  d2f.o(.text)
    _d2f                                     0x080003f5   Thumb Code   120  d2f.o(.text)
    __aeabi_dadd                             0x08000769   Thumb Code     0  daddsub.o(.text)
    _dadd                                    0x08000769   Thumb Code    26  daddsub.o(.text)
    __aeabi_dsub                             0x08000783   Thumb Code     0  daddsub.o(.text)
    _dsub                                    0x08000783   Thumb Code    22  daddsub.o(.text)
    __aeabi_drsub                            0x08000799   Thumb Code     0  daddsub.o(.text)
    _drsb                                    0x08000799   Thumb Code    28  daddsub.o(.text)
    __aeabi_ddiv                             0x080007c9   Thumb Code     0  ddiv.o(.text)
    _ddiv                                    0x080007c9   Thumb Code  1072  ddiv.o(.text)
    _drdiv                                   0x08000bf9   Thumb Code    20  ddiv.o(.text)
    __aeabi_i2d_normalise                    0x08000c11   Thumb Code    66  dflti.o(.text)
    __aeabi_i2d                              0x08000c53   Thumb Code    16  dflti.o(.text)
    _dflt                                    0x08000c53   Thumb Code     0  dflti.o(.text)
    __aeabi_ui2d                             0x08000c63   Thumb Code     6  dflti.o(.text)
    _dfltu                                   0x08000c63   Thumb Code     0  dflti.o(.text)
    __aeabi_dmul                             0x08000c69   Thumb Code     0  dmul.o(.text)
    _dmul                                    0x08000c69   Thumb Code   558  dmul.o(.text)
    __aeabi_f2d                              0x08000eb1   Thumb Code     0  f2d.o(.text)
    _f2d                                     0x08000eb1   Thumb Code    80  f2d.o(.text)
    __aeabi_fdiv                             0x08000f05   Thumb Code     0  fdiv.o(.text)
    _fdiv                                    0x08000f05   Thumb Code   334  fdiv.o(.text)
    _frdiv                                   0x08001053   Thumb Code     8  fdiv.o(.text)
    __aeabi_f2iz                             0x08001065   Thumb Code     0  ffixi.o(.text)
    _ffix                                    0x08001065   Thumb Code    76  ffixi.o(.text)
    __aeabi_f2uiz                            0x080010b1   Thumb Code     0  ffixui.o(.text)
    _ffixu                                   0x080010b1   Thumb Code    48  ffixui.o(.text)
    __aeabi_i2f_normalise                    0x080010e1   Thumb Code    72  fflti.o(.text)
    __aeabi_i2f                              0x08001129   Thumb Code    16  fflti.o(.text)
    _fflt                                    0x08001129   Thumb Code     0  fflti.o(.text)
    __aeabi_ui2f                             0x08001139   Thumb Code     6  fflti.o(.text)
    _ffltu                                   0x08001139   Thumb Code     0  fflti.o(.text)
    __ARM_scalbnf                            0x08001141   Thumb Code    64  fscalbn.o(.text)
    __read_errno                             0x08001185   Thumb Code    10  _rserrno.o(.text)
    __set_errno                              0x0800118f   Thumb Code    12  _rserrno.o(.text)
    __ARM_scalbn                             0x0800119d   Thumb Code    84  dscalbn.o(.text)
    __fpl_fcmp_InfNaN                        0x080011fd   Thumb Code    96  fcmpin.o(.text)
    _frnd                                    0x08001261   Thumb Code   122  frnd.o(.text)
    __aeabi_errno_addr                       0x080012e1   Thumb Code     8  rt_errno_addr_intlibspace.o(.text)
    __errno$intlibspace                      0x080012e1   Thumb Code     0  rt_errno_addr_intlibspace.o(.text)
    __rt_errno_addr$intlibspace              0x080012e1   Thumb Code     0  rt_errno_addr_intlibspace.o(.text)
    __fpl_cmpreturn                          0x080012e9   Thumb Code    46  cmpret.o(.text)
    _dsqrt                                   0x08001319   Thumb Code   248  dsqrt.o(.text)
    __fpl_fcheck_NaN2                        0x08001419   Thumb Code    10  fnan2.o(.text)
    __user_libspace                          0x08001429   Thumb Code     8  libspace.o(.text)
    __user_perproc_libspace                  0x08001429   Thumb Code     0  libspace.o(.text)
    __user_perthread_libspace                0x08001429   Thumb Code     0  libspace.o(.text)
    __user_setup_stackheap                   0x08001431   Thumb Code    62  sys_stackheap_outer.o(.text)
    exit                                     0x0800146f   Thumb Code    16  exit.o(.text)
    __fpl_return_NaN                         0x0800147f   Thumb Code    94  retnan.o(.text)
    __I$use$semihosting                      0x080014dd   Thumb Code     0  use_no_semi.o(.text)
    __use_no_semihosting_swi                 0x080014dd   Thumb Code     2  use_no_semi.o(.text)
    __semihosting_library_function           0x080014df   Thumb Code     0  indicate_semi.o(.text)
    _sys_exit                                0x080014e1   Thumb Code     8  sys_exit.o(.text)
    ANO_DT_Data_Exchange                     0x080014ed   Thumb Code   630  ano_dt.o(i.ANO_DT_Data_Exchange)
    ANO_DT_Data_Receive_Anl                  0x080017e1   Thumb Code  1006  ano_dt.o(i.ANO_DT_Data_Receive_Anl)
    ANO_DT_Data_Receive_Prepare              0x08001c11   Thumb Code   144  ano_dt.o(i.ANO_DT_Data_Receive_Prepare)
    ANO_DT_Send_Data                         0x08001ce1   Thumb Code     8  ano_dt.o(i.ANO_DT_Send_Data)
    ANO_DT_Send_MotoPWM                      0x08001ce9   Thumb Code   148  ano_dt.o(i.ANO_DT_Send_MotoPWM)
    ANO_DT_Send_PID                          0x08001d81   Thumb Code   278  ano_dt.o(i.ANO_DT_Send_PID)
    ANO_DT_Send_RCData                       0x08001ea1   Thumb Code   172  ano_dt.o(i.ANO_DT_Send_RCData)
    ANO_DT_Send_Senser                       0x08001f51   Thumb Code   154  ano_dt.o(i.ANO_DT_Send_Senser)
    ANO_DT_Send_Status                       0x08001ff1   Thumb Code   158  ano_dt.o(i.ANO_DT_Send_Status)
    Control                                  0x08002099   Thumb Code   408  control.o(i.Control)
    Data_Send_AngleRate                      0x08002259   Thumb Code   214  ano_dt.o(i.Data_Send_AngleRate)
    Deblocking                               0x08002335   Thumb Code   138  remotedata.o(i.Deblocking)
    DefaultParams                            0x080023cd   Thumb Code    92  paramsave.o(i.DefaultParams)
    DefaultParams_WriteFlash                 0x08002435   Thumb Code    18  paramsave.o(i.DefaultParams_WriteFlash)
    Delay_Init                               0x08002451   Thumb Code    36  delay.o(i.Delay_Init)
    Delay_ms                                 0x08002481   Thumb Code    44  delay.o(i.Delay_ms)
    Delay_us                                 0x080024b5   Thumb Code    44  delay.o(i.Delay_us)
    EXTI0_1_IRQHandler                       0x080024e9   Thumb Code   102  stm32f0xx_it.o(i.EXTI0_1_IRQHandler)
    EXTI_ClearITPendingBit                   0x08002555   Thumb Code     6  stm32f0xx_exti.o(i.EXTI_ClearITPendingBit)
    EXTI_GetITStatus                         0x08002561   Thumb Code    16  stm32f0xx_exti.o(i.EXTI_GetITStatus)
    EXTI_Init                                0x08002575   Thumb Code   102  stm32f0xx_exti.o(i.EXTI_Init)
    Exit_Init                                0x080025e1   Thumb Code    68  exit.o(i.Exit_Init)
    FLASH_ErasePage                          0x08002625   Thumb Code    52  stm32f0xx_flash.o(i.FLASH_ErasePage)
    FLASH_GetStatus                          0x0800265d   Thumb Code    34  stm32f0xx_flash.o(i.FLASH_GetStatus)
    FLASH_Lock                               0x08002685   Thumb Code    12  stm32f0xx_flash.o(i.FLASH_Lock)
    FLASH_ProgramWord                        0x08002695   Thumb Code    70  stm32f0xx_flash.o(i.FLASH_ProgramWord)
    FLASH_Unlock                             0x080026e1   Thumb Code    18  stm32f0xx_flash.o(i.FLASH_Unlock)
    FLASH_WaitForLastOperation               0x08002701   Thumb Code    34  stm32f0xx_flash.o(i.FLASH_WaitForLastOperation)
    FindPos                                  0x08002723   Thumb Code    86  filter.o(i.FindPos)
    GPIO_Init                                0x08002779   Thumb Code   112  stm32f0xx_gpio.o(i.GPIO_Init)
    GPIO_PinAFConfig                         0x080027e9   Thumb Code    32  stm32f0xx_gpio.o(i.GPIO_PinAFConfig)
    GPIO_ReadInputDataBit                    0x08002809   Thumb Code    14  stm32f0xx_gpio.o(i.GPIO_ReadInputDataBit)
    GPIO_ResetBits                           0x08002817   Thumb Code     4  stm32f0xx_gpio.o(i.GPIO_ResetBits)
    GPIO_SetBits                             0x0800281b   Thumb Code     4  stm32f0xx_gpio.o(i.GPIO_SetBits)
    HardFault_Handler                        0x0800281f   Thumb Code     2  stm32f0xx_it.o(i.HardFault_Handler)
    IIC_ADD_read                             0x08002821   Thumb Code    62  iic.o(i.IIC_ADD_read)
    IIC_Ack                                  0x08002861   Thumb Code    56  iic.o(i.IIC_Ack)
    IIC_GPIO_Init                            0x0800289d   Thumb Code    50  iic.o(i.IIC_GPIO_Init)
    IIC_NAck                                 0x080028d5   Thumb Code    56  iic.o(i.IIC_NAck)
    IIC_ReadByte                             0x08002911   Thumb Code    92  iic.o(i.IIC_ReadByte)
    IIC_ReadMultByteFromSlave                0x08002971   Thumb Code    90  iic.o(i.IIC_ReadMultByteFromSlave)
    IIC_SendByte                             0x080029cd   Thumb Code    86  iic.o(i.IIC_SendByte)
    IIC_Start                                0x08002a29   Thumb Code    54  iic.o(i.IIC_Start)
    IIC_Stop                                 0x08002a65   Thumb Code    56  iic.o(i.IIC_Stop)
    IIC_WaitAck                              0x08002aa1   Thumb Code    84  iic.o(i.IIC_WaitAck)
    IIC_WriteByteToSlave                     0x08002af9   Thumb Code    66  iic.o(i.IIC_WriteByteToSlave)
    IMUupdate                                0x08002b3d   Thumb Code  1128  imu.o(i.IMUupdate)
    LED_Init                                 0x08002fad   Thumb Code    50  led.o(i.LED_Init)
    LED_Run                                  0x08002fe5   Thumb Code    36  led.o(i.LED_Run)
    MPU6050_Init                             0x08003011   Thumb Code    86  mpu6050.o(i.MPU6050_Init)
    MPU6050_OffSet                           0x08003069   Thumb Code   132  mpu6050.o(i.MPU6050_OffSet)
    MPU6050_Offset                           0x080030f1   Thumb Code   212  mpu6050.o(i.MPU6050_Offset)
    MPU6050_Read                             0x080031d1   Thumb Code    14  mpu6050.o(i.MPU6050_Read)
    MPU6050_ReadMultBytes                    0x080031e5   Thumb Code    22  mpu6050.o(i.MPU6050_ReadMultBytes)
    MPU6050_WriteByte                        0x080031fb   Thumb Code    20  mpu6050.o(i.MPU6050_WriteByte)
    Moto_Pwm                                 0x08003211   Thumb Code    70  motor.o(i.Moto_Pwm)
    NMI_Handler                              0x0800325d   Thumb Code    34  stm32f0xx_it.o(i.NMI_Handler)
    NVIC_Init                                0x08003281   Thumb Code    70  stm32f0xx_misc.o(i.NVIC_Init)
    NvicConfig                               0x080032d1   Thumb Code    50  nvic.o(i.NvicConfig)
    PID_Postion_Cal                          0x08003305   Thumb Code   202  pid.o(i.PID_Postion_Cal)
    PID_ReadFlash                            0x080033d9   Thumb Code    74  paramsave.o(i.PID_ReadFlash)
    PID_WriteFlash                           0x0800345d   Thumb Code    18  paramsave.o(i.PID_WriteFlash)
    ParamsToTable                            0x08003479   Thumb Code   388  paramsave.o(i.ParamsToTable)
    PendSV_Handler                           0x0800362d   Thumb Code     2  stm32f0xx_it.o(i.PendSV_Handler)
    PidParameter_init                        0x08003631   Thumb Code   100  pid.o(i.PidParameter_init)
    Prepare_Data                             0x080036c9   Thumb Code   278  imu.o(i.Prepare_Data)
    QuiteSort                                0x08003805   Thumb Code    42  filter.o(i.QuiteSort)
    RCC_AHBPeriphClockCmd                    0x08003831   Thumb Code    18  stm32f0xx_rcc.o(i.RCC_AHBPeriphClockCmd)
    RCC_APB1PeriphClockCmd                   0x08003849   Thumb Code    18  stm32f0xx_rcc.o(i.RCC_APB1PeriphClockCmd)
    RCC_APB1PeriphResetCmd                   0x08003861   Thumb Code    18  stm32f0xx_rcc.o(i.RCC_APB1PeriphResetCmd)
    RCC_APB2PeriphClockCmd                   0x08003879   Thumb Code    18  stm32f0xx_rcc.o(i.RCC_APB2PeriphClockCmd)
    RCC_APB2PeriphResetCmd                   0x08003891   Thumb Code    18  stm32f0xx_rcc.o(i.RCC_APB2PeriphResetCmd)
    RCC_ClearITPendingBit                    0x080038a9   Thumb Code     6  stm32f0xx_rcc.o(i.RCC_ClearITPendingBit)
    RCC_GetClocksFreq                        0x080038b5   Thumb Code   346  stm32f0xx_rcc.o(i.RCC_GetClocksFreq)
    RCC_GetITStatus                          0x08003a2d   Thumb Code    16  stm32f0xx_rcc.o(i.RCC_GetITStatus)
    RCC_HSEConfig                            0x08003a41   Thumb Code    10  stm32f0xx_rcc.o(i.RCC_HSEConfig)
    RCC_ITConfig                             0x08003a51   Thumb Code    18  stm32f0xx_rcc.o(i.RCC_ITConfig)
    Remote_Data_ReceiveAnalysis              0x08003a69   Thumb Code   192  remotedata.o(i.Remote_Data_ReceiveAnalysis)
    SI24R1_Check                             0x08003b45   Thumb Code    22  si24r1.o(i.SI24R1_Check)
    SI24R1_Config                            0x08003b6d   Thumb Code    90  si24r1.o(i.SI24R1_Config)
    SI24R1_Init                              0x08003bcd   Thumb Code   108  si24r1.o(i.SI24R1_Init)
    SI24R1_Read_Buf                          0x08003c39   Thumb Code    58  si24r1.o(i.SI24R1_Read_Buf)
    SI24R1_RxPacket                          0x08003c73   Thumb Code    22  si24r1.o(i.SI24R1_RxPacket)
    SI24R1_SingalCheck                       0x08003c89   Thumb Code    16  remotedata.o(i.SI24R1_SingalCheck)
    SI24R1_TxPacket                          0x08003ca1   Thumb Code    78  si24r1.o(i.SI24R1_TxPacket)
    SI24R1_Write_Buf                         0x08003cf5   Thumb Code    58  si24r1.o(i.SI24R1_Write_Buf)
    SI24R1_read_reg                          0x08003d2f   Thumb Code    42  si24r1.o(i.SI24R1_read_reg)
    SI24R1_testConnection                    0x08003d59   Thumb Code    74  si24r1.o(i.SI24R1_testConnection)
    SI24R1_write_reg                         0x08003db1   Thumb Code    44  si24r1.o(i.SI24R1_write_reg)
    SI24R1set_Mode                           0x08003ddd   Thumb Code    60  si24r1.o(i.SI24R1set_Mode)
    SPI1_WriteReadByte                       0x08003e19   Thumb Code    74  spi.o(i.SPI1_WriteReadByte)
    SPI_Cmd                                  0x08003e69   Thumb Code    18  stm32f0xx_spi.o(i.SPI_Cmd)
    SPI_GPIO_Init                            0x08003e7d   Thumb Code   178  spi.o(i.SPI_GPIO_Init)
    SPI_I2S_DeInit                           0x08003f35   Thumb Code    54  stm32f0xx_spi.o(i.SPI_I2S_DeInit)
    SPI_I2S_GetFlagStatus                    0x08003f75   Thumb Code    14  stm32f0xx_spi.o(i.SPI_I2S_GetFlagStatus)
    SPI_Init                                 0x08003f85   Thumb Code    74  stm32f0xx_spi.o(i.SPI_Init)
    SPI_ReceiveData8                         0x08003fd9   Thumb Code     4  stm32f0xx_spi.o(i.SPI_ReceiveData8)
    SPI_RxFIFOThresholdConfig                0x08003fdd   Thumb Code    16  stm32f0xx_spi.o(i.SPI_RxFIFOThresholdConfig)
    SPI_SendData8                            0x08003ff1   Thumb Code     4  stm32f0xx_spi.o(i.SPI_SendData8)
    STMFLASH_Read                            0x08003ff5   Thumb Code    20  flash.o(i.STMFLASH_Read)
    STMFLASH_Write                           0x08004009   Thumb Code   104  flash.o(i.STMFLASH_Write)
    SVC_Handler                              0x08004079   Thumb Code     2  stm32f0xx_it.o(i.SVC_Handler)
    SYSCFG_EXTILineConfig                    0x0800407d   Thumb Code    34  stm32f0xx_syscfg.o(i.SYSCFG_EXTILineConfig)
    SendToRemote                             0x080040a5   Thumb Code   172  remotedata.o(i.SendToRemote)
    SortAver_FilterXYZ                       0x08004209   Thumb Code   238  filter.o(i.SortAver_FilterXYZ)
    SysTick_CLKSourceConfig                  0x08004301   Thumb Code    20  stm32f0xx_misc.o(i.SysTick_CLKSourceConfig)
    SysTick_Handler                          0x08004319   Thumb Code    10  stm32f0xx_it.o(i.SysTick_Handler)
    SystemInit                               0x08004329   Thumb Code    84  system_stm32f0xx.o(i.SystemInit)
    System_Init                              0x08004389   Thumb Code    56  system.o(i.System_Init)
    TIM2_IRQHandler                          0x080043c1   Thumb Code   134  stm32f0xx_it.o(i.TIM2_IRQHandler)
    TIM_ClearITPendingBit                    0x0800444d   Thumb Code     6  stm32f0xx_tim.o(i.TIM_ClearITPendingBit)
    TIM_Cmd                                  0x08004453   Thumb Code    20  stm32f0xx_tim.o(i.TIM_Cmd)
    TIM_GetITStatus                          0x08004467   Thumb Code    24  stm32f0xx_tim.o(i.TIM_GetITStatus)
    TIM_ITConfig                             0x0800447f   Thumb Code    16  stm32f0xx_tim.o(i.TIM_ITConfig)
    TIM_Init                                 0x08004491   Thumb Code    56  tim.o(i.TIM_Init)
    TIM_TimeBaseInit                         0x080044cd   Thumb Code    88  stm32f0xx_tim.o(i.TIM_TimeBaseInit)
    TableToParams                            0x08004541   Thumb Code   388  paramsave.o(i.TableToParams)
    Task_Schedule                            0x080046f5   Thumb Code    94  system.o(i.Task_Schedule)
    USART1_IRQHandler                        0x08004779   Thumb Code    62  stm32f0xx_it.o(i.USART1_IRQHandler)
    USART_ClearITPendingBit                  0x080047c5   Thumb Code    10  stm32f0xx_usart.o(i.USART_ClearITPendingBit)
    USART_Cmd                                0x080047cf   Thumb Code    20  stm32f0xx_usart.o(i.USART_Cmd)
    USART_GetFlagStatus                      0x080047e3   Thumb Code    14  stm32f0xx_usart.o(i.USART_GetFlagStatus)
    USART_GetITStatus                        0x080047f1   Thumb Code    56  stm32f0xx_usart.o(i.USART_GetITStatus)
    USART_ITConfig                           0x08004829   Thumb Code    42  stm32f0xx_usart.o(i.USART_ITConfig)
    USART_Init                               0x08004855   Thumb Code   148  stm32f0xx_usart.o(i.USART_Init)
    USART_SendData                           0x080048fd   Thumb Code     8  stm32f0xx_usart.o(i.USART_SendData)
    USART_init                               0x08004905   Thumb Code   122  usart.o(i.USART_init)
    Yaw_Carefree                             0x08004989   Thumb Code    90  control.o(i.Yaw_Carefree)
    __ARM_common_ll_muluu                    0x080049e9   Thumb Code    50  rredf.o(i.__ARM_common_ll_muluu)
    __ARM_fpclassify                         0x08004a1d   Thumb Code    40  fpclassify.o(i.__ARM_fpclassify)
    __ARM_fpclassifyf                        0x08004a49   Thumb Code    34  fpclassifyf.o(i.__ARM_fpclassifyf)
    __kernel_poly                            0x08004a6b   Thumb Code   172  poly.o(i.__kernel_poly)
    __mathlib_dbl_infnan                     0x08004b17   Thumb Code    10  dunder.o(i.__mathlib_dbl_infnan)
    __mathlib_dbl_infnan2                    0x08004b21   Thumb Code     8  dunder.o(i.__mathlib_dbl_infnan2)
    __mathlib_dbl_invalid                    0x08004b29   Thumb Code    16  dunder.o(i.__mathlib_dbl_invalid)
    __mathlib_dbl_underflow                  0x08004b39   Thumb Code    14  dunder.o(i.__mathlib_dbl_underflow)
    __mathlib_flt_infnan                     0x08004b4d   Thumb Code    10  funder.o(i.__mathlib_flt_infnan)
    __mathlib_flt_invalid                    0x08004b57   Thumb Code    12  funder.o(i.__mathlib_flt_invalid)
    __mathlib_flt_underflow                  0x08004b63   Thumb Code    14  funder.o(i.__mathlib_flt_underflow)
    __mathlib_rredf2                         0x08004b71   Thumb Code   366  rredf.o(i.__mathlib_rredf2)
    asin                                     0x08004cf1   Thumb Code   574  asin.o(i.asin)
    atan                                     0x08004f65   Thumb Code   472  atan.o(i.atan)
    atan2                                    0x08005181   Thumb Code   334  atan2.o(i.atan2)
    cosf                                     0x080052f9   Thumb Code   318  cosf.o(i.cosf)
    main                                     0x080054a5   Thumb Code    10  main.o(i.main)
    sinf                                     0x080054b1   Thumb Code   330  sinf.o(i.sinf)
    sqrt                                     0x08005635   Thumb Code    66  sqrt.o(i.sqrt)
    usart_send                               0x0800567d   Thumb Code    42  usart.o(i.usart_send)
    __aeabi_fadd                             0x080056ad   Thumb Code     0  faddsub.o(x$fpl$fadd)
    _fadd                                    0x080056ad   Thumb Code   134  faddsub.o(x$fpl$fadd)
    __aeabi_cfcmple                          0x08005739   Thumb Code     0  flef.o(x$fpl$fleqf)
    _fcmple                                  0x08005739   Thumb Code    78  flef.o(x$fpl$fleqf)
    __aeabi_fmul                             0x0800578d   Thumb Code     0  fmul.o(x$fpl$fmul)
    _fmul                                    0x0800578d   Thumb Code   172  fmul.o(x$fpl$fmul)
    __aeabi_cfrcmple                         0x0800583d   Thumb Code     0  frlef.o(x$fpl$frleqf)
    _frcmple                                 0x0800583d   Thumb Code    84  frlef.o(x$fpl$frleqf)
    __aeabi_frsub                            0x08005895   Thumb Code     0  faddsub.o(x$fpl$frsb)
    _frsb                                    0x08005895   Thumb Code    24  faddsub.o(x$fpl$frsb)
    __aeabi_fsub                             0x080058ad   Thumb Code     0  faddsub.o(x$fpl$fsub)
    _fsub                                    0x080058ad   Thumb Code   204  faddsub.o(x$fpl$fsub)
    __I$use$fp                               0x0800597c   Number         0  usenofp.o(x$fpl$usenofp)
    __mathlib_zero                           0x08005b48   Data           8  qnan.o(.constdata)
    Region$$Table$$Base                      0x08005b70   Number         0  anon$$obj.o(Region$$Table)
    Region$$Table$$Limit                     0x08005b90   Number         0  anon$$obj.o(Region$$Table)
    LED_Scan                                 0x20000000   Data           1  stm32f0xx_it.o(.data)
    IMU_Scan                                 0x20000001   Data           1  stm32f0xx_it.o(.data)
    MPU_Scan                                 0x20000002   Data           1  stm32f0xx_it.o(.data)
    IRQ_Scan                                 0x20000003   Data           1  stm32f0xx_it.o(.data)
    Batt_Scan                                0x20000004   Data           1  stm32f0xx_it.o(.data)
    ANO_Scan                                 0x20000005   Data           1  stm32f0xx_it.o(.data)
    sysTickUptime                            0x20000018   Data           4  delay.o(.data)
    SENSER_OFFSET_FLAG                       0x20000020   Data           1  mpu6050.o(.data)
    GYRO_OFFSET_RAW                          0x20000030   Data           6  mpu6050.o(.data)
    ACC_OFFSET_RAW                           0x20000036   Data           6  mpu6050.o(.data)
    MPU6050_ACC_RAW                          0x2000003c   Data           6  mpu6050.o(.data)
    MPU6050_GYRO_RAW                         0x20000042   Data           6  mpu6050.o(.data)
    AccbUpdate                               0x20000048   Data           1  imu.o(.data)
    q0                                       0x2000004c   Data           4  imu.o(.data)
    q1                                       0x20000050   Data           4  imu.o(.data)
    q2                                       0x20000054   Data           4  imu.o(.data)
    q3                                       0x20000058   Data           4  imu.o(.data)
    exInt                                    0x2000005c   Data           4  imu.o(.data)
    eyInt                                    0x20000060   Data           4  imu.o(.data)
    ezInt                                    0x20000064   Data           4  imu.o(.data)
    SI24R1_Controlflag                       0x20000078   Data           1  control.o(.data)
    Airplane_Enable                          0x20000079   Data           1  control.o(.data)
    Moto_PWM_1                               0x2000007c   Data           4  control.o(.data)
    Moto_PWM_2                               0x20000080   Data           4  control.o(.data)
    Moto_PWM_3                               0x20000084   Data           4  control.o(.data)
    Moto_PWM_4                               0x20000088   Data           4  control.o(.data)
    Flight_mode                              0x2000008c   Data           1  control.o(.data)
    flag                                     0x2000008d   Data           1  ano_dt.o(.data)
    DataID                                   0x20000098   Data           1  remotedata.o(.data)
    SI24R1addr                               0x2000009e   Data           1  si24r1.o(.data)
    TX_ADDRESS                               0x200000a1   Data           5  si24r1.o(.data)
    RX_ADDRESS                               0x200000a6   Data           5  si24r1.o(.data)
    check_buf                                0x200000ab   Data           5  si24r1.o(.data)
    SystemCoreClock                          0x200000b0   Data           4  system_stm32f0xx.o(.data)
    AHBPrescTable                            0x200000b4   Data          16  system_stm32f0xx.o(.data)
    Att_Angle                                0x200000e4   Data          12  imu.o(.bss)
    Gyr_rad                                  0x200000f0   Data          12  imu.o(.bss)
    Acc_filt                                 0x200000fc   Data          12  imu.o(.bss)
    Acc_filtold                              0x20000108   Data          12  imu.o(.bss)
    accb                                     0x20000114   Data          12  imu.o(.bss)
    DCMgb                                    0x20000120   Data          36  imu.o(.bss)
    PID_ROL_Angle                            0x20000644   Data          60  control.o(.bss)
    PID_PIT_Angle                            0x20000680   Data          60  control.o(.bss)
    PID_YAW_Angle                            0x200006bc   Data          60  control.o(.bss)
    PID_ROL_Rate                             0x200006f8   Data          60  control.o(.bss)
    PID_PIT_Rate                             0x20000734   Data          60  control.o(.bss)
    PID_YAW_Rate                             0x20000770   Data          60  control.o(.bss)
    PID_ALT_Rate                             0x200007ac   Data          60  control.o(.bss)
    PID_ALT                                  0x200007e8   Data          60  control.o(.bss)
    PIDflash                                 0x20000824   Data          62  paramsave.o(.bss)
    f                                        0x20000894   Data          10  ano_dt.o(.bss)
    data_to_send                             0x2000089e   Data          50  ano_dt.o(.bss)
    RC_Control                               0x200008d0   Data          10  remotedata.o(.bss)
    Bmp280                                   0x200008dc   Data          12  bmp280.o(.bss)
    SI24R1_TX_DATA                           0x200008e8   Data          32  si24r1.o(.bss)
    SI24R1_RX_DATA                           0x20000908   Data          32  si24r1.o(.bss)
    __libspace_start                         0x20000928   Data          96  libspace.o(.bss)
    __temporary_stack_top$libspace           0x20000988   Data           0  libspace.o(.bss)



==============================================================================

Memory Map of the image

  Image Entry point : 0x080000c1

  Load Region LR_IROM1 (Base: 0x08000000, Size: 0x00005c64, Max: 0x00010000, ABSOLUTE)

    Execution Region ER_IROM1 (Exec base: 0x08000000, Load base: 0x08000000, Size: 0x00005b90, Max: 0x00010000, ABSOLUTE)

    Exec Addr    Load Addr    Size         Type   Attr      Idx    E Section Name        Object

    0x08000000   0x08000000   0x000000c0   Data   RO         1367    RESET               startup_stm32f072.o
    0x080000c0   0x080000c0   0x00000008   Code   RO         3455  * !!!main             c_p.l(__main.o)
    0x080000c8   0x080000c8   0x0000003c   Code   RO         3945    !!!scatter          c_p.l(__scatter.o)
    0x08000104   0x08000104   0x0000001a   Code   RO         3947    !!handler_copy      c_p.l(__scatter_copy.o)
    0x0800011e   0x0800011e   0x00000002   PAD
    0x08000120   0x08000120   0x0000001c   Code   RO         3949    !!handler_zi        c_p.l(__scatter_zi.o)
    0x0800013c   0x0800013c   0x00000002   Code   RO         3808    .ARM.Collect$$libinit$$00000000  c_p.l(libinit.o)
    0x0800013e   0x0800013e   0x00000000   Code   RO         3548    .ARM.Collect$$libinit$$00000002  c_p.l(libinit2.o)
    0x0800013e   0x0800013e   0x00000000   Code   RO         3550    .ARM.Collect$$libinit$$00000004  c_p.l(libinit2.o)
    0x0800013e   0x0800013e   0x00000000   Code   RO         3553    .ARM.Collect$$libinit$$0000000A  c_p.l(libinit2.o)
    0x0800013e   0x0800013e   0x00000000   Code   RO         3555    .ARM.Collect$$libinit$$0000000C  c_p.l(libinit2.o)
    0x0800013e   0x0800013e   0x00000000   Code   RO         3557    .ARM.Collect$$libinit$$0000000E  c_p.l(libinit2.o)
    0x0800013e   0x0800013e   0x00000000   Code   RO         3560    .ARM.Collect$$libinit$$00000011  c_p.l(libinit2.o)
    0x0800013e   0x0800013e   0x00000000   Code   RO         3562    .ARM.Collect$$libinit$$00000013  c_p.l(libinit2.o)
    0x0800013e   0x0800013e   0x00000000   Code   RO         3564    .ARM.Collect$$libinit$$00000015  c_p.l(libinit2.o)
    0x0800013e   0x0800013e   0x00000000   Code   RO         3566    .ARM.Collect$$libinit$$00000017  c_p.l(libinit2.o)
    0x0800013e   0x0800013e   0x00000000   Code   RO         3568    .ARM.Collect$$libinit$$00000019  c_p.l(libinit2.o)
    0x0800013e   0x0800013e   0x00000000   Code   RO         3570    .ARM.Collect$$libinit$$0000001B  c_p.l(libinit2.o)
    0x0800013e   0x0800013e   0x00000000   Code   RO         3572    .ARM.Collect$$libinit$$0000001D  c_p.l(libinit2.o)
    0x0800013e   0x0800013e   0x00000000   Code   RO         3574    .ARM.Collect$$libinit$$0000001F  c_p.l(libinit2.o)
    0x0800013e   0x0800013e   0x00000000   Code   RO         3576    .ARM.Collect$$libinit$$00000021  c_p.l(libinit2.o)
    0x0800013e   0x0800013e   0x00000000   Code   RO         3578    .ARM.Collect$$libinit$$00000023  c_p.l(libinit2.o)
    0x0800013e   0x0800013e   0x00000000   Code   RO         3580    .ARM.Collect$$libinit$$00000025  c_p.l(libinit2.o)
    0x0800013e   0x0800013e   0x00000000   Code   RO         3584    .ARM.Collect$$libinit$$0000002C  c_p.l(libinit2.o)
    0x0800013e   0x0800013e   0x00000000   Code   RO         3586    .ARM.Collect$$libinit$$0000002E  c_p.l(libinit2.o)
    0x0800013e   0x0800013e   0x00000000   Code   RO         3588    .ARM.Collect$$libinit$$00000030  c_p.l(libinit2.o)
    0x0800013e   0x0800013e   0x00000000   Code   RO         3590    .ARM.Collect$$libinit$$00000032  c_p.l(libinit2.o)
    0x0800013e   0x0800013e   0x00000002   Code   RO         3591    .ARM.Collect$$libinit$$00000033  c_p.l(libinit2.o)
    0x08000140   0x08000140   0x00000002   Code   RO         3926    .ARM.Collect$$libshutdown$$00000000  c_p.l(libshutdown.o)
    0x08000142   0x08000142   0x00000000   Code   RO         3810    .ARM.Collect$$libshutdown$$00000002  c_p.l(libshutdown2.o)
    0x08000142   0x08000142   0x00000000   Code   RO         3812    .ARM.Collect$$libshutdown$$00000004  c_p.l(libshutdown2.o)
    0x08000142   0x08000142   0x00000000   Code   RO         3815    .ARM.Collect$$libshutdown$$00000007  c_p.l(libshutdown2.o)
    0x08000142   0x08000142   0x00000000   Code   RO         3818    .ARM.Collect$$libshutdown$$0000000A  c_p.l(libshutdown2.o)
    0x08000142   0x08000142   0x00000000   Code   RO         3820    .ARM.Collect$$libshutdown$$0000000C  c_p.l(libshutdown2.o)
    0x08000142   0x08000142   0x00000000   Code   RO         3823    .ARM.Collect$$libshutdown$$0000000F  c_p.l(libshutdown2.o)
    0x08000142   0x08000142   0x00000002   Code   RO         3824    .ARM.Collect$$libshutdown$$00000010  c_p.l(libshutdown2.o)
    0x08000144   0x08000144   0x00000000   Code   RO         3527    .ARM.Collect$$rtentry$$00000000  c_p.l(__rtentry.o)
    0x08000144   0x08000144   0x00000000   Code   RO         3658    .ARM.Collect$$rtentry$$00000002  c_p.l(__rtentry2.o)
    0x08000144   0x08000144   0x00000006   Code   RO         3670    .ARM.Collect$$rtentry$$00000004  c_p.l(__rtentry4.o)
    0x0800014a   0x0800014a   0x00000000   Code   RO         3660    .ARM.Collect$$rtentry$$00000009  c_p.l(__rtentry2.o)
    0x0800014a   0x0800014a   0x00000004   Code   RO         3661    .ARM.Collect$$rtentry$$0000000A  c_p.l(__rtentry2.o)
    0x0800014e   0x0800014e   0x00000000   Code   RO         3663    .ARM.Collect$$rtentry$$0000000C  c_p.l(__rtentry2.o)
    0x0800014e   0x0800014e   0x00000008   Code   RO         3664    .ARM.Collect$$rtentry$$0000000D  c_p.l(__rtentry2.o)
    0x08000156   0x08000156   0x00000002   Code   RO         3835    .ARM.Collect$$rtexit$$00000000  c_p.l(rtexit.o)
    0x08000158   0x08000158   0x00000000   Code   RO         3889    .ARM.Collect$$rtexit$$00000002  c_p.l(rtexit2.o)
    0x08000158   0x08000158   0x00000004   Code   RO         3890    .ARM.Collect$$rtexit$$00000003  c_p.l(rtexit2.o)
    0x0800015c   0x0800015c   0x00000006   Code   RO         3891    .ARM.Collect$$rtexit$$00000004  c_p.l(rtexit2.o)
    0x08000162   0x08000162   0x00000002   PAD
    0x08000164   0x08000164   0x00000038   Code   RO         3445    .emb_text           c_p.l(rt_memcpy.o)
    0x0800019c   0x0800019c   0x00000074   Code   RO         1368    .text               startup_stm32f072.o
    0x08000210   0x08000210   0x00000082   Code   RO         3446    .text               c_p.l(rt_memcpy.o)
    0x08000292   0x08000292   0x0000015a   Code   RO         3449    .text               c_p.l(aeabi_sdiv.o)
    0x080003ec   0x080003ec   0x00000006   Code   RO         3453    .text               c_p.l(heapauxi.o)
    0x080003f2   0x080003f2   0x00000002   PAD
    0x080003f4   0x080003f4   0x0000007c   Code   RO         3457    .text               fz_ps.l(d2f.o)
    0x08000470   0x08000470   0x00000358   Code   RO         3459    .text               fz_ps.l(daddsub.o)
    0x080007c8   0x080007c8   0x00000448   Code   RO         3461    .text               fz_ps.l(ddiv.o)
    0x08000c10   0x08000c10   0x00000058   Code   RO         3464    .text               fz_ps.l(dflti.o)
    0x08000c68   0x08000c68   0x00000248   Code   RO         3466    .text               fz_ps.l(dmul.o)
    0x08000eb0   0x08000eb0   0x00000054   Code   RO         3468    .text               fz_ps.l(f2d.o)
    0x08000f04   0x08000f04   0x00000160   Code   RO         3476    .text               fz_ps.l(fdiv.o)
    0x08001064   0x08001064   0x0000004c   Code   RO         3479    .text               fz_ps.l(ffixi.o)
    0x080010b0   0x080010b0   0x00000030   Code   RO         3481    .text               fz_ps.l(ffixui.o)
    0x080010e0   0x080010e0   0x0000005e   Code   RO         3483    .text               fz_ps.l(fflti.o)
    0x0800113e   0x0800113e   0x00000002   PAD
    0x08001140   0x08001140   0x00000044   Code   RO         3491    .text               fz_ps.l(fscalbn.o)
    0x08001184   0x08001184   0x00000016   Code   RO         3534    .text               c_p.l(_rserrno.o)
    0x0800119a   0x0800119a   0x00000002   PAD
    0x0800119c   0x0800119c   0x00000060   Code   RO         3592    .text               fz_ps.l(dscalbn.o)
    0x080011fc   0x080011fc   0x00000064   Code   RO         3594    .text               fz_ps.l(fcmpin.o)
    0x08001260   0x08001260   0x00000080   Code   RO         3596    .text               fz_ps.l(frnd.o)
    0x080012e0   0x080012e0   0x00000008   Code   RO         3681    .text               c_p.l(rt_errno_addr_intlibspace.o)
    0x080012e8   0x080012e8   0x0000002e   Code   RO         3695    .text               fz_ps.l(cmpret.o)
    0x08001316   0x08001316   0x00000002   PAD
    0x08001318   0x08001318   0x00000100   Code   RO         3699    .text               fz_ps.l(dsqrt.o)
    0x08001418   0x08001418   0x00000010   Code   RO         3701    .text               fz_ps.l(fnan2.o)
    0x08001428   0x08001428   0x00000008   Code   RO         3710    .text               c_p.l(libspace.o)
    0x08001430   0x08001430   0x0000003e   Code   RO         3715    .text               c_p.l(sys_stackheap_outer.o)
    0x0800146e   0x0800146e   0x00000010   Code   RO         3787    .text               c_p.l(exit.o)
    0x0800147e   0x0800147e   0x0000005e   Code   RO         3827    .text               fz_ps.l(retnan.o)
    0x080014dc   0x080014dc   0x00000002   Code   RO         3831    .text               c_p.l(use_no_semi.o)
    0x080014de   0x080014de   0x00000000   Code   RO         3833    .text               c_p.l(indicate_semi.o)
    0x080014de   0x080014de   0x00000002   PAD
    0x080014e0   0x080014e0   0x0000000c   Code   RO         3886    .text               c_p.l(sys_exit.o)
    0x080014ec   0x080014ec   0x000002f4   Code   RO         1076    i.ANO_DT_Data_Exchange  ano_dt.o
    0x080017e0   0x080017e0   0x00000430   Code   RO         1077    i.ANO_DT_Data_Receive_Anl  ano_dt.o
    0x08001c10   0x08001c10   0x00000098   Code   RO         1078    i.ANO_DT_Data_Receive_Prepare  ano_dt.o
    0x08001ca8   0x08001ca8   0x00000038   Code   RO         1079    i.ANO_DT_Send_Check  ano_dt.o
    0x08001ce0   0x08001ce0   0x00000008   Code   RO         1080    i.ANO_DT_Send_Data  ano_dt.o
    0x08001ce8   0x08001ce8   0x00000098   Code   RO         1081    i.ANO_DT_Send_MotoPWM  ano_dt.o
    0x08001d80   0x08001d80   0x00000120   Code   RO         1082    i.ANO_DT_Send_PID   ano_dt.o
    0x08001ea0   0x08001ea0   0x000000b0   Code   RO         1084    i.ANO_DT_Send_RCData  ano_dt.o
    0x08001f50   0x08001f50   0x000000a0   Code   RO         1085    i.ANO_DT_Send_Senser  ano_dt.o
    0x08001ff0   0x08001ff0   0x000000a8   Code   RO         1086    i.ANO_DT_Send_Status  ano_dt.o
    0x08002098   0x08002098   0x000001c0   Code   RO          927    i.Control           control.o
    0x08002258   0x08002258   0x000000dc   Code   RO         1087    i.Data_Send_AngleRate  ano_dt.o
    0x08002334   0x08002334   0x00000098   Code   RO         1168    i.Deblocking        remotedata.o
    0x080023cc   0x080023cc   0x00000068   Code   RO         1007    i.DefaultParams     paramsave.o
    0x08002434   0x08002434   0x0000001c   Code   RO         1008    i.DefaultParams_WriteFlash  paramsave.o
    0x08002450   0x08002450   0x00000030   Code   RO          269    i.Delay_Init        delay.o
    0x08002480   0x08002480   0x00000034   Code   RO          270    i.Delay_ms          delay.o
    0x080024b4   0x080024b4   0x00000034   Code   RO          271    i.Delay_us          delay.o
    0x080024e8   0x080024e8   0x0000006c   Code   RO          196    i.EXTI0_1_IRQHandler  stm32f0xx_it.o
    0x08002554   0x08002554   0x0000000c   Code   RO         1606    i.EXTI_ClearITPendingBit  stm32f0xx_exti.o
    0x08002560   0x08002560   0x00000014   Code   RO         1610    i.EXTI_GetITStatus  stm32f0xx_exti.o
    0x08002574   0x08002574   0x0000006c   Code   RO         1611    i.EXTI_Init         stm32f0xx_exti.o
    0x080025e0   0x080025e0   0x00000044   Code   RO          371    i.Exit_Init         exit.o
    0x08002624   0x08002624   0x00000038   Code   RO         1669    i.FLASH_ErasePage   stm32f0xx_flash.o
    0x0800265c   0x0800265c   0x00000028   Code   RO         1672    i.FLASH_GetStatus   stm32f0xx_flash.o
    0x08002684   0x08002684   0x00000010   Code   RO         1674    i.FLASH_Lock        stm32f0xx_flash.o
    0x08002694   0x08002694   0x0000004c   Code   RO         1694    i.FLASH_ProgramWord  stm32f0xx_flash.o
    0x080026e0   0x080026e0   0x00000020   Code   RO         1696    i.FLASH_Unlock      stm32f0xx_flash.o
    0x08002700   0x08002700   0x00000022   Code   RO         1697    i.FLASH_WaitForLastOperation  stm32f0xx_flash.o
    0x08002722   0x08002722   0x00000056   Code   RO          849    i.FindPos           filter.o
    0x08002778   0x08002778   0x00000070   Code   RO         1867    i.GPIO_Init         stm32f0xx_gpio.o
    0x080027e8   0x080027e8   0x00000020   Code   RO         1868    i.GPIO_PinAFConfig  stm32f0xx_gpio.o
    0x08002808   0x08002808   0x0000000e   Code   RO         1871    i.GPIO_ReadInputDataBit  stm32f0xx_gpio.o
    0x08002816   0x08002816   0x00000004   Code   RO         1874    i.GPIO_ResetBits    stm32f0xx_gpio.o
    0x0800281a   0x0800281a   0x00000004   Code   RO         1875    i.GPIO_SetBits      stm32f0xx_gpio.o
    0x0800281e   0x0800281e   0x00000002   Code   RO          197    i.HardFault_Handler  stm32f0xx_it.o
    0x08002820   0x08002820   0x0000003e   Code   RO          423    i.IIC_ADD_read      iic.o
    0x0800285e   0x0800285e   0x00000002   PAD
    0x08002860   0x08002860   0x0000003c   Code   RO          425    i.IIC_Ack           iic.o
    0x0800289c   0x0800289c   0x00000038   Code   RO          426    i.IIC_GPIO_Init     iic.o
    0x080028d4   0x080028d4   0x0000003c   Code   RO          427    i.IIC_NAck          iic.o
    0x08002910   0x08002910   0x00000060   Code   RO          428    i.IIC_ReadByte      iic.o
    0x08002970   0x08002970   0x0000005a   Code   RO          430    i.IIC_ReadMultByteFromSlave  iic.o
    0x080029ca   0x080029ca   0x00000002   PAD
    0x080029cc   0x080029cc   0x0000005c   Code   RO          431    i.IIC_SendByte      iic.o
    0x08002a28   0x08002a28   0x0000003c   Code   RO          432    i.IIC_Start         iic.o
    0x08002a64   0x08002a64   0x0000003c   Code   RO          433    i.IIC_Stop          iic.o
    0x08002aa0   0x08002aa0   0x00000058   Code   RO          434    i.IIC_WaitAck       iic.o
    0x08002af8   0x08002af8   0x00000042   Code   RO          435    i.IIC_WriteByteToSlave  iic.o
    0x08002b3a   0x08002b3a   0x00000002   PAD
    0x08002b3c   0x08002b3c   0x00000470   Code   RO          795    i.IMUupdate         imu.o
    0x08002fac   0x08002fac   0x00000038   Code   RO          306    i.LED_Init          led.o
    0x08002fe4   0x08002fe4   0x0000002c   Code   RO          307    i.LED_Run           led.o
    0x08003010   0x08003010   0x00000056   Code   RO          570    i.MPU6050_Init      mpu6050.o
    0x08003066   0x08003066   0x00000002   PAD
    0x08003068   0x08003068   0x00000088   Code   RO          571    i.MPU6050_OffSet    mpu6050.o
    0x080030f0   0x080030f0   0x000000e0   Code   RO          572    i.MPU6050_Offset    mpu6050.o
    0x080031d0   0x080031d0   0x00000014   Code   RO          573    i.MPU6050_Read      mpu6050.o
    0x080031e4   0x080031e4   0x00000016   Code   RO          575    i.MPU6050_ReadMultBytes  mpu6050.o
    0x080031fa   0x080031fa   0x00000014   Code   RO          577    i.MPU6050_WriteByte  mpu6050.o
    0x0800320e   0x0800320e   0x00000002   PAD
    0x08003210   0x08003210   0x0000004c   Code   RO          533    i.Moto_Pwm          motor.o
    0x0800325c   0x0800325c   0x00000022   Code   RO          198    i.NMI_Handler       stm32f0xx_it.o
    0x0800327e   0x0800327e   0x00000002   PAD
    0x08003280   0x08003280   0x00000050   Code   RO         3355    i.NVIC_Init         stm32f0xx_misc.o
    0x080032d0   0x080032d0   0x00000032   Code   RO          688    i.NvicConfig        nvic.o
    0x08003302   0x08003302   0x00000002   PAD
    0x08003304   0x08003304   0x000000d4   Code   RO          978    i.PID_Postion_Cal   pid.o
    0x080033d8   0x080033d8   0x00000084   Code   RO         1010    i.PID_ReadFlash     paramsave.o
    0x0800345c   0x0800345c   0x0000001c   Code   RO         1011    i.PID_WriteFlash    paramsave.o
    0x08003478   0x08003478   0x000001b4   Code   RO         1013    i.ParamsToTable     paramsave.o
    0x0800362c   0x0800362c   0x00000002   Code   RO          199    i.PendSV_Handler    stm32f0xx_it.o
    0x0800362e   0x0800362e   0x00000002   PAD
    0x08003630   0x08003630   0x00000098   Code   RO          979    i.PidParameter_init  pid.o
    0x080036c8   0x080036c8   0x0000013c   Code   RO          796    i.Prepare_Data      imu.o
    0x08003804   0x08003804   0x0000002a   Code   RO          851    i.QuiteSort         filter.o
    0x0800382e   0x0800382e   0x00000002   PAD
    0x08003830   0x08003830   0x00000018   Code   RO         1959    i.RCC_AHBPeriphClockCmd  stm32f0xx_rcc.o
    0x08003848   0x08003848   0x00000018   Code   RO         1961    i.RCC_APB1PeriphClockCmd  stm32f0xx_rcc.o
    0x08003860   0x08003860   0x00000018   Code   RO         1962    i.RCC_APB1PeriphResetCmd  stm32f0xx_rcc.o
    0x08003878   0x08003878   0x00000018   Code   RO         1963    i.RCC_APB2PeriphClockCmd  stm32f0xx_rcc.o
    0x08003890   0x08003890   0x00000018   Code   RO         1964    i.RCC_APB2PeriphResetCmd  stm32f0xx_rcc.o
    0x080038a8   0x080038a8   0x0000000c   Code   RO         1970    i.RCC_ClearITPendingBit  stm32f0xx_rcc.o
    0x080038b4   0x080038b4   0x00000178   Code   RO         1973    i.RCC_GetClocksFreq  stm32f0xx_rcc.o
    0x08003a2c   0x08003a2c   0x00000014   Code   RO         1975    i.RCC_GetITStatus   stm32f0xx_rcc.o
    0x08003a40   0x08003a40   0x00000010   Code   RO         1978    i.RCC_HSEConfig     stm32f0xx_rcc.o
    0x08003a50   0x08003a50   0x00000018   Code   RO         1984    i.RCC_ITConfig      stm32f0xx_rcc.o
    0x08003a68   0x08003a68   0x000000dc   Code   RO         1169    i.Remote_Data_ReceiveAnalysis  remotedata.o
    0x08003b44   0x08003b44   0x00000028   Code   RO         1265    i.SI24R1_Check      si24r1.o
    0x08003b6c   0x08003b6c   0x00000060   Code   RO         1266    i.SI24R1_Config     si24r1.o
    0x08003bcc   0x08003bcc   0x0000006c   Code   RO         1268    i.SI24R1_Init       si24r1.o
    0x08003c38   0x08003c38   0x0000003a   Code   RO         1269    i.SI24R1_Read_Buf   si24r1.o
    0x08003c72   0x08003c72   0x00000016   Code   RO         1270    i.SI24R1_RxPacket   si24r1.o
    0x08003c88   0x08003c88   0x00000018   Code   RO         1170    i.SI24R1_SingalCheck  remotedata.o
    0x08003ca0   0x08003ca0   0x00000054   Code   RO         1272    i.SI24R1_TxPacket   si24r1.o
    0x08003cf4   0x08003cf4   0x0000003a   Code   RO         1273    i.SI24R1_Write_Buf  si24r1.o
    0x08003d2e   0x08003d2e   0x0000002a   Code   RO         1274    i.SI24R1_read_reg   si24r1.o
    0x08003d58   0x08003d58   0x00000058   Code   RO         1275    i.SI24R1_testConnection  si24r1.o
    0x08003db0   0x08003db0   0x0000002c   Code   RO         1276    i.SI24R1_write_reg  si24r1.o
    0x08003ddc   0x08003ddc   0x0000003c   Code   RO         1277    i.SI24R1set_Mode    si24r1.o
    0x08003e18   0x08003e18   0x00000050   Code   RO          708    i.SPI1_WriteReadByte  spi.o
    0x08003e68   0x08003e68   0x00000012   Code   RO         2226    i.SPI_Cmd           stm32f0xx_spi.o
    0x08003e7a   0x08003e7a   0x00000002   PAD
    0x08003e7c   0x08003e7c   0x000000b8   Code   RO          709    i.SPI_GPIO_Init     spi.o
    0x08003f34   0x08003f34   0x00000040   Code   RO         2234    i.SPI_I2S_DeInit    stm32f0xx_spi.o
    0x08003f74   0x08003f74   0x0000000e   Code   RO         2235    i.SPI_I2S_GetFlagStatus  stm32f0xx_spi.o
    0x08003f82   0x08003f82   0x00000002   PAD
    0x08003f84   0x08003f84   0x00000054   Code   RO         2240    i.SPI_Init          stm32f0xx_spi.o
    0x08003fd8   0x08003fd8   0x00000004   Code   RO         2244    i.SPI_ReceiveData8  stm32f0xx_spi.o
    0x08003fdc   0x08003fdc   0x00000014   Code   RO         2245    i.SPI_RxFIFOThresholdConfig  stm32f0xx_spi.o
    0x08003ff0   0x08003ff0   0x00000004   Code   RO         2247    i.SPI_SendData8     stm32f0xx_spi.o
    0x08003ff4   0x08003ff4   0x00000014   Code   RO          391    i.STMFLASH_Read     flash.o
    0x08004008   0x08004008   0x00000070   Code   RO          393    i.STMFLASH_Write    flash.o
    0x08004078   0x08004078   0x00000002   Code   RO          200    i.SVC_Handler       stm32f0xx_it.o
    0x0800407a   0x0800407a   0x00000002   PAD
    0x0800407c   0x0800407c   0x00000028   Code   RO         2424    i.SYSCFG_EXTILineConfig  stm32f0xx_syscfg.o
    0x080040a4   0x080040a4   0x000000cc   Code   RO         1171    i.SendToRemote      remotedata.o
    0x08004170   0x08004170   0x00000098   Code   RO         1374    i.SetSysClock       system_stm32f0xx.o
    0x08004208   0x08004208   0x000000f8   Code   RO          854    i.SortAver_FilterXYZ  filter.o
    0x08004300   0x08004300   0x00000018   Code   RO         3357    i.SysTick_CLKSourceConfig  stm32f0xx_misc.o
    0x08004318   0x08004318   0x00000010   Code   RO          201    i.SysTick_Handler   stm32f0xx_it.o
    0x08004328   0x08004328   0x00000060   Code   RO         1376    i.SystemInit        system_stm32f0xx.o
    0x08004388   0x08004388   0x00000038   Code   RO          746    i.System_Init       system.o
    0x080043c0   0x080043c0   0x0000008c   Code   RO          202    i.TIM2_IRQHandler   stm32f0xx_it.o
    0x0800444c   0x0800444c   0x00000006   Code   RO         2503    i.TIM_ClearITPendingBit  stm32f0xx_tim.o
    0x08004452   0x08004452   0x00000014   Code   RO         2508    i.TIM_Cmd           stm32f0xx_tim.o
    0x08004466   0x08004466   0x00000018   Code   RO         2529    i.TIM_GetITStatus   stm32f0xx_tim.o
    0x0800447e   0x0800447e   0x00000010   Code   RO         2533    i.TIM_ITConfig      stm32f0xx_tim.o
    0x0800448e   0x0800448e   0x00000002   PAD
    0x08004490   0x08004490   0x0000003c   Code   RO          775    i.TIM_Init          tim.o
    0x080044cc   0x080044cc   0x00000074   Code   RO         2581    i.TIM_TimeBaseInit  stm32f0xx_tim.o
    0x08004540   0x08004540   0x000001b4   Code   RO         1014    i.TableToParams     paramsave.o
    0x080046f4   0x080046f4   0x00000084   Code   RO          747    i.Task_Schedule     system.o
    0x08004778   0x08004778   0x0000004c   Code   RO          203    i.USART1_IRQHandler  stm32f0xx_it.o
    0x080047c4   0x080047c4   0x0000000a   Code   RO         3051    i.USART_ClearITPendingBit  stm32f0xx_usart.o
    0x080047ce   0x080047ce   0x00000014   Code   RO         3054    i.USART_Cmd         stm32f0xx_usart.o
    0x080047e2   0x080047e2   0x0000000e   Code   RO         3062    i.USART_GetFlagStatus  stm32f0xx_usart.o
    0x080047f0   0x080047f0   0x00000038   Code   RO         3063    i.USART_GetITStatus  stm32f0xx_usart.o
    0x08004828   0x08004828   0x0000002a   Code   RO         3065    i.USART_ITConfig    stm32f0xx_usart.o
    0x08004852   0x08004852   0x00000002   PAD
    0x08004854   0x08004854   0x000000a8   Code   RO         3066    i.USART_Init        stm32f0xx_usart.o
    0x080048fc   0x080048fc   0x00000008   Code   RO         3083    i.USART_SendData    stm32f0xx_usart.o
    0x08004904   0x08004904   0x00000084   Code   RO          339    i.USART_init        usart.o
    0x08004988   0x08004988   0x00000060   Code   RO          929    i.Yaw_Carefree      control.o
    0x080049e8   0x080049e8   0x00000032   Code   RO         3647    i.__ARM_common_ll_muluu  m_ps.l(rredf.o)
    0x08004a1a   0x08004a1a   0x00000002   PAD
    0x08004a1c   0x08004a1c   0x0000002c   Code   RO         3623    i.__ARM_fpclassify  m_ps.l(fpclassify.o)
    0x08004a48   0x08004a48   0x00000022   Code   RO         3625    i.__ARM_fpclassifyf  m_ps.l(fpclassifyf.o)
    0x08004a6a   0x08004a6a   0x000000ac   Code   RO         3641    i.__kernel_poly     m_ps.l(poly.o)
    0x08004b16   0x08004b16   0x0000000a   Code   RO         3610    i.__mathlib_dbl_infnan  m_ps.l(dunder.o)
    0x08004b20   0x08004b20   0x00000008   Code   RO         3611    i.__mathlib_dbl_infnan2  m_ps.l(dunder.o)
    0x08004b28   0x08004b28   0x00000010   Code   RO         3612    i.__mathlib_dbl_invalid  m_ps.l(dunder.o)
    0x08004b38   0x08004b38   0x00000014   Code   RO         3615    i.__mathlib_dbl_underflow  m_ps.l(dunder.o)
    0x08004b4c   0x08004b4c   0x0000000a   Code   RO         3628    i.__mathlib_flt_infnan  m_ps.l(funder.o)
    0x08004b56   0x08004b56   0x0000000c   Code   RO         3630    i.__mathlib_flt_invalid  m_ps.l(funder.o)
    0x08004b62   0x08004b62   0x0000000e   Code   RO         3633    i.__mathlib_flt_underflow  m_ps.l(funder.o)
    0x08004b70   0x08004b70   0x00000180   Code   RO         3644    i.__mathlib_rredf2  m_ps.l(rredf.o)
    0x08004cf0   0x08004cf0   0x00000274   Code   RO         3494    i.asin              m_ps.l(asin.o)
    0x08004f64   0x08004f64   0x0000021c   Code   RO         3600    i.atan              m_ps.l(atan.o)
    0x08005180   0x08005180   0x00000178   Code   RO         3504    i.atan2             m_ps.l(atan2.o)
    0x080052f8   0x080052f8   0x00000178   Code   RO         3512    i.cosf              m_ps.l(cosf.o)
    0x08005470   0x08005470   0x00000034   Code   RO          797    i.invSqrt           imu.o
    0x080054a4   0x080054a4   0x0000000a   Code   RO            3    i.main              main.o
    0x080054ae   0x080054ae   0x00000002   PAD
    0x080054b0   0x080054b0   0x00000184   Code   RO         3520    i.sinf              m_ps.l(sinf.o)
    0x08005634   0x08005634   0x00000048   Code   RO         3650    i.sqrt              m_ps.l(sqrt.o)
    0x0800567c   0x0800567c   0x00000030   Code   RO          341    i.usart_send        usart.o
    0x080056ac   0x080056ac   0x0000008c   Code   RO         3470    x$fpl$fadd          fz_ps.l(faddsub.o)
    0x08005738   0x08005738   0x00000054   Code   RO         3485    x$fpl$fleqf         fz_ps.l(flef.o)
    0x0800578c   0x0800578c   0x000000b0   Code   RO         3487    x$fpl$fmul          fz_ps.l(fmul.o)
    0x0800583c   0x0800583c   0x00000058   Code   RO         3489    x$fpl$frleqf        fz_ps.l(frlef.o)
    0x08005894   0x08005894   0x00000018   Code   RO         3471    x$fpl$frsb          fz_ps.l(faddsub.o)
    0x080058ac   0x080058ac   0x000000d0   Code   RO         3472    x$fpl$fsub          fz_ps.l(faddsub.o)
    0x0800597c   0x0800597c   0x00000000   Code   RO         3598    x$fpl$usenofp       fz_ps.l(usenofp.o)
    0x0800597c   0x0800597c   0x00000024   Data   RO          802    .constdata          imu.o
    0x080059a0   0x080059a0   0x00000080   Data   RO         3462    .constdata          fz_ps.l(ddiv.o)
    0x08005a20   0x08005a20   0x00000040   Data   RO         3477    .constdata          fz_ps.l(fdiv.o)
    0x08005a60   0x08005a60   0x00000050   Data   RO         3495    .constdata          m_ps.l(asin.o)
    0x08005ab0   0x08005ab0   0x00000098   Data   RO         3601    .constdata          m_ps.l(atan.o)
    0x08005b48   0x08005b48   0x00000008   Data   RO         3643    .constdata          m_ps.l(qnan.o)
    0x08005b50   0x08005b50   0x00000020   Data   RO         3645    .constdata          m_ps.l(rredf.o)
    0x08005b70   0x08005b70   0x00000020   Data   RO         3943    Region$$Table       anon$$obj.o


    Execution Region RW_IRAM1 (Exec base: 0x20000000, Load base: 0x08005b90, Size: 0x00000f88, Max: 0x00004000, ABSOLUTE)

    Exec Addr    Load Addr    Size         Type   Attr      Idx    E Section Name        Object

    0x20000000   0x08005b90   0x00000012   Data   RW          204    .data               stm32f0xx_it.o
    0x20000012   0x08005ba2   0x00000004   Data   RW          272    .data               delay.o
    0x20000016   0x08005ba6   0x00000002   PAD
    0x20000018   0x08005ba8   0x00000004   Data   RW          273    .data               delay.o
    0x2000001c   0x08005bac   0x00000001   Data   RW          309    .data               led.o
    0x2000001d   0x08005bad   0x00000003   PAD
    0x20000020   0x08005bb0   0x00000028   Data   RW          582    .data               mpu6050.o
    0x20000048   0x08005bd8   0x00000020   Data   RW          803    .data               imu.o
    0x20000068   0x08005bf8   0x0000000e   Data   RW          857    .data               filter.o
    0x20000076   0x08005c06   0x00000002   PAD
    0x20000078   0x08005c08   0x00000014   Data   RW          934    .data               control.o
    0x2000008c   0x08005c1c   0x00000001   Data   RW          937    .data               control.o
    0x2000008d   0x08005c1d   0x00000009   Data   RW         1089    .data               ano_dt.o
    0x20000096   0x08005c26   0x00000008   Data   RW         1174    .data               remotedata.o
    0x2000009e   0x08005c2e   0x00000012   Data   RW         1280    .data               si24r1.o
    0x200000b0   0x08005c40   0x00000014   Data   RW         1377    .data               system_stm32f0xx.o
    0x200000c4   0x08005c54   0x00000010   Data   RW         1999    .data               stm32f0xx_rcc.o
    0x200000d4        -       0x0000000e   Zero   RW          581    .bss                mpu6050.o
    0x200000e2   0x08005c64   0x00000002   PAD
    0x200000e4        -       0x0000000c   Zero   RW          798    .bss                imu.o
    0x200000f0        -       0x00000054   Zero   RW          799    .bss                imu.o
    0x20000144        -       0x00000500   Zero   RW          856    .bss                filter.o
    0x20000644        -       0x00000168   Zero   RW          931    .bss                control.o
    0x200007ac        -       0x0000003c   Zero   RW          932    .bss                control.o
    0x200007e8        -       0x0000003c   Zero   RW          933    .bss                control.o
    0x20000824        -       0x0000003e   Zero   RW         1015    .bss                paramsave.o
    0x20000862        -       0x0000006e   Zero   RW         1088    .bss                ano_dt.o
    0x200008d0        -       0x0000000a   Zero   RW         1173    .bss                remotedata.o
    0x200008da   0x08005c64   0x00000002   PAD
    0x200008dc        -       0x0000000c   Zero   RW         1225    .bss                bmp280.o
    0x200008e8        -       0x00000020   Zero   RW         1278    .bss                si24r1.o
    0x20000908        -       0x00000020   Zero   RW         1279    .bss                si24r1.o
    0x20000928        -       0x00000060   Zero   RW         3711    .bss                c_p.l(libspace.o)
    0x20000988        -       0x00000200   Zero   RW         1366    HEAP                startup_stm32f072.o
    0x20000b88        -       0x00000400   Zero   RW         1365    STACK               startup_stm32f072.o


==============================================================================

Image component sizes


      Code (inc. data)   RO Data    RW Data    ZI Data      Debug   Object Name

      3208        244          0          9        110      10837   ano_dt.o
         0          0          0          0         12       5904   bmp280.o
       544         46          0         21        480       7166   control.o
       152         28          0          8          0       2136   delay.o
        68          0          0          0          0        532   exit.o
       376         10          0         14       1280       8072   filter.o
       132          8          0          0          0       1961   flash.o
       790         38          0          0          0       6823   iic.o
      1504         76         36         32         96       7741   imu.o
       100         14          0          1          0        985   led.o
        10          0          0          0          0     232779   main.o
        76          6          0          0          0        675   motor.o
       508         22          0         40         14       8891   mpu6050.o
        50          0          0          0          0        493   nvic.o
      1164        186          0          0         62       8342   paramsave.o
       364         62          0          0          0       1714   pid.o
       600         82          0          8         10       6988   remotedata.o
       700         44          0         18         64       7915   si24r1.o
       264         12          0          0          0       1345   spi.o
       116         56        192          0       1536        744   startup_stm32f072.o
       140         16          0          0          0       2296   stm32f0xx_exti.o
       254         34          0          0          0       4313   stm32f0xx_flash.o
       166          0          0          0          0       3639   stm32f0xx_gpio.o
       380         32          0         18          0       4031   stm32f0xx_it.o
       104         14          0          0          0       1622   stm32f0xx_misc.o
       568         82          0         16          0       7309   stm32f0xx_rcc.o
       208         24          0          0          0       4813   stm32f0xx_spi.o
        40          6          0          0          0        676   stm32f0xx_syscfg.o
       182         28          0          0          0       4649   stm32f0xx_tim.o
       318         20          0          0          0       5823   stm32f0xx_usart.o
       188         38          0          0          0       1022   system.o
       248         22          0         20          0       2005   system_stm32f0xx.o
        60          4          0          0          0        487   tim.o
       180         16          0          0          0       1650   usart.o

    ----------------------------------------------------------------------
     13792       1270        260        212       3668     366378   Object Totals
         0          0         32          0          0          0   (incl. Generated)
        30          0          0          7          4          0   (incl. Padding)

    ----------------------------------------------------------------------

      Code (inc. data)   RO Data    RW Data    ZI Data      Debug   Library Member Name

         8          0          0          0          0         68   __main.o
         0          0          0          0          0          0   __rtentry.o
        12          0          0          0          0          0   __rtentry2.o
         6          0          0          0          0          0   __rtentry4.o
        60          8          0          0          0          0   __scatter.o
        26          0          0          0          0          0   __scatter_copy.o
        28          0          0          0          0          0   __scatter_zi.o
        22          0          0          0          0         92   _rserrno.o
       346          0          0          0          0         92   aeabi_sdiv.o
        16          0          0          0          0         68   exit.o
         6          0          0          0          0        136   heapauxi.o
         0          0          0          0          0          0   indicate_semi.o
         2          0          0          0          0          0   libinit.o
         2          0          0          0          0          0   libinit2.o
         2          0          0          0          0          0   libshutdown.o
         2          0          0          0          0          0   libshutdown2.o
         8          4          0          0         96         68   libspace.o
         8          4          0          0          0         68   rt_errno_addr_intlibspace.o
       186          0          0          0          0        144   rt_memcpy.o
         2          0          0          0          0          0   rtexit.o
        10          0          0          0          0          0   rtexit2.o
        12          4          0          0          0         60   sys_exit.o
        62          0          0          0          0         80   sys_stackheap_outer.o
         2          0          0          0          0         68   use_no_semi.o
        46          0          0          0          0         60   cmpret.o
       124          4          0          0          0         72   d2f.o
       856         20          0          0          0        208   daddsub.o
      1096         26        128          0          0        112   ddiv.o
        88          0          0          0          0         92   dflti.o
       584         26          0          0          0         84   dmul.o
        96         12          0          0          0         72   dscalbn.o
       256          8          0          0          0         76   dsqrt.o
        84          4          0          0          0         60   f2d.o
       372          8          0          0          0        240   faddsub.o
       100          4          0          0          0         68   fcmpin.o
       352         10         64          0          0         92   fdiv.o
        76          0          0          0          0         68   ffixi.o
        48          0          0          0          0         60   ffixui.o
        94          0          0          0          0         92   fflti.o
        84          4          0          0          0         76   flef.o
       176          4          0          0          0         80   fmul.o
        16          6          0          0          0         68   fnan2.o
        88          4          0          0          0         76   frlef.o
       128          6          0          0          0         68   frnd.o
        68          4          0          0          0         68   fscalbn.o
        94          0          0          0          0         68   retnan.o
         0          0          0          0          0          0   usenofp.o
       628         54         80          0          0        104   asin.o
       540         68        152          0          0        112   atan.o
       376         42          0          0          0        144   atan2.o
       376         58          0          0          0        104   cosf.o
        54          6          0          0          0        272   dunder.o
        44          4          0          0          0         60   fpclassify.o
        34          0          0          0          0         60   fpclassifyf.o
        36          0          0          0          0        204   funder.o
       172          0          0          0          0         76   poly.o
         0          0          8          0          0          0   qnan.o
       434         18         32          0          0        168   rredf.o
       388         58          0          0          0        104   sinf.o
        72          6          0          0          0         76   sqrt.o

    ----------------------------------------------------------------------
      8924        484        464          0         96       4388   Library Totals
        16          0          0          0          0          0   (incl. Padding)

    ----------------------------------------------------------------------

      Code (inc. data)   RO Data    RW Data    ZI Data      Debug   Library Name

       828         20          0          0         96        944   c_p.l
      4926        150        192          0          0       1960   fz_ps.l
      3154        314        272          0          0       1484   m_ps.l

    ----------------------------------------------------------------------
      8924        484        464          0         96       4388   Library Totals

    ----------------------------------------------------------------------

==============================================================================


      Code (inc. data)   RO Data    RW Data    ZI Data      Debug   

     22716       1754        724        212       3764     362858   Grand Totals
     22716       1754        724        212       3764     362858   ELF Image Totals
     22716       1754        724        212          0          0   ROM Totals

==============================================================================

    Total RO  Size (Code + RO Data)                23440 (  22.89kB)
    Total RW  Size (RW Data + ZI Data)              3976 (   3.88kB)
    Total ROM Size (Code + RO Data + RW Data)      23652 (  23.10kB)

==============================================================================

