Component: ARM Compiler 5.06 update 6 (build 750) Tool: armlink [4d35ed]

==============================================================================

Section Cross References

    main.o(i.main) refers to system.o(i.System_Init) for System_Init
    main.o(i.main) refers to system.o(i.Task_Schedule) for Task_Schedule
    stm32f0xx_it.o(i.EXTI0_1_IRQHandler) refers to stm32f0xx_exti.o(i.EXTI_GetITStatus) for EXTI_GetITStatus
    stm32f0xx_it.o(i.EXTI0_1_IRQHandler) refers to si24r1.o(i.SI24R1_read_reg) for SI24R1_read_reg
    stm32f0xx_it.o(i.EXTI0_1_IRQHandler) refers to si24r1.o(i.SI24R1set_Mode) for SI24R1set_Mode
    stm32f0xx_it.o(i.EXTI0_1_IRQHandler) refers to si24r1.o(i.SI24R1_write_reg) for SI24R1_write_reg
    stm32f0xx_it.o(i.EXTI0_1_IRQHandler) refers to si24r1.o(i.SI24R1_RxPacket) for SI24R1_RxPacket
    stm32f0xx_it.o(i.EXTI0_1_IRQHandler) refers to remotedata.o(i.Remote_Data_ReceiveAnalysis) for Remote_Data_ReceiveAnalysis
    stm32f0xx_it.o(i.EXTI0_1_IRQHandler) refers to stm32f0xx_exti.o(i.EXTI_ClearITPendingBit) for EXTI_ClearITPendingBit
    stm32f0xx_it.o(i.EXTI0_1_IRQHandler) refers to si24r1.o(.bss) for SI24R1_RX_DATA
    stm32f0xx_it.o(i.NMI_Handler) refers to stm32f0xx_rcc.o(i.RCC_GetITStatus) for RCC_GetITStatus
    stm32f0xx_it.o(i.NMI_Handler) refers to stm32f0xx_rcc.o(i.RCC_HSEConfig) for RCC_HSEConfig
    stm32f0xx_it.o(i.NMI_Handler) refers to stm32f0xx_rcc.o(i.RCC_ITConfig) for RCC_ITConfig
    stm32f0xx_it.o(i.NMI_Handler) refers to stm32f0xx_rcc.o(i.RCC_ClearITPendingBit) for RCC_ClearITPendingBit
    stm32f0xx_it.o(i.SysTick_Handler) refers to delay.o(.data) for sysTickUptime
    stm32f0xx_it.o(i.TIM2_IRQHandler) refers to stm32f0xx_tim.o(i.TIM_GetITStatus) for TIM_GetITStatus
    stm32f0xx_it.o(i.TIM2_IRQHandler) refers to stm32f0xx_tim.o(i.TIM_ClearITPendingBit) for TIM_ClearITPendingBit
    stm32f0xx_it.o(i.TIM2_IRQHandler) refers to stm32f0xx_it.o(.data) for .data
    stm32f0xx_it.o(i.USART1_IRQHandler) refers to stm32f0xx_usart.o(i.USART_GetFlagStatus) for USART_GetFlagStatus
    stm32f0xx_it.o(i.USART1_IRQHandler) refers to ano_dt.o(i.ANO_DT_Data_Receive_Prepare) for ANO_DT_Data_Receive_Prepare
    stm32f0xx_it.o(i.USART1_IRQHandler) refers to stm32f0xx_usart.o(i.USART_ClearFlag) for USART_ClearFlag
    stm32f0xx_it.o(i.USART1_IRQHandler) refers to stm32f0xx_usart.o(i.USART_GetITStatus) for USART_GetITStatus
    stm32f0xx_it.o(i.USART1_IRQHandler) refers to stm32f0xx_usart.o(i.USART_ClearITPendingBit) for USART_ClearITPendingBit
    delay.o(i.Delay_Init) refers to stm32f0xx_misc.o(i.SysTick_CLKSourceConfig) for SysTick_CLKSourceConfig
    delay.o(i.Delay_Init) refers to aeabi_sdiv.o(.text) for __aeabi_uidivmod
    delay.o(i.Delay_Init) refers to system_stm32f0xx.o(.data) for SystemCoreClock
    delay.o(i.Delay_Init) refers to delay.o(.data) for .data
    delay.o(i.Delay_ms) refers to delay.o(.data) for .data
    delay.o(i.Delay_us) refers to delay.o(.data) for .data
    led.o(i.LED_Init) refers to stm32f0xx_rcc.o(i.RCC_AHBPeriphClockCmd) for RCC_AHBPeriphClockCmd
    led.o(i.LED_Init) refers to stm32f0xx_gpio.o(i.GPIO_Init) for GPIO_Init
    led.o(i.LED_Init) refers to stm32f0xx_gpio.o(i.GPIO_SetBits) for GPIO_SetBits
    led.o(i.LED_Run) refers to stm32f0xx_gpio.o(i.GPIO_SetBits) for GPIO_SetBits
    led.o(i.LED_Run) refers to stm32f0xx_gpio.o(i.GPIO_ResetBits) for GPIO_ResetBits
    led.o(i.LED_Run) refers to led.o(.data) for .data
    usart.o(i.USART_init) refers to stm32f0xx_rcc.o(i.RCC_APB2PeriphClockCmd) for RCC_APB2PeriphClockCmd
    usart.o(i.USART_init) refers to stm32f0xx_rcc.o(i.RCC_AHBPeriphClockCmd) for RCC_AHBPeriphClockCmd
    usart.o(i.USART_init) refers to stm32f0xx_gpio.o(i.GPIO_PinAFConfig) for GPIO_PinAFConfig
    usart.o(i.USART_init) refers to stm32f0xx_gpio.o(i.GPIO_Init) for GPIO_Init
    usart.o(i.USART_init) refers to stm32f0xx_usart.o(i.USART_Init) for USART_Init
    usart.o(i.USART_init) refers to stm32f0xx_usart.o(i.USART_ITConfig) for USART_ITConfig
    usart.o(i.USART_init) refers to stm32f0xx_usart.o(i.USART_Cmd) for USART_Cmd
    usart.o(i.fputc) refers to stm32f0xx_usart.o(i.USART_SendData) for USART_SendData
    usart.o(i.fputc) refers to stm32f0xx_usart.o(i.USART_GetFlagStatus) for USART_GetFlagStatus
    usart.o(i.usart_send) refers to stm32f0xx_usart.o(i.USART_SendData) for USART_SendData
    usart.o(i.usart_send) refers to stm32f0xx_usart.o(i.USART_GetFlagStatus) for USART_GetFlagStatus
    exit.o(i.Exit_Init) refers to stm32f0xx_rcc.o(i.RCC_AHBPeriphClockCmd) for RCC_AHBPeriphClockCmd
    exit.o(i.Exit_Init) refers to stm32f0xx_rcc.o(i.RCC_APB2PeriphClockCmd) for RCC_APB2PeriphClockCmd
    exit.o(i.Exit_Init) refers to stm32f0xx_syscfg.o(i.SYSCFG_EXTILineConfig) for SYSCFG_EXTILineConfig
    exit.o(i.Exit_Init) refers to stm32f0xx_gpio.o(i.GPIO_Init) for GPIO_Init
    exit.o(i.Exit_Init) refers to stm32f0xx_exti.o(i.EXTI_Init) for EXTI_Init
[...]
    MPU6050_buff                             0x20000124   Data          14  mpu6050.o(.bss)
    .bss                                     0x20000134   Section       12  imu.o(.bss)
    .bss                                     0x20000140   Section       84  imu.o(.bss)
    .bss                                     0x20000194   Section     1280  filter.o(.bss)
    buf                                      0x20000194   Data          80  filter.o(.bss)
    buf                                      0x200001e4   Data          80  filter.o(.bss)
    bufx                                     0x20000234   Data          80  filter.o(.bss)
    bufy                                     0x20000284   Data          80  filter.o(.bss)
    bufz                                     0x200002d4   Data          80  filter.o(.bss)
    bufax                                    0x20000324   Data          80  filter.o(.bss)
    bufay                                    0x20000374   Data          80  filter.o(.bss)
    bufaz                                    0x200003c4   Data          80  filter.o(.bss)
    bufgx                                    0x20000414   Data          80  filter.o(.bss)
    bufgy                                    0x20000464   Data          80  filter.o(.bss)
    bufgz                                    0x200004b4   Data          80  filter.o(.bss)
    bufax                                    0x20000504   Data          80  filter.o(.bss)
    bufay                                    0x20000554   Data          80  filter.o(.bss)
    bufaz                                    0x200005a4   Data          80  filter.o(.bss)
    buf                                      0x200005f4   Data          80  filter.o(.bss)
    buf                                      0x20000644   Data          80  filter.o(.bss)
    .bss                                     0x20000694   Section      420  control.o(.bss)
    .bss                                     0x20000838   Section       60  control.o(.bss)
    .bss                                     0x20000874   Section       62  paramsave.o(.bss)
    .bss                                     0x200008b2   Section      110  ano_dt.o(.bss)
    RxBuffer                                 0x200008b2   Data          50  ano_dt.o(.bss)
    .bss                                     0x20000920   Section       12  remotedata.o(.bss)
    .bss                                     0x2000092c   Section       48  bmp280.o(.bss)
    .bss                                     0x2000095c   Section       32  si24r1.o(.bss)
    .bss                                     0x2000097c   Section       32  si24r1.o(.bss)
    .bss                                     0x2000099c   Section       72  altitude.o(.bss)
    .bss                                     0x200009e4   Section       96  libspace.o(.bss)
    HEAP                                     0x20000a48   Section      512  startup_stm32f072.o(HEAP)
    Heap_Mem                                 0x20000a48   Data         512  startup_stm32f072.o(HEAP)
    STACK                                    0x20000c48   Section     1024  startup_stm32f072.o(STACK)
    Stack_Mem                                0x20000c48   Data        1024  startup_stm32f072.o(STACK)
    __initial_sp                             0x20001048   Data           0  startup_stm32f072.o(STACK)

    Global Symbols

    Symbol Name                              Value     Ov Type        Size  Object(Section)

    BuildAttributes$$THM_ISAv3M$S$PE$A:L22$X:L11$S22$IEEE1$IW$USESV6$~STKCKD$USESV7$~SHL$OTIME$ROPI$IEEEX$EBA8$UX$STANDARDLIB$REQ8$PRES8$EABIv2 0x00000000   Number         0  anon$$obj.o ABSOLUTE
    __ARM_use_no_argv                        0x00000000   Number         0  main.o ABSOLUTE
    __ARM_exceptions_init                     - Undefined Weak Reference
    __alloca_initialize                       - Undefined Weak Reference
    __arm_preinit_                            - Undefined Weak Reference
    __cpp_initialize__aeabi_                  - Undefined Weak Reference
    __cxa_finalize                            - Undefined Weak Reference
    __rt_locale                               - Undefined Weak Reference
    __sigvec_lookup                           - Undefined Weak Reference
    _atexit_init                              - Undefined Weak Reference
    _call_atexit_fns                          - Undefined Weak Reference
    _clock_init                               - Undefined Weak Reference
    _fp_trap_init                             - Undefined Weak Reference
    _fp_trap_shutdown                         - Undefined Weak Reference
    _get_lc_collate                           - Undefined Weak Reference
    _get_lc_ctype                             - Undefined Weak Reference
    _get_lc_monetary                          - Undefined Weak Reference
    _get_lc_numeric                           - Undefined Weak Reference
    _get_lc_time                              - Undefined Weak Reference
    _getenv_init                              - Undefined Weak Reference
    _handle_redirection                       - Undefined Weak Reference
    _init_alloc                               - Undefined Weak Reference
    _init_user_alloc                          - Undefined Weak Reference
    _initio                                   - Undefined Weak Reference
    _signal_finish                            - Undefined Weak Reference
    _signal_init                              - Undefined Weak Reference
    _terminate_alloc                          - Undefined Weak Reference
    _terminate_user_alloc                     - Undefined Weak Reference
    _terminateio                              - Undefined Weak Reference
    __Vectors_Size                           0x000000c0   Number         0  startup_stm32f072.o ABSOLUTE
    __Vectors                                0x08000000   Data           4  startup_stm32f072.o(RESET)
    __Vectors_End                            0x080000c0   Data           0  startup_stm32f072.o(RESET)
    __main                                   0x080000c1   Thumb Code     8  __main.o(!!!main)
    __scatterload                            0x080000c9   Thumb Code     0  __scatter.o(!!!scatter)
    __scatterload_rt2                        0x080000c9   Thumb Code    52  __scatter.o(!!!scatter)
    __scatterload_rt2_thumb_only             0x080000c9   Thumb Code     0  __scatter.o(!!!scatter)
    __scatterload_null                       0x080000d9   Thumb Code     0  __scatter.o(!!!scatter)
    __scatterload_copy                       0x08000105   Thumb Code    26  __scatter_copy.o(!!handler_copy)
    __scatterload_zeroinit                   0x08000121   Thumb Code    28  __scatter_zi.o(!!handler_zi)
    __rt_lib_init                            0x0800013d   Thumb Code     0  libinit.o(.ARM.Collect$$libinit$$00000000)
    __rt_lib_init_alloca_1                   0x0800013f   Thumb Code     0  libinit2.o(.ARM.Collect$$libinit$$0000002E)
    __rt_lib_init_argv_1                     0x0800013f   Thumb Code     0  libinit2.o(.ARM.Collect$$libinit$$0000002C)
    __rt_lib_init_atexit_1                   0x0800013f   Thumb Code     0  libinit2.o(.ARM.Collect$$libinit$$0000001B)
    __rt_lib_init_clock_1                    0x0800013f   Thumb Code     0  libinit2.o(.ARM.Collect$$libinit$$00000021)
    __rt_lib_init_cpp_1                      0x0800013f   Thumb Code     0  libinit2.o(.ARM.Collect$$libinit$$00000032)
    __rt_lib_init_exceptions_1               0x0800013f   Thumb Code     0  libinit2.o(.ARM.Collect$$libinit$$00000030)
    __rt_lib_init_fp_1                       0x0800013f   Thumb Code     0  libinit2.o(.ARM.Collect$$libinit$$00000002)
    __rt_lib_init_fp_trap_1                  0x0800013f   Thumb Code     0  libinit2.o(.ARM.Collect$$libinit$$0000001F)
    __rt_lib_init_getenv_1                   0x0800013f   Thumb Code     0  libinit2.o(.ARM.Collect$$libinit$$00000023)
    __rt_lib_init_heap_1                     0x0800013f   Thumb Code     0  libinit2.o(.ARM.Collect$$libinit$$0000000A)
    __rt_lib_init_lc_collate_1               0x0800013f   Thumb Code     0  libinit2.o(.ARM.Collect$$libinit$$00000011)
    __rt_lib_init_lc_ctype_1                 0x0800013f   Thumb Code     0  libinit2.o(.ARM.Collect$$libinit$$00000013)
    __rt_lib_init_lc_monetary_1              0x0800013f   Thumb Code     0  libinit2.o(.ARM.Collect$$libinit$$00000015)
    __rt_lib_init_lc_numeric_1               0x0800013f   Thumb Code     0  libinit2.o(.ARM.Collect$$libinit$$00000017)
    __rt_lib_init_lc_time_1                  0x0800013f   Thumb Code     0  libinit2.o(.ARM.Collect$$libinit$$00000019)
    __rt_lib_init_preinit_1                  0x0800013f   Thumb Code     0  libinit2.o(.ARM.Collect$$libinit$$00000004)
    __rt_lib_init_rand_1                     0x0800013f   Thumb Code     0  libinit2.o(.ARM.Collect$$libinit$$0000000E)
    __rt_lib_init_return                     0x0800013f   Thumb Code     0  libinit2.o(.ARM.Collect$$libinit$$00000033)
    __rt_lib_init_signal_1                   0x0800013f   Thumb Code     0  libinit2.o(.ARM.Collect$$libinit$$0000001D)
    __rt_lib_init_stdio_1                    0x0800013f   Thumb Code     0  libinit2.o(.ARM.Collect$$libinit$$00000025)
    __rt_lib_init_user_alloc_1               0x0800013f   Thumb Code     0  libinit2.o(.ARM.Collect$$libinit$$0000000C)
    __rt_lib_shutdown                        0x08000141   Thumb Code     0  libshutdown.o(.ARM.Collect$$libshutdown$$00000000)
    __rt_lib_shutdown_cpp_1                  0x08000143   Thumb Code     0  libshutdown2.o(.ARM.Collect$$libshutdown$$00000002)
    __rt_lib_shutdown_fp_trap_1              0x08000143   Thumb Code     0  libshutdown2.o(.ARM.Collect$$libshutdown$$00000007)
    __rt_lib_shutdown_heap_1                 0x08000143   Thumb Code     0  libshutdown2.o(.ARM.Collect$$libshutdown$$0000000F)
    __rt_lib_shutdown_return                 0x08000143   Thumb Code     0  libshutdown2.o(.ARM.Collect$$libshutdown$$00000010)
    __rt_lib_shutdown_signal_1               0x08000143   Thumb Code     0  libshutdown2.o(.ARM.Collect$$libshutdown$$0000000A)
    __rt_lib_shutdown_stdio_1                0x08000143   Thumb Code     0  libshutdown2.o(.ARM.Collect$$libshutdown$$00000004)
    __rt_lib_shutdown_user_alloc_1           0x08000143   Thumb Code     0  libshutdown2.o(.ARM.Collect$$libshutdown$$0000000C)
    __rt_entry                               0x08000145   Thumb Code     0  __rtentry.o(.ARM.Collect$$rtentry$$00000000)
    __rt_entry_presh_1                       0x08000145   Thumb Code     0  __rtentry2.o(.ARM.Collect$$rtentry$$00000002)
    __rt_entry_sh                            0x08000145   Thumb Code     0  __rtentry4.o(.ARM.Collect$$rtentry$$00000004)
    __rt_entry_li                            0x0800014b   Thumb Code     0  __rtentry2.o(.ARM.Collect$$rtentry$$0000000A)
    __rt_entry_postsh_1                      0x0800014b   Thumb Code     0  __rtentry2.o(.ARM.Collect$$rtentry$$00000009)
    __rt_entry_main                          0x0800014f   Thumb Code     0  __rtentry2.o(.ARM.Collect$$rtentry$$0000000D)
    __rt_entry_postli_1                      0x0800014f   Thumb Code     0  __rtentry2.o(.ARM.Collect$$rtentry$$0000000C)
    __rt_exit                                0x08000157   Thumb Code     0  rtexit.o(.ARM.Collect$$rtexit$$00000000)
    __rt_exit_ls                             0x08000159   Thumb Code     0  rtexit2.o(.ARM.Collect$$rtexit$$00000003)
    __rt_exit_prels_1                        0x08000159   Thumb Code     0  rtexit2.o(.ARM.Collect$$rtexit$$00000002)
    __rt_exit_exit                           0x0800015d   Thumb Code     0  rtexit2.o(.ARM.Collect$$rtexit$$00000004)
    __aeabi_memcpy4                          0x08000165   Thumb Code    56  rt_memcpy.o(.emb_text)
    __aeabi_memcpy8                          0x08000165   Thumb Code     0  rt_memcpy.o(.emb_text)
    Reset_Handler                            0x0800019d   Thumb Code    38  startup_stm32f072.o(.text)
    ADC1_COMP_IRQHandler                     0x080001cd   Thumb Code     0  startup_stm32f072.o(.text)
    CEC_CAN_IRQHandler                       0x080001cd   Thumb Code     0  startup_stm32f072.o(.text)
    DMA1_Channel1_IRQHandler                 0x080001cd   Thumb Code     0  startup_stm32f072.o(.text)
    DMA1_Channel2_3_IRQHandler               0x080001cd   Thumb Code     0  startup_stm32f072.o(.text)
    DMA1_Channel4_5_6_7_IRQHandler           0x080001cd   Thumb Code     0  startup_stm32f072.o(.text)
    EXTI2_3_IRQHandler                       0x080001cd   Thumb Code     0  startup_stm32f072.o(.text)
    EXTI4_15_IRQHandler                      0x080001cd   Thumb Code     0  startup_stm32f072.o(.text)
    FLASH_IRQHandler                         0x080001cd   Thumb Code     0  startup_stm32f072.o(.text)
    I2C1_IRQHandler                          0x080001cd   Thumb Code     0  startup_stm32f072.o(.text)
    I2C2_IRQHandler                          0x080001cd   Thumb Code     0  startup_stm32f072.o(.text)
    PVD_VDDIO2_IRQHandler                    0x080001cd   Thumb Code     0  startup_stm32f072.o(.text)
    RCC_CRS_IRQHandler                       0x080001cd   Thumb Code     0  startup_stm32f072.o(.text)
    RTC_IRQHandler                           0x080001cd   Thumb Code     0  startup_stm32f072.o(.text)
    SPI1_IRQHandler                          0x080001cd   Thumb Code     0  startup_stm32f072.o(.text)
    SPI2_IRQHandler                          0x080001cd   Thumb Code     0  startup_stm32f072.o(.text)
    TIM14_IRQHandler                         0x080001cd   Thumb Code     0  startup_stm32f072.o(.text)
    TIM15_IRQHandler                         0x080001cd   Thumb Code     0  startup_stm32f072.o(.text)
    TIM16_IRQHandler                         0x080001cd   Thumb Code     0  startup_stm32f072.o(.text)
    TIM17_IRQHandler                         0x080001cd   Thumb Code     0  startup_stm32f072.o(.text)
    TIM1_BRK_UP_TRG_COM_IRQHandler           0x080001cd   Thumb Code     0  startup_stm32f072.o(.text)
    TIM1_CC_IRQHandler                       0x080001cd   Thumb Code     0  startup_stm32f072.o(.text)
    TIM3_IRQHandler                          0x080001cd   Thumb Code     0  startup_stm32f072.o(.text)
    TIM6_DAC_IRQHandler                      0x080001cd   Thumb Code     0  startup_stm32f072.o(.text)
    TIM7_IRQHandler                          0x080001cd   Thumb Code     0  startup_stm32f072.o(.text)
    TSC_IRQHandler                           0x080001cd   Thumb Code     0  startup_stm32f072.o(.text)
    USART2_IRQHandler                        0x080001cd   Thumb Code     0  startup_stm32f072.o(.text)
    USART3_4_IRQHandler                      0x080001cd   Thumb Code     0  startup_stm32f072.o(.text)
    USB_IRQHandler                           0x080001cd   Thumb Code     0  startup_stm32f072.o(.text)
    WWDG_IRQHandler                          0x080001cd   Thumb Code     0  startup_stm32f072.o(.text)
    __user_initial_stackheap                 0x080001d1   Thumb Code     0  startup_stm32f072.o(.text)
    __aeabi_lmul                             0x08000211   Thumb Code    48  llmul.o(.text)
    _ll_mul                                  0x08000211   Thumb Code     0  llmul.o(.text)
    __aeabi_ldivmod                          0x08000241   Thumb Code   112  llsdiv.o(.text)
    _ll_sdiv                                 0x08000241   Thumb Code     0  llsdiv.o(.text)
    __aeabi_memcpy                           0x080002b1   Thumb Code   130  rt_memcpy.o(.text)
    __rt_memcpy                              0x080002b1   Thumb Code     0  rt_memcpy.o(.text)
    __aeabi_uidiv                            0x08000333   Thumb Code     0  aeabi_sdiv.o(.text)
    __aeabi_uidivmod                         0x08000333   Thumb Code    20  aeabi_sdiv.o(.text)
    __aeabi_idiv                             0x08000347   Thumb Code     0  aeabi_sdiv.o(.text)
    __aeabi_idivmod                          0x08000347   Thumb Code   326  aeabi_sdiv.o(.text)
    __use_two_region_memory                  0x0800048d   Thumb Code     2  heapauxi.o(.text)
    __rt_heap_escrow$2region                 0x0800048f   Thumb Code     2  heapauxi.o(.text)
    __rt_heap_expand$2region                 0x08000491   Thumb Code     2  heapauxi.o(.text)
    __aeabi_d2f                              0x08000495   Thumb Code     0  d2f.o(.text)
    _d2f                                     0x08000495   Thumb Code   120  d2f.o(.text)
    __aeabi_dadd                             0x08000809   Thumb Code     0  daddsub.o(.text)
    _dadd                                    0x08000809   Thumb Code    26  daddsub.o(.text)
    __aeabi_dsub                             0x08000823   Thumb Code     0  daddsub.o(.text)
    _dsub                                    0x08000823   Thumb Code    22  daddsub.o(.text)
    __aeabi_drsub                            0x08000839   Thumb Code     0  daddsub.o(.text)
    _drsb                                    0x08000839   Thumb Code    28  daddsub.o(.text)
    __aeabi_ddiv                             0x08000869   Thumb Code     0  ddiv.o(.text)
    _ddiv                                    0x08000869   Thumb Code  1072  ddiv.o(.text)
    _drdiv                                   0x08000c99   Thumb Code    20  ddiv.o(.text)
    __aeabi_i2d_normalise                    0x08000cb1   Thumb Code    66  dflti.o(.text)
    __aeabi_i2d                              0x08000cf3   Thumb Code    16  dflti.o(.text)
    _dflt                                    0x08000cf3   Thumb Code     0  dflti.o(.text)
    __aeabi_ui2d                             0x08000d03   Thumb Code     6  dflti.o(.text)
    _dfltu                                   0x08000d03   Thumb Code     0  dflti.o(.text)
    __aeabi_dmul                             0x08000d09   Thumb Code     0  dmul.o(.text)
    _dmul                                    0x08000d09   Thumb Code   558  dmul.o(.text)
    __aeabi_f2d                              0x08000f51   Thumb Code     0  f2d.o(.text)
    _f2d                                     0x08000f51   Thumb Code    80  f2d.o(.text)
    __aeabi_fdiv                             0x08000fa5   Thumb Code     0  fdiv.o(.text)
    _fdiv                                    0x08000fa5   Thumb Code   334  fdiv.o(.text)
    _frdiv                                   0x080010f3   Thumb Code     8  fdiv.o(.text)
    __aeabi_f2iz                             0x08001105   Thumb Code     0  ffixi.o(.text)
    _ffix                                    0x08001105   Thumb Code    76  ffixi.o(.text)
    __aeabi_f2uiz                            0x08001151   Thumb Code     0  ffixui.o(.text)
    _ffixu                                   0x08001151   Thumb Code    48  ffixui.o(.text)
    __aeabi_i2f_normalise                    0x08001181   Thumb Code    72  fflti.o(.text)
    __aeabi_i2f                              0x080011c9   Thumb Code    16  fflti.o(.text)
    _fflt                                    0x080011c9   Thumb Code     0  fflti.o(.text)
    __aeabi_ui2f                             0x080011d9   Thumb Code     6  fflti.o(.text)
    _ffltu                                   0x080011d9   Thumb Code     0  fflti.o(.text)
    __ARM_scalbnf                            0x080011e1   Thumb Code    64  fscalbn.o(.text)
    __aeabi_uldivmod                         0x08001225   Thumb Code   258  lludiv.o(.text)
    _ll_udiv                                 0x08001225   Thumb Code     0  lludiv.o(.text)
    __read_errno                             0x08001327   Thumb Code    10  _rserrno.o(.text)
    __set_errno                              0x08001331   Thumb Code    12  _rserrno.o(.text)
    __ARM_scalbn                             0x0800133d   Thumb Code    84  dscalbn.o(.text)
    __fpl_fcmp_InfNaN                        0x0800139d   Thumb Code    96  fcmpin.o(.text)
    _frnd                                    0x08001401   Thumb Code   122  frnd.o(.text)
    __aeabi_errno_addr                       0x08001481   Thumb Code     8  rt_errno_addr_intlibspace.o(.text)
    __errno$intlibspace                      0x08001481   Thumb Code     0  rt_errno_addr_intlibspace.o(.text)
    __rt_errno_addr$intlibspace              0x08001481   Thumb Code     0  rt_errno_addr_intlibspace.o(.text)
    __fpl_cmpreturn                          0x08001489   Thumb Code    46  cmpret.o(.text)
    __fpl_dcmp_InfNaN                        0x080014b9   Thumb Code   140  dcmpin.o(.text)
    _dsqrt                                   0x08001549   Thumb Code   248  dsqrt.o(.text)
    __fpl_fcheck_NaN2                        0x08001649   Thumb Code    10  fnan2.o(.text)
    __user_libspace                          0x08001659   Thumb Code     8  libspace.o(.text)
    __user_perproc_libspace                  0x08001659   Thumb Code     0  libspace.o(.text)
    __user_perthread_libspace                0x08001659   Thumb Code     0  libspace.o(.text)
    __user_setup_stackheap                   0x08001661   Thumb Code    62  sys_stackheap_outer.o(.text)
    exit                                     0x0800169f   Thumb Code    16  exit.o(.text)
    __fpl_dcheck_NaN2                        0x080016b1   Thumb Code    14  dnan2.o(.text)
    __fpl_return_NaN                         0x080016c5   Thumb Code    94  retnan.o(.text)
    _sys_exit                                0x08001725   Thumb Code     8  sys_exit.o(.text)
    __I$use$semihosting                      0x08001731   Thumb Code     0  use_no_semi.o(.text)
    __use_no_semihosting_swi                 0x08001731   Thumb Code     2  use_no_semi.o(.text)
    ADC_ChannelConfig                        0x08001733   Thumb Code    10  stm32f0xx_adc.o(i.ADC_ChannelConfig)
    __semihosting_library_function           0x08001733   Thumb Code     0  indicate_semi.o(.text)
    ADC_Cmd                                  0x0800173d   Thumb Code    18  stm32f0xx_adc.o(i.ADC_Cmd)
    ADC_DeInit                               0x08001751   Thumb Code    28  stm32f0xx_adc.o(i.ADC_DeInit)
    ADC_GetCalibrationFactor                 0x08001771   Thumb Code    46  stm32f0xx_adc.o(i.ADC_GetCalibrationFactor)
    ADC_GetConversionValue                   0x0800179f   Thumb Code     6  stm32f0xx_adc.o(i.ADC_GetConversionValue)
    ADC_GetFlagStatus                        0x080017a5   Thumb Code    28  stm32f0xx_adc.o(i.ADC_GetFlagStatus)
    ADC_Init                                 0x080017c1   Thumb Code    38  stm32f0xx_adc.o(i.ADC_Init)
    ADC_StartOfConversion                    0x080017ed   Thumb Code    10  stm32f0xx_adc.o(i.ADC_StartOfConversion)
    ADC_StructInit                           0x080017f7   Thumb Code    16  stm32f0xx_adc.o(i.ADC_StructInit)
    ANO_DT_Data_Exchange                     0x08001809   Thumb Code   616  ano_dt.o(i.ANO_DT_Data_Exchange)
    ANO_DT_Data_Receive_Anl                  0x08001af1   Thumb Code  1006  ano_dt.o(i.ANO_DT_Data_Receive_Anl)
    ANO_DT_Data_Receive_Prepare              0x08001f21   Thumb Code   144  ano_dt.o(i.ANO_DT_Data_Receive_Prepare)
    ANO_DT_Send_ALT                          0x08001fb9   Thumb Code   108  ano_dt.o(i.ANO_DT_Send_ALT)
    ANO_DT_Send_Data                         0x08002061   Thumb Code     8  ano_dt.o(i.ANO_DT_Send_Data)
    ANO_DT_Send_MotoPWM                      0x08002069   Thumb Code   148  ano_dt.o(i.ANO_DT_Send_MotoPWM)
    ANO_DT_Send_PID                          0x08002101   Thumb Code   278  ano_dt.o(i.ANO_DT_Send_PID)
    ANO_DT_Send_RCData                       0x08002221   Thumb Code   172  ano_dt.o(i.ANO_DT_Send_RCData)
    ANO_DT_Send_Senser                       0x080022d1   Thumb Code   154  ano_dt.o(i.ANO_DT_Send_Senser)
    ANO_DT_Send_Status                       0x08002371   Thumb Code   158  ano_dt.o(i.ANO_DT_Send_Status)
    Altitude_Combine                         0x08002419   Thumb Code   460  altitude.o(i.Altitude_Combine)
    Altitude_Control                         0x0800260d   Thumb Code    16  altitude.o(i.Altitude_Control)
    Aver_Filter                              0x08002629   Thumb Code    96  filter.o(i.Aver_Filter)
    BATT_GetVoltage                          0x08002691   Thumb Code    56  power.o(i.BATT_GetVoltage)
    BATT_Init                                0x080026d1   Thumb Code   124  power.o(i.BATT_Init)
    Control                                  0x08002751   Thumb Code   546  control.o(i.Control)
    Deblocking                               0x0800299d   Thumb Code   138  remotedata.o(i.Deblocking)
    DefaultParams                            0x08002a35   Thumb Code    92  paramsave.o(i.DefaultParams)
    DefaultParams_WriteFlash                 0x08002a9d   Thumb Code    18  paramsave.o(i.DefaultParams_WriteFlash)
    Delay_Init                               0x08002ab9   Thumb Code    36  delay.o(i.Delay_Init)
    Delay_ms                                 0x08002ae9   Thumb Code    44  delay.o(i.Delay_ms)
    Delay_us                                 0x08002b1d   Thumb Code    44  delay.o(i.Delay_us)
    EXTI0_1_IRQHandler                       0x08002b51   Thumb Code   102  stm32f0xx_it.o(i.EXTI0_1_IRQHandler)
    EXTI_ClearITPendingBit                   0x08002bbd   Thumb Code     6  stm32f0xx_exti.o(i.EXTI_ClearITPendingBit)
    EXTI_GetITStatus                         0x08002bc9   Thumb Code    16  stm32f0xx_exti.o(i.EXTI_GetITStatus)
    EXTI_Init                                0x08002bdd   Thumb Code   102  stm32f0xx_exti.o(i.EXTI_Init)
    Exit_Init                                0x08002c49   Thumb Code    68  exit.o(i.Exit_Init)
    FLASH_ErasePage                          0x08002c8d   Thumb Code    52  stm32f0xx_flash.o(i.FLASH_ErasePage)
    FLASH_GetStatus                          0x08002cc5   Thumb Code    34  stm32f0xx_flash.o(i.FLASH_GetStatus)
    FLASH_Lock                               0x08002ced   Thumb Code    12  stm32f0xx_flash.o(i.FLASH_Lock)
    FLASH_ProgramWord                        0x08002cfd   Thumb Code    70  stm32f0xx_flash.o(i.FLASH_ProgramWord)
    FLASH_Unlock                             0x08002d49   Thumb Code    18  stm32f0xx_flash.o(i.FLASH_Unlock)
    FLASH_WaitForLastOperation               0x08002d69   Thumb Code    34  stm32f0xx_flash.o(i.FLASH_WaitForLastOperation)
    FindPos                                  0x08002d8b   Thumb Code    86  filter.o(i.FindPos)
    GPIO_Init                                0x08002de1   Thumb Code   112  stm32f0xx_gpio.o(i.GPIO_Init)
    GPIO_PinAFConfig                         0x08002e51   Thumb Code    32  stm32f0xx_gpio.o(i.GPIO_PinAFConfig)
    GPIO_ReadInputDataBit                    0x08002e71   Thumb Code    14  stm32f0xx_gpio.o(i.GPIO_ReadInputDataBit)
    GPIO_ResetBits                           0x08002e7f   Thumb Code     4  stm32f0xx_gpio.o(i.GPIO_ResetBits)
    GPIO_SetBits                             0x08002e83   Thumb Code     4  stm32f0xx_gpio.o(i.GPIO_SetBits)
    Get_BatteryAdc                           0x08002e89   Thumb Code    24  power.o(i.Get_BatteryAdc)
    HardFault_Handler                        0x08002ea5   Thumb Code     2  stm32f0xx_it.o(i.HardFault_Handler)
    IIC_ADD_read                             0x08002ea7   Thumb Code    62  iic.o(i.IIC_ADD_read)
    IIC_Ack                                  0x08002ee5   Thumb Code    56  iic.o(i.IIC_Ack)
    IIC_GPIO_Init                            0x08002f21   Thumb Code    46  iic.o(i.IIC_GPIO_Init)
    IIC_NAck                                 0x08002f55   Thumb Code    56  iic.o(i.IIC_NAck)
    IIC_ReadByte                             0x08002f91   Thumb Code    92  iic.o(i.IIC_ReadByte)
    IIC_ReadByteFromSlave                    0x08002ff1   Thumb Code    76  iic.o(i.IIC_ReadByteFromSlave)
    IIC_ReadMultByteFromSlave                0x0800303d   Thumb Code    90  iic.o(i.IIC_ReadMultByteFromSlave)
    IIC_SendByte                             0x08003099   Thumb Code    86  iic.o(i.IIC_SendByte)
    IIC_Start                                0x080030f5   Thumb Code    54  iic.o(i.IIC_Start)
    IIC_Stop                                 0x08003131   Thumb Code    56  iic.o(i.IIC_Stop)
    IIC_WaitAck                              0x0800316d   Thumb Code    84  iic.o(i.IIC_WaitAck)
    IIC_WriteByteToSlave                     0x080031c5   Thumb Code    66  iic.o(i.IIC_WriteByteToSlave)
    IMUupdate                                0x08003209   Thumb Code  1128  imu.o(i.IMUupdate)
    LED_Init                                 0x08003679   Thumb Code    50  led.o(i.LED_Init)
    LED_Run                                  0x080036b1   Thumb Code    36  led.o(i.LED_Run)
    LowVoltage_Alarm                         0x080036dd   Thumb Code    86  power.o(i.LowVoltage_Alarm)
    MOTOR_Init                               0x08003745   Thumb Code   192  motor.o(i.MOTOR_Init)
    MPU6050_Init                             0x08003811   Thumb Code    86  mpu6050.o(i.MPU6050_Init)
    MPU6050_OffSet                           0x08003869   Thumb Code   132  mpu6050.o(i.MPU6050_OffSet)
    MPU6050_Offset                           0x080038f1   Thumb Code   212  mpu6050.o(i.MPU6050_Offset)
    MPU6050_Read                             0x080039d1   Thumb Code    14  mpu6050.o(i.MPU6050_Read)
    MPU6050_ReadMultBytes                    0x080039e5   Thumb Code    22  mpu6050.o(i.MPU6050_ReadMultBytes)
    MPU6050_WriteByte                        0x080039fb   Thumb Code    20  mpu6050.o(i.MPU6050_WriteByte)
    Moto_Pwm                                 0x08003a11   Thumb Code    70  motor.o(i.Moto_Pwm)
    NMI_Handler                              0x08003a5d   Thumb Code    34  stm32f0xx_it.o(i.NMI_Handler)
    NVIC_Init                                0x08003a81   Thumb Code    70  stm32f0xx_misc.o(i.NVIC_Init)
    NvicConfig                               0x08003ad1   Thumb Code    58  nvic.o(i.NvicConfig)
    PID_Postion_Cal                          0x08003b0d   Thumb Code   202  pid.o(i.PID_Postion_Cal)
    PID_ReadFlash                            0x08003be1   Thumb Code    74  paramsave.o(i.PID_ReadFlash)
    PID_WriteFlash                           0x08003c65   Thumb Code    18  paramsave.o(i.PID_WriteFlash)
    ParamsToTable                            0x08003c81   Thumb Code   388  paramsave.o(i.ParamsToTable)
    PendSV_Handler                           0x08003e35   Thumb Code     2  stm32f0xx_it.o(i.PendSV_Handler)
    PidParameter_init                        0x08003e39   Thumb Code    98  pid.o(i.PidParameter_init)
    Prepare_Data                             0x08003ecd   Thumb Code   278  imu.o(i.Prepare_Data)
    QuiteSort                                0x08004009   Thumb Code    42  filter.o(i.QuiteSort)
    RCC_AHBPeriphClockCmd                    0x08004035   Thumb Code    18  stm32f0xx_rcc.o(i.RCC_AHBPeriphClockCmd)
    RCC_APB1PeriphClockCmd                   0x0800404d   Thumb Code    18  stm32f0xx_rcc.o(i.RCC_APB1PeriphClockCmd)
    RCC_APB1PeriphResetCmd                   0x08004065   Thumb Code    18  stm32f0xx_rcc.o(i.RCC_APB1PeriphResetCmd)
    RCC_APB2PeriphClockCmd                   0x0800407d   Thumb Code    18  stm32f0xx_rcc.o(i.RCC_APB2PeriphClockCmd)
    RCC_APB2PeriphResetCmd                   0x08004095   Thumb Code    18  stm32f0xx_rcc.o(i.RCC_APB2PeriphResetCmd)
    RCC_ClearITPendingBit                    0x080040ad   Thumb Code     6  stm32f0xx_rcc.o(i.RCC_ClearITPendingBit)
    RCC_GetClocksFreq                        0x080040b9   Thumb Code   346  stm32f0xx_rcc.o(i.RCC_GetClocksFreq)
    RCC_GetITStatus                          0x08004231   Thumb Code    16  stm32f0xx_rcc.o(i.RCC_GetITStatus)
    RCC_HSEConfig                            0x08004245   Thumb Code    10  stm32f0xx_rcc.o(i.RCC_HSEConfig)
    RCC_ITConfig                             0x08004255   Thumb Code    18  stm32f0xx_rcc.o(i.RCC_ITConfig)
    Remote_Data_ReceiveAnalysis              0x0800426d   Thumb Code   128  remotedata.o(i.Remote_Data_ReceiveAnalysis)
    SI24R1_Check                             0x08004305   Thumb Code    22  si24r1.o(i.SI24R1_Check)
    SI24R1_Config                            0x0800432d   Thumb Code    90  si24r1.o(i.SI24R1_Config)
    SI24R1_Init                              0x0800438d   Thumb Code   108  si24r1.o(i.SI24R1_Init)
    SI24R1_Read_Buf                          0x080043f9   Thumb Code    58  si24r1.o(i.SI24R1_Read_Buf)
    SI24R1_RxPacket                          0x08004433   Thumb Code    22  si24r1.o(i.SI24R1_RxPacket)
    SI24R1_SingalCheck                       0x08004449   Thumb Code    16  remotedata.o(i.SI24R1_SingalCheck)
    SI24R1_TxPacket                          0x08004461   Thumb Code    78  si24r1.o(i.SI24R1_TxPacket)
    SI24R1_Write_Buf                         0x080044b5   Thumb Code    58  si24r1.o(i.SI24R1_Write_Buf)
    SI24R1_read_reg                          0x080044ef   Thumb Code    42  si24r1.o(i.SI24R1_read_reg)
    SI24R1_testConnection                    0x08004519   Thumb Code    74  si24r1.o(i.SI24R1_testConnection)
    SI24R1_write_reg                         0x08004571   Thumb Code    44  si24r1.o(i.SI24R1_write_reg)
    SI24R1set_Mode                           0x0800459d   Thumb Code    60  si24r1.o(i.SI24R1set_Mode)
    SPI1_WriteReadByte                       0x080045d9   Thumb Code    74  spi.o(i.SPI1_WriteReadByte)
    SPI_Cmd                                  0x08004629   Thumb Code    18  stm32f0xx_spi.o(i.SPI_Cmd)
    SPI_GPIO_Init                            0x0800463d   Thumb Code   178  spi.o(i.SPI_GPIO_Init)
    SPI_I2S_DeInit                           0x080046f5   Thumb Code    54  stm32f0xx_spi.o(i.SPI_I2S_DeInit)
    SPI_I2S_GetFlagStatus                    0x08004735   Thumb Code    14  stm32f0xx_spi.o(i.SPI_I2S_GetFlagStatus)
    SPI_Init                                 0x08004745   Thumb Code    74  stm32f0xx_spi.o(i.SPI_Init)
    SPI_ReceiveData8                         0x08004799   Thumb Code     4  stm32f0xx_spi.o(i.SPI_ReceiveData8)
    SPI_RxFIFOThresholdConfig                0x0800479d   Thumb Code    16  stm32f0xx_spi.o(i.SPI_RxFIFOThresholdConfig)
    SPI_SendData8                            0x080047b1   Thumb Code     4  stm32f0xx_spi.o(i.SPI_SendData8)
    STMFLASH_Read                            0x080047b5   Thumb Code    20  flash.o(i.STMFLASH_Read)
    STMFLASH_Write                           0x080047c9   Thumb Code   104  flash.o(i.STMFLASH_Write)
    SVC_Handler                              0x08004839   Thumb Code     2  stm32f0xx_it.o(i.SVC_Handler)
    SYSCFG_EXTILineConfig                    0x0800483d   Thumb Code    34  stm32f0xx_syscfg.o(i.SYSCFG_EXTILineConfig)
    SendToRemote                             0x08004865   Thumb Code   182  remotedata.o(i.SendToRemote)
    SortAver_FilterXYZ                       0x080049d9   Thumb Code   238  filter.o(i.SortAver_FilterXYZ)
    SysTick_CLKSourceConfig                  0x08004ad1   Thumb Code    20  stm32f0xx_misc.o(i.SysTick_CLKSourceConfig)
    SysTick_Handler                          0x08004ae9   Thumb Code    10  stm32f0xx_it.o(i.SysTick_Handler)
    SystemInit                               0x08004af9   Thumb Code    84  system_stm32f0xx.o(i.SystemInit)
    System_Init                              0x08004b59   Thumb Code    80  system.o(i.System_Init)
    TIM2_IRQHandler                          0x08004ba9   Thumb Code   154  stm32f0xx_it.o(i.TIM2_IRQHandler)
    TIM_ClearITPendingBit                    0x08004c49   Thumb Code     6  stm32f0xx_tim.o(i.TIM_ClearITPendingBit)
    TIM_Cmd                                  0x08004c4f   Thumb Code    20  stm32f0xx_tim.o(i.TIM_Cmd)
    TIM_CtrlPWMOutputs                       0x08004c63   Thumb Code    24  stm32f0xx_tim.o(i.TIM_CtrlPWMOutputs)
    TIM_GetITStatus                          0x08004c7b   Thumb Code    24  stm32f0xx_tim.o(i.TIM_GetITStatus)
    TIM_ITConfig                             0x08004c93   Thumb Code    16  stm32f0xx_tim.o(i.TIM_ITConfig)
    TIM_Init                                 0x08004ca5   Thumb Code    56  tim.o(i.TIM_Init)
    TIM_OC1Init                              0x08004ce1   Thumb Code   104  stm32f0xx_tim.o(i.TIM_OC1Init)
    TIM_OC2Init                              0x08004d5d   Thumb Code   124  stm32f0xx_tim.o(i.TIM_OC2Init)
    TIM_OC3Init                              0x08004ded   Thumb Code   110  stm32f0xx_tim.o(i.TIM_OC3Init)
    TIM_OC4Init                              0x08004e75   Thumb Code    78  stm32f0xx_tim.o(i.TIM_OC4Init)
    TIM_TimeBaseInit                         0x08004ed9   Thumb Code    88  stm32f0xx_tim.o(i.TIM_TimeBaseInit)
    TableToParams                            0x08004f4d   Thumb Code   388  paramsave.o(i.TableToParams)
    Task_Schedule                            0x08005101   Thumb Code   138  system.o(i.Task_Schedule)
    USART1_IRQHandler                        0x080051bd   Thumb Code   114  stm32f0xx_it.o(i.USART1_IRQHandler)
    USART_ClearFlag                          0x0800523d   Thumb Code     4  stm32f0xx_usart.o(i.USART_ClearFlag)
    USART_ClearITPendingBit                  0x08005241   Thumb Code    10  stm32f0xx_usart.o(i.USART_ClearITPendingBit)
    USART_Cmd                                0x0800524b   Thumb Code    20  stm32f0xx_usart.o(i.USART_Cmd)
    USART_GetFlagStatus                      0x0800525f   Thumb Code    14  stm32f0xx_usart.o(i.USART_GetFlagStatus)
    USART_GetITStatus                        0x0800526d   Thumb Code    56  stm32f0xx_usart.o(i.USART_GetITStatus)
    USART_ITConfig                           0x080052a5   Thumb Code    42  stm32f0xx_usart.o(i.USART_ITConfig)
    USART_Init                               0x080052d1   Thumb Code   148  stm32f0xx_usart.o(i.USART_Init)
    USART_SendData                           0x08005379   Thumb Code     8  stm32f0xx_usart.o(i.USART_SendData)
    USART_init                               0x08005381   Thumb Code   122  usart.o(i.USART_init)
    Yaw_Carefree                             0x08005405   Thumb Code    90  control.o(i.Yaw_Carefree)
    __ARM_common_ll_muluu                    0x08005465   Thumb Code    50  rredf.o(i.__ARM_common_ll_muluu)
    __ARM_fpclassify                         0x08005499   Thumb Code    40  fpclassify.o(i.__ARM_fpclassify)
    __ARM_fpclassifyf                        0x080054c5   Thumb Code    34  fpclassifyf.o(i.__ARM_fpclassifyf)
    __kernel_poly                            0x080054e7   Thumb Code   172  poly.o(i.__kernel_poly)
    __mathlib_dbl_divzero                    0x08005595   Thumb Code    16  dunder.o(i.__mathlib_dbl_divzero)
    __mathlib_dbl_infnan                     0x080055a9   Thumb Code    10  dunder.o(i.__mathlib_dbl_infnan)
    __mathlib_dbl_infnan2                    0x080055b3   Thumb Code     8  dunder.o(i.__mathlib_dbl_infnan2)
    __mathlib_dbl_invalid                    0x080055bb   Thumb Code    16  dunder.o(i.__mathlib_dbl_invalid)
    __mathlib_dbl_overflow                   0x080055cd   Thumb Code    16  dunder.o(i.__mathlib_dbl_overflow)
    __mathlib_dbl_underflow                  0x080055e1   Thumb Code    14  dunder.o(i.__mathlib_dbl_underflow)
    __mathlib_flt_infnan                     0x080055f5   Thumb Code    10  funder.o(i.__mathlib_flt_infnan)
    __mathlib_flt_invalid                    0x080055ff   Thumb Code    12  funder.o(i.__mathlib_flt_invalid)
    __mathlib_flt_underflow                  0x0800560b   Thumb Code    14  funder.o(i.__mathlib_flt_underflow)
    __mathlib_rredf2                         0x08005619   Thumb Code   366  rredf.o(i.__mathlib_rredf2)
    asin                                     0x08005799   Thumb Code   574  asin.o(i.asin)
    atan                                     0x08005a0d   Thumb Code   472  atan.o(i.atan)
    atan2                                    0x08005c29   Thumb Code   334  atan2.o(i.atan2)
    bmp280GetData                            0x08005ef5   Thumb Code   198  bmp280.o(i.bmp280GetData)
    bmp280Init                               0x08005fd1   Thumb Code   106  bmp280.o(i.bmp280Init)
    cosf                                     0x080060a5   Thumb Code   318  cosf.o(i.cosf)
    main                                     0x080062b9   Thumb Code    10  main.o(i.main)
    pow                                      0x080062c5   Thumb Code  2548  pow.o(i.pow)
    sinf                                     0x08006cc1   Thumb Code   330  sinf.o(i.sinf)
    sqrt                                     0x08006e45   Thumb Code    66  sqrt.o(i.sqrt)
    usart_send                               0x08006e8d   Thumb Code    42  usart.o(i.usart_send)
    __aeabi_cdrcmple                         0x08006ebd   Thumb Code     0  drlef.o(x$fpl$drleqf)
    _drcmple                                 0x08006ebd   Thumb Code   100  drlef.o(x$fpl$drleqf)
    __aeabi_fadd                             0x08006f25   Thumb Code     0  faddsub.o(x$fpl$fadd)
    _fadd                                    0x08006f25   Thumb Code   134  faddsub.o(x$fpl$fadd)
    __aeabi_cfcmple                          0x08006fb1   Thumb Code     0  flef.o(x$fpl$fleqf)
    _fcmple                                  0x08006fb1   Thumb Code    78  flef.o(x$fpl$fleqf)
    __aeabi_fmul                             0x08007005   Thumb Code     0  fmul.o(x$fpl$fmul)
    _fmul                                    0x08007005   Thumb Code   172  fmul.o(x$fpl$fmul)
    __aeabi_cfrcmple                         0x080070b5   Thumb Code     0  frlef.o(x$fpl$frleqf)
    _frcmple                                 0x080070b5   Thumb Code    84  frlef.o(x$fpl$frleqf)
    __aeabi_frsub                            0x0800710d   Thumb Code     0  faddsub.o(x$fpl$frsb)
    _frsb                                    0x0800710d   Thumb Code    24  faddsub.o(x$fpl$frsb)
    __aeabi_fsub                             0x08007125   Thumb Code     0  faddsub.o(x$fpl$fsub)
    _fsub                                    0x08007125   Thumb Code   204  faddsub.o(x$fpl$fsub)
    __I$use$fp                               0x080071f4   Number         0  usenofp.o(x$fpl$usenofp)
    __mathlib_zero                           0x08007448   Data           8  qnan.o(.constdata)
    Region$$Table$$Base                      0x08007470   Number         0  anon$$obj.o(Region$$Table)
    Region$$Table$$Limit                     0x08007490   Number         0  anon$$obj.o(Region$$Table)
    LED_Scan                                 0x20000000   Data           1  stm32f0xx_it.o(.data)
    IMU_Scan                                 0x20000001   Data           1  stm32f0xx_it.o(.data)
    MPU_Scan                                 0x20000002   Data           1  stm32f0xx_it.o(.data)
    IRQ_Scan                                 0x20000003   Data           1  stm32f0xx_it.o(.data)
    BMP_Scan                                 0x20000004   Data           1  stm32f0xx_it.o(.data)
    Batt_Scan                                0x20000005   Data           1  stm32f0xx_it.o(.data)
    ANO_Scan                                 0x20000006   Data           1  stm32f0xx_it.o(.data)
    sysTickUptime                            0x2000001c   Data           4  delay.o(.data)
    Run_flag                                 0x20000020   Data           1  led.o(.data)
    SENSER_OFFSET_FLAG                       0x20000024   Data           1  mpu6050.o(.data)
    GYRO_OFFSET_RAW                          0x20000034   Data           6  mpu6050.o(.data)
    ACC_OFFSET_RAW                           0x2000003a   Data           6  mpu6050.o(.data)
    MPU6050_ACC_RAW                          0x20000040   Data           6  mpu6050.o(.data)
    MPU6050_GYRO_RAW                         0x20000046   Data           6  mpu6050.o(.data)
    AccbUpdate                               0x2000004c   Data           1  imu.o(.data)
    q0                                       0x20000050   Data           4  imu.o(.data)
    q1                                       0x20000054   Data           4  imu.o(.data)
    q2                                       0x20000058   Data           4  imu.o(.data)
    q3                                       0x2000005c   Data           4  imu.o(.data)
    exInt                                    0x20000060   Data           4  imu.o(.data)
    eyInt                                    0x20000064   Data           4  imu.o(.data)
    ezInt                                    0x20000068   Data           4  imu.o(.data)
    SI24R1_Controlflag                       0x2000007c   Data           1  control.o(.data)
    Airplane_Enable                          0x2000007d   Data           1  control.o(.data)
    Flight_mode                              0x2000007e   Data           1  control.o(.data)
    Moto_PWM_1                               0x20000084   Data           4  control.o(.data)
    Moto_PWM_2                               0x20000088   Data           4  control.o(.data)
    Moto_PWM_3                               0x2000008c   Data           4  control.o(.data)
    Moto_PWM_4                               0x20000090   Data           4  control.o(.data)
    flag                                     0x20000094   Data           1  ano_dt.o(.data)
    DataID                                   0x200000a0   Data           1  remotedata.o(.data)
    ALTIUDE_OK                               0x200000a8   Data           1  bmp280.o(.data)
    ALT_Updated                              0x200000a9   Data           1  bmp280.o(.data)
    SI24R1addr                               0x200000b8   Data           1  si24r1.o(.data)
    TX_ADDRESS                               0x200000bb   Data           5  si24r1.o(.data)
    RX_ADDRESS                               0x200000c0   Data           5  si24r1.o(.data)
    check_buf                                0x200000c5   Data           5  si24r1.o(.data)
    BATT_LEDflag                             0x200000cc   Data           1  power.o(.data)
    BAT                                      0x200000d0   Data          20  power.o(.data)
    corr_baro                                0x200000f0   Data           4  altitude.o(.data)
    accel_NED                                0x200000f4   Data          12  altitude.o(.data)
    SystemCoreClock                          0x20000100   Data           4  system_stm32f0xx.o(.data)
    AHBPrescTable                            0x20000104   Data          16  system_stm32f0xx.o(.data)
    Att_Angle                                0x20000134   Data          12  imu.o(.bss)
    Gyr_rad                                  0x20000140   Data          12  imu.o(.bss)
    Acc_filt                                 0x2000014c   Data          12  imu.o(.bss)
    Acc_filtold                              0x20000158   Data          12  imu.o(.bss)
    accb                                     0x20000164   Data          12  imu.o(.bss)
    DCMgb                                    0x20000170   Data          36  imu.o(.bss)
    PID_ROL_Angle                            0x20000694   Data          60  control.o(.bss)
    PID_PIT_Angle                            0x200006d0   Data          60  control.o(.bss)
    PID_YAW_Angle                            0x2000070c   Data          60  control.o(.bss)
    PID_ROL_Rate                             0x20000748   Data          60  control.o(.bss)
    PID_PIT_Rate                             0x20000784   Data          60  control.o(.bss)
    PID_YAW_Rate                             0x200007c0   Data          60  control.o(.bss)
    PID_ALT                                  0x200007fc   Data          60  control.o(.bss)
    PID_ALT_Rate                             0x20000838   Data          60  control.o(.bss)
    PIDflash                                 0x20000874   Data          62  paramsave.o(.bss)
    f                                        0x200008e4   Data          10  ano_dt.o(.bss)
    data_to_send                             0x200008ee   Data          50  ano_dt.o(.bss)
    RC_Control                               0x20000920   Data          12  remotedata.o(.bss)
    Bmp280                                   0x2000092c   Data          20  bmp280.o(.bss)
    bmp280Cal                                0x20000940   Data          28  bmp280.o(.bss)
    SI24R1_TX_DATA                           0x2000095c   Data          32  si24r1.o(.bss)
    SI24R1_RX_DATA                           0x2000097c   Data          32  si24r1.o(.bss)
    corr_acc                                 0x2000099c   Data          12  altitude.o(.bss)
    acc_bias                                 0x200009a8   Data          12  altitude.o(.bss)
    nav                                      0x200009b4   Data          36  altitude.o(.bss)
    z_est                                    0x200009d8   Data          12  altitude.o(.bss)
    __libspace_start                         0x200009e4   Data          96  libspace.o(.bss)
    __temporary_stack_top$libspace           0x20000a44   Data           0  libspace.o(.bss)



==============================================================================

Memory Map of the image

  Image Entry point : 0x080000c1

  Load Region LR_IROM1 (Base: 0x08000000, Size: 0x000075b4, Max: 0x00010000, ABSOLUTE)

    Execution Region ER_IROM1 (Exec base: 0x08000000, Load base: 0x08000000, Size: 0x00007490, Max: 0x00010000, ABSOLUTE)

    Exec Addr    Load Addr    Size         Type   Attr      Idx    E Section Name        Object

    0x08000000   0x08000000   0x000000c0   Data   RO         1465    RESET               startup_stm32f072.o
    0x080000c0   0x080000c0   0x00000008   Code   RO         3504  * !!!main             c_p.l(__main.o)
    0x080000c8   0x080000c8   0x0000003c   Code   RO         3847    !!!scatter          c_p.l(__scatter.o)
    0x08000104   0x08000104   0x0000001a   Code   RO         3849    !!handler_copy      c_p.l(__scatter_copy.o)
    0x0800011e   0x0800011e   0x00000002   PAD
    0x08000120   0x08000120   0x0000001c   Code   RO         3851    !!handler_zi        c_p.l(__scatter_zi.o)
    0x0800013c   0x0800013c   0x00000002   Code   RO         3768    .ARM.Collect$$libinit$$00000000  c_p.l(libinit.o)
    0x0800013e   0x0800013e   0x00000000   Code   RO         3596    .ARM.Collect$$libinit$$00000002  c_p.l(libinit2.o)
    0x0800013e   0x0800013e   0x00000000   Code   RO         3598    .ARM.Collect$$libinit$$00000004  c_p.l(libinit2.o)
    0x0800013e   0x0800013e   0x00000000   Code   RO         3601    .ARM.Collect$$libinit$$0000000A  c_p.l(libinit2.o)
    0x0800013e   0x0800013e   0x00000000   Code   RO         3603    .ARM.Collect$$libinit$$0000000C  c_p.l(libinit2.o)
    0x0800013e   0x0800013e   0x00000000   Code   RO         3605    .ARM.Collect$$libinit$$0000000E  c_p.l(libinit2.o)
    0x0800013e   0x0800013e   0x00000000   Code   RO         3608    .ARM.Collect$$libinit$$00000011  c_p.l(libinit2.o)
    0x0800013e   0x0800013e   0x00000000   Code   RO         3610    .ARM.Collect$$libinit$$00000013  c_p.l(libinit2.o)
    0x0800013e   0x0800013e   0x00000000   Code   RO         3612    .ARM.Collect$$libinit$$00000015  c_p.l(libinit2.o)
    0x0800013e   0x0800013e   0x00000000   Code   RO         3614    .ARM.Collect$$libinit$$00000017  c_p.l(libinit2.o)
    0x0800013e   0x0800013e   0x00000000   Code   RO         3616    .ARM.Collect$$libinit$$00000019  c_p.l(libinit2.o)
    0x0800013e   0x0800013e   0x00000000   Code   RO         3618    .ARM.Collect$$libinit$$0000001B  c_p.l(libinit2.o)
    0x0800013e   0x0800013e   0x00000000   Code   RO         3620    .ARM.Collect$$libinit$$0000001D  c_p.l(libinit2.o)
    0x0800013e   0x0800013e   0x00000000   Code   RO         3622    .ARM.Collect$$libinit$$0000001F  c_p.l(libinit2.o)
    0x0800013e   0x0800013e   0x00000000   Code   RO         3624    .ARM.Collect$$libinit$$00000021  c_p.l(libinit2.o)
    0x0800013e   0x0800013e   0x00000000   Code   RO         3626    .ARM.Collect$$libinit$$00000023  c_p.l(libinit2.o)
    0x0800013e   0x0800013e   0x00000000   Code   RO         3628    .ARM.Collect$$libinit$$00000025  c_p.l(libinit2.o)
    0x0800013e   0x0800013e   0x00000000   Code   RO         3632    .ARM.Collect$$libinit$$0000002C  c_p.l(libinit2.o)
    0x0800013e   0x0800013e   0x00000000   Code   RO         3634    .ARM.Collect$$libinit$$0000002E  c_p.l(libinit2.o)
    0x0800013e   0x0800013e   0x00000000   Code   RO         3636    .ARM.Collect$$libinit$$00000030  c_p.l(libinit2.o)
    0x0800013e   0x0800013e   0x00000000   Code   RO         3638    .ARM.Collect$$libinit$$00000032  c_p.l(libinit2.o)
    0x0800013e   0x0800013e   0x00000002   Code   RO         3639    .ARM.Collect$$libinit$$00000033  c_p.l(libinit2.o)
    0x08000140   0x08000140   0x00000002   Code   RO         3814    .ARM.Collect$$libshutdown$$00000000  c_p.l(libshutdown.o)
    0x08000142   0x08000142   0x00000000   Code   RO         3830    .ARM.Collect$$libshutdown$$00000002  c_p.l(libshutdown2.o)
    0x08000142   0x08000142   0x00000000   Code   RO         3832    .ARM.Collect$$libshutdown$$00000004  c_p.l(libshutdown2.o)
    0x08000142   0x08000142   0x00000000   Code   RO         3835    .ARM.Collect$$libshutdown$$00000007  c_p.l(libshutdown2.o)
    0x08000142   0x08000142   0x00000000   Code   RO         3838    .ARM.Collect$$libshutdown$$0000000A  c_p.l(libshutdown2.o)
    0x08000142   0x08000142   0x00000000   Code   RO         3840    .ARM.Collect$$libshutdown$$0000000C  c_p.l(libshutdown2.o)
    0x08000142   0x08000142   0x00000000   Code   RO         3843    .ARM.Collect$$libshutdown$$0000000F  c_p.l(libshutdown2.o)
    0x08000142   0x08000142   0x00000002   Code   RO         3844    .ARM.Collect$$libshutdown$$00000010  c_p.l(libshutdown2.o)
    0x08000144   0x08000144   0x00000000   Code   RO         3586    .ARM.Collect$$rtentry$$00000000  c_p.l(__rtentry.o)
    0x08000144   0x08000144   0x00000000   Code   RO         3708    .ARM.Collect$$rtentry$$00000002  c_p.l(__rtentry2.o)
    0x08000144   0x08000144   0x00000006   Code   RO         3720    .ARM.Collect$$rtentry$$00000004  c_p.l(__rtentry4.o)
    0x0800014a   0x0800014a   0x00000000   Code   RO         3710    .ARM.Collect$$rtentry$$00000009  c_p.l(__rtentry2.o)
    0x0800014a   0x0800014a   0x00000004   Code   RO         3711    .ARM.Collect$$rtentry$$0000000A  c_p.l(__rtentry2.o)
    0x0800014e   0x0800014e   0x00000000   Code   RO         3713    .ARM.Collect$$rtentry$$0000000C  c_p.l(__rtentry2.o)
    0x0800014e   0x0800014e   0x00000008   Code   RO         3714    .ARM.Collect$$rtentry$$0000000D  c_p.l(__rtentry2.o)
    0x08000156   0x08000156   0x00000002   Code   RO         3776    .ARM.Collect$$rtexit$$00000000  c_p.l(rtexit.o)
    0x08000158   0x08000158   0x00000000   Code   RO         3796    .ARM.Collect$$rtexit$$00000002  c_p.l(rtexit2.o)
    0x08000158   0x08000158   0x00000004   Code   RO         3797    .ARM.Collect$$rtexit$$00000003  c_p.l(rtexit2.o)
    0x0800015c   0x0800015c   0x00000006   Code   RO         3798    .ARM.Collect$$rtexit$$00000004  c_p.l(rtexit2.o)
    0x08000162   0x08000162   0x00000002   PAD
    0x08000164   0x08000164   0x00000038   Code   RO         3494    .emb_text           c_p.l(rt_memcpy.o)
    0x0800019c   0x0800019c   0x00000074   Code   RO         1466    .text               startup_stm32f072.o
    0x08000210   0x08000210   0x00000030   Code   RO         3485    .text               c_p.l(llmul.o)
    0x08000240   0x08000240   0x00000070   Code   RO         3487    .text               c_p.l(llsdiv.o)
    0x080002b0   0x080002b0   0x00000082   Code   RO         3495    .text               c_p.l(rt_memcpy.o)
    0x08000332   0x08000332   0x0000015a   Code   RO         3498    .text               c_p.l(aeabi_sdiv.o)
    0x0800048c   0x0800048c   0x00000006   Code   RO         3502    .text               c_p.l(heapauxi.o)
    0x08000492   0x08000492   0x00000002   PAD
    0x08000494   0x08000494   0x0000007c   Code   RO         3506    .text               fz_ps.l(d2f.o)
    0x08000510   0x08000510   0x00000358   Code   RO         3508    .text               fz_ps.l(daddsub.o)
    0x08000868   0x08000868   0x00000448   Code   RO         3510    .text               fz_ps.l(ddiv.o)
    0x08000cb0   0x08000cb0   0x00000058   Code   RO         3513    .text               fz_ps.l(dflti.o)
    0x08000d08   0x08000d08   0x00000248   Code   RO         3515    .text               fz_ps.l(dmul.o)
    0x08000f50   0x08000f50   0x00000054   Code   RO         3517    .text               fz_ps.l(f2d.o)
    0x08000fa4   0x08000fa4   0x00000160   Code   RO         3525    .text               fz_ps.l(fdiv.o)
    0x08001104   0x08001104   0x0000004c   Code   RO         3528    .text               fz_ps.l(ffixi.o)
    0x08001150   0x08001150   0x00000030   Code   RO         3530    .text               fz_ps.l(ffixui.o)
    0x08001180   0x08001180   0x0000005e   Code   RO         3532    .text               fz_ps.l(fflti.o)
    0x080011de   0x080011de   0x00000002   PAD
    0x080011e0   0x080011e0   0x00000044   Code   RO         3540    .text               fz_ps.l(fscalbn.o)
    0x08001224   0x08001224   0x00000102   Code   RO         3591    .text               c_p.l(lludiv.o)
    0x08001326   0x08001326   0x00000016   Code   RO         3593    .text               c_p.l(_rserrno.o)
    0x0800133c   0x0800133c   0x00000060   Code   RO         3642    .text               fz_ps.l(dscalbn.o)
    0x0800139c   0x0800139c   0x00000064   Code   RO         3644    .text               fz_ps.l(fcmpin.o)
    0x08001400   0x08001400   0x00000080   Code   RO         3646    .text               fz_ps.l(frnd.o)
    0x08001480   0x08001480   0x00000008   Code   RO         3731    .text               c_p.l(rt_errno_addr_intlibspace.o)
    0x08001488   0x08001488   0x0000002e   Code   RO         3735    .text               fz_ps.l(cmpret.o)
    0x080014b6   0x080014b6   0x00000002   PAD
    0x080014b8   0x080014b8   0x00000090   Code   RO         3737    .text               fz_ps.l(dcmpin.o)
    0x08001548   0x08001548   0x00000100   Code   RO         3741    .text               fz_ps.l(dsqrt.o)
    0x08001648   0x08001648   0x00000010   Code   RO         3743    .text               fz_ps.l(fnan2.o)
    0x08001658   0x08001658   0x00000008   Code   RO         3747    .text               c_p.l(libspace.o)
    0x08001660   0x08001660   0x0000003e   Code   RO         3750    .text               c_p.l(sys_stackheap_outer.o)
    0x0800169e   0x0800169e   0x00000010   Code   RO         3753    .text               c_p.l(exit.o)
    0x080016ae   0x080016ae   0x00000002   PAD
    0x080016b0   0x080016b0   0x00000014   Code   RO         3769    .text               fz_ps.l(dnan2.o)
    0x080016c4   0x080016c4   0x0000005e   Code   RO         3771    .text               fz_ps.l(retnan.o)
    0x08001722   0x08001722   0x00000002   PAD
    0x08001724   0x08001724   0x0000000c   Code   RO         3790    .text               c_p.l(sys_exit.o)
    0x08001730   0x08001730   0x00000002   Code   RO         3792    .text               c_p.l(use_no_semi.o)
    0x08001732   0x08001732   0x00000000   Code   RO         3794    .text               c_p.l(indicate_semi.o)
    0x08001732   0x08001732   0x0000000a   Code   RO         1514    i.ADC_ChannelConfig  stm32f0xx_adc.o
    0x0800173c   0x0800173c   0x00000012   Code   RO         1518    i.ADC_Cmd           stm32f0xx_adc.o
    0x0800174e   0x0800174e   0x00000002   PAD
    0x08001750   0x08001750   0x00000020   Code   RO         1522    i.ADC_DeInit        stm32f0xx_adc.o
    0x08001770   0x08001770   0x0000002e   Code   RO         1524    i.ADC_GetCalibrationFactor  stm32f0xx_adc.o
    0x0800179e   0x0800179e   0x00000006   Code   RO         1525    i.ADC_GetConversionValue  stm32f0xx_adc.o
    0x080017a4   0x080017a4   0x0000001c   Code   RO         1526    i.ADC_GetFlagStatus  stm32f0xx_adc.o
    0x080017c0   0x080017c0   0x0000002c   Code   RO         1529    i.ADC_Init          stm32f0xx_adc.o
    0x080017ec   0x080017ec   0x0000000a   Code   RO         1532    i.ADC_StartOfConversion  stm32f0xx_adc.o
    0x080017f6   0x080017f6   0x00000010   Code   RO         1534    i.ADC_StructInit    stm32f0xx_adc.o
    0x08001806   0x08001806   0x00000002   PAD
    0x08001808   0x08001808   0x000002e8   Code   RO         1082    i.ANO_DT_Data_Exchange  ano_dt.o
    0x08001af0   0x08001af0   0x00000430   Code   RO         1083    i.ANO_DT_Data_Receive_Anl  ano_dt.o
    0x08001f20   0x08001f20   0x00000098   Code   RO         1084    i.ANO_DT_Data_Receive_Prepare  ano_dt.o
    0x08001fb8   0x08001fb8   0x00000070   Code   RO         1085    i.ANO_DT_Send_ALT   ano_dt.o
    0x08002028   0x08002028   0x00000038   Code   RO         1086    i.ANO_DT_Send_Check  ano_dt.o
    0x08002060   0x08002060   0x00000008   Code   RO         1087    i.ANO_DT_Send_Data  ano_dt.o
    0x08002068   0x08002068   0x00000098   Code   RO         1088    i.ANO_DT_Send_MotoPWM  ano_dt.o
    0x08002100   0x08002100   0x00000120   Code   RO         1089    i.ANO_DT_Send_PID   ano_dt.o
    0x08002220   0x08002220   0x000000b0   Code   RO         1091    i.ANO_DT_Send_RCData  ano_dt.o
    0x080022d0   0x080022d0   0x000000a0   Code   RO         1092    i.ANO_DT_Send_Senser  ano_dt.o
    0x08002370   0x08002370   0x000000a8   Code   RO         1093    i.ANO_DT_Send_Status  ano_dt.o
    0x08002418   0x08002418   0x000001f4   Code   RO         1420    i.Altitude_Combine  altitude.o
    0x0800260c   0x0800260c   0x0000001c   Code   RO         1421    i.Altitude_Control  altitude.o
    0x08002628   0x08002628   0x00000068   Code   RO          853    i.Aver_Filter       filter.o
    0x08002690   0x08002690   0x00000040   Code   RO         1375    i.BATT_GetVoltage   power.o
    0x080026d0   0x080026d0   0x00000080   Code   RO         1376    i.BATT_Init         power.o
    0x08002750   0x08002750   0x0000024c   Code   RO          935    i.Control           control.o
    0x0800299c   0x0800299c   0x00000098   Code   RO         1177    i.Deblocking        remotedata.o
    0x08002a34   0x08002a34   0x00000068   Code   RO         1013    i.DefaultParams     paramsave.o
    0x08002a9c   0x08002a9c   0x0000001c   Code   RO         1014    i.DefaultParams_WriteFlash  paramsave.o
    0x08002ab8   0x08002ab8   0x00000030   Code   RO          272    i.Delay_Init        delay.o
    0x08002ae8   0x08002ae8   0x00000034   Code   RO          273    i.Delay_ms          delay.o
    0x08002b1c   0x08002b1c   0x00000034   Code   RO          274    i.Delay_us          delay.o
    0x08002b50   0x08002b50   0x0000006c   Code   RO          199    i.EXTI0_1_IRQHandler  stm32f0xx_it.o
    0x08002bbc   0x08002bbc   0x0000000c   Code   RO         1704    i.EXTI_ClearITPendingBit  stm32f0xx_exti.o
    0x08002bc8   0x08002bc8   0x00000014   Code   RO         1708    i.EXTI_GetITStatus  stm32f0xx_exti.o
    0x08002bdc   0x08002bdc   0x0000006c   Code   RO         1709    i.EXTI_Init         stm32f0xx_exti.o
    0x08002c48   0x08002c48   0x00000044   Code   RO          374    i.Exit_Init         exit.o
    0x08002c8c   0x08002c8c   0x00000038   Code   RO         1767    i.FLASH_ErasePage   stm32f0xx_flash.o
    0x08002cc4   0x08002cc4   0x00000028   Code   RO         1770    i.FLASH_GetStatus   stm32f0xx_flash.o
    0x08002cec   0x08002cec   0x00000010   Code   RO         1772    i.FLASH_Lock        stm32f0xx_flash.o
    0x08002cfc   0x08002cfc   0x0000004c   Code   RO         1792    i.FLASH_ProgramWord  stm32f0xx_flash.o
    0x08002d48   0x08002d48   0x00000020   Code   RO         1794    i.FLASH_Unlock      stm32f0xx_flash.o
    0x08002d68   0x08002d68   0x00000022   Code   RO         1795    i.FLASH_WaitForLastOperation  stm32f0xx_flash.o
    0x08002d8a   0x08002d8a   0x00000056   Code   RO          857    i.FindPos           filter.o
    0x08002de0   0x08002de0   0x00000070   Code   RO         1965    i.GPIO_Init         stm32f0xx_gpio.o
    0x08002e50   0x08002e50   0x00000020   Code   RO         1966    i.GPIO_PinAFConfig  stm32f0xx_gpio.o
    0x08002e70   0x08002e70   0x0000000e   Code   RO         1969    i.GPIO_ReadInputDataBit  stm32f0xx_gpio.o
    0x08002e7e   0x08002e7e   0x00000004   Code   RO         1972    i.GPIO_ResetBits    stm32f0xx_gpio.o
    0x08002e82   0x08002e82   0x00000004   Code   RO         1973    i.GPIO_SetBits      stm32f0xx_gpio.o
    0x08002e86   0x08002e86   0x00000002   PAD
    0x08002e88   0x08002e88   0x0000001c   Code   RO         1377    i.Get_BatteryAdc    power.o
    0x08002ea4   0x08002ea4   0x00000002   Code   RO          200    i.HardFault_Handler  stm32f0xx_it.o
    0x08002ea6   0x08002ea6   0x0000003e   Code   RO          426    i.IIC_ADD_read      iic.o
    0x08002ee4   0x08002ee4   0x0000003c   Code   RO          428    i.IIC_Ack           iic.o
    0x08002f20   0x08002f20   0x00000034   Code   RO          429    i.IIC_GPIO_Init     iic.o
    0x08002f54   0x08002f54   0x0000003c   Code   RO          430    i.IIC_NAck          iic.o
    0x08002f90   0x08002f90   0x00000060   Code   RO          431    i.IIC_ReadByte      iic.o
    0x08002ff0   0x08002ff0   0x0000004c   Code   RO          432    i.IIC_ReadByteFromSlave  iic.o
    0x0800303c   0x0800303c   0x0000005a   Code   RO          433    i.IIC_ReadMultByteFromSlave  iic.o
    0x08003096   0x08003096   0x00000002   PAD
    0x08003098   0x08003098   0x0000005c   Code   RO          434    i.IIC_SendByte      iic.o
    0x080030f4   0x080030f4   0x0000003c   Code   RO          435    i.IIC_Start         iic.o
    0x08003130   0x08003130   0x0000003c   Code   RO          436    i.IIC_Stop          iic.o
    0x0800316c   0x0800316c   0x00000058   Code   RO          437    i.IIC_WaitAck       iic.o
    0x080031c4   0x080031c4   0x00000042   Code   RO          438    i.IIC_WriteByteToSlave  iic.o
    0x08003206   0x08003206   0x00000002   PAD
    0x08003208   0x08003208   0x00000470   Code   RO          803    i.IMUupdate         imu.o
    0x08003678   0x08003678   0x00000038   Code   RO          309    i.LED_Init          led.o
    0x080036b0   0x080036b0   0x0000002c   Code   RO          310    i.LED_Run           led.o
    0x080036dc   0x080036dc   0x00000068   Code   RO         1378    i.LowVoltage_Alarm  power.o
    0x08003744   0x08003744   0x000000cc   Code   RO          535    i.MOTOR_Init        motor.o
    0x08003810   0x08003810   0x00000056   Code   RO          578    i.MPU6050_Init      mpu6050.o
    0x08003866   0x08003866   0x00000002   PAD
    0x08003868   0x08003868   0x00000088   Code   RO          579    i.MPU6050_OffSet    mpu6050.o
    0x080038f0   0x080038f0   0x000000e0   Code   RO          580    i.MPU6050_Offset    mpu6050.o
    0x080039d0   0x080039d0   0x00000014   Code   RO          581    i.MPU6050_Read      mpu6050.o
    0x080039e4   0x080039e4   0x00000016   Code   RO          583    i.MPU6050_ReadMultBytes  mpu6050.o
    0x080039fa   0x080039fa   0x00000014   Code   RO          585    i.MPU6050_WriteByte  mpu6050.o
    0x08003a0e   0x08003a0e   0x00000002   PAD
    0x08003a10   0x08003a10   0x0000004c   Code   RO          536    i.Moto_Pwm          motor.o
    0x08003a5c   0x08003a5c   0x00000022   Code   RO          201    i.NMI_Handler       stm32f0xx_it.o
    0x08003a7e   0x08003a7e   0x00000002   PAD
    0x08003a80   0x08003a80   0x00000050   Code   RO         3453    i.NVIC_Init         stm32f0xx_misc.o
    0x08003ad0   0x08003ad0   0x0000003a   Code   RO          696    i.NvicConfig        nvic.o
    0x08003b0a   0x08003b0a   0x00000002   PAD
    0x08003b0c   0x08003b0c   0x000000d4   Code   RO          984    i.PID_Postion_Cal   pid.o
    0x08003be0   0x08003be0   0x00000084   Code   RO         1016    i.PID_ReadFlash     paramsave.o
    0x08003c64   0x08003c64   0x0000001c   Code   RO         1017    i.PID_WriteFlash    paramsave.o
    0x08003c80   0x08003c80   0x000001b4   Code   RO         1019    i.ParamsToTable     paramsave.o
    0x08003e34   0x08003e34   0x00000002   Code   RO          202    i.PendSV_Handler    stm32f0xx_it.o
    0x08003e36   0x08003e36   0x00000002   PAD
    0x08003e38   0x08003e38   0x00000094   Code   RO          985    i.PidParameter_init  pid.o
    0x08003ecc   0x08003ecc   0x0000013c   Code   RO          804    i.Prepare_Data      imu.o
    0x08004008   0x08004008   0x0000002a   Code   RO          859    i.QuiteSort         filter.o
    0x08004032   0x08004032   0x00000002   PAD
    0x08004034   0x08004034   0x00000018   Code   RO         2057    i.RCC_AHBPeriphClockCmd  stm32f0xx_rcc.o
    0x0800404c   0x0800404c   0x00000018   Code   RO         2059    i.RCC_APB1PeriphClockCmd  stm32f0xx_rcc.o
    0x08004064   0x08004064   0x00000018   Code   RO         2060    i.RCC_APB1PeriphResetCmd  stm32f0xx_rcc.o
    0x0800407c   0x0800407c   0x00000018   Code   RO         2061    i.RCC_APB2PeriphClockCmd  stm32f0xx_rcc.o
    0x08004094   0x08004094   0x00000018   Code   RO         2062    i.RCC_APB2PeriphResetCmd  stm32f0xx_rcc.o
    0x080040ac   0x080040ac   0x0000000c   Code   RO         2068    i.RCC_ClearITPendingBit  stm32f0xx_rcc.o
    0x080040b8   0x080040b8   0x00000178   Code   RO         2071    i.RCC_GetClocksFreq  stm32f0xx_rcc.o
    0x08004230   0x08004230   0x00000014   Code   RO         2073    i.RCC_GetITStatus   stm32f0xx_rcc.o
    0x08004244   0x08004244   0x00000010   Code   RO         2076    i.RCC_HSEConfig     stm32f0xx_rcc.o
    0x08004254   0x08004254   0x00000018   Code   RO         2082    i.RCC_ITConfig      stm32f0xx_rcc.o
    0x0800426c   0x0800426c   0x00000098   Code   RO         1178    i.Remote_Data_ReceiveAnalysis  remotedata.o
    0x08004304   0x08004304   0x00000028   Code   RO         1273    i.SI24R1_Check      si24r1.o
    0x0800432c   0x0800432c   0x00000060   Code   RO         1274    i.SI24R1_Config     si24r1.o
    0x0800438c   0x0800438c   0x0000006c   Code   RO         1276    i.SI24R1_Init       si24r1.o
    0x080043f8   0x080043f8   0x0000003a   Code   RO         1277    i.SI24R1_Read_Buf   si24r1.o
    0x08004432   0x08004432   0x00000016   Code   RO         1278    i.SI24R1_RxPacket   si24r1.o
    0x08004448   0x08004448   0x00000018   Code   RO         1179    i.SI24R1_SingalCheck  remotedata.o
    0x08004460   0x08004460   0x00000054   Code   RO         1280    i.SI24R1_TxPacket   si24r1.o
    0x080044b4   0x080044b4   0x0000003a   Code   RO         1281    i.SI24R1_Write_Buf  si24r1.o
    0x080044ee   0x080044ee   0x0000002a   Code   RO         1282    i.SI24R1_read_reg   si24r1.o
    0x08004518   0x08004518   0x00000058   Code   RO         1283    i.SI24R1_testConnection  si24r1.o
    0x08004570   0x08004570   0x0000002c   Code   RO         1284    i.SI24R1_write_reg  si24r1.o
    0x0800459c   0x0800459c   0x0000003c   Code   RO         1285    i.SI24R1set_Mode    si24r1.o
    0x080045d8   0x080045d8   0x00000050   Code   RO          716    i.SPI1_WriteReadByte  spi.o
    0x08004628   0x08004628   0x00000012   Code   RO         2324    i.SPI_Cmd           stm32f0xx_spi.o
    0x0800463a   0x0800463a   0x00000002   PAD
    0x0800463c   0x0800463c   0x000000b8   Code   RO          717    i.SPI_GPIO_Init     spi.o
    0x080046f4   0x080046f4   0x00000040   Code   RO         2332    i.SPI_I2S_DeInit    stm32f0xx_spi.o
    0x08004734   0x08004734   0x0000000e   Code   RO         2333    i.SPI_I2S_GetFlagStatus  stm32f0xx_spi.o
    0x08004742   0x08004742   0x00000002   PAD
    0x08004744   0x08004744   0x00000054   Code   RO         2338    i.SPI_Init          stm32f0xx_spi.o
    0x08004798   0x08004798   0x00000004   Code   RO         2342    i.SPI_ReceiveData8  stm32f0xx_spi.o
    0x0800479c   0x0800479c   0x00000014   Code   RO         2343    i.SPI_RxFIFOThresholdConfig  stm32f0xx_spi.o
    0x080047b0   0x080047b0   0x00000004   Code   RO         2345    i.SPI_SendData8     stm32f0xx_spi.o
    0x080047b4   0x080047b4   0x00000014   Code   RO          394    i.STMFLASH_Read     flash.o
    0x080047c8   0x080047c8   0x00000070   Code   RO          396    i.STMFLASH_Write    flash.o
    0x08004838   0x08004838   0x00000002   Code   RO          203    i.SVC_Handler       stm32f0xx_it.o
    0x0800483a   0x0800483a   0x00000002   PAD
    0x0800483c   0x0800483c   0x00000028   Code   RO         2522    i.SYSCFG_EXTILineConfig  stm32f0xx_syscfg.o
    0x08004864   0x08004864   0x000000dc   Code   RO         1180    i.SendToRemote      remotedata.o
    0x08004940   0x08004940   0x00000098   Code   RO         1472    i.SetSysClock       system_stm32f0xx.o
    0x080049d8   0x080049d8   0x000000f8   Code   RO          862    i.SortAver_FilterXYZ  filter.o
    0x08004ad0   0x08004ad0   0x00000018   Code   RO         3455    i.SysTick_CLKSourceConfig  stm32f0xx_misc.o
    0x08004ae8   0x08004ae8   0x00000010   Code   RO          204    i.SysTick_Handler   stm32f0xx_it.o
    0x08004af8   0x08004af8   0x00000060   Code   RO         1474    i.SystemInit        system_stm32f0xx.o
    0x08004b58   0x08004b58   0x00000050   Code   RO          754    i.System_Init       system.o
    0x08004ba8   0x08004ba8   0x000000a0   Code   RO          205    i.TIM2_IRQHandler   stm32f0xx_it.o
    0x08004c48   0x08004c48   0x00000006   Code   RO         2601    i.TIM_ClearITPendingBit  stm32f0xx_tim.o
    0x08004c4e   0x08004c4e   0x00000014   Code   RO         2606    i.TIM_Cmd           stm32f0xx_tim.o
    0x08004c62   0x08004c62   0x00000018   Code   RO         2608    i.TIM_CtrlPWMOutputs  stm32f0xx_tim.o
    0x08004c7a   0x08004c7a   0x00000018   Code   RO         2627    i.TIM_GetITStatus   stm32f0xx_tim.o
    0x08004c92   0x08004c92   0x00000010   Code   RO         2631    i.TIM_ITConfig      stm32f0xx_tim.o
    0x08004ca2   0x08004ca2   0x00000002   PAD
    0x08004ca4   0x08004ca4   0x0000003c   Code   RO          783    i.TIM_Init          tim.o
    0x08004ce0   0x08004ce0   0x0000007c   Code   RO         2635    i.TIM_OC1Init       stm32f0xx_tim.o
    0x08004d5c   0x08004d5c   0x00000090   Code   RO         2640    i.TIM_OC2Init       stm32f0xx_tim.o
    0x08004dec   0x08004dec   0x00000088   Code   RO         2645    i.TIM_OC3Init       stm32f0xx_tim.o
    0x08004e74   0x08004e74   0x00000064   Code   RO         2650    i.TIM_OC4Init       stm32f0xx_tim.o
    0x08004ed8   0x08004ed8   0x00000074   Code   RO         2679    i.TIM_TimeBaseInit  stm32f0xx_tim.o
    0x08004f4c   0x08004f4c   0x000001b4   Code   RO         1020    i.TableToParams     paramsave.o
    0x08005100   0x08005100   0x000000bc   Code   RO          755    i.Task_Schedule     system.o
    0x080051bc   0x080051bc   0x00000080   Code   RO          206    i.USART1_IRQHandler  stm32f0xx_it.o
    0x0800523c   0x0800523c   0x00000004   Code   RO         3148    i.USART_ClearFlag   stm32f0xx_usart.o
    0x08005240   0x08005240   0x0000000a   Code   RO         3149    i.USART_ClearITPendingBit  stm32f0xx_usart.o
    0x0800524a   0x0800524a   0x00000014   Code   RO         3152    i.USART_Cmd         stm32f0xx_usart.o
    0x0800525e   0x0800525e   0x0000000e   Code   RO         3160    i.USART_GetFlagStatus  stm32f0xx_usart.o
    0x0800526c   0x0800526c   0x00000038   Code   RO         3161    i.USART_GetITStatus  stm32f0xx_usart.o
    0x080052a4   0x080052a4   0x0000002a   Code   RO         3163    i.USART_ITConfig    stm32f0xx_usart.o
    0x080052ce   0x080052ce   0x00000002   PAD
    0x080052d0   0x080052d0   0x000000a8   Code   RO         3164    i.USART_Init        stm32f0xx_usart.o
    0x08005378   0x08005378   0x00000008   Code   RO         3181    i.USART_SendData    stm32f0xx_usart.o
    0x08005380   0x08005380   0x00000084   Code   RO          342    i.USART_init        usart.o
    0x08005404   0x08005404   0x00000060   Code   RO          937    i.Yaw_Carefree      control.o
    0x08005464   0x08005464   0x00000032   Code   RO         3697    i.__ARM_common_ll_muluu  m_ps.l(rredf.o)
    0x08005496   0x08005496   0x00000002   PAD
    0x08005498   0x08005498   0x0000002c   Code   RO         3673    i.__ARM_fpclassify  m_ps.l(fpclassify.o)
    0x080054c4   0x080054c4   0x00000022   Code   RO         3675    i.__ARM_fpclassifyf  m_ps.l(fpclassifyf.o)
    0x080054e6   0x080054e6   0x000000ac   Code   RO         3691    i.__kernel_poly     m_ps.l(poly.o)
    0x08005592   0x08005592   0x00000002   PAD
    0x08005594   0x08005594   0x00000014   Code   RO         3659    i.__mathlib_dbl_divzero  m_ps.l(dunder.o)
    0x080055a8   0x080055a8   0x0000000a   Code   RO         3660    i.__mathlib_dbl_infnan  m_ps.l(dunder.o)
    0x080055b2   0x080055b2   0x00000008   Code   RO         3661    i.__mathlib_dbl_infnan2  m_ps.l(dunder.o)
    0x080055ba   0x080055ba   0x00000010   Code   RO         3662    i.__mathlib_dbl_invalid  m_ps.l(dunder.o)
    0x080055ca   0x080055ca   0x00000002   PAD
    0x080055cc   0x080055cc   0x00000014   Code   RO         3663    i.__mathlib_dbl_overflow  m_ps.l(dunder.o)
    0x080055e0   0x080055e0   0x00000014   Code   RO         3665    i.__mathlib_dbl_underflow  m_ps.l(dunder.o)
    0x080055f4   0x080055f4   0x0000000a   Code   RO         3678    i.__mathlib_flt_infnan  m_ps.l(funder.o)
    0x080055fe   0x080055fe   0x0000000c   Code   RO         3680    i.__mathlib_flt_invalid  m_ps.l(funder.o)
    0x0800560a   0x0800560a   0x0000000e   Code   RO         3683    i.__mathlib_flt_underflow  m_ps.l(funder.o)
    0x08005618   0x08005618   0x00000180   Code   RO         3694    i.__mathlib_rredf2  m_ps.l(rredf.o)
    0x08005798   0x08005798   0x00000274   Code   RO         3543    i.asin              m_ps.l(asin.o)
    0x08005a0c   0x08005a0c   0x0000021c   Code   RO         3650    i.atan              m_ps.l(atan.o)
    0x08005c28   0x08005c28   0x00000178   Code   RO         3553    i.atan2             m_ps.l(atan2.o)
    0x08005da0   0x08005da0   0x00000154   Code   RO         1229    i.bmp280CompensateP  bmp280.o
    0x08005ef4   0x08005ef4   0x000000dc   Code   RO         1230    i.bmp280GetData     bmp280.o
    0x08005fd0   0x08005fd0   0x00000078   Code   RO         1231    i.bmp280Init        bmp280.o
    0x08006048   0x08006048   0x0000005c   Code   RO         1232    i.bmp280PressureToAltitude  bmp280.o
    0x080060a4   0x080060a4   0x00000178   Code   RO         3561    i.cosf              m_ps.l(cosf.o)
    0x0800621c   0x0800621c   0x00000068   Code   RO         1422    i.inertial_filter_correct  altitude.o
    0x08006284   0x08006284   0x00000034   Code   RO          805    i.invSqrt           imu.o
    0x080062b8   0x080062b8   0x0000000a   Code   RO            3    i.main              main.o
    0x080062c2   0x080062c2   0x00000002   PAD
    0x080062c4   0x080062c4   0x000009fc   Code   RO         3569    i.pow               m_ps.l(pow.o)
    0x08006cc0   0x08006cc0   0x00000184   Code   RO         3579    i.sinf              m_ps.l(sinf.o)
    0x08006e44   0x08006e44   0x00000048   Code   RO         3700    i.sqrt              m_ps.l(sqrt.o)
    0x08006e8c   0x08006e8c   0x00000030   Code   RO          344    i.usart_send        usart.o
    0x08006ebc   0x08006ebc   0x00000068   Code   RO         3640    x$fpl$drleqf        fz_ps.l(drlef.o)
    0x08006f24   0x08006f24   0x0000008c   Code   RO         3519    x$fpl$fadd          fz_ps.l(faddsub.o)
    0x08006fb0   0x08006fb0   0x00000054   Code   RO         3534    x$fpl$fleqf         fz_ps.l(flef.o)
    0x08007004   0x08007004   0x000000b0   Code   RO         3536    x$fpl$fmul          fz_ps.l(fmul.o)
    0x080070b4   0x080070b4   0x00000058   Code   RO         3538    x$fpl$frleqf        fz_ps.l(frlef.o)
    0x0800710c   0x0800710c   0x00000018   Code   RO         3520    x$fpl$frsb          fz_ps.l(faddsub.o)
    0x08007124   0x08007124   0x000000d0   Code   RO         3521    x$fpl$fsub          fz_ps.l(faddsub.o)
    0x080071f4   0x080071f4   0x00000000   Code   RO         3648    x$fpl$usenofp       fz_ps.l(usenofp.o)
    0x080071f4   0x080071f4   0x00000024   Data   RO          810    .constdata          imu.o
    0x08007218   0x08007218   0x00000080   Data   RO         3511    .constdata          fz_ps.l(ddiv.o)
    0x08007298   0x08007298   0x00000040   Data   RO         3526    .constdata          fz_ps.l(fdiv.o)
    0x080072d8   0x080072d8   0x00000050   Data   RO         3544    .constdata          m_ps.l(asin.o)
    0x08007328   0x08007328   0x00000088   Data   RO         3570    .constdata          m_ps.l(pow.o)
    0x080073b0   0x080073b0   0x00000098   Data   RO         3651    .constdata          m_ps.l(atan.o)
    0x08007448   0x08007448   0x00000008   Data   RO         3693    .constdata          m_ps.l(qnan.o)
    0x08007450   0x08007450   0x00000020   Data   RO         3695    .constdata          m_ps.l(rredf.o)
    0x08007470   0x08007470   0x00000020   Data   RO         3845    Region$$Table       anon$$obj.o


    Execution Region RW_IRAM1 (Exec base: 0x20000000, Load base: 0x08007490, Size: 0x00001048, Max: 0x00004000, ABSOLUTE)

    Exec Addr    Load Addr    Size         Type   Attr      Idx    E Section Name        Object

    0x20000000   0x08007490   0x00000016   Data   RW          207    .data               stm32f0xx_it.o
    0x20000016   0x080074a6   0x00000004   Data   RW          275    .data               delay.o
    0x2000001a   0x080074aa   0x00000002   PAD
    0x2000001c   0x080074ac   0x00000004   Data   RW          276    .data               delay.o
    0x20000020   0x080074b0   0x00000001   Data   RW          311    .data               led.o
    0x20000021   0x080074b1   0x00000001   Data   RW          312    .data               led.o
    0x20000022   0x080074b2   0x00000002   PAD
    0x20000024   0x080074b4   0x00000028   Data   RW          590    .data               mpu6050.o
    0x2000004c   0x080074dc   0x00000020   Data   RW          811    .data               imu.o
    0x2000006c   0x080074fc   0x0000000e   Data   RW          865    .data               filter.o
    0x2000007a   0x0800750a   0x00000002   PAD
    0x2000007c   0x0800750c   0x00000018   Data   RW          941    .data               control.o
    0x20000094   0x08007524   0x00000009   Data   RW         1096    .data               ano_dt.o
    0x2000009d   0x0800752d   0x00000001   PAD
    0x2000009e   0x0800752e   0x00000008   Data   RW         1183    .data               remotedata.o
    0x200000a6   0x08007536   0x00000002   PAD
    0x200000a8   0x08007538   0x00000010   Data   RW         1234    .data               bmp280.o
    0x200000b8   0x08007548   0x00000012   Data   RW         1288    .data               si24r1.o
    0x200000ca   0x0800755a   0x00000002   PAD
    0x200000cc   0x0800755c   0x00000018   Data   RW         1379    .data               power.o
    0x200000e4   0x08007574   0x0000001c   Data   RW         1426    .data               altitude.o
    0x20000100   0x08007590   0x00000014   Data   RW         1475    .data               system_stm32f0xx.o
    0x20000114   0x080075a4   0x00000010   Data   RW         2097    .data               stm32f0xx_rcc.o
    0x20000124        -       0x0000000e   Zero   RW          589    .bss                mpu6050.o
    0x20000132   0x080075b4   0x00000002   PAD
    0x20000134        -       0x0000000c   Zero   RW          806    .bss                imu.o
    0x20000140        -       0x00000054   Zero   RW          807    .bss                imu.o
    0x20000194        -       0x00000500   Zero   RW          864    .bss                filter.o
    0x20000694        -       0x000001a4   Zero   RW          939    .bss                control.o
    0x20000838        -       0x0000003c   Zero   RW          940    .bss                control.o
    0x20000874        -       0x0000003e   Zero   RW         1021    .bss                paramsave.o
    0x200008b2        -       0x0000006e   Zero   RW         1095    .bss                ano_dt.o
    0x20000920        -       0x0000000c   Zero   RW         1182    .bss                remotedata.o
    0x2000092c        -       0x00000030   Zero   RW         1233    .bss                bmp280.o
    0x2000095c        -       0x00000020   Zero   RW         1286    .bss                si24r1.o
    0x2000097c        -       0x00000020   Zero   RW         1287    .bss                si24r1.o
    0x2000099c        -       0x00000048   Zero   RW         1423    .bss                altitude.o
    0x200009e4        -       0x00000060   Zero   RW         3748    .bss                c_p.l(libspace.o)
    0x20000a44   0x080075b4   0x00000004   PAD
    0x20000a48        -       0x00000200   Zero   RW         1464    HEAP                startup_stm32f072.o
    0x20000c48        -       0x00000400   Zero   RW         1463    STACK               startup_stm32f072.o


==============================================================================

Image component sizes


      Code (inc. data)   RO Data    RW Data    ZI Data      Debug   Object Name

       632         58          0         28         72       7932   altitude.o
      3088        244          0          9        110      10605   ano_dt.o
       772         74          0         16         48       8742   bmp280.o
       684         48          0         24        480       7597   control.o
       152         28          0          8          0       2136   delay.o
        68          0          0          0          0        532   exit.o
       480         18          0         14       1280       8148   filter.o
       132          8          0          0          0       1961   flash.o
       862         38          0          0          0       7527   iic.o
      1504         76         36         32         96       8088   imu.o
       100         14          0          2          0       1208   led.o
        10          0          0          0          0     241286   main.o
       280         18          0          0          0       1348   motor.o
       508         22          0         40         14       9234   mpu6050.o
        58          0          0          0          0        497   nvic.o
      1164        186          0          0         62       8685   paramsave.o
       360         60          0          0          0       1710   pid.o
       324         34          0         24          0       7503   power.o
       548         84          0          8         12       7307   remotedata.o
       700         44          0         18         64       7915   si24r1.o
       264         12          0          0          0       1345   spi.o
       116         56        192          0       1536        744   startup_stm32f072.o
       210         10          0          0          0       5923   stm32f0xx_adc.o
       140         16          0          0          0       2296   stm32f0xx_exti.o
       254         34          0          0          0       4313   stm32f0xx_flash.o
       166          0          0          0          0       3639   stm32f0xx_gpio.o
       452         32          0         22          0       4172   stm32f0xx_it.o
       104         14          0          0          0       1622   stm32f0xx_misc.o
       568         82          0         16          0       7309   stm32f0xx_rcc.o
       208         24          0          0          0       4813   stm32f0xx_spi.o
        40          6          0          0          0        676   stm32f0xx_syscfg.o
       710        116          0          0          0       8614   stm32f0xx_tim.o
       322         20          0          0          0       6389   stm32f0xx_usart.o
       268         50          0          0          0       1074   system.o
       248         22          0         20          0       2005   system_stm32f0xx.o
        60          4          0          0          0        487   tim.o
       180         16          0          0          0       1650   usart.o

    ----------------------------------------------------------------------
     16770       1568        260        292       3776     407032   Object Totals
         0          0         32          0          0          0   (incl. Generated)
        34          0          0         11          2          0   (incl. Padding)

    ----------------------------------------------------------------------

      Code (inc. data)   RO Data    RW Data    ZI Data      Debug   Library Member Name

         8          0          0          0          0         68   __main.o
         0          0          0          0          0          0   __rtentry.o
        12          0          0          0          0          0   __rtentry2.o
         6          0          0          0          0          0   __rtentry4.o
        60          8          0          0          0          0   __scatter.o
        26          0          0          0          0          0   __scatter_copy.o
        28          0          0          0          0          0   __scatter_zi.o
        22          0          0          0          0         92   _rserrno.o
       346          0          0          0          0         92   aeabi_sdiv.o
        16          0          0          0          0         68   exit.o
         6          0          0          0          0        136   heapauxi.o
         0          0          0          0          0          0   indicate_semi.o
         2          0          0          0          0          0   libinit.o
         2          0          0          0          0          0   libinit2.o
         2          0          0          0          0          0   libshutdown.o
         2          0          0          0          0          0   libshutdown2.o
         8          4          0          0         96         68   libspace.o
        48          0          0          0          0         72   llmul.o
       112          0          0          0          0         72   llsdiv.o
       258          0          0          0          0         88   lludiv.o
         8          4          0          0          0         68   rt_errno_addr_intlibspace.o
       186          0          0          0          0        144   rt_memcpy.o
         2          0          0          0          0          0   rtexit.o
        10          0          0          0          0          0   rtexit2.o
        12          4          0          0          0         60   sys_exit.o
        62          0          0          0          0         80   sys_stackheap_outer.o
         2          0          0          0          0         68   use_no_semi.o
        46          0          0          0          0         60   cmpret.o
       124          4          0          0          0         72   d2f.o
       856         20          0          0          0        208   daddsub.o
       144          4          0          0          0         76   dcmpin.o
      1096         26        128          0          0        112   ddiv.o
        88          0          0          0          0         92   dflti.o
       584         26          0          0          0         84   dmul.o
        20          6          0          0          0         68   dnan2.o
       104          4          0          0          0        104   drlef.o
        96         12          0          0          0         72   dscalbn.o
       256          8          0          0          0         76   dsqrt.o
        84          4          0          0          0         60   f2d.o
       372          8          0          0          0        240   faddsub.o
       100          4          0          0          0         68   fcmpin.o
       352         10         64          0          0         92   fdiv.o
        76          0          0          0          0         68   ffixi.o
        48          0          0          0          0         60   ffixui.o
        94          0          0          0          0         92   fflti.o
        84          4          0          0          0         76   flef.o
       176          4          0          0          0         80   fmul.o
        16          6          0          0          0         68   fnan2.o
        88          4          0          0          0         76   frlef.o
       128          6          0          0          0         68   frnd.o
        68          4          0          0          0         68   fscalbn.o
        94          0          0          0          0         68   retnan.o
         0          0          0          0          0          0   usenofp.o
       628         54         80          0          0        104   asin.o
       540         68        152          0          0        112   atan.o
       376         42          0          0          0        144   atan2.o
       376         58          0          0          0        104   cosf.o
        94         14          0          0          0        408   dunder.o
        44          4          0          0          0         60   fpclassify.o
        34          0          0          0          0         60   fpclassifyf.o
        36          0          0          0          0        204   funder.o
       172          0          0          0          0         76   poly.o
      2556        196        136          0          0        240   pow.o
         0          0          8          0          0          0   qnan.o
       434         18         32          0          0        168   rredf.o
       388         58          0          0          0        104   sinf.o
        72          6          0          0          0         76   sqrt.o

    ----------------------------------------------------------------------
     12210        702        600          0        100       5244   Library Totals
        20          0          0          0          4          0   (incl. Padding)

    ----------------------------------------------------------------------

      Code (inc. data)   RO Data    RW Data    ZI Data      Debug   Library Name

      1246         20          0          0         96       1176   c_p.l
      5194        164        192          0          0       2208   fz_ps.l
      5750        518        408          0          0       1860   m_ps.l

    ----------------------------------------------------------------------
     12210        702        600          0        100       5244   Library Totals

    ----------------------------------------------------------------------

==============================================================================


      Code (inc. data)   RO Data    RW Data    ZI Data      Debug   

     28980       2270        860        292       3876     402688   Grand Totals
     28980       2270        860        292       3876     402688   ELF Image Totals
     28980       2270        860        292          0          0   ROM Totals

==============================================================================

    Total RO  Size (Code + RO Data)                29840 (  29.14kB)
    Total RW  Size (RW Data + ZI Data)              4168 (   4.07kB)
    Total ROM Size (Code + RO Data + RW Data)      30132 (  29.43kB)

==============================================================================

