<html>
<body>
<pre>
<h1>µVision Build Log</h1>
<h2>Tool Versions:</h2>
IDE-Version: ¦ÌVision V5.26.2.0
Copyright (C) 2018 ARM Ltd and ARM Germany GmbH. All rights reserved.
License Information: ti 20607, rfgyuhj, LIC=EPP8T-R3S85-9X4UW-Q58UG-13VTV-UCM1K
 
Tool Versions:
Toolchain:       MDK-ARM Professional  Version: 5.26.2.0
Toolchain Path:  D:\Keil_v5\ARM\ARMCC\Bin
C Compiler:      Armcc.exe V5.06 update 6 (build 750)
Assembler:       Armasm.exe V5.06 update 6 (build 750)
Linker/Locator:  ArmLink.exe V5.06 update 6 (build 750)
Library Manager: ArmAr.exe V5.06 update 6 (build 750)
Hex Converter:   FromElf.exe V5.06 update 6 (build 750)
CPU DLL:         SARMCM3.DLL V5.26.2.0
Dialog DLL:      DCM.DLL V1.17.2.0
Target DLL:      STLink\ST-LINKIII-KEIL_SWO.dll V3.0.5.0
Dialog DLL:      TCM.DLL V1.36.1.0
 
<h2>Project:</h2>
G:\Keil\STM32F1\mini_helicopter\cubemx\Flight_103\MDK-ARM\Flight_103.uvprojx
Project File Date:  11/09/2018

<h2>Output:</h2>
*** Using Compiler 'V5.06 update 6 (build 750)', folder: 'D:\Keil_v5\ARM\ARMCC\Bin'
Build target 'Flight_103'
assembling startup_stm32f103xb.s...
compiling RC.c...
..\Src\RC.c(18): warning:  #177-D: variable "temp_old"  was declared but never referenced
    static int16_t temp_old = 0;
..\Src\RC.c(35): warning:  #177-D: variable "flag"  was declared but never referenced
  	 static uint8_t flag=1;
..\Src\RC.c: 2 warnings, 0 errors
compiling mpu6050.c...
compiling Algorithm_math.c...
compiling sand_data.c...
..\Src\sand_data.c(381): warning:  #177-D: variable "_temp"  was declared but never referenced
  	int16_t _temp;
..\Src\sand_data.c(402): warning:  #177-D: variable "_temp"  was declared but never referenced
  	int16_t _temp;
..\Src\sand_data.c(423): warning:  #177-D: variable "_temp"  was declared but never referenced
  	int16_t _temp;
..\Src\sand_data.c(444): warning:  #177-D: variable "_temp"  was declared but never referenced
  	int16_t _temp;
..\Src\sand_data.c: 4 warnings, 0 errors
compiling Algorithm_filter.c...
compiling 24l01.c...
..\Src\24l01.c(99): warning:  #177-D: variable "data"  was declared but never referenced
    uint8_t data;
..\Src\24l01.c: 1 warning, 0 errors
compiling IMU.c...
compiling i2c.c...
compiling main.c...
../Src/main.c(70): warning:  #1295-D: Deprecated declaration param_init - give arg types
  void param_init();
../Src/main.c: 1 warning, 0 errors
compiling param.c...
compiling gpio.c...
compiling adc.c...
compiling control.c...
..\Src\control.c(64): warning:  #223-D: function "data_limit" declared implicitly
    ctrl.roll.shell.increment = data_limit(ctrl.roll.shell.increment,ctrl.roll.shell.increment_max,-ctrl.roll.shell.increment_max);   //»ý·ÖÏÞ·ù
..\Src\control.c: 1 warning, 0 errors
compiling stmflash.c...
compiling stm32f1xx_hal_gpio_ex.c...
compiling stm32f1xx_it.c...
compiling spi.c...
compiling stm32f1xx_hal_msp.c...
compiling usart.c...
compiling tim.c...
compiling stm32f1xx_hal_adc.c...
compiling stm32f1xx_hal_spi_ex.c...
compiling stm32f1xx_hal_adc_ex.c...
compiling stm32f1xx_hal_spi.c...
compiling stm32f1xx_hal_tim_ex.c...
compiling stm32f1xx_hal_i2c.c...
compiling stm32f1xx_hal_tim.c...
compiling stm32f1xx_hal_uart.c...
compiling stm32f1xx_hal.c...
compiling stm32f1xx_hal_cortex.c...
compiling stm32f1xx_hal_dma.c...
compiling stm32f1xx_hal_rcc.c...
compiling stm32f1xx_hal_pwr.c...
compiling stm32f1xx_hal_gpio.c...
compiling stm32f1xx_hal_rcc_ex.c...
compiling stm32f1xx_hal_flash_ex.c...
compiling stm32f1xx_hal_flash.c...
compiling system_stm32f1xx.c...
linking...
Program Size: Code=26240 RO-data=544 RW-data=140 ZI-data=4796  
FromELF: creating hex file...
"Flight_103\Flight_103.axf" - 0 Error(s), 9 Warning(s).

<h2>Software Packages used:</h2>

Package Vendor: ARM
                http://www.keil.com/pack/ARM.CMSIS.5.4.0.pack
                ARM.CMSIS.5.4.0
                CMSIS (Cortex Microcontroller Software Interface Standard)
   * Component: CORE Version: 5.1.2

Package Vendor: Keil
                http://www.keil.com/pack/Keil.STM32F1xx_DFP.2.2.0.pack
                Keil.STM32F1xx_DFP.2.2.0
                STMicroelectronics STM32F1 Series Device Support, Drivers and Examples

<h2>Collection of Component include folders:</h2>
  .\RTE\_Flight_103
  D:\Keil_v5\ARM\PACK\ARM\CMSIS\5.4.0\CMSIS\Core\Include
  D:\Keil_v5\ARM\PACK\Keil\STM32F1xx_DFP\2.2.0\Device\Include

<h2>Collection of Component Files used:</h2>

   * Component: ARM::CMSIS:CORE:5.1.2
Build Time Elapsed:  00:00:22
</pre>
</body>
</html>
